<html>
<body>
<pre>
<h1>µVision Build Log</h1>
<h2>Tool Versions:</h2>
IDE-Version: µVision V5.14.0.0
Copyright (C) 2015 ARM Ltd and ARM Germany GmbH. All rights reserved.
License Information: Olivier Laforest, McGill, LIC=----
 
Tool Versions:
Toolchain:       MDK-Lite  Version: 5.14.0.0
Toolchain Path:  C:\Keil_v5\ARM\ARMCC\Bin
C Compiler:      Armcc.exe V5.05 update 1 (build 106)
Assembler:       Armasm.exe V5.05 update 1 (build 106)
Linker/Locator:  ArmLink.exe V5.05 update 1 (build 106)
Library Manager: ArmAr.exe V5.05 update 1 (build 106)
Hex Converter:   FromElf.exe V5.05 update 1 (build 106)
CPU DLL:         SARMCM3.DLL V5.14.0.0
Dialog DLL:      DCM.DLL V1.13.1.0
Target DLL:      STLink\ST-LINKIII-KEIL_SWO.dll V2.0.14.0_KEIL
Dialog DLL:      TCM.DLL V1.14.4.0
 
<h2>Project:</h2>
C:\Users\Oli\Desktop\ECSE 426 - MP\Lab 3\Lab 3 Base Project\Lab 3 Base Project.uvprojx
Project File Date:  03/11/2015

<h2>Output:</h2>
Build target 'Target 1'
compiling main.c...
src\segment_display.h(57): warning:  #1-D: last line of file ends without a newline
  #endif
src\main.c(86): warning:  #111-D: statement is unreachable
        return 0;
src\main.c: 2 warnings, 0 errors
linking...
Program Size: Code=13564 RO-data=668 RW-data=52 ZI-data=1028  
".\obj\Lab 3 Base Project.axf" - 0 Error(s), 2 Warning(s).

<h2>Software Packages used:</h2>

Package Vendor: ARM
                http://www.keil.com/pack/ARM.CMSIS.4.1.1.pack
                ARM::CMSIS:CORE:3.30.0
                CMSIS (Cortex Microcontroller Software Interface Standard)
   * Component: CORE Version: 3.30.0

Package Vendor: Keil
                http://www.keil.com/pack/Keil.STM32F4xx_DFP.1.0.8.pack
                Keil::Device:StdPeriph Drivers:CAN:1.3.0
                STMicroelectronics STM32F4 Series Device Support, Drivers and Examples
   * Component: CAN Version: 1.3.0
   * Component: I2C Version: 1.3.0
   * Component: EXTI Version: 1.3.0
   * Component: FSMC Version: 1.3.0
   * Component: HASH Version: 1.3.0
   * Component: DBGMCU Version: 1.3.0
   * Component: IWDG Version: 1.3.0
   * Component: CRYP Version: 1.3.0
   * Component: DAC Version: 1.3.0
   * Component: Flash Version: 1.3.0
   * Component: CRC Version: 1.3.0
   * Component: GPIO Version: 1.3.0
   * Component: Startup Version: 1.3.1
   * Component: ADC Version: 1.3.0
   * Component: DCMI Version: 1.3.0
   * Component: DMA Version: 1.3.0
   * Component: Framework Version: 1.3.1
   * Component: SYSCFG Version: 1.3.0
   * Component: SDIO Version: 1.3.0
   * Component: SPI Version: 1.3.0
   * Component: RCC Version: 1.3.0
   * Component: USART Version: 1.3.0
   * Component: WWDG Version: 1.3.0
   * Component: RNG Version: 1.3.0
   * Component: RTC Version: 1.3.0
   * Component: TIM Version: 1.3.0
   * Component: PWR Version: 1.3.0

<h2>Collection of Component include folders:</h2>
  C:\Users\Oli\Desktop\ECSE 426 - MP\Lab 3\Lab 3 Base Project\RTE
  C:\Users\Oli\Desktop\ECSE 426 - MP\Lab 3\Lab 3 Base Project\RTE\Device\STM32F407VG
  C:\Keil_v5\ARM\PACK\ARM\CMSIS\4.1.1\CMSIS\Include
  C:\Keil_v5\ARM\PACK\Keil\STM32F4xx_DFP\1.0.8\Device\Include
  C:\Keil_v5\ARM\PACK\Keil\STM32F4xx_DFP\1.0.8\Device\StdPeriph_Driver\inc

<h2>Collection of Component Files used:</h2>

   * Component: ARM::CMSIS:CORE:3.30.0
      Source file:   CMSIS\UserCodeTemplates\ARM\ITM_Retarget.c

   * Component: Keil::Device:StdPeriph Drivers:CAN:1.3.0
      Source file:   Device\StdPeriph_Driver\src\stm32f4xx_can.c
      Include file:  Device\StdPeriph_Driver\inc\stm32f4xx_can.h

   * Component: Keil::Device:StdPeriph Drivers:I2C:1.3.0
      Include file:  Device\StdPeriph_Driver\inc\stm32f4xx_i2c.h
      Source file:   Device\StdPeriph_Driver\src\stm32f4xx_i2c.c

   * Component: Keil::Device:StdPeriph Drivers:EXTI:1.3.0
      Include file:  Device\StdPeriph_Driver\inc\stm32f4xx_exti.h
      Source file:   Device\StdPeriph_Driver\src\stm32f4xx_exti.c

   * Component: Keil::Device:StdPeriph Drivers:FSMC:1.3.0
      Source file:   Device\StdPeriph_Driver\src\stm32f4xx_fsmc.c
      Include file:  Device\StdPeriph_Driver\inc\stm32f4xx_fsmc.h

   * Component: Keil::Device:StdPeriph Drivers:HASH:1.3.0
      Include file:  Device\StdPeriph_Driver\inc\stm32f4xx_hash.h
      Source file:   Device\StdPeriph_Driver\src\stm32f4xx_hash_sha1.c
      Source file:   Device\StdPeriph_Driver\src\stm32f4xx_hash.c
      Source file:   Device\StdPeriph_Driver\src\stm32f4xx_hash_md5.c

   * Component: Keil::Device:StdPeriph Drivers:DBGMCU:1.3.0
      Source file:   Device\StdPeriph_Driver\src\stm32f4xx_dbgmcu.c
      Include file:  Device\StdPeriph_Driver\inc\stm32f4xx_dbgmcu.h

   * Component: Keil::Device:StdPeriph Drivers:IWDG:1.3.0
      Include file:  Device\StdPeriph_Driver\inc\stm32f4xx_iwdg.h
      Source file:   Device\StdPeriph_Driver\src\stm32f4xx_iwdg.c

   * Component: Keil::Device:StdPeriph Drivers:CRYP:1.3.0
      Source file:   Device\StdPeriph_Driver\src\stm32f4xx_cryp_des.c
      Source file:   Device\StdPeriph_Driver\src\stm32f4xx_cryp_tdes.c
      Source file:   Device\StdPeriph_Driver\src\stm32f4xx_cryp.c
      Source file:   Device\StdPeriph_Driver\src\stm32f4xx_cryp_aes.c
      Include file:  Device\StdPeriph_Driver\inc\stm32f4xx_cryp.h

   * Component: Keil::Device:StdPeriph Drivers:DAC:1.3.0
      Include file:  Device\StdPeriph_Driver\inc\stm32f4xx_dac.h
      Source file:   Device\StdPeriph_Driver\src\stm32f4xx_dac.c

   * Component: Keil::Device:StdPeriph Drivers:Flash:1.3.0
      Source file:   Device\StdPeriph_Driver\src\stm32f4xx_flash.c
      Include file:  Device\StdPeriph_Driver\inc\stm32f4xx_flash.h

   * Component: Keil::Device:StdPeriph Drivers:CRC:1.3.0
      Source file:   Device\StdPeriph_Driver\src\stm32f4xx_crc.c
      Include file:  Device\StdPeriph_Driver\inc\stm32f4xx_crc.h

   * Component: Keil::Device:StdPeriph Drivers:GPIO:1.3.0
      Source file:   Device\StdPeriph_Driver\src\stm32f4xx_gpio.c
      Include file:  Device\StdPeriph_Driver\inc\stm32f4xx_gpio.h

   * Component: Keil::Device:Startup:1.3.1
      Source file:   Device\Source\system_stm32f4xx.c
      Source file:   Device\Source\ARM\STM32F4xx_OTP.s
      Source file:   Device\Source\ARM\startup_stm32f40_41xxx.s
      Include file:  Device\Include\stm32f4xx.h
      Include file:  RTE_Driver\Config\RTE_Device.h
      Source file:   Device\Source\ARM\STM32F40xxx_41xxx_OPT.s

   * Component: Keil::Device:StdPeriph Drivers:ADC:1.3.0
      Include file:  Device\StdPeriph_Driver\inc\stm32f4xx_adc.h
      Source file:   Device\StdPeriph_Driver\src\stm32f4xx_adc.c

   * Component: Keil::Device:StdPeriph Drivers:DCMI:1.3.0
      Include file:  Device\StdPeriph_Driver\inc\stm32f4xx_dcmi.h
      Source file:   Device\StdPeriph_Driver\src\stm32f4xx_dcmi.c

   * Component: Keil::Device:StdPeriph Drivers:DMA:1.3.0
      Include file:  Device\StdPeriph_Driver\inc\stm32f4xx_dma.h
      Source file:   Device\StdPeriph_Driver\src\stm32f4xx_dma.c

   * Component: Keil::Device:StdPeriph Drivers:Framework:1.3.1
      Include file:  Device\StdPeriph_Driver\templates\stm32f4xx_it.h
      Source file:   Device\StdPeriph_Driver\templates\stm32f4xx_it.c
      Source file:   Device\StdPeriph_Driver\src\misc.c
      Source file:   Device\StdPeriph_Driver\templates\stm32f4xx_conf.h

   * Component: Keil::Device:StdPeriph Drivers:SYSCFG:1.3.0
      Include file:  Device\StdPeriph_Driver\inc\stm32f4xx_syscfg.h
      Source file:   Device\StdPeriph_Driver\src\stm32f4xx_syscfg.c

   * Component: Keil::Device:StdPeriph Drivers:SDIO:1.3.0
      Source file:   Device\StdPeriph_Driver\src\stm32f4xx_sdio.c
      Include file:  Device\StdPeriph_Driver\inc\stm32f4xx_sdio.h

   * Component: Keil::Device:StdPeriph Drivers:SPI:1.3.0
      Source file:   Device\StdPeriph_Driver\src\stm32f4xx_spi.c
      Include file:  Device\StdPeriph_Driver\inc\stm32f4xx_spi.h

   * Component: Keil::Device:StdPeriph Drivers:RCC:1.3.0
      Include file:  Device\StdPeriph_Driver\inc\stm32f4xx_rcc.h
      Source file:   Device\StdPeriph_Driver\src\stm32f4xx_rcc.c

   * Component: Keil::Device:StdPeriph Drivers:USART:1.3.0
      Include file:  Device\StdPeriph_Driver\inc\stm32f4xx_usart.h
      Source file:   Device\StdPeriph_Driver\src\stm32f4xx_usart.c

   * Component: Keil::Device:StdPeriph Drivers:WWDG:1.3.0
      Include file:  Device\StdPeriph_Driver\inc\stm32f4xx_wwdg.h
      Source file:   Device\StdPeriph_Driver\src\stm32f4xx_wwdg.c

   * Component: Keil::Device:StdPeriph Drivers:RNG:1.3.0
      Include file:  Device\StdPeriph_Driver\inc\stm32f4xx_rng.h
      Source file:   Device\StdPeriph_Driver\src\stm32f4xx_rng.c

   * Component: Keil::Device:StdPeriph Drivers:RTC:1.3.0
      Source file:   Device\StdPeriph_Driver\src\stm32f4xx_rtc.c
      Include file:  Device\StdPeriph_Driver\inc\stm32f4xx_rtc.h

   * Component: Keil::Device:StdPeriph Drivers:TIM:1.3.0
      Source file:   Device\StdPeriph_Driver\src\stm32f4xx_tim.c
      Include file:  Device\StdPeriph_Driver\inc\stm32f4xx_tim.h

   * Component: Keil::Device:StdPeriph Drivers:PWR:1.3.0
      Source file:   Device\StdPeriph_Driver\src\stm32f4xx_pwr.c
      Include file:  Device\StdPeriph_Driver\inc\stm32f4xx_pwr.h
</pre>
</body>
</html>
