<html>
<body>
<pre>
<h1>µVision Build Log</h1>
<h2>Project:</h2>
\\campus.mcgill.ca\EMF\ELE\olafor\Desktop\ECSE 426 MP\Lab 1 Base Project\Lab 1 Base Project.uvprojx
Project File Date:  02/04/2015

<h2>Output:</h2>
Build target 'Target 1'
assembling startup_stm32f40_41xxx.s...
linking...
Program Size: Code=11184 RO-data=568 RW-data=5040 ZI-data=74240  
".\object\Lab 1 Base Project.axf" - 0 Error(s), 0 Warning(s).

<h2>Software Packages used:</h2>

Package Vendor: ARM
                http://www.keil.com/pack/ARM.CMSIS.4.1.1.pack
                ARM::CMSIS:CORE:3.30.0
                CMSIS (Cortex Microcontroller Software Interface Standard)
   * Component: CORE Version: 3.30.0
   * Component: DSP Version: 1.4.2

Package Vendor: Keil
                http://www.keil.com/pack/Keil.STM32F4xx_DFP.1.0.8.pack
                Keil::Device:Startup:1.3.1
                STMicroelectronics STM32F4 Series Device Support, Drivers and Examples
   * Component: Startup Version: 1.3.1

<h2>Collection of Component include folders:</h2>
  \\campus.mcgill.ca\EMF\ELE\olafor\Desktop\ECSE 426 MP\Lab 1 Base Project\RTE
  \\campus.mcgill.ca\EMF\ELE\olafor\Desktop\ECSE 426 MP\Lab 1 Base Project\RTE\Device\STM32F407VG
  C:\Keil_v5\ARM\PACK\ARM\CMSIS\4.1.1\CMSIS\Include
  C:\Keil_v5\ARM\PACK\Keil\STM32F4xx_DFP\1.0.8\Device\Include

<h2>Collection of Component Files used:</h2>

   * Component: ARM::CMSIS:CORE:3.30.0
      Source file:   CMSIS\UserCodeTemplates\ARM\ITM_Retarget.c

   * Component: ARM::CMSIS:DSP:1.4.2
      Include file:  CMSIS\Include\arm_math.h
      Library file:  CMSIS\Lib\ARM\arm_cortexM4lf_math.lib

   * Component: Keil::Device:Startup:1.3.1
      Source file:   Device\Source\ARM\STM32F40xxx_41xxx_OPT.s
      Source file:   Device\Source\ARM\STM32F4xx_OTP.s
      Include file:  Device\Include\stm32f4xx.h
      Source file:   Device\Source\ARM\startup_stm32f40_41xxx.s
      Source file:   Device\Source\system_stm32f4xx.c
      Include file:  RTE_Driver\Config\RTE_Device.h
</pre>
</body>
</html>
24853, 0.550271, 0.612217, 0.676255, 0.762503, 0.777313, 0.985376, 0.551840, 0.547862, 0.685590, 0.619726, 0.595699, 0.787666, 0.642459, 0.724661, 0.690767, 0.502904, 0.732036, 0.622234, 0.573999, 0.617182, 0.664058, 0.727380, 0.619192, 0.428553, 0.676431, 0.530269, 0.761298, 0.629583, 0.625740, 0.517912, 0.459323, 0.462
-0.811981, -0.842998, -0.879349, -0.872834, -0.660004, -0.758185, -0.652918, -0.586254, -0.727378, -0.620980, -0.396691, -0.712515, -0.626842, -0.694708, -0.544957, -0.689099, -0.683153, -0.567436, -0.628142, -0.686601, -0.826927, -0.743080, -0.648346, -0.507377, -0.508185, -0.515270, -0.458861, -0.573279, -0.506827, -0.542758, -0.483185, -0.538140, -0.407742, -0.658567, -0.257535, -0.512032, -0.599448, -0.581923, -0.462684, -0.319467, -0.535024, -0.389792, -0.505230, -0.318102, -0.459611, -0.475030, -0.168432, -0.348881, -0.236727, -0.262480, -0.327848, -0.204146, -0.341471, -0.266002, -0.466497, -0.423797, -0.215528, -0.317883, -0.313883, -0.224808, -0.516477, -0.279916, -0.342163, -0.177209, -0.211631, -0.358109, -0.205046, -0.207872, -0.123024, -0.228174, -0.290683, -0.153406, -0.085819, -0.089945, -0.050049, -0.199845, -0.181413, -0.153176, -0.014571, -0.037958, -0.021243, 0.055396, 0.031403, -0.043784, -0.000209, 0.216438};
                                                                                                                                                                                                                                                                                                                                                                                                                                                                                                                                                                                                                                                                                                                                                                                                                                                                                                                                                                                                                                                                
                                                                                                                                                                                                                                                                                                                                                                                                                                                                                                                                                                                                                                                                                                                                                                                                                                                                                                                                                                                                                                                                
                                                                                                                                                                                                                                                                                                                                                                                                                                                                                                                                                                                                                                                                                                                                                                                                                                                                                                                                                                                                                                                                
source\main.c: 1 warning, 0 errors
assembling startup_stm32f40_41xxx.s...
linking...
Program Size: Code=11184 RO-data=568 RW-data=5040 ZI-data=70144  
".\object\Lab 1 Base Project.axf" - 0 Error(s), 1 Warning(s).

<h2>Software Packages used:</h2>

Package Vendor: ARM
                http://www.keil.com/pack/ARM.CMSIS.4.1.1.pack
                ARM::CMSIS:CORE:3.30.0
                CMSIS (Cortex Microcontroller Software Interface Standard)
   * Component: CORE Version: 3.30.0
   * Component: DSP Version: 1.4.2

Package Vendor: Keil
                http://www.keil.com/pack/Keil.STM32F4xx_DFP.1.0.8.pack
                Keil::Device:Startup:1.3.1
                STMicroelectronics STM32F4 Series Device Support, Drivers and Examples
   * Component: Startup Version: 1.3.1

<h2>Collection of Component include folders:</h2>
  \\campus.mcgill.ca\EMF\ELE\olafor\Desktop\ECSE 426 MP\Lab 1 Base Project\RTE
  \\campus.mcgill.ca\EMF\ELE\olafor\Desktop\ECSE 426 MP\Lab 1 Base Project\RTE\Device\STM32F407VG
  C:\Keil_v5\ARM\PACK\ARM\CMSIS\4.1.1\CMSIS\Include
  C:\Keil_v5\ARM\PACK\Keil\STM32F4xx_DFP\1.0.8\Device\Include

<h2>Collection of Component Files used:</h2>

   * Component: ARM::CMSIS:CORE:3.30.0
      Source file:   CMSIS\UserCodeTemplates\ARM\ITM_Retarget.c

   * Component: ARM::CMSIS:DSP:1.4.2
      Include file:  CMSIS\Include\arm_math.h
      Library file:  CMSIS\Lib\ARM\arm_cortexM4lf_math.lib

   * Component: Keil::Device:Startup:1.3.1
      Source file:   Device\Source\ARM\STM32F40xxx_41xxx_OPT.s
      Source file:   Device\Source\ARM\STM32F4xx_OTP.s
      Include file:  Device\Include\stm32f4xx.h
      Source file:   Device\Source\ARM\startup_stm32f40_41xxx.s
      Source file:   Device\Source\system_stm32f4xx.c
      Include file:  RTE_Driver\Config\RTE_Device.h
Source\ARM\STM32F4xx_OTP.s
      Include file:  Device\Include\stm32f4xx.h
      Source file:   Device\Source\ARM\startup_stm32f40_41xxx.s
      Source file:   Device\Source\system_stm32f4xx.c
      Include file:  RTE_Driver\Config\RTE_Device.h
E_Device.h
0_41xxx.s
      Source file:   Device\Source\system_stm32f4xx.c
      Include file:  RTE_Driver\Config\RTE_Device.h
\Config\RTE_Device.h
Target not created
