Component: ARM Compiler 5.05 update 1 (build 106) Tool: armlink [4d0efa]

==============================================================================

Section Cross References

    main.o(.text) refers to stm32f4xx_exti.o(.text) for EXTI_GetITStatus
    main.o(.text) refers to rt_cmsis.o(i.osSignalSet) for osSignalSet
    main.o(.text) refers to stm32f4xx_tim.o(.text) for TIM_GetITStatus
    main.o(.text) refers to rt_cmsis.o(i.osSignalWait) for osSignalWait
    main.o(.text) refers to keypad.o(.text) for get_target_angle
    main.o(.text) refers to segment_display.o(.text) for display_current_pitch
    main.o(.text) refers to mems.o(.text) for get_pitch_angle
    main.o(.text) refers to kalman_filter.o(.text) for kalmanFilter
    main.o(.text) refers to temperature_sensor.o(.text) for getADCVoltage
    main.o(.text) refers to rt_cmsis.o(i.osKernelInitialize) for osKernelInitialize
    main.o(.text) refers to rt_cmsis.o(i.osThreadCreate) for osThreadCreate
    main.o(.text) refers to rt_cmsis.o(i.osKernelStart) for osKernelStart
    main.o(.text) refers to main.o(.data) for mems_thread
    main.o(.text) refers to main.o(.constdata) for .constdata
    main.o(.constdata) refers to main.o(.text) for temp_sensor
    temperature_sensor.o(.text) refers to stm32f4xx_rcc.o(.text) for RCC_APB1PeriphClockCmd
    temperature_sensor.o(.text) refers to stm32f4xx_tim.o(.text) for TIM_TimeBaseInit
    temperature_sensor.o(.text) refers to misc.o(.text) for NVIC_Init
    temperature_sensor.o(.text) refers to stm32f4xx_gpio.o(.text) for GPIO_StructInit
    temperature_sensor.o(.text) refers to stm32f4xx_adc.o(.text) for ADC_CommonInit
    temperature_sensor.o(.text) refers to f2d.o(.text) for __aeabi_f2d
    temperature_sensor.o(.text) refers to dadd.o(.text) for __aeabi_dsub
    temperature_sensor.o(.text) refers to ddiv.o(.text) for __aeabi_ddiv
    temperature_sensor.o(.text) refers to d2f.o(.text) for __aeabi_d2f
    temperature_sensor.o(.text) refers to system_stm32f4xx.o(.data) for SystemCoreClock
    mems.o(.text) refers to lis3dsh.o(.text) for LIS3DSH_Init
    mems.o(.text) refers to stm32f4xx_rcc.o(.text) for RCC_APB2PeriphClockCmd
    mems.o(.text) refers to stm32f4xx_syscfg.o(.text) for SYSCFG_EXTILineConfig
    mems.o(.text) refers to stm32f4xx_exti.o(.text) for EXTI_Init
    mems.o(.text) refers to misc.o(.text) for NVIC_Init
    mems.o(.text) refers to memcpya.o(.text) for __aeabi_memcpy4
    mems.o(.text) refers to f2d.o(.text) for __aeabi_f2d
    mems.o(.text) refers to sqrt.o(i.__hardfp_sqrt) for __hardfp_sqrt
    mems.o(.text) refers to ddiv.o(.text) for __aeabi_ddiv
    mems.o(.text) refers to atan.o(i.__hardfp_atan) for __hardfp_atan
    mems.o(.text) refers to dmul.o(.text) for __aeabi_dmul
    mems.o(.text) refers to dadd.o(.text) for __aeabi_dadd
    mems.o(.text) refers to d2f.o(.text) for __aeabi_d2f
    mems.o(.text) refers to mems.o(.constdata) for .constdata
    segment_display.o(.text) refers to stm32f4xx_rcc.o(.text) for RCC_APB1PeriphClockCmd
    segment_display.o(.text) refers to stm32f4xx_tim.o(.text) for TIM_TimeBaseInit
    segment_display.o(.text) refers to misc.o(.text) for NVIC_Init
    segment_display.o(.text) refers to stm32f4xx_gpio.o(.text) for GPIO_Init
    segment_display.o(.text) refers to memcpya.o(.text) for __aeabi_memcpy4
    segment_display.o(.text) refers to system_stm32f4xx.o(.data) for SystemCoreClock
    segment_display.o(.text) refers to segment_display.o(.constdata) for .constdata
    keypad.o(.text) refers to stm32f4xx_rcc.o(.text) for RCC_APB2PeriphClockCmd
    keypad.o(.text) refers to stm32f4xx_gpio.o(.text) for GPIO_Init
    keypad.o(.text) refers to ctype_o.o(.text) for __rt_ctype_table
    keypad.o(.text) refers to printf2.o(i.__0printf$2) for __2printf
    keypad.o(.text) refers to keypad.o(.data) for row_pins
    keypad.o(.text) refers to keypad.o(.conststring) for .conststring
    lis3dsh.o(.text) refers to stm32f4xx_spi.o(.text) for SPI_I2S_GetFlagStatus
    lis3dsh.o(.text) refers to stm32f4xx_gpio.o(.text) for GPIO_ResetBits
    lis3dsh.o(.text) refers to stm32f4xx_rcc.o(.text) for RCC_APB2PeriphClockCmd
    lis3dsh.o(.text) refers to f2d.o(.text) for __aeabi_f2d
    lis3dsh.o(.text) refers to dmul.o(.text) for __aeabi_dmul
    lis3dsh.o(.text) refers to d2f.o(.text) for __aeabi_d2f
    lis3dsh.o(.text) refers to lis3dsh.o(.data) for LIS3DSHTimeout
    lis302dl.o(.text) refers to stm32f4xx_spi.o(.text) for SPI_I2S_GetFlagStatus
    lis302dl.o(.text) refers to stm32f4xx_gpio.o(.text) for GPIO_ResetBits
    lis302dl.o(.text) refers to stm32f4xx_rcc.o(.text) for RCC_APB2PeriphClockCmd
    lis302dl.o(.text) refers to lis302dl.o(.data) for LIS302DLTimeout
    rtx_conf_cm.o(.ARM.Collect$$$$000000FF) refers to rt_cmsis.o(i.osKernelInitialize) for osKernelInitialize
    rtx_conf_cm.o(.ARM.Collect$$$$000000FF) refers to rt_cmsis.o(i.osThreadCreate) for osThreadCreate
[...]
    i.rt_evt_wait                            0x08004834   Section        0  rt_event.o(i.rt_evt_wait)
    i.rt_free_box                            0x08004870   Section        0  rt_membox.o(i.rt_free_box)
    i.rt_free_mem                            0x08004890   Section        0  rt_memory.o(i.rt_free_mem)
    i.rt_get_first                           0x080048b8   Section        0  rt_list.o(i.rt_get_first)
    i.rt_id2obj                              0x080048e0   Section        0  rt_cmsis.o(i.rt_id2obj)
    rt_id2obj                                0x080048e1   Thumb Code     8  rt_cmsis.o(i.rt_id2obj)
    i.rt_init_context                        0x080048e8   Section        0  rt_task.o(i.rt_init_context)
    rt_init_context                          0x080048e9   Thumb Code    66  rt_task.o(i.rt_init_context)
    i.rt_init_mem                            0x08004930   Section        0  rt_memory.o(i.rt_init_mem)
    i.rt_init_robin                          0x0800494c   Section        0  rt_robin.o(i.rt_init_robin)
    i.rt_init_stack                          0x08004964   Section        0  hal_cm.o(i.rt_init_stack)
    i.rt_mbx_check                           0x080049b4   Section        0  rt_mailbox.o(i.rt_mbx_check)
    i.rt_mbx_init                            0x080049bc   Section        0  rt_mailbox.o(i.rt_mbx_init)
    i.rt_mbx_psh                             0x080049d8   Section        0  rt_mailbox.o(i.rt_mbx_psh)
    i.rt_mbx_wait                            0x08004ac8   Section        0  rt_mailbox.o(i.rt_mbx_wait)
    i.rt_ms2tick                             0x08004b78   Section        0  rt_cmsis.o(i.rt_ms2tick)
    rt_ms2tick                               0x08004b79   Thumb Code    50  rt_cmsis.o(i.rt_ms2tick)
    i.rt_pop_req                             0x08004bb4   Section        0  rt_system.o(i.rt_pop_req)
    i.rt_psh_req                             0x08004c30   Section        0  rt_system.o(i.rt_psh_req)
    i.rt_psq_enq                             0x08004c50   Section        0  rt_list.o(i.rt_psq_enq)
    i.rt_put_dly                             0x08004ca8   Section        0  rt_list.o(i.rt_put_dly)
    i.rt_put_prio                            0x08004cf0   Section        0  rt_list.o(i.rt_put_prio)
    i.rt_put_rdy_first                       0x08004d28   Section        0  rt_list.o(i.rt_put_rdy_first)
    i.rt_resort_prio                         0x08004d3c   Section        0  rt_list.o(i.rt_resort_prio)
    i.rt_ret_regs                            0x08004d70   Section        0  hal_cm.o(i.rt_ret_regs)
    rt_ret_regs                              0x08004d71   Thumb Code    16  hal_cm.o(i.rt_ret_regs)
    i.rt_ret_val                             0x08004d80   Section        0  hal_cm.o(i.rt_ret_val)
    i.rt_ret_val2                            0x08004d8c   Section        0  hal_cm.o(i.rt_ret_val2)
    i.rt_rmv_dly                             0x08004d9c   Section        0  rt_list.o(i.rt_rmv_dly)
    i.rt_rmv_list                            0x08004dc4   Section        0  rt_list.o(i.rt_rmv_list)
    i.rt_sem_psh                             0x08004df4   Section        0  rt_semaphore.o(i.rt_sem_psh)
    i.rt_stk_check                           0x08004e28   Section        0  rt_system.o(i.rt_stk_check)
    i.rt_switch_req                          0x08004e4c   Section        0  rt_task.o(i.rt_switch_req)
    i.rt_sys_init                            0x08004e74   Section        0  rt_task.o(i.rt_sys_init)
    i.rt_sys_start                           0x08004f40   Section        0  rt_task.o(i.rt_sys_start)
    i.rt_systick                             0x08004fb8   Section        0  rt_system.o(i.rt_systick)
    i.rt_tid2ptcb                            0x08004ff8   Section        0  rt_cmsis.o(i.rt_tid2ptcb)
    rt_tid2ptcb                              0x08004ff9   Thumb Code    18  rt_cmsis.o(i.rt_tid2ptcb)
    i.rt_timer_insert                        0x0800500c   Section        0  rt_cmsis.o(i.rt_timer_insert)
    rt_timer_insert                          0x0800500d   Thumb Code    50  rt_cmsis.o(i.rt_timer_insert)
    i.rt_tsk_create                          0x08005044   Section        0  rt_task.o(i.rt_tsk_create)
    i.rt_tsk_delete                          0x080050c8   Section        0  rt_task.o(i.rt_tsk_delete)
    i.rt_tsk_prio                            0x0800523c   Section        0  rt_task.o(i.rt_tsk_prio)
    i.rt_tsk_self                            0x080052b8   Section        0  rt_task.o(i.rt_tsk_self)
    i.svcKernelInitialize                    0x080052c8   Section        0  rt_cmsis.o(i.svcKernelInitialize)
    i.svcKernelStart                         0x08005338   Section        0  rt_cmsis.o(i.svcKernelStart)
    i.svcMessageCreate                       0x08005380   Section        0  rt_cmsis.o(i.svcMessageCreate)
    i.svcMessageGet                          0x080053a4   Section        0  rt_cmsis.o(i.svcMessageGet)
    i.svcSignalSet                           0x080053de   Section        0  rt_cmsis.o(i.svcSignalSet)
    i.svcSignalWait                          0x08005404   Section        0  rt_cmsis.o(i.svcSignalWait)
    i.svcThreadCreate                        0x08005458   Section        0  rt_cmsis.o(i.svcThreadCreate)
    i.svcThreadGetId                         0x080054c8   Section        0  rt_cmsis.o(i.svcThreadGetId)
    i.svcThreadTerminate                     0x080054e4   Section        0  rt_cmsis.o(i.svcThreadTerminate)
    i.svcTimerCall                           0x0800551c   Section        0  rt_cmsis.o(i.svcTimerCall)
    i.sysTimerTick                           0x08005534   Section        0  rt_cmsis.o(i.sysTimerTick)
    .constdata                               0x08005588   Section       72  main.o(.constdata)
    .constdata                               0x080055d0   Section       48  mems.o(.constdata)
    .constdata                               0x08005600   Section       26  segment_display.o(.constdata)
    .constdata                               0x0800561c   Section       86  rtx_conf_cm.o(.constdata)
    __tagsym$$used                           0x08005638   Number         0  rtx_conf_cm.o(.constdata)
    __tagsym$$used                           0x0800563c   Number         0  rtx_conf_cm.o(.constdata)
    __tagsym$$used                           0x08005640   Number         0  rtx_conf_cm.o(.constdata)
    __tagsym$$used                           0x08005644   Number         0  rtx_conf_cm.o(.constdata)
    .constdata                               0x08005678   Section      152  atan.o(.constdata)
    atanhi                                   0x08005678   Data          32  atan.o(.constdata)
    atanlo                                   0x08005698   Data          32  atan.o(.constdata)
    aTodd                                    0x080056b8   Data          40  atan.o(.constdata)
    aTeven                                   0x080056e0   Data          48  atan.o(.constdata)
    .constdata                               0x08005710   Section      129  ctype_o.o(.constdata)
    .constdata                               0x08005794   Section        4  ctype_o.o(.constdata)
    table                                    0x08005794   Data           4  ctype_o.o(.constdata)
    .conststring                             0x08005798   Section       93  keypad.o(.conststring)
    .data                                    0x20000000   Section       24  main.o(.data)
    .data                                    0x20000018   Section       28  keypad.o(.data)
    .data                                    0x20000034   Section        4  lis3dsh.o(.data)
    .data                                    0x20000038   Section       32  rtx_conf_cm.o(.data)
    .data                                    0x20000058   Section       16  stm32f4xx_rcc.o(.data)
    APBAHBPrescTable                         0x20000058   Data          16  stm32f4xx_rcc.o(.data)
    .data                                    0x20000068   Section       20  system_stm32f4xx.o(.data)
    .data                                    0x2000007c   Section        8  rt_cmsis.o(.data)
    .data                                    0x20000084   Section        8  rt_task.o(.data)
    .data                                    0x2000008c   Section        8  rt_system.o(.data)
    os_lock                                  0x2000008c   Data           1  rt_system.o(.data)
    os_psh_flag                              0x2000008d   Data           1  rt_system.o(.data)
    pend_flags                               0x2000008e   Data           1  rt_system.o(.data)
    .data                                    0x20000094   Section        4  rt_time.o(.data)
    .data                                    0x20000098   Section        1  hal_cm.o(.data)
    .data                                    0x2000009c   Section        8  rt_robin.o(.data)
    .data                                    0x200000a4   Section        4  stdout.o(.data)
    .data                                    0x200000a8   Section        4  errno.o(.data)
    _errno                                   0x200000a8   Data           4  errno.o(.data)
    .bss                                     0x200000b0   Section     6448  rtx_conf_cm.o(.bss)
    .bss                                     0x200019e0   Section       52  rt_task.o(.bss)
    .bss                                     0x20001a14   Section       48  rt_list.o(.bss)
    STACK                                    0x20001a48   Section     1024  startup_stm32f40_41xxx.o(STACK)

    Global Symbols

    Symbol Name                              Value     Ov Type        Size  Object(Section)

    BuildAttributes$$THM_ISAv4$E$P$D$K$B$S$7EM$VFPi3$EXTD16$VFPS$VFMA$PE$A:L22UL41UL21$X:L11$S22US41US21$IEEE1$IW$USESV6$~STKCKD$USESV7$~SHL$OTIME$ROPI$IEEEX$EBA8$MICROLIB$REQ8$PRES8$EABIv2 0x00000000   Number         0  anon$$obj.o ABSOLUTE
    __ARM_use_no_argv                        0x00000000   Number         0  main.o ABSOLUTE
    _printf_a                                0x00000000   Number         0  stubs.o ABSOLUTE
    _printf_c                                0x00000000   Number         0  stubs.o ABSOLUTE
    _printf_charcount                        0x00000000   Number         0  stubs.o ABSOLUTE
    _printf_d                                0x00000000   Number         0  stubs.o ABSOLUTE
    _printf_e                                0x00000000   Number         0  stubs.o ABSOLUTE
    _printf_f                                0x00000000   Number         0  stubs.o ABSOLUTE
    _printf_flags                            0x00000000   Number         0  stubs.o ABSOLUTE
    _printf_fp_dec                           0x00000000   Number         0  stubs.o ABSOLUTE
    _printf_fp_hex                           0x00000000   Number         0  stubs.o ABSOLUTE
    _printf_g                                0x00000000   Number         0  stubs.o ABSOLUTE
    _printf_i                                0x00000000   Number         0  stubs.o ABSOLUTE
    _printf_int_dec                          0x00000000   Number         0  stubs.o ABSOLUTE
    _printf_l                                0x00000000   Number         0  stubs.o ABSOLUTE
    _printf_lc                               0x00000000   Number         0  stubs.o ABSOLUTE
    _printf_ll                               0x00000000   Number         0  stubs.o ABSOLUTE
    _printf_lld                              0x00000000   Number         0  stubs.o ABSOLUTE
    _printf_lli                              0x00000000   Number         0  stubs.o ABSOLUTE
    _printf_llo                              0x00000000   Number         0  stubs.o ABSOLUTE
    _printf_llu                              0x00000000   Number         0  stubs.o ABSOLUTE
    _printf_llx                              0x00000000   Number         0  stubs.o ABSOLUTE
    _printf_longlong_dec                     0x00000000   Number         0  stubs.o ABSOLUTE
    _printf_longlong_hex                     0x00000000   Number         0  stubs.o ABSOLUTE
    _printf_longlong_oct                     0x00000000   Number         0  stubs.o ABSOLUTE
    _printf_ls                               0x00000000   Number         0  stubs.o ABSOLUTE
    _printf_mbtowc                           0x00000000   Number         0  stubs.o ABSOLUTE
    _printf_n                                0x00000000   Number         0  stubs.o ABSOLUTE
    _printf_o                                0x00000000   Number         0  stubs.o ABSOLUTE
    _printf_p                                0x00000000   Number         0  stubs.o ABSOLUTE
    _printf_percent                          0x00000000   Number         0  stubs.o ABSOLUTE
    _printf_pre_padding                      0x00000000   Number         0  stubs.o ABSOLUTE
    _printf_return_value                     0x00000000   Number         0  stubs.o ABSOLUTE
    _printf_s                                0x00000000   Number         0  stubs.o ABSOLUTE
    _printf_sizespec                         0x00000000   Number         0  stubs.o ABSOLUTE
    _printf_str                              0x00000000   Number         0  stubs.o ABSOLUTE
    _printf_truncate_signed                  0x00000000   Number         0  stubs.o ABSOLUTE
    _printf_truncate_unsigned                0x00000000   Number         0  stubs.o ABSOLUTE
    _printf_u                                0x00000000   Number         0  stubs.o ABSOLUTE
    _printf_wc                               0x00000000   Number         0  stubs.o ABSOLUTE
    _printf_wctomb                           0x00000000   Number         0  stubs.o ABSOLUTE
    _printf_widthprec                        0x00000000   Number         0  stubs.o ABSOLUTE
    _printf_x                                0x00000000   Number         0  stubs.o ABSOLUTE
    __cpp_initialize__aeabi_                  - Undefined Weak Reference
    __cxa_finalize                            - Undefined Weak Reference
    __decompress                              - Undefined Weak Reference
    _clock_init                               - Undefined Weak Reference
    _microlib_exit                            - Undefined Weak Reference
    __Vectors_Size                           0x00000188   Number         0  startup_stm32f40_41xxx.o ABSOLUTE
    __RL_RTX_VER                             0x00000473   Number         0  rt_system.o ABSOLUTE
    __Vectors                                0x08000000   Data           4  startup_stm32f40_41xxx.o(RESET)
    __Vectors_End                            0x08000188   Data           0  startup_stm32f40_41xxx.o(RESET)
    __main                                   0x08000189   Thumb Code     0  entry.o(.ARM.Collect$$$$00000000)
    _main_stk                                0x08000189   Thumb Code     0  entry2.o(.ARM.Collect$$$$00000001)
    _main_scatterload                        0x0800018d   Thumb Code     0  entry5.o(.ARM.Collect$$$$00000004)
    __main_after_scatterload                 0x08000191   Thumb Code     0  entry5.o(.ARM.Collect$$$$00000004)
    __rt_final_cpp                           0x08000191   Thumb Code     0  entry10a.o(.ARM.Collect$$$$0000000D)
    __rt_final_exit                          0x08000191   Thumb Code     0  entry11a.o(.ARM.Collect$$$$0000000F)
    _main_clock                              0x08000191   Thumb Code     0  entry7b.o(.ARM.Collect$$$$00000008)
    _main_cpp_init                           0x08000191   Thumb Code     0  entry8b.o(.ARM.Collect$$$$0000000A)
    _main_init                               0x08000191   Thumb Code    18  rtx_conf_cm.o(.ARM.Collect$$$$000000FF)
    rt_set_PSP                               0x080001ad   Thumb Code     6  hal_cm4.o(.emb_text)
    rt_get_PSP                               0x080001b3   Thumb Code     6  hal_cm4.o(.emb_text)
    os_set_env                               0x080001b9   Thumb Code    24  hal_cm4.o(.emb_text)
    _alloc_box                               0x080001d5   Thumb Code    28  hal_cm4.o(.emb_text)
    _free_box                                0x080001f5   Thumb Code    28  hal_cm4.o(.emb_text)
    SVC_Handler                              0x08000215   Thumb Code   148  hal_cm4.o(.emb_text)
    PendSV_Handler                           0x080002b5   Thumb Code    96  hal_cm4.o(.emb_text)
    SysTick_Handler                          0x08000319   Thumb Code     8  hal_cm4.o(.emb_text)
    OS_Tick_Handler                          0x08000321   Thumb Code    12  hal_cm4.o(.emb_text)
    EXTI0_IRQHandler                         0x0800032d   Thumb Code    28  main.o(.text)
    TIM2_IRQHandler                          0x08000349   Thumb Code    34  main.o(.text)
    TIM3_IRQHandler                          0x0800036b   Thumb Code    44  main.o(.text)
    keypad                                   0x08000397   Thumb Code    24  main.o(.text)
    segment_display                          0x080003af   Thumb Code    34  main.o(.text)
    mems                                     0x080003d1   Thumb Code    84  main.o(.text)
    temp_sensor                              0x08000425   Thumb Code   158  main.o(.text)
    main                                     0x080004c3   Thumb Code    78  main.o(.text)
    fputc                                    0x08000559   Thumb Code    50  fputc_debug.o(.text)
    config_TIM2                              0x08000591   Thumb Code   114  temperature_sensor.o(.text)
    LED_GPIO_init                            0x08000603   Thumb Code    54  temperature_sensor.o(.text)
    ADC_init                                 0x08000639   Thumb Code    88  temperature_sensor.o(.text)
    getADCVoltage                            0x08000691   Thumb Code    38  temperature_sensor.o(.text)
    volt_to_celsius                          0x080006b7   Thumb Code   108  temperature_sensor.o(.text)
    alarm_operation                          0x08000723   Thumb Code   118  temperature_sensor.o(.text)
    normal_operation                         0x08000799   Thumb Code    78  temperature_sensor.o(.text)
    temp_sensor_init                         0x080007e7   Thumb Code    16  temperature_sensor.o(.text)
    config_LIS3DSH                           0x08000821   Thumb Code    68  mems.o(.text)
    config_ext_interrupt                     0x08000865   Thumb Code    78  mems.o(.text)
    get_accelerations                        0x080008b3   Thumb Code   306  mems.o(.text)
    get_pitch_angle                          0x080009e5   Thumb Code   182  mems.o(.text)
    mems_init                                0x08000a9b   Thumb Code    12  mems.o(.text)
    kalmanFilter                             0x08000ac9   Thumb Code    98  kalman_filter.o(.text)
    config_tim3                              0x08000b2d   Thumb Code   114  segment_display.o(.text)
    config_segment_display                   0x08000b9f   Thumb Code    48  segment_display.o(.text)
    display_init                             0x08000bcf   Thumb Code    12  segment_display.o(.text)
    display_current_pitch                    0x08000bdb   Thumb Code   258  segment_display.o(.text)
    keypad_init                              0x08000cf1   Thumb Code    76  keypad.o(.text)
    read_cols                                0x08000d3d   Thumb Code    60  keypad.o(.text)
    get_key                                  0x08000d79   Thumb Code    86  keypad.o(.text)
    get_target_angle                         0x08000dcf   Thumb Code   140  keypad.o(.text)
    LIS3DSH_TIMEOUT_UserCallback             0x08000ebd   Thumb Code     4  lis3dsh.o(.text)
    LIS3DSH_Write                            0x08000f2b   Thumb Code    58  lis3dsh.o(.text)
    LIS3DSH_Init                             0x0800108b   Thumb Code    58  lis3dsh.o(.text)
    LIS3DSH_Read                             0x080010c5   Thumb Code    66  lis3dsh.o(.text)
    LIS3DSH_DataReadyInterruptConfig         0x08001107   Thumb Code    42  lis3dsh.o(.text)
    LIS3DSH_LowpowerCmd                      0x08001131   Thumb Code    40  lis3dsh.o(.text)
    LIS3DSH_DataRateCmd                      0x08001159   Thumb Code    44  lis3dsh.o(.text)
    LIS3DSH_FullScaleCmd                     0x08001185   Thumb Code    44  lis3dsh.o(.text)
    LIS3DSH_ReadACC                          0x080011b1   Thumb Code   576  lis3dsh.o(.text)
    os_idle_demon                            0x08001409   Thumb Code     4  rtx_conf_cm.o(.text)
    os_error                                 0x0800140d   Thumb Code    26  rtx_conf_cm.o(.text)
    NVIC_PriorityGroupConfig                 0x08001429   Thumb Code    10  misc.o(.text)
    NVIC_Init                                0x08001433   Thumb Code   106  misc.o(.text)
    NVIC_SetVectorTable                      0x0800149d   Thumb Code    14  misc.o(.text)
    NVIC_SystemLPConfig                      0x080014ab   Thumb Code    34  misc.o(.text)
    SysTick_CLKSourceConfig                  0x080014cd   Thumb Code    40  misc.o(.text)
    ADC_DeInit                               0x08001509   Thumb Code    22  stm32f4xx_adc.o(.text)
    ADC_Init                                 0x0800151f   Thumb Code    74  stm32f4xx_adc.o(.text)
    ADC_StructInit                           0x08001569   Thumb Code    20  stm32f4xx_adc.o(.text)
    ADC_CommonInit                           0x0800157d   Thumb Code    34  stm32f4xx_adc.o(.text)
    ADC_CommonStructInit                     0x0800159f   Thumb Code    12  stm32f4xx_adc.o(.text)
    ADC_Cmd                                  0x080015ab   Thumb Code    22  stm32f4xx_adc.o(.text)
    ADC_AnalogWatchdogCmd                    0x080015c1   Thumb Code    16  stm32f4xx_adc.o(.text)
    ADC_AnalogWatchdogThresholdsConfig       0x080015d1   Thumb Code     6  stm32f4xx_adc.o(.text)
    ADC_AnalogWatchdogSingleChannelConfig    0x080015d7   Thumb Code    16  stm32f4xx_adc.o(.text)
    ADC_TempSensorVrefintCmd                 0x080015e7   Thumb Code    34  stm32f4xx_adc.o(.text)
    ADC_VBATCmd                              0x08001609   Thumb Code    34  stm32f4xx_adc.o(.text)
    ADC_RegularChannelConfig                 0x0800162b   Thumb Code   184  stm32f4xx_adc.o(.text)
    ADC_SoftwareStartConv                    0x080016e3   Thumb Code    10  stm32f4xx_adc.o(.text)
    ADC_GetSoftwareStartConvStatus           0x080016ed   Thumb Code    20  stm32f4xx_adc.o(.text)
    ADC_EOCOnEachRegularChannelCmd           0x08001701   Thumb Code    22  stm32f4xx_adc.o(.text)
    ADC_ContinuousModeCmd                    0x08001717   Thumb Code    22  stm32f4xx_adc.o(.text)
    ADC_DiscModeChannelCountConfig           0x0800172d   Thumb Code    24  stm32f4xx_adc.o(.text)
    ADC_DiscModeCmd                          0x08001745   Thumb Code    22  stm32f4xx_adc.o(.text)
    ADC_GetConversionValue                   0x0800175b   Thumb Code     8  stm32f4xx_adc.o(.text)
    ADC_GetMultiModeConversionValue          0x08001763   Thumb Code     8  stm32f4xx_adc.o(.text)
    ADC_DMACmd                               0x0800176b   Thumb Code    22  stm32f4xx_adc.o(.text)
    ADC_DMARequestAfterLastTransferCmd       0x08001781   Thumb Code    22  stm32f4xx_adc.o(.text)
    ADC_MultiModeDMARequestAfterLastTransferCmd 0x08001797   Thumb Code    34  stm32f4xx_adc.o(.text)
    ADC_InjectedChannelConfig                0x080017b9   Thumb Code   130  stm32f4xx_adc.o(.text)
    ADC_InjectedSequencerLengthConfig        0x0800183b   Thumb Code    24  stm32f4xx_adc.o(.text)
    ADC_SetInjectedOffset                    0x08001853   Thumb Code    20  stm32f4xx_adc.o(.text)
    ADC_ExternalTrigInjectedConvConfig       0x08001867   Thumb Code    16  stm32f4xx_adc.o(.text)
    ADC_ExternalTrigInjectedConvEdgeConfig   0x08001877   Thumb Code    16  stm32f4xx_adc.o(.text)
    ADC_SoftwareStartInjectedConv            0x08001887   Thumb Code    10  stm32f4xx_adc.o(.text)
    ADC_GetSoftwareStartInjectedConvCmdStatus 0x08001891   Thumb Code    20  stm32f4xx_adc.o(.text)
    ADC_AutoInjectedConvCmd                  0x080018a5   Thumb Code    22  stm32f4xx_adc.o(.text)
    ADC_InjectedDiscModeCmd                  0x080018bb   Thumb Code    22  stm32f4xx_adc.o(.text)
    ADC_GetInjectedConversionValue           0x080018d1   Thumb Code    28  stm32f4xx_adc.o(.text)
    ADC_ITConfig                             0x080018ed   Thumb Code    56  stm32f4xx_adc.o(.text)
    ADC_GetFlagStatus                        0x08001925   Thumb Code    18  stm32f4xx_adc.o(.text)
    ADC_ClearFlag                            0x08001937   Thumb Code     6  stm32f4xx_adc.o(.text)
    ADC_GetITStatus                          0x0800193d   Thumb Code    38  stm32f4xx_adc.o(.text)
    ADC_ClearITPendingBit                    0x08001963   Thumb Code    10  stm32f4xx_adc.o(.text)
    EXTI_DeInit                              0x0800196d   Thumb Code    28  stm32f4xx_exti.o(.text)
    EXTI_Init                                0x08001989   Thumb Code   142  stm32f4xx_exti.o(.text)
    EXTI_StructInit                          0x08001a17   Thumb Code    16  stm32f4xx_exti.o(.text)
    EXTI_GenerateSWInterrupt                 0x08001a27   Thumb Code    16  stm32f4xx_exti.o(.text)
    EXTI_GetFlagStatus                       0x08001a37   Thumb Code    22  stm32f4xx_exti.o(.text)
    EXTI_ClearFlag                           0x08001a4d   Thumb Code     8  stm32f4xx_exti.o(.text)
    EXTI_GetITStatus                         0x08001a55   Thumb Code    22  stm32f4xx_exti.o(.text)
    EXTI_ClearITPendingBit                   0x08001a6b   Thumb Code     8  stm32f4xx_exti.o(.text)
    GPIO_DeInit                              0x08001a7d   Thumb Code   268  stm32f4xx_gpio.o(.text)
    GPIO_Init                                0x08001b89   Thumb Code   144  stm32f4xx_gpio.o(.text)
    GPIO_StructInit                          0x08001c19   Thumb Code    18  stm32f4xx_gpio.o(.text)
    GPIO_PinLockConfig                       0x08001c2b   Thumb Code    34  stm32f4xx_gpio.o(.text)
    GPIO_ReadInputDataBit                    0x08001c4d   Thumb Code    18  stm32f4xx_gpio.o(.text)
    GPIO_ReadInputData                       0x08001c5f   Thumb Code     8  stm32f4xx_gpio.o(.text)
    GPIO_ReadOutputDataBit                   0x08001c67   Thumb Code    18  stm32f4xx_gpio.o(.text)
    GPIO_ReadOutputData                      0x08001c79   Thumb Code     8  stm32f4xx_gpio.o(.text)
    GPIO_SetBits                             0x08001c81   Thumb Code     4  stm32f4xx_gpio.o(.text)
    GPIO_ResetBits                           0x08001c85   Thumb Code     4  stm32f4xx_gpio.o(.text)
    GPIO_WriteBit                            0x08001c89   Thumb Code    10  stm32f4xx_gpio.o(.text)
    GPIO_Write                               0x08001c93   Thumb Code     4  stm32f4xx_gpio.o(.text)
    GPIO_ToggleBits                          0x08001c97   Thumb Code     8  stm32f4xx_gpio.o(.text)
    GPIO_PinAFConfig                         0x08001c9f   Thumb Code    70  stm32f4xx_gpio.o(.text)
    RCC_DeInit                               0x08001d11   Thumb Code    82  stm32f4xx_rcc.o(.text)
    RCC_HSEConfig                            0x08001d63   Thumb Code    14  stm32f4xx_rcc.o(.text)
    RCC_GetFlagStatus                        0x08001d71   Thumb Code    60  stm32f4xx_rcc.o(.text)
    RCC_WaitForHSEStartUp                    0x08001dad   Thumb Code    56  stm32f4xx_rcc.o(.text)
    RCC_AdjustHSICalibrationValue            0x08001de5   Thumb Code    20  stm32f4xx_rcc.o(.text)
    RCC_HSICmd                               0x08001df9   Thumb Code     6  stm32f4xx_rcc.o(.text)
    RCC_LSEConfig                            0x08001dff   Thumb Code    46  stm32f4xx_rcc.o(.text)
    RCC_LSICmd                               0x08001e2d   Thumb Code     6  stm32f4xx_rcc.o(.text)
    RCC_PLLConfig                            0x08001e33   Thumb Code    32  stm32f4xx_rcc.o(.text)
    RCC_PLLCmd                               0x08001e53   Thumb Code     6  stm32f4xx_rcc.o(.text)
    RCC_PLLI2SConfig                         0x08001e59   Thumb Code    14  stm32f4xx_rcc.o(.text)
    RCC_PLLI2SCmd                            0x08001e67   Thumb Code     6  stm32f4xx_rcc.o(.text)
    RCC_PLLSAIConfig                         0x08001e6d   Thumb Code    20  stm32f4xx_rcc.o(.text)
    RCC_PLLSAICmd                            0x08001e81   Thumb Code     6  stm32f4xx_rcc.o(.text)
    RCC_ClockSecuritySystemCmd               0x08001e87   Thumb Code     6  stm32f4xx_rcc.o(.text)
    RCC_MCO1Config                           0x08001e8d   Thumb Code    28  stm32f4xx_rcc.o(.text)
    RCC_MCO2Config                           0x08001ea9   Thumb Code    28  stm32f4xx_rcc.o(.text)
    RCC_SYSCLKConfig                         0x08001ec5   Thumb Code    20  stm32f4xx_rcc.o(.text)
    RCC_GetSYSCLKSource                      0x08001ed9   Thumb Code    12  stm32f4xx_rcc.o(.text)
    RCC_HCLKConfig                           0x08001ee5   Thumb Code    20  stm32f4xx_rcc.o(.text)
    RCC_PCLK1Config                          0x08001ef9   Thumb Code    20  stm32f4xx_rcc.o(.text)
    RCC_PCLK2Config                          0x08001f0d   Thumb Code    22  stm32f4xx_rcc.o(.text)
    RCC_GetClocksFreq                        0x08001f23   Thumb Code   222  stm32f4xx_rcc.o(.text)
    RCC_RTCCLKConfig                         0x08002001   Thumb Code    54  stm32f4xx_rcc.o(.text)
    RCC_RTCCLKCmd                            0x08002037   Thumb Code     8  stm32f4xx_rcc.o(.text)
    RCC_BackupResetCmd                       0x0800203f   Thumb Code     8  stm32f4xx_rcc.o(.text)
    RCC_I2SCLKConfig                         0x08002047   Thumb Code     6  stm32f4xx_rcc.o(.text)
    RCC_SAIPLLI2SClkDivConfig                0x0800204d   Thumb Code    26  stm32f4xx_rcc.o(.text)
    RCC_SAIPLLSAIClkDivConfig                0x08002067   Thumb Code    28  stm32f4xx_rcc.o(.text)
    RCC_SAIBlockACLKConfig                   0x08002083   Thumb Code    20  stm32f4xx_rcc.o(.text)
    RCC_SAIBlockBCLKConfig                   0x08002097   Thumb Code    20  stm32f4xx_rcc.o(.text)
    RCC_LTDCCLKDivConfig                     0x080020ab   Thumb Code    20  stm32f4xx_rcc.o(.text)
    RCC_TIMCLKPresConfig                     0x080020bf   Thumb Code     6  stm32f4xx_rcc.o(.text)
    RCC_AHB1PeriphClockCmd                   0x080020c5   Thumb Code    34  stm32f4xx_rcc.o(.text)
    RCC_AHB2PeriphClockCmd                   0x080020e7   Thumb Code    78  stm32f4xx_rcc.o(.text)
    RCC_AHB3PeriphClockCmd                   0x08002135   Thumb Code    34  stm32f4xx_rcc.o(.text)
    RCC_APB1PeriphClockCmd                   0x08002157   Thumb Code    34  stm32f4xx_rcc.o(.text)
    RCC_APB2PeriphClockCmd                   0x08002179   Thumb Code    34  stm32f4xx_rcc.o(.text)
    RCC_AHB1PeriphResetCmd                   0x0800219b   Thumb Code    34  stm32f4xx_rcc.o(.text)
    RCC_AHB2PeriphResetCmd                   0x080021bd   Thumb Code    34  stm32f4xx_rcc.o(.text)
    RCC_AHB3PeriphResetCmd                   0x080021df   Thumb Code    34  stm32f4xx_rcc.o(.text)
    RCC_APB1PeriphResetCmd                   0x08002201   Thumb Code    34  stm32f4xx_rcc.o(.text)
    RCC_APB2PeriphResetCmd                   0x08002223   Thumb Code    34  stm32f4xx_rcc.o(.text)
    RCC_AHB1PeriphClockLPModeCmd             0x08002245   Thumb Code    34  stm32f4xx_rcc.o(.text)
    RCC_AHB2PeriphClockLPModeCmd             0x08002267   Thumb Code    34  stm32f4xx_rcc.o(.text)
    RCC_AHB3PeriphClockLPModeCmd             0x08002289   Thumb Code    34  stm32f4xx_rcc.o(.text)
    RCC_APB1PeriphClockLPModeCmd             0x080022ab   Thumb Code    34  stm32f4xx_rcc.o(.text)
    RCC_APB2PeriphClockLPModeCmd             0x080022cd   Thumb Code    34  stm32f4xx_rcc.o(.text)
    RCC_ITConfig                             0x080022ef   Thumb Code    34  stm32f4xx_rcc.o(.text)
    RCC_ClearFlag                            0x08002311   Thumb Code    18  stm32f4xx_rcc.o(.text)
    RCC_GetITStatus                          0x08002323   Thumb Code    22  stm32f4xx_rcc.o(.text)
    RCC_ClearITPendingBit                    0x08002339   Thumb Code     8  stm32f4xx_rcc.o(.text)
    SPI_I2S_DeInit                           0x08002345   Thumb Code   152  stm32f4xx_spi.o(.text)
    SPI_Init                                 0x080023dd   Thumb Code    60  stm32f4xx_spi.o(.text)
    I2S_Init                                 0x08002419   Thumb Code   350  stm32f4xx_spi.o(.text)
    SPI_StructInit                           0x08002577   Thumb Code    24  stm32f4xx_spi.o(.text)
    I2S_StructInit                           0x0800258f   Thumb Code    20  stm32f4xx_spi.o(.text)
    SPI_Cmd                                  0x080025a3   Thumb Code    24  stm32f4xx_spi.o(.text)
    I2S_Cmd                                  0x080025bb   Thumb Code    24  stm32f4xx_spi.o(.text)
    SPI_DataSizeConfig                       0x080025d3   Thumb Code    18  stm32f4xx_spi.o(.text)
    SPI_BiDirectionalLineConfig              0x080025e5   Thumb Code    28  stm32f4xx_spi.o(.text)
    SPI_NSSInternalSoftwareConfig            0x08002601   Thumb Code    30  stm32f4xx_spi.o(.text)
    SPI_SSOutputCmd                          0x0800261f   Thumb Code    24  stm32f4xx_spi.o(.text)
    SPI_TIModeCmd                            0x08002637   Thumb Code    24  stm32f4xx_spi.o(.text)
    I2S_FullDuplexConfig                     0x0800264f   Thumb Code    80  stm32f4xx_spi.o(.text)
    SPI_I2S_ReceiveData                      0x0800269f   Thumb Code     6  stm32f4xx_spi.o(.text)
    SPI_I2S_SendData                         0x080026a5   Thumb Code     4  stm32f4xx_spi.o(.text)
    SPI_CalculateCRC                         0x080026a9   Thumb Code    24  stm32f4xx_spi.o(.text)
    SPI_TransmitCRC                          0x080026c1   Thumb Code    10  stm32f4xx_spi.o(.text)
    SPI_GetCRC                               0x080026cb   Thumb Code    16  stm32f4xx_spi.o(.text)
    SPI_GetCRCPolynomial                     0x080026db   Thumb Code     6  stm32f4xx_spi.o(.text)
    SPI_I2S_DMACmd                           0x080026e1   Thumb Code    18  stm32f4xx_spi.o(.text)
    SPI_I2S_ITConfig                         0x080026f3   Thumb Code    32  stm32f4xx_spi.o(.text)
    SPI_I2S_GetFlagStatus                    0x08002713   Thumb Code    50  stm32f4xx_spi.o(.text)
    SPI_I2S_ClearFlag                        0x08002745   Thumb Code     6  stm32f4xx_spi.o(.text)
    SPI_I2S_GetITStatus                      0x0800274b   Thumb Code    52  stm32f4xx_spi.o(.text)
    SPI_I2S_ClearITPendingBit                0x0800277f   Thumb Code    20  stm32f4xx_spi.o(.text)
    SYSCFG_DeInit                            0x08002795   Thumb Code    22  stm32f4xx_syscfg.o(.text)
    SYSCFG_MemoryRemapConfig                 0x080027ab   Thumb Code     6  stm32f4xx_syscfg.o(.text)
    SYSCFG_MemorySwappingBank                0x080027b1   Thumb Code     6  stm32f4xx_syscfg.o(.text)
    SYSCFG_EXTILineConfig                    0x080027b7   Thumb Code    66  stm32f4xx_syscfg.o(.text)
    SYSCFG_ETH_MediaInterfaceConfig          0x080027f9   Thumb Code     8  stm32f4xx_syscfg.o(.text)
    SYSCFG_CompensationCellCmd               0x08002801   Thumb Code     6  stm32f4xx_syscfg.o(.text)
    SYSCFG_GetCompensationCellStatus         0x08002807   Thumb Code    22  stm32f4xx_syscfg.o(.text)
    TIM_DeInit                               0x08002829   Thumb Code   346  stm32f4xx_tim.o(.text)
    TIM_TimeBaseInit                         0x08002983   Thumb Code   104  stm32f4xx_tim.o(.text)
    TIM_TimeBaseStructInit                   0x080029eb   Thumb Code    18  stm32f4xx_tim.o(.text)
    TIM_PrescalerConfig                      0x080029fd   Thumb Code     6  stm32f4xx_tim.o(.text)
    TIM_CounterModeConfig                    0x08002a03   Thumb Code    18  stm32f4xx_tim.o(.text)
    TIM_SetCounter                           0x08002a15   Thumb Code     4  stm32f4xx_tim.o(.text)
    TIM_SetAutoreload                        0x08002a19   Thumb Code     4  stm32f4xx_tim.o(.text)
    TIM_GetCounter                           0x08002a1d   Thumb Code     6  stm32f4xx_tim.o(.text)
    TIM_GetPrescaler                         0x08002a23   Thumb Code     6  stm32f4xx_tim.o(.text)
    TIM_UpdateDisableConfig                  0x08002a29   Thumb Code    24  stm32f4xx_tim.o(.text)
    TIM_UpdateRequestConfig                  0x08002a41   Thumb Code    24  stm32f4xx_tim.o(.text)
    TIM_ARRPreloadConfig                     0x08002a59   Thumb Code    24  stm32f4xx_tim.o(.text)
    TIM_SelectOnePulseMode                   0x08002a71   Thumb Code    18  stm32f4xx_tim.o(.text)
    TIM_SetClockDivision                     0x08002a83   Thumb Code    18  stm32f4xx_tim.o(.text)
    TIM_Cmd                                  0x08002a95   Thumb Code    24  stm32f4xx_tim.o(.text)
    TIM_OC1Init                              0x08002aad   Thumb Code   114  stm32f4xx_tim.o(.text)
    TIM_OC2Init                              0x08002b1f   Thumb Code   154  stm32f4xx_tim.o(.text)
    TIM_OC3Init                              0x08002bb9   Thumb Code   204  stm32f4xx_tim.o(.text)
    TIM_OC4Init                              0x08002c85   Thumb Code   112  stm32f4xx_tim.o(.text)
    TIM_OCStructInit                         0x08002cf5   Thumb Code    20  stm32f4xx_tim.o(.text)
    TIM_SelectOCxM                           0x08002d09   Thumb Code    86  stm32f4xx_tim.o(.text)
    TIM_SetCompare1                          0x08002d5f   Thumb Code     4  stm32f4xx_tim.o(.text)
    TIM_SetCompare2                          0x08002d63   Thumb Code     4  stm32f4xx_tim.o(.text)
    TIM_SetCompare3                          0x08002d67   Thumb Code     4  stm32f4xx_tim.o(.text)
    TIM_SetCompare4                          0x08002d6b   Thumb Code     4  stm32f4xx_tim.o(.text)
    TIM_ForcedOC1Config                      0x08002d6f   Thumb Code    18  stm32f4xx_tim.o(.text)
    TIM_ForcedOC2Config                      0x08002d81   Thumb Code    26  stm32f4xx_tim.o(.text)
    TIM_ForcedOC3Config                      0x08002d9b   Thumb Code    18  stm32f4xx_tim.o(.text)
    TIM_ForcedOC4Config                      0x08002dad   Thumb Code    26  stm32f4xx_tim.o(.text)
    TIM_OC1PreloadConfig                     0x08002dc7   Thumb Code    18  stm32f4xx_tim.o(.text)
    TIM_OC2PreloadConfig                     0x08002dd9   Thumb Code    26  stm32f4xx_tim.o(.text)
    TIM_OC3PreloadConfig                     0x08002df3   Thumb Code    18  stm32f4xx_tim.o(.text)
    TIM_OC4PreloadConfig                     0x08002e05   Thumb Code    26  stm32f4xx_tim.o(.text)
    TIM_OC1FastConfig                        0x08002e1f   Thumb Code    18  stm32f4xx_tim.o(.text)
    TIM_OC2FastConfig                        0x08002e31   Thumb Code    26  stm32f4xx_tim.o(.text)
    TIM_OC3FastConfig                        0x08002e4b   Thumb Code    18  stm32f4xx_tim.o(.text)
    TIM_OC4FastConfig                        0x08002e5d   Thumb Code    26  stm32f4xx_tim.o(.text)
    TIM_ClearOC1Ref                          0x08002e77   Thumb Code    18  stm32f4xx_tim.o(.text)
    TIM_ClearOC2Ref                          0x08002e89   Thumb Code    24  stm32f4xx_tim.o(.text)
    TIM_ClearOC3Ref                          0x08002ea1   Thumb Code    18  stm32f4xx_tim.o(.text)
    TIM_ClearOC4Ref                          0x08002eb3   Thumb Code    24  stm32f4xx_tim.o(.text)
    TIM_OC1PolarityConfig                    0x08002ecb   Thumb Code    18  stm32f4xx_tim.o(.text)
    TIM_OC1NPolarityConfig                   0x08002edd   Thumb Code    18  stm32f4xx_tim.o(.text)
    TIM_OC2PolarityConfig                    0x08002eef   Thumb Code    26  stm32f4xx_tim.o(.text)
    TIM_OC2NPolarityConfig                   0x08002f09   Thumb Code    26  stm32f4xx_tim.o(.text)
    TIM_OC3PolarityConfig                    0x08002f23   Thumb Code    26  stm32f4xx_tim.o(.text)
    TIM_OC3NPolarityConfig                   0x08002f3d   Thumb Code    26  stm32f4xx_tim.o(.text)
    TIM_OC4PolarityConfig                    0x08002f57   Thumb Code    26  stm32f4xx_tim.o(.text)
    TIM_CCxCmd                               0x08002f71   Thumb Code    30  stm32f4xx_tim.o(.text)
    TIM_CCxNCmd                              0x08002f8f   Thumb Code    30  stm32f4xx_tim.o(.text)
    TIM_SetIC4Prescaler                      0x08002fad   Thumb Code    26  stm32f4xx_tim.o(.text)
    TIM_SetIC3Prescaler                      0x08003017   Thumb Code    18  stm32f4xx_tim.o(.text)
    TIM_SetIC2Prescaler                      0x08003071   Thumb Code    26  stm32f4xx_tim.o(.text)
    TIM_SetIC1Prescaler                      0x080030e5   Thumb Code    18  stm32f4xx_tim.o(.text)
    TIM_ICInit                               0x08003131   Thumb Code   110  stm32f4xx_tim.o(.text)
    TIM_ICStructInit                         0x0800319f   Thumb Code    18  stm32f4xx_tim.o(.text)
    TIM_PWMIConfig                           0x080031b1   Thumb Code   124  stm32f4xx_tim.o(.text)
    TIM_GetCapture1                          0x0800322d   Thumb Code     6  stm32f4xx_tim.o(.text)
    TIM_GetCapture2                          0x08003233   Thumb Code     6  stm32f4xx_tim.o(.text)
    TIM_GetCapture3                          0x08003239   Thumb Code     6  stm32f4xx_tim.o(.text)
    TIM_GetCapture4                          0x0800323f   Thumb Code     6  stm32f4xx_tim.o(.text)
    TIM_BDTRConfig                           0x08003245   Thumb Code    32  stm32f4xx_tim.o(.text)
    TIM_BDTRStructInit                       0x08003265   Thumb Code    18  stm32f4xx_tim.o(.text)
    TIM_CtrlPWMOutputs                       0x08003277   Thumb Code    30  stm32f4xx_tim.o(.text)
    TIM_SelectCOM                            0x08003295   Thumb Code    24  stm32f4xx_tim.o(.text)
    TIM_CCPreloadControl                     0x080032ad   Thumb Code    24  stm32f4xx_tim.o(.text)
    TIM_ITConfig                             0x080032c5   Thumb Code    18  stm32f4xx_tim.o(.text)
    TIM_GenerateEvent                        0x080032d7   Thumb Code     4  stm32f4xx_tim.o(.text)
    TIM_GetFlagStatus                        0x080032db   Thumb Code    18  stm32f4xx_tim.o(.text)
    TIM_ClearFlag                            0x080032ed   Thumb Code     6  stm32f4xx_tim.o(.text)
    TIM_GetITStatus                          0x080032f3   Thumb Code    34  stm32f4xx_tim.o(.text)
    TIM_ClearITPendingBit                    0x08003315   Thumb Code     6  stm32f4xx_tim.o(.text)
    TIM_DMAConfig                            0x0800331b   Thumb Code    10  stm32f4xx_tim.o(.text)
    TIM_DMACmd                               0x08003325   Thumb Code    18  stm32f4xx_tim.o(.text)
    TIM_SelectCCDMA                          0x08003337   Thumb Code    24  stm32f4xx_tim.o(.text)
    TIM_InternalClockConfig                  0x0800334f   Thumb Code    12  stm32f4xx_tim.o(.text)
    TIM_SelectInputTrigger                   0x0800335b   Thumb Code    18  stm32f4xx_tim.o(.text)
    TIM_ITRxExternalClockConfig              0x0800336d   Thumb Code    24  stm32f4xx_tim.o(.text)
    TIM_TIxExternalClockConfig               0x08003385   Thumb Code    62  stm32f4xx_tim.o(.text)
    TIM_ETRConfig                            0x080033c3   Thumb Code    28  stm32f4xx_tim.o(.text)
    TIM_ETRClockMode1Config                  0x080033df   Thumb Code    54  stm32f4xx_tim.o(.text)
    TIM_ETRClockMode2Config                  0x08003415   Thumb Code    32  stm32f4xx_tim.o(.text)
    TIM_SelectOutputTrigger                  0x08003435   Thumb Code    18  stm32f4xx_tim.o(.text)
    TIM_SelectSlaveMode                      0x08003447   Thumb Code    18  stm32f4xx_tim.o(.text)
    TIM_SelectMasterSlaveMode                0x08003459   Thumb Code    18  stm32f4xx_tim.o(.text)
    TIM_EncoderInterfaceConfig               0x0800346b   Thumb Code    66  stm32f4xx_tim.o(.text)
    TIM_SelectHallSensor                     0x080034ad   Thumb Code    24  stm32f4xx_tim.o(.text)
    TIM_RemapConfig                          0x080034c5   Thumb Code     6  stm32f4xx_tim.o(.text)
    Reset_Handler                            0x080034cd   Thumb Code     8  startup_stm32f40_41xxx.o(.text)
    NMI_Handler                              0x080034d5   Thumb Code     2  startup_stm32f40_41xxx.o(.text)
    HardFault_Handler                        0x080034d7   Thumb Code     2  startup_stm32f40_41xxx.o(.text)
    MemManage_Handler                        0x080034d9   Thumb Code     2  startup_stm32f40_41xxx.o(.text)
    BusFault_Handler                         0x080034db   Thumb Code     2  startup_stm32f40_41xxx.o(.text)
    UsageFault_Handler                       0x080034dd   Thumb Code     2  startup_stm32f40_41xxx.o(.text)
    DebugMon_Handler                         0x080034e1   Thumb Code     2  startup_stm32f40_41xxx.o(.text)
    ADC_IRQHandler                           0x080034e7   Thumb Code     0  startup_stm32f40_41xxx.o(.text)
    CAN1_RX0_IRQHandler                      0x080034e7   Thumb Code     0  startup_stm32f40_41xxx.o(.text)
    CAN1_RX1_IRQHandler                      0x080034e7   Thumb Code     0  startup_stm32f40_41xxx.o(.text)
    CAN1_SCE_IRQHandler                      0x080034e7   Thumb Code     0  startup_stm32f40_41xxx.o(.text)
    CAN1_TX_IRQHandler                       0x080034e7   Thumb Code     0  startup_stm32f40_41xxx.o(.text)
    CAN2_RX0_IRQHandler                      0x080034e7   Thumb Code     0  startup_stm32f40_41xxx.o(.text)
    CAN2_RX1_IRQHandler                      0x080034e7   Thumb Code     0  startup_stm32f40_41xxx.o(.text)
    CAN2_SCE_IRQHandler                      0x080034e7   Thumb Code     0  startup_stm32f40_41xxx.o(.text)
    CAN2_TX_IRQHandler                       0x080034e7   Thumb Code     0  startup_stm32f40_41xxx.o(.text)
    CRYP_IRQHandler                          0x080034e7   Thumb Code     0  startup_stm32f40_41xxx.o(.text)
    DCMI_IRQHandler                          0x080034e7   Thumb Code     0  startup_stm32f40_41xxx.o(.text)
    DMA1_Stream0_IRQHandler                  0x080034e7   Thumb Code     0  startup_stm32f40_41xxx.o(.text)
    DMA1_Stream1_IRQHandler                  0x080034e7   Thumb Code     0  startup_stm32f40_41xxx.o(.text)
    DMA1_Stream2_IRQHandler                  0x080034e7   Thumb Code     0  startup_stm32f40_41xxx.o(.text)
    DMA1_Stream3_IRQHandler                  0x080034e7   Thumb Code     0  startup_stm32f40_41xxx.o(.text)
    DMA1_Stream4_IRQHandler                  0x080034e7   Thumb Code     0  startup_stm32f40_41xxx.o(.text)
    DMA1_Stream5_IRQHandler                  0x080034e7   Thumb Code     0  startup_stm32f40_41xxx.o(.text)
    DMA1_Stream6_IRQHandler                  0x080034e7   Thumb Code     0  startup_stm32f40_41xxx.o(.text)
    DMA1_Stream7_IRQHandler                  0x080034e7   Thumb Code     0  startup_stm32f40_41xxx.o(.text)
    DMA2_Stream0_IRQHandler                  0x080034e7   Thumb Code     0  startup_stm32f40_41xxx.o(.text)
    DMA2_Stream1_IRQHandler                  0x080034e7   Thumb Code     0  startup_stm32f40_41xxx.o(.text)
    DMA2_Stream2_IRQHandler                  0x080034e7   Thumb Code     0  startup_stm32f40_41xxx.o(.text)
    DMA2_Stream3_IRQHandler                  0x080034e7   Thumb Code     0  startup_stm32f40_41xxx.o(.text)
    DMA2_Stream4_IRQHandler                  0x080034e7   Thumb Code     0  startup_stm32f40_41xxx.o(.text)
    DMA2_Stream5_IRQHandler                  0x080034e7   Thumb Code     0  startup_stm32f40_41xxx.o(.text)
    DMA2_Stream6_IRQHandler                  0x080034e7   Thumb Code     0  startup_stm32f40_41xxx.o(.text)
    DMA2_Stream7_IRQHandler                  0x080034e7   Thumb Code     0  startup_stm32f40_41xxx.o(.text)
    ETH_IRQHandler                           0x080034e7   Thumb Code     0  startup_stm32f40_41xxx.o(.text)
    ETH_WKUP_IRQHandler                      0x080034e7   Thumb Code     0  startup_stm32f40_41xxx.o(.text)
    EXTI15_10_IRQHandler                     0x080034e7   Thumb Code     0  startup_stm32f40_41xxx.o(.text)
    EXTI1_IRQHandler                         0x080034e7   Thumb Code     0  startup_stm32f40_41xxx.o(.text)
    EXTI2_IRQHandler                         0x080034e7   Thumb Code     0  startup_stm32f40_41xxx.o(.text)
    EXTI3_IRQHandler                         0x080034e7   Thumb Code     0  startup_stm32f40_41xxx.o(.text)
    EXTI4_IRQHandler                         0x080034e7   Thumb Code     0  startup_stm32f40_41xxx.o(.text)
    EXTI9_5_IRQHandler                       0x080034e7   Thumb Code     0  startup_stm32f40_41xxx.o(.text)
    FLASH_IRQHandler                         0x080034e7   Thumb Code     0  startup_stm32f40_41xxx.o(.text)
    FPU_IRQHandler                           0x080034e7   Thumb Code     0  startup_stm32f40_41xxx.o(.text)
    FSMC_IRQHandler                          0x080034e7   Thumb Code     0  startup_stm32f40_41xxx.o(.text)
    HASH_RNG_IRQHandler                      0x080034e7   Thumb Code     0  startup_stm32f40_41xxx.o(.text)
    I2C1_ER_IRQHandler                       0x080034e7   Thumb Code     0  startup_stm32f40_41xxx.o(.text)
    I2C1_EV_IRQHandler                       0x080034e7   Thumb Code     0  startup_stm32f40_41xxx.o(.text)
    I2C2_ER_IRQHandler                       0x080034e7   Thumb Code     0  startup_stm32f40_41xxx.o(.text)
    I2C2_EV_IRQHandler                       0x080034e7   Thumb Code     0  startup_stm32f40_41xxx.o(.text)
    I2C3_ER_IRQHandler                       0x080034e7   Thumb Code     0  startup_stm32f40_41xxx.o(.text)
    I2C3_EV_IRQHandler                       0x080034e7   Thumb Code     0  startup_stm32f40_41xxx.o(.text)
    OTG_FS_IRQHandler                        0x080034e7   Thumb Code     0  startup_stm32f40_41xxx.o(.text)
    OTG_FS_WKUP_IRQHandler                   0x080034e7   Thumb Code     0  startup_stm32f40_41xxx.o(.text)
    OTG_HS_EP1_IN_IRQHandler                 0x080034e7   Thumb Code     0  startup_stm32f40_41xxx.o(.text)
    OTG_HS_EP1_OUT_IRQHandler                0x080034e7   Thumb Code     0  startup_stm32f40_41xxx.o(.text)
    OTG_HS_IRQHandler                        0x080034e7   Thumb Code     0  startup_stm32f40_41xxx.o(.text)
    OTG_HS_WKUP_IRQHandler                   0x080034e7   Thumb Code     0  startup_stm32f40_41xxx.o(.text)
    PVD_IRQHandler                           0x080034e7   Thumb Code     0  startup_stm32f40_41xxx.o(.text)
    RCC_IRQHandler                           0x080034e7   Thumb Code     0  startup_stm32f40_41xxx.o(.text)
    RTC_Alarm_IRQHandler                     0x080034e7   Thumb Code     0  startup_stm32f40_41xxx.o(.text)
    RTC_WKUP_IRQHandler                      0x080034e7   Thumb Code     0  startup_stm32f40_41xxx.o(.text)
    SDIO_IRQHandler                          0x080034e7   Thumb Code     0  startup_stm32f40_41xxx.o(.text)
    SPI1_IRQHandler                          0x080034e7   Thumb Code     0  startup_stm32f40_41xxx.o(.text)
    SPI2_IRQHandler                          0x080034e7   Thumb Code     0  startup_stm32f40_41xxx.o(.text)
    SPI3_IRQHandler                          0x080034e7   Thumb Code     0  startup_stm32f40_41xxx.o(.text)
    TAMP_STAMP_IRQHandler                    0x080034e7   Thumb Code     0  startup_stm32f40_41xxx.o(.text)
    TIM1_BRK_TIM9_IRQHandler                 0x080034e7   Thumb Code     0  startup_stm32f40_41xxx.o(.text)
    TIM1_CC_IRQHandler                       0x080034e7   Thumb Code     0  startup_stm32f40_41xxx.o(.text)
    TIM1_TRG_COM_TIM11_IRQHandler            0x080034e7   Thumb Code     0  startup_stm32f40_41xxx.o(.text)
    TIM1_UP_TIM10_IRQHandler                 0x080034e7   Thumb Code     0  startup_stm32f40_41xxx.o(.text)
    TIM4_IRQHandler                          0x080034e7   Thumb Code     0  startup_stm32f40_41xxx.o(.text)
    TIM5_IRQHandler                          0x080034e7   Thumb Code     0  startup_stm32f40_41xxx.o(.text)
    TIM6_DAC_IRQHandler                      0x080034e7   Thumb Code     0  startup_stm32f40_41xxx.o(.text)
    TIM7_IRQHandler                          0x080034e7   Thumb Code     0  startup_stm32f40_41xxx.o(.text)
    TIM8_BRK_TIM12_IRQHandler                0x080034e7   Thumb Code     0  startup_stm32f40_41xxx.o(.text)
    TIM8_CC_IRQHandler                       0x080034e7   Thumb Code     0  startup_stm32f40_41xxx.o(.text)
    TIM8_TRG_COM_TIM14_IRQHandler            0x080034e7   Thumb Code     0  startup_stm32f40_41xxx.o(.text)
    TIM8_UP_TIM13_IRQHandler                 0x080034e7   Thumb Code     0  startup_stm32f40_41xxx.o(.text)
    UART4_IRQHandler                         0x080034e7   Thumb Code     0  startup_stm32f40_41xxx.o(.text)
    UART5_IRQHandler                         0x080034e7   Thumb Code     0  startup_stm32f40_41xxx.o(.text)
    USART1_IRQHandler                        0x080034e7   Thumb Code     0  startup_stm32f40_41xxx.o(.text)
    USART2_IRQHandler                        0x080034e7   Thumb Code     0  startup_stm32f40_41xxx.o(.text)
    USART3_IRQHandler                        0x080034e7   Thumb Code     0  startup_stm32f40_41xxx.o(.text)
    USART6_IRQHandler                        0x080034e7   Thumb Code     0  startup_stm32f40_41xxx.o(.text)
    WWDG_IRQHandler                          0x080034e7   Thumb Code     0  startup_stm32f40_41xxx.o(.text)
    SystemInit                               0x080035cd   Thumb Code    88  system_stm32f4xx.o(.text)
    SystemCoreClockUpdate                    0x08003625   Thumb Code   174  system_stm32f4xx.o(.text)
    __rt_ctype_table                         0x08003701   Thumb Code     4  ctype_o.o(.text)
    __aeabi_memcpy                           0x08003709   Thumb Code    36  memcpya.o(.text)
    __aeabi_memcpy4                          0x08003709   Thumb Code     0  memcpya.o(.text)
    __aeabi_memcpy8                          0x08003709   Thumb Code     0  memcpya.o(.text)
    __aeabi_dadd                             0x0800372d   Thumb Code   322  dadd.o(.text)
    __aeabi_dsub                             0x0800386f   Thumb Code     6  dadd.o(.text)
    __aeabi_drsub                            0x08003875   Thumb Code     6  dadd.o(.text)
    __aeabi_dmul                             0x0800387b   Thumb Code   228  dmul.o(.text)
    __aeabi_ddiv                             0x0800395f   Thumb Code   222  ddiv.o(.text)
    __aeabi_f2d                              0x08003a3d   Thumb Code    38  f2d.o(.text)
    __aeabi_d2f                              0x08003a63   Thumb Code    56  d2f.o(.text)
    __aeabi_llsl                             0x08003a9b   Thumb Code    30  llshl.o(.text)
    _ll_shift_l                              0x08003a9b   Thumb Code     0  llshl.o(.text)
    __aeabi_lasr                             0x08003ab9   Thumb Code    36  llsshr.o(.text)
    _ll_sshift_r                             0x08003ab9   Thumb Code     0  llsshr.o(.text)
    __I$use$fp                               0x08003add   Thumb Code     0  iusefp.o(.text)
    _float_round                             0x08003add   Thumb Code    18  fepilogue.o(.text)
    _float_epilogue                          0x08003aef   Thumb Code    92  fepilogue.o(.text)
    _double_round                            0x08003b4b   Thumb Code    30  depilogue.o(.text)
    _double_epilogue                         0x08003b69   Thumb Code   156  depilogue.o(.text)
    _dsqrt                                   0x08003c05   Thumb Code   162  dsqrt.o(.text)
    __scatterload                            0x08003ca9   Thumb Code    28  init.o(.text)
    __scatterload_rt2                        0x08003ca9   Thumb Code     0  init.o(.text)
    __aeabi_llsr                             0x08003ccd   Thumb Code    32  llushr.o(.text)
    _ll_ushift_r                             0x08003ccd   Thumb Code     0  llushr.o(.text)
    SVC_Count                                0x08003cec   Data           4  svc_table.o(SVC_TABLE)
    SVC_Table                                0x08003cf0   Data           0  svc_table.o(SVC_TABLE)
    __0printf$2                              0x08003cf1   Thumb Code    22  printf2.o(i.__0printf$2)
    __1printf$2                              0x08003cf1   Thumb Code     0  printf2.o(i.__0printf$2)
    __2printf                                0x08003cf1   Thumb Code     0  printf2.o(i.__0printf$2)
    __ARM_fpclassify                         0x08003d11   Thumb Code    48  fpclassify.o(i.__ARM_fpclassify)
    __hardfp_atan                            0x08003d41   Thumb Code   622  atan.o(i.__hardfp_atan)
    __hardfp_sqrt                            0x08004019   Thumb Code   122  sqrt.o(i.__hardfp_sqrt)
    __kernel_poly                            0x08004093   Thumb Code   248  poly.o(i.__kernel_poly)
    __mathlib_dbl_infnan                     0x0800418b   Thumb Code    20  dunder.o(i.__mathlib_dbl_infnan)
    __mathlib_dbl_underflow                  0x080041a1   Thumb Code    24  dunder.o(i.__mathlib_dbl_underflow)
    __scatterload_copy                       0x080041c1   Thumb Code    14  handlers.o(i.__scatterload_copy)
    __scatterload_null                       0x080041cf   Thumb Code     2  handlers.o(i.__scatterload_null)
    __scatterload_zeroinit                   0x080041d1   Thumb Code    14  handlers.o(i.__scatterload_zeroinit)
    __set_errno                              0x080041e1   Thumb Code     6  errno.o(i.__set_errno)
    _init_box                                0x080041ed   Thumb Code    70  rt_membox.o(i._init_box)
    dbg_init                                 0x08004309   Thumb Code    34  hal_cm.o(i.dbg_init)
    dbg_task_notify                          0x08004339   Thumb Code    32  hal_cm.o(i.dbg_task_notify)
    dbg_task_switch                          0x08004359   Thumb Code    16  hal_cm.o(i.dbg_task_switch)
    fabs                                     0x08004369   Thumb Code    24  fabs.o(i.fabs)
    isr_evt_set                              0x080043ad   Thumb Code    34  rt_event.o(i.isr_evt_set)
    isr_mbx_receive                          0x080043d5   Thumb Code    80  rt_mailbox.o(i.isr_mbx_receive)
    isr_mbx_send                             0x08004425   Thumb Code    14  rt_mailbox.o(i.isr_mbx_send)
    osKernelInitialize                       0x08004435   Thumb Code    30  rt_cmsis.o(i.osKernelInitialize)
    osKernelStart                            0x08004459   Thumb Code    98  rt_cmsis.o(i.osKernelStart)
    osMessageGet                             0x080044c5   Thumb Code    62  rt_cmsis.o(i.osMessageGet)
    osSignalSet                              0x08004509   Thumb Code    48  rt_cmsis.o(i.osSignalSet)
    osSignalWait                             0x0800453d   Thumb Code    18  rt_cmsis.o(i.osSignalWait)
    osThreadCreate                           0x08004555   Thumb Code    38  rt_cmsis.o(i.osThreadCreate)
    osThreadExit                             0x08004585   Thumb Code    14  rt_cmsis.o(i.osThreadExit)
    osTimerCall                              0x0800459d   Thumb Code     8  rt_cmsis.o(i.osTimerCall)
    osTimerThread                            0x080045a9   Thumb Code    38  rt_cmsis.o(i.osTimerThread)
    os_tick_init                             0x080045d5   Thumb Code    32  rt_system.o(i.os_tick_init)
    os_tick_irqack                           0x080045fd   Thumb Code     2  rt_system.o(i.os_tick_irqack)
    rt_alloc_box                             0x080045ff   Thumb Code    26  rt_membox.o(i.rt_alloc_box)
    rt_alloc_mem                             0x08004619   Thumb Code    60  rt_memory.o(i.rt_alloc_mem)
    rt_block                                 0x08004655   Thumb Code    48  rt_task.o(i.rt_block)
    rt_chk_robin                             0x0800468d   Thumb Code    60  rt_robin.o(i.rt_chk_robin)
    rt_dec_dly                               0x080046d5   Thumb Code   102  rt_list.o(i.rt_dec_dly)
    rt_dispatch                              0x08004745   Thumb Code    60  rt_task.o(i.rt_dispatch)
    rt_evt_psh                               0x08004789   Thumb Code    76  rt_event.o(i.rt_evt_psh)
    rt_evt_set                               0x080047d9   Thumb Code    88  rt_event.o(i.rt_evt_set)
    rt_evt_wait                              0x08004835   Thumb Code    56  rt_event.o(i.rt_evt_wait)
    rt_free_box                              0x08004871   Thumb Code    32  rt_membox.o(i.rt_free_box)
    rt_free_mem                              0x08004891   Thumb Code    40  rt_memory.o(i.rt_free_mem)
    rt_get_first                             0x080048b9   Thumb Code    40  rt_list.o(i.rt_get_first)
    rt_init_mem                              0x08004931   Thumb Code    26  rt_memory.o(i.rt_init_mem)
    rt_init_robin                            0x0800494d   Thumb Code    14  rt_robin.o(i.rt_init_robin)
    rt_init_stack                            0x08004965   Thumb Code    70  hal_cm.o(i.rt_init_stack)
    rt_mbx_check                             0x080049b5   Thumb Code     8  rt_mailbox.o(i.rt_mbx_check)
    rt_mbx_init                              0x080049bd   Thumb Code    28  rt_mailbox.o(i.rt_mbx_init)
    rt_mbx_psh                               0x080049d9   Thumb Code   234  rt_mailbox.o(i.rt_mbx_psh)
    rt_mbx_wait                              0x08004ac9   Thumb Code   172  rt_mailbox.o(i.rt_mbx_wait)
    rt_pop_req                               0x08004bb5   Thumb Code   110  rt_system.o(i.rt_pop_req)
    rt_psh_req                               0x08004c31   Thumb Code    22  rt_system.o(i.rt_psh_req)
    rt_psq_enq                               0x08004c51   Thumb Code    82  rt_list.o(i.rt_psq_enq)
    rt_put_dly                               0x08004ca9   Thumb Code    68  rt_list.o(i.rt_put_dly)
    rt_put_prio                              0x08004cf1   Thumb Code    54  rt_list.o(i.rt_put_prio)
    rt_put_rdy_first                         0x08004d29   Thumb Code    14  rt_list.o(i.rt_put_rdy_first)
    rt_resort_prio                           0x08004d3d   Thumb Code    46  rt_list.o(i.rt_resort_prio)
    rt_ret_val                               0x08004d81   Thumb Code    12  hal_cm.o(i.rt_ret_val)
    rt_ret_val2                              0x08004d8d   Thumb Code    16  hal_cm.o(i.rt_ret_val2)
    rt_rmv_dly                               0x08004d9d   Thumb Code    40  rt_list.o(i.rt_rmv_dly)
    rt_rmv_list                              0x08004dc5   Thumb Code    44  rt_list.o(i.rt_rmv_list)
    rt_sem_psh                               0x08004df5   Thumb Code    48  rt_semaphore.o(i.rt_sem_psh)
    rt_stk_check                             0x08004e29   Thumb Code    28  rt_system.o(i.rt_stk_check)
    rt_switch_req                            0x08004e4d   Thumb Code    30  rt_task.o(i.rt_switch_req)
    rt_sys_init                              0x08004e75   Thumb Code   138  rt_task.o(i.rt_sys_init)
    rt_sys_start                             0x08004f41   Thumb Code   108  rt_task.o(i.rt_sys_start)
    rt_systick                               0x08004fb9   Thumb Code    50  rt_system.o(i.rt_systick)
    rt_tsk_create                            0x08005045   Thumb Code   116  rt_task.o(i.rt_tsk_create)
    rt_tsk_delete                            0x080050c9   Thumb Code   342  rt_task.o(i.rt_tsk_delete)
    rt_tsk_prio                              0x0800523d   Thumb Code   108  rt_task.o(i.rt_tsk_prio)
    rt_tsk_self                              0x080052b9   Thumb Code    12  rt_task.o(i.rt_tsk_self)
    svcKernelInitialize                      0x080052c9   Thumb Code    80  rt_cmsis.o(i.svcKernelInitialize)
    svcKernelStart                           0x08005339   Thumb Code    62  rt_cmsis.o(i.svcKernelStart)
    svcMessageCreate                         0x08005381   Thumb Code    36  rt_cmsis.o(i.svcMessageCreate)
    svcMessageGet                            0x080053a5   Thumb Code    58  rt_cmsis.o(i.svcMessageGet)
    svcSignalSet                             0x080053df   Thumb Code    36  rt_cmsis.o(i.svcSignalSet)
    svcSignalWait                            0x08005405   Thumb Code    80  rt_cmsis.o(i.svcSignalWait)
    svcThreadCreate                          0x08005459   Thumb Code   100  rt_cmsis.o(i.svcThreadCreate)
    svcThreadGetId                           0x080054c9   Thumb Code    22  rt_cmsis.o(i.svcThreadGetId)
    svcThreadTerminate                       0x080054e5   Thumb Code    50  rt_cmsis.o(i.svcThreadTerminate)
    svcTimerCall                             0x0800551d   Thumb Code    24  rt_cmsis.o(i.svcTimerCall)
    sysTimerTick                             0x08005535   Thumb Code    76  rt_cmsis.o(i.sysTimerTick)
    os_thread_def_temp_sensor                0x08005588   Data          16  main.o(.constdata)
    os_thread_def_mems                       0x08005598   Data          16  main.o(.constdata)
    os_thread_def_keypad                     0x080055a8   Data          16  main.o(.constdata)
    os_thread_def_segment_display            0x080055b8   Data          16  main.o(.constdata)
    os_maxtaskrun                            0x0800561c   Data           2  rtx_conf_cm.o(.constdata)
    os_stackinfo                             0x08005620   Data           4  rtx_conf_cm.o(.constdata)
    os_rrobin                                0x08005624   Data           4  rtx_conf_cm.o(.constdata)
    os_tickfreq                              0x08005628   Data           4  rtx_conf_cm.o(.constdata)
    os_tickus_i                              0x0800562c   Data           2  rtx_conf_cm.o(.constdata)
    os_tickus_f                              0x0800562e   Data           2  rtx_conf_cm.o(.constdata)
    os_trv                                   0x08005630   Data           4  rtx_conf_cm.o(.constdata)
    os_flags                                 0x08005634   Data           1  rtx_conf_cm.o(.constdata)
    CMSIS_RTOS_API_Version                   0x08005638   Data           4  rtx_conf_cm.o(.constdata)
    CMSIS_RTOS_RTX_Version                   0x0800563c   Data           4  rtx_conf_cm.o(.constdata)
    os_clockrate                             0x08005640   Data           4  rtx_conf_cm.o(.constdata)
    os_timernum                              0x08005644   Data           4  rtx_conf_cm.o(.constdata)
    mp_tcb_size                              0x08005648   Data           2  rtx_conf_cm.o(.constdata)
    mp_stk_size                              0x0800564c   Data           4  rtx_conf_cm.o(.constdata)
    os_stack_sz                              0x08005650   Data           4  rtx_conf_cm.o(.constdata)
    os_fifo_size                             0x08005654   Data           1  rtx_conf_cm.o(.constdata)
    os_thread_def_osTimerThread              0x08005658   Data          16  rtx_conf_cm.o(.constdata)
    os_messageQ_def_osTimerMessageQ          0x08005668   Data           8  rtx_conf_cm.o(.constdata)
    mp_tmr_size                              0x08005670   Data           2  rtx_conf_cm.o(.constdata)
    __ctype_table                            0x08005710   Data         129  ctype_o.o(.constdata)
    Region$$Table$$Base                      0x080057f8   Number         0  anon$$obj.o(Region$$Table)
    Region$$Table$$Limit                     0x08005818   Number         0  anon$$obj.o(Region$$Table)
    pitch                                    0x20000000   Data           4  main.o(.data)
    current_temperature                      0x20000004   Data           4  main.o(.data)
    mems_thread                              0x20000008   Data           4  main.o(.data)
    temp_sensor_thread                       0x2000000c   Data           4  main.o(.data)
    display_thread                           0x20000010   Data           4  main.o(.data)
    keypad_thread                            0x20000014   Data           4  main.o(.data)
    row_pins                                 0x20000018   Data           8  keypad.o(.data)
    col_values                               0x20000020   Data           4  keypad.o(.data)
    keys                                     0x20000024   Data          16  keypad.o(.data)
    LIS3DSHTimeout                           0x20000034   Data           4  lis3dsh.o(.data)
    osThreadId_osTimerThread                 0x20000038   Data           4  rtx_conf_cm.o(.data)
    osMessageQId_osTimerMessageQ             0x2000003c   Data           4  rtx_conf_cm.o(.data)
    os_tmr                                   0x20000040   Data           4  rtx_conf_cm.o(.data)
    m_tmr                                    0x20000044   Data           4  rtx_conf_cm.o(.data)
    os_thread_def_main                       0x20000048   Data          16  rtx_conf_cm.o(.data)
    SystemCoreClock                          0x20000068   Data           4  system_stm32f4xx.o(.data)
    AHBPrescTable                            0x2000006c   Data          16  system_stm32f4xx.o(.data)
    os_initialized                           0x2000007c   Data           1  rt_cmsis.o(.data)
    os_running                               0x2000007d   Data           1  rt_cmsis.o(.data)
    os_timer_head                            0x20000080   Data           4  rt_cmsis.o(.data)
    os_tsk                                   0x20000084   Data           8  rt_task.o(.data)
    os_tick_irqn                             0x20000090   Data           4  rt_system.o(.data)
    os_time                                  0x20000094   Data           4  rt_time.o(.data)
    dbg_msg                                  0x20000098   Data           1  hal_cm.o(.data)
    os_robin                                 0x2000009c   Data           8  rt_robin.o(.data)
    __stdout                                 0x200000a4   Data           4  stdout.o(.data)
    mp_tcb                                   0x200000b0   Data         376  rtx_conf_cm.o(.bss)
    mp_stk                                   0x20000228   Data         416  rtx_conf_cm.o(.bss)
    os_stack_mem                             0x200003c8   Data        5464  rtx_conf_cm.o(.bss)
    os_fifo                                  0x20001920   Data         132  rtx_conf_cm.o(.bss)
    os_active_TCB                            0x200019a4   Data          28  rtx_conf_cm.o(.bss)
    os_messageQ_q_osTimerMessageQ            0x200019c0   Data          32  rtx_conf_cm.o(.bss)
    os_idle_TCB                              0x200019e0   Data          52  rt_task.o(.bss)
    os_rdy                                   0x20001a14   Data          24  rt_list.o(.bss)
    os_dly                                   0x20001a2c   Data          24  rt_list.o(.bss)
    __initial_sp                             0x20001e48   Data           0  startup_stm32f40_41xxx.o(STACK)



==============================================================================

Memory Map of the image

  Image Entry point : 0x08000189

  Load Region LR_IROM1 (Base: 0x08000000, Size: 0x000058c4, Max: 0x00100000, ABSOLUTE)

    Execution Region ER_IROM1 (Base: 0x08000000, Size: 0x00005818, Max: 0x00100000, ABSOLUTE)

    Base Addr    Size         Type   Attr      Idx    E Section Name        Object

    0x08000000   0x00000188   Data   RO         1168    RESET               startup_stm32f40_41xxx.o
    0x08000188   0x00000000   Code   RO         2420  * .ARM.Collect$$$$00000000  mc_w.l(entry.o)
    0x08000188   0x00000004   Code   RO         2750    .ARM.Collect$$$$00000001  mc_w.l(entry2.o)
    0x0800018c   0x00000004   Code   RO         2753    .ARM.Collect$$$$00000004  mc_w.l(entry5.o)
    0x08000190   0x00000000   Code   RO         2755    .ARM.Collect$$$$00000008  mc_w.l(entry7b.o)
    0x08000190   0x00000000   Code   RO         2757    .ARM.Collect$$$$0000000A  mc_w.l(entry8b.o)
    0x08000190   0x00000000   Code   RO         2758    .ARM.Collect$$$$0000000D  mc_w.l(entry10a.o)
    0x08000190   0x00000000   Code   RO         2760    .ARM.Collect$$$$0000000F  mc_w.l(entry11a.o)
    0x08000190   0x00000018   Code   RO          391    .ARM.Collect$$$$000000FF  rtx_conf_cm.o
    0x080001a8   0x00000004   Code   RO         2751    .ARM.Collect$$$$00002712  mc_w.l(entry2.o)
    0x080001ac   0x00000180   Code   RO         2381    .emb_text           RTX_CM4.lib(hal_cm4.o)
    0x0800032c   0x0000022c   Code   RO            4    .text               main.o
    0x08000558   0x00000038   Code   RO          181    .text               fputc_debug.o
    0x08000590   0x00000290   Code   RO          216    .text               temperature_sensor.o
    0x08000820   0x000002a8   Code   RO          247    .text               mems.o
    0x08000ac8   0x00000062   Code   RO          269    .text               kalman_filter.o
    0x08000b2a   0x00000002   PAD
    0x08000b2c   0x000001c4   Code   RO          284    .text               segment_display.o
    0x08000cf0   0x000001cc   Code   RO          309    .text               keypad.o
    0x08000ebc   0x0000054c   Code   RO          337    .text               lis3dsh.o
    0x08001408   0x0000001e   Code   RO          392    .text               rtx_conf_cm.o
    0x08001426   0x00000002   PAD
    0x08001428   0x000000e0   Code   RO          423    .text               misc.o
    0x08001508   0x00000464   Code   RO          447    .text               stm32f4xx_adc.o
    0x0800196c   0x00000110   Code   RO          711    .text               stm32f4xx_exti.o
    0x08001a7c   0x00000294   Code   RO          783    .text               stm32f4xx_gpio.o
    0x08001d10   0x00000634   Code   RO          951    .text               stm32f4xx_rcc.o
    0x08002344   0x0000044e   Code   RO         1049    .text               stm32f4xx_spi.o
    0x08002792   0x00000002   PAD
    0x08002794   0x00000094   Code   RO         1073    .text               stm32f4xx_syscfg.o
    0x08002828   0x00000ca2   Code   RO         1097    .text               stm32f4xx_tim.o
    0x080034ca   0x00000002   PAD
    0x080034cc   0x00000024   Code   RO         1169    .text               startup_stm32f40_41xxx.o
    0x080034f0   0x00000210   Code   RO         1176    .text               system_stm32f4xx.o
    0x08003700   0x00000008   Code   RO         2423    .text               mc_w.l(ctype_o.o)
    0x08003708   0x00000024   Code   RO         2451    .text               mc_w.l(memcpya.o)
    0x0800372c   0x0000014e   Code   RO         2716    .text               mf_w.l(dadd.o)
    0x0800387a   0x000000e4   Code   RO         2718    .text               mf_w.l(dmul.o)
    0x0800395e   0x000000de   Code   RO         2720    .text               mf_w.l(ddiv.o)
    0x08003a3c   0x00000026   Code   RO         2722    .text               mf_w.l(f2d.o)
    0x08003a62   0x00000038   Code   RO         2724    .text               mf_w.l(d2f.o)
    0x08003a9a   0x0000001e   Code   RO         2767    .text               mc_w.l(llshl.o)
    0x08003ab8   0x00000024   Code   RO         2769    .text               mc_w.l(llsshr.o)
    0x08003adc   0x00000000   Code   RO         2778    .text               mc_w.l(iusefp.o)
    0x08003adc   0x0000006e   Code   RO         2779    .text               mf_w.l(fepilogue.o)
    0x08003b4a   0x000000ba   Code   RO         2781    .text               mf_w.l(depilogue.o)
    0x08003c04   0x000000a2   Code   RO         2785    .text               mf_w.l(dsqrt.o)
    0x08003ca6   0x00000002   PAD
    0x08003ca8   0x00000024   Code   RO         2793    .text               mc_w.l(init.o)
    0x08003ccc   0x00000020   Code   RO         2795    .text               mc_w.l(llushr.o)
    0x08003cec   0x00000004   Code   RO         2391    SVC_TABLE           RTX_CM4.lib(svc_table.o)
    0x08003cf0   0x00000020   Code   RO         2522    i.__0printf$2       mc_w.l(printf2.o)
    0x08003d10   0x00000030   Code   RO         2746    i.__ARM_fpclassify  m_wm.l(fpclassify.o)
    0x08003d40   0x000002d8   Code   RO         2394    i.__hardfp_atan     m_wm.l(atan.o)
    0x08004018   0x0000007a   Code   RO         2408    i.__hardfp_sqrt     m_wm.l(sqrt.o)
    0x08004092   0x000000f8   Code   RO         2748    i.__kernel_poly     m_wm.l(poly.o)
    0x0800418a   0x00000014   Code   RO         2727    i.__mathlib_dbl_infnan  m_wm.l(dunder.o)
    0x0800419e   0x00000002   PAD
    0x080041a0   0x00000020   Code   RO         2732    i.__mathlib_dbl_underflow  m_wm.l(dunder.o)
    0x080041c0   0x0000000e   Code   RO         2799    i.__scatterload_copy  mc_w.l(handlers.o)
    0x080041ce   0x00000002   Code   RO         2800    i.__scatterload_null  mc_w.l(handlers.o)
    0x080041d0   0x0000000e   Code   RO         2801    i.__scatterload_zeroinit  mc_w.l(handlers.o)
    0x080041de   0x00000002   PAD
    0x080041e0   0x0000000c   Code   RO         2773    i.__set_errno       mc_w.l(errno.o)
    0x080041ec   0x00000046   Code   RO         2254    i._init_box         RTX_CM4.lib(rt_membox.o)
    0x08004232   0x000000d6   Code   RO         2529    i._printf_core      mc_w.l(printf2.o)
    0x08004308   0x00000030   Code   RO         2307    i.dbg_init          RTX_CM4.lib(hal_cm.o)
    0x08004338   0x00000020   Code   RO         2308    i.dbg_task_notify   RTX_CM4.lib(hal_cm.o)
    0x08004358   0x00000010   Code   RO         2309    i.dbg_task_switch   RTX_CM4.lib(hal_cm.o)
    0x08004368   0x00000018   Code   RO         2742    i.fabs              m_wm.l(fabs.o)
    0x08004380   0x0000002c   Code   RO         1205    i.isrMessagePut     RTX_CM4.lib(rt_cmsis.o)
    0x080043ac   0x00000028   Code   RO         1982    i.isr_evt_set       RTX_CM4.lib(rt_event.o)
    0x080043d4   0x00000050   Code   RO         2100    i.isr_mbx_receive   RTX_CM4.lib(rt_mailbox.o)
    0x08004424   0x0000000e   Code   RO         2101    i.isr_mbx_send      RTX_CM4.lib(rt_mailbox.o)
    0x08004432   0x00000002   PAD
    0x08004434   0x00000024   Code   RO         1207    i.osKernelInitialize  RTX_CM4.lib(rt_cmsis.o)
    0x08004458   0x0000006c   Code   RO         1209    i.osKernelStart     RTX_CM4.lib(rt_cmsis.o)
    0x080044c4   0x00000044   Code   RO         1218    i.osMessageGet      RTX_CM4.lib(rt_cmsis.o)
    0x08004508   0x00000034   Code   RO         1233    i.osSignalSet       RTX_CM4.lib(rt_cmsis.o)
    0x0800453c   0x00000018   Code   RO         1234    i.osSignalWait      RTX_CM4.lib(rt_cmsis.o)
    0x08004554   0x00000030   Code   RO         1235    i.osThreadCreate    RTX_CM4.lib(rt_cmsis.o)
    0x08004584   0x00000018   Code   RO         1236    i.osThreadExit      RTX_CM4.lib(rt_cmsis.o)
    0x0800459c   0x0000000c   Code   RO         1242    i.osTimerCall       RTX_CM4.lib(rt_cmsis.o)
    0x080045a8   0x0000002c   Code   RO         1247    i.osTimerThread     RTX_CM4.lib(rt_cmsis.o)
    0x080045d4   0x00000028   Code   RO         1892    i.os_tick_init      RTX_CM4.lib(rt_system.o)
    0x080045fc   0x00000002   Code   RO         1893    i.os_tick_irqack    RTX_CM4.lib(rt_system.o)
    0x080045fe   0x0000001a   Code   RO         2255    i.rt_alloc_box      RTX_CM4.lib(rt_membox.o)
    0x08004618   0x0000003c   Code   RO         2283    i.rt_alloc_mem      RTX_CM4.lib(rt_memory.o)
    0x08004654   0x00000038   Code   RO         1807    i.rt_block          RTX_CM4.lib(rt_task.o)
    0x0800468c   0x00000048   Code   RO         2360    i.rt_chk_robin      RTX_CM4.lib(rt_robin.o)
    0x080046d4   0x00000070   Code   RO         2024    i.rt_dec_dly        RTX_CM4.lib(rt_list.o)
    0x08004744   0x00000044   Code   RO         1808    i.rt_dispatch       RTX_CM4.lib(rt_task.o)
    0x08004788   0x00000050   Code   RO         1985    i.rt_evt_psh        RTX_CM4.lib(rt_event.o)
    0x080047d8   0x0000005c   Code   RO         1986    i.rt_evt_set        RTX_CM4.lib(rt_event.o)
    0x08004834   0x0000003c   Code   RO         1987    i.rt_evt_wait       RTX_CM4.lib(rt_event.o)
    0x08004870   0x00000020   Code   RO         2256    i.rt_free_box       RTX_CM4.lib(rt_membox.o)
    0x08004890   0x00000028   Code   RO         2284    i.rt_free_mem       RTX_CM4.lib(rt_memory.o)
    0x080048b8   0x00000028   Code   RO         2025    i.rt_get_first      RTX_CM4.lib(rt_list.o)
    0x080048e0   0x00000008   Code   RO         1252    i.rt_id2obj         RTX_CM4.lib(rt_cmsis.o)
    0x080048e8   0x00000048   Code   RO         1809    i.rt_init_context   RTX_CM4.lib(rt_task.o)
    0x08004930   0x0000001a   Code   RO         2285    i.rt_init_mem       RTX_CM4.lib(rt_memory.o)
    0x0800494a   0x00000002   PAD
    0x0800494c   0x00000018   Code   RO         2361    i.rt_init_robin     RTX_CM4.lib(rt_robin.o)
    0x08004964   0x00000050   Code   RO         2310    i.rt_init_stack     RTX_CM4.lib(hal_cm.o)
    0x080049b4   0x00000008   Code   RO         2102    i.rt_mbx_check      RTX_CM4.lib(rt_mailbox.o)
    0x080049bc   0x0000001c   Code   RO         2103    i.rt_mbx_init       RTX_CM4.lib(rt_mailbox.o)
    0x080049d8   0x000000f0   Code   RO         2104    i.rt_mbx_psh        RTX_CM4.lib(rt_mailbox.o)
    0x08004ac8   0x000000b0   Code   RO         2106    i.rt_mbx_wait       RTX_CM4.lib(rt_mailbox.o)
    0x08004b78   0x0000003c   Code   RO         1253    i.rt_ms2tick        RTX_CM4.lib(rt_cmsis.o)
    0x08004bb4   0x0000007c   Code   RO         1896    i.rt_pop_req        RTX_CM4.lib(rt_system.o)
    0x08004c30   0x00000020   Code   RO         1897    i.rt_psh_req        RTX_CM4.lib(rt_system.o)
    0x08004c50   0x00000058   Code   RO         2027    i.rt_psq_enq        RTX_CM4.lib(rt_list.o)
    0x08004ca8   0x00000048   Code   RO         2028    i.rt_put_dly        RTX_CM4.lib(rt_list.o)
    0x08004cf0   0x00000036   Code   RO         2029    i.rt_put_prio       RTX_CM4.lib(rt_list.o)
    0x08004d26   0x00000002   PAD
    0x08004d28   0x00000014   Code   RO         2030    i.rt_put_rdy_first  RTX_CM4.lib(rt_list.o)
    0x08004d3c   0x00000034   Code   RO         2031    i.rt_resort_prio    RTX_CM4.lib(rt_list.o)
    0x08004d70   0x00000010   Code   RO         2311    i.rt_ret_regs       RTX_CM4.lib(hal_cm.o)
    0x08004d80   0x0000000c   Code   RO         2312    i.rt_ret_val        RTX_CM4.lib(hal_cm.o)
    0x08004d8c   0x00000010   Code   RO         2313    i.rt_ret_val2       RTX_CM4.lib(hal_cm.o)
    0x08004d9c   0x00000028   Code   RO         2032    i.rt_rmv_dly        RTX_CM4.lib(rt_list.o)
    0x08004dc4   0x00000030   Code   RO         2033    i.rt_rmv_list       RTX_CM4.lib(rt_list.o)
    0x08004df4   0x00000034   Code   RO         2151    i.rt_sem_psh        RTX_CM4.lib(rt_semaphore.o)
    0x08004e28   0x00000024   Code   RO         1899    i.rt_stk_check      RTX_CM4.lib(rt_system.o)
    0x08004e4c   0x00000028   Code   RO         1810    i.rt_switch_req     RTX_CM4.lib(rt_task.o)
    0x08004e74   0x000000cc   Code   RO         1811    i.rt_sys_init       RTX_CM4.lib(rt_task.o)
    0x08004f40   0x00000078   Code   RO         1812    i.rt_sys_start      RTX_CM4.lib(rt_task.o)
    0x08004fb8   0x00000040   Code   RO         1901    i.rt_systick        RTX_CM4.lib(rt_system.o)
    0x08004ff8   0x00000012   Code   RO         1254    i.rt_tid2ptcb       RTX_CM4.lib(rt_cmsis.o)
    0x0800500a   0x00000002   PAD
    0x0800500c   0x00000038   Code   RO         1255    i.rt_timer_insert   RTX_CM4.lib(rt_cmsis.o)
    0x08005044   0x00000084   Code   RO         1813    i.rt_tsk_create     RTX_CM4.lib(rt_task.o)
    0x080050c8   0x00000174   Code   RO         1814    i.rt_tsk_delete     RTX_CM4.lib(rt_task.o)
    0x0800523c   0x0000007c   Code   RO         1816    i.rt_tsk_prio       RTX_CM4.lib(rt_task.o)
    0x080052b8   0x00000010   Code   RO         1817    i.rt_tsk_self       RTX_CM4.lib(rt_task.o)
    0x080052c8   0x00000070   Code   RO         1258    i.svcKernelInitialize  RTX_CM4.lib(rt_cmsis.o)
    0x08005338   0x00000048   Code   RO         1260    i.svcKernelStart    RTX_CM4.lib(rt_cmsis.o)
    0x08005380   0x00000024   Code   RO         1263    i.svcMessageCreate  RTX_CM4.lib(rt_cmsis.o)
    0x080053a4   0x0000003a   Code   RO         1264    i.svcMessageGet     RTX_CM4.lib(rt_cmsis.o)
    0x080053de   0x00000024   Code   RO         1276    i.svcSignalSet      RTX_CM4.lib(rt_cmsis.o)
    0x08005402   0x00000002   PAD
    0x08005404   0x00000054   Code   RO         1277    i.svcSignalWait     RTX_CM4.lib(rt_cmsis.o)
    0x08005458   0x00000070   Code   RO         1278    i.svcThreadCreate   RTX_CM4.lib(rt_cmsis.o)
    0x080054c8   0x0000001c   Code   RO         1279    i.svcThreadGetId    RTX_CM4.lib(rt_cmsis.o)
    0x080054e4   0x00000038   Code   RO         1282    i.svcThreadTerminate  RTX_CM4.lib(rt_cmsis.o)
    0x0800551c   0x00000018   Code   RO         1284    i.svcTimerCall      RTX_CM4.lib(rt_cmsis.o)
    0x08005534   0x00000054   Code   RO         1293    i.sysTimerTick      RTX_CM4.lib(rt_cmsis.o)
    0x08005588   0x00000048   Data   RO            5    .constdata          main.o
    0x080055d0   0x00000030   Data   RO          248    .constdata          mems.o
    0x08005600   0x0000001a   Data   RO          285    .constdata          segment_display.o
    0x0800561a   0x00000002   PAD
    0x0800561c   0x00000056   Data   RO          394    .constdata          rtx_conf_cm.o
    0x08005672   0x00000006   PAD
    0x08005678   0x00000098   Data   RO         2397    .constdata          m_wm.l(atan.o)
    0x08005710   0x00000081   Data   RO         2424    .constdata          mc_w.l(ctype_o.o)
    0x08005791   0x00000003   PAD
    0x08005794   0x00000004   Data   RO         2425    .constdata          mc_w.l(ctype_o.o)
    0x08005798   0x0000005d   Data   RO          310    .conststring        keypad.o
    0x080057f5   0x00000003   PAD
    0x080057f8   0x00000020   Data   RO         2797    Region$$Table       anon$$obj.o


    Execution Region RW_IRAM1 (Base: 0x20000000, Size: 0x00001e48, Max: 0x00020000, ABSOLUTE)

    Base Addr    Size         Type   Attr      Idx    E Section Name        Object

    0x20000000   0x00000018   Data   RW            6    .data               main.o
    0x20000018   0x0000001c   Data   RW          311    .data               keypad.o
    0x20000034   0x00000004   Data   RW          338    .data               lis3dsh.o
    0x20000038   0x00000020   Data   RW          395    .data               rtx_conf_cm.o
    0x20000058   0x00000010   Data   RW          952    .data               stm32f4xx_rcc.o
    0x20000068   0x00000014   Data   RW         1177    .data               system_stm32f4xx.o
    0x2000007c   0x00000008   Data   RW         1296    .data               RTX_CM4.lib(rt_cmsis.o)
    0x20000084   0x00000008   Data   RW         1819    .data               RTX_CM4.lib(rt_task.o)
    0x2000008c   0x00000008   Data   RW         1904    .data               RTX_CM4.lib(rt_system.o)
    0x20000094   0x00000004   Data   RW         2194    .data               RTX_CM4.lib(rt_time.o)
    0x20000098   0x00000001   Data   RW         2314    .data               RTX_CM4.lib(hal_cm.o)
    0x20000099   0x00000003   PAD
    0x2000009c   0x00000008   Data   RW         2362    .data               RTX_CM4.lib(rt_robin.o)
    0x200000a4   0x00000004   Data   RW         2762    .data               mc_w.l(stdout.o)
    0x200000a8   0x00000004   Data   RW         2774    .data               mc_w.l(errno.o)
    0x200000ac   0x00000004   PAD
    0x200000b0   0x00001930   Zero   RW          393    .bss                rtx_conf_cm.o
    0x200019e0   0x00000034   Zero   RW         1818    .bss                RTX_CM4.lib(rt_task.o)
    0x20001a14   0x00000030   Zero   RW         2034    .bss                RTX_CM4.lib(rt_list.o)
    0x20001a44   0x00000004   PAD
    0x20001a48   0x00000400   Zero   RW         1166    STACK               startup_stm32f40_41xxx.o


==============================================================================

Image component sizes


      Code (inc. data)   RO Data    RW Data    ZI Data      Debug   Object Name

        56          6          0          0          0      28387   fputc_debug.o
        98          0          0          0          0        943   kalman_filter.o
       460         98         93         28          0       2040   keypad.o
      1356         64          0          4          0       4374   lis3dsh.o
       556         72         72         24          0     330390   main.o
       680         34         48          0          0       1814   mems.o
       224         20          0          0          0       2025   misc.o
        54          6         86         32       6448       7494   rtx_conf_cm.o
       452         20         26          0          0       1496   segment_display.o
        36          8        392          0       1024        900   startup_stm32f40_41xxx.o
      1124         24          0          0          0      10698   stm32f4xx_adc.o
       272         10          0          0          0       2467   stm32f4xx_exti.o
       660         44          0          0          0       4301   stm32f4xx_gpio.o
      1588         52          0         16          0      12950   stm32f4xx_rcc.o
      1102         32          0          0          0       7069   stm32f4xx_spi.o
       148         12          0          0          0       1917   stm32f4xx_syscfg.o
      3234         60          0          0          0      22504   stm32f4xx_tim.o
       528         46          0         20          0       2067   system_stm32f4xx.o
       656         42          0          0          0       2577   temperature_sensor.o

    ----------------------------------------------------------------------
     13292        650        760        124       7472     446413   Object Totals
         0          0         32          0          0          0   (incl. Generated)
         8          0         11          0          0          0   (incl. Padding)

    ----------------------------------------------------------------------

      Code (inc. data)   RO Data    RW Data    ZI Data      Debug   Library Member Name

       220         24          0          1          0       3428   hal_cm.o
       384         28          0          0          0        720   hal_cm4.o
      1304        156          0          8          0      29530   rt_cmsis.o
       272         18          0          0          0       2182   rt_event.o
       526         36          0          0         48       6945   rt_list.o
       546         10          0          0          0       3225   rt_mailbox.o
       128          0          0          0          0       1585   rt_membox.o
       126          0          0          0          0       1895   rt_memory.o
        96         22          0          8          0       1014   rt_robin.o
        52          4          0          0          0        485   rt_semaphore.o
       298         54          0          8          0       5563   rt_system.o
      1204        176          0          8         52       8309   rt_task.o
         0          0          0          4          0        138   rt_time.o
         4          4          0          0          0        124   svc_table.o
       728        106        152          0          0        228   atan.o
        52          8          0          0          0        248   dunder.o
        24          0          0          0          0        124   fabs.o
        48          0          0          0          0        124   fpclassify.o
       248          0          0          0          0        152   poly.o
       122          0          0          0          0        148   sqrt.o
         8          4        133          0          0         68   ctype_o.o
         0          0          0          0          0          0   entry.o
         0          0          0          0          0          0   entry10a.o
         0          0          0          0          0          0   entry11a.o
         8          4          0          0          0          0   entry2.o
         4          0          0          0          0          0   entry5.o
         0          0          0          0          0          0   entry7b.o
         0          0          0          0          0          0   entry8b.o
        12          6          0          4          0         68   errno.o
        30          0          0          0          0          0   handlers.o
        36          8          0          0          0         68   init.o
         0          0          0          0          0          0   iusefp.o
        30          0          0          0          0         68   llshl.o
        36          0          0          0          0         68   llsshr.o
        32          0          0          0          0         68   llushr.o
        36          0          0          0          0         68   memcpya.o
       246         10          0          0          0        176   printf2.o
         0          0          0          4          0          0   stdout.o
        56          0          0          0          0         88   d2f.o
       334          0          0          0          0        148   dadd.o
       222          0          0          0          0        100   ddiv.o
       186          0          0          0          0        176   depilogue.o
       228          0          0          0          0         96   dmul.o
       162          0          0          0          0        100   dsqrt.o
        38          0          0          0          0         68   f2d.o
       110          0          0          0          0        168   fepilogue.o

    ----------------------------------------------------------------------
      8212        678        288         48        108      67763   Library Totals
        16          0          3          3          8          0   (incl. Padding)

    ----------------------------------------------------------------------

      Code (inc. data)   RO Data    RW Data    ZI Data      Debug   Library Name

      5160        532          0         37        100      65143   RTX_CM4.lib
      1222        114        152          0          0       1024   m_wm.l
       478         32        133          8          0        652   mc_w.l
      1336          0          0          0          0        944   mf_w.l

    ----------------------------------------------------------------------
      8212        678        288         48        108      67763   Library Totals

    ----------------------------------------------------------------------

==============================================================================


      Code (inc. data)   RO Data    RW Data    ZI Data      Debug   

     21504       1328       1048        172       7580     502104   Grand Totals
     21504       1328       1048        172       7580     502104   ELF Image Totals
     21504       1328       1048        172          0          0   ROM Totals

==============================================================================

    Total RO  Size (Code + RO Data)                22552 (  22.02kB)
    Total RW  Size (RW Data + ZI Data)              7752 (   7.57kB)
    Total ROM Size (Code + RO Data + RW Data)      22724 (  22.19kB)

==============================================================================

