Component: ARM Compiler 5.05 update 1 (build 106) Tool: armlink [4d0efa]

==============================================================================

Section Cross References

    main.o(.text) refers to stm32f4xx_rcc.o(.text) for RCC_AHB1PeriphClockCmd
    main.o(.text) refers to stm32f4xx_gpio.o(.text) for GPIO_Init
    main.o(.text) refers to printf2.o(i.__0printf$2) for __2printf
    main.o(.text) refers to rt_cmsis.o(i.osDelay) for osDelay
    main.o(.text) refers to rt_cmsis.o(i.osKernelInitialize) for osKernelInitialize
    main.o(.text) refers to rt_cmsis.o(i.osThreadCreate) for osThreadCreate
    main.o(.text) refers to rt_cmsis.o(i.osKernelStart) for osKernelStart
    main.o(.text) refers to main.o(.constdata) for os_thread_def_Blinky
    main.o(.constdata) refers to main.o(.text) for Blinky
    keypad.o(.text) refers to stm32f4xx_rcc.o(.text) for RCC_APB2PeriphClockCmd
    keypad.o(.text) refers to stm32f4xx_gpio.o(.text) for GPIO_Init
    keypad.o(.text) refers to ctype_o.o(.text) for __rt_ctype_table
    keypad.o(.text) refers to printf2.o(i.__0printf$2) for __2printf
    keypad.o(.text) refers to keypad.o(.data) for row_pins
    keypad.o(.text) refers to keypad.o(.conststring) for .conststring
    mems.o(.text) refers to lis3dsh.o(.text) for LIS3DSH_Init
    mems.o(.text) refers to stm32f4xx_rcc.o(.text) for RCC_APB2PeriphClockCmd
    mems.o(.text) refers to stm32f4xx_syscfg.o(.text) for SYSCFG_EXTILineConfig
    mems.o(.text) refers to stm32f4xx_exti.o(.text) for EXTI_Init
    mems.o(.text) refers to misc.o(.text) for NVIC_Init
    mems.o(.text) refers to memcpya.o(.text) for __aeabi_memcpy4
    mems.o(.text) refers to f2d.o(.text) for __aeabi_f2d
    mems.o(.text) refers to sqrt.o(i.__hardfp_sqrt) for __hardfp_sqrt
    mems.o(.text) refers to ddiv.o(.text) for __aeabi_ddiv
    mems.o(.text) refers to atan.o(i.__hardfp_atan) for __hardfp_atan
    mems.o(.text) refers to dmul.o(.text) for __aeabi_dmul
    mems.o(.text) refers to dadd.o(.text) for __aeabi_dadd
    mems.o(.text) refers to d2f.o(.text) for __aeabi_d2f
    mems.o(.text) refers to mems.o(.constdata) for .constdata
    segment_display.o(.text) refers to stm32f4xx_rcc.o(.text) for RCC_APB1PeriphClockCmd
    segment_display.o(.text) refers to stm32f4xx_tim.o(.text) for TIM_TimeBaseInit
    segment_display.o(.text) refers to misc.o(.text) for NVIC_Init
    segment_display.o(.text) refers to stm32f4xx_gpio.o(.text) for GPIO_Init
    segment_display.o(.text) refers to memcpya.o(.text) for __aeabi_memcpy4
    segment_display.o(.text) refers to system_stm32f4xx.o(.data) for SystemCoreClock
    segment_display.o(.text) refers to segment_display.o(.constdata) for .constdata
    lis3dsh.o(.text) refers to stm32f4xx_spi.o(.text) for SPI_I2S_GetFlagStatus
    lis3dsh.o(.text) refers to stm32f4xx_gpio.o(.text) for GPIO_ResetBits
    lis3dsh.o(.text) refers to stm32f4xx_rcc.o(.text) for RCC_APB2PeriphClockCmd
    lis3dsh.o(.text) refers to f2d.o(.text) for __aeabi_f2d
    lis3dsh.o(.text) refers to dmul.o(.text) for __aeabi_dmul
    lis3dsh.o(.text) refers to d2f.o(.text) for __aeabi_d2f
    lis3dsh.o(.text) refers to lis3dsh.o(.data) for LIS3DSHTimeout
    lis302dl.o(.text) refers to stm32f4xx_spi.o(.text) for SPI_I2S_GetFlagStatus
    lis302dl.o(.text) refers to stm32f4xx_gpio.o(.text) for GPIO_ResetBits
    lis302dl.o(.text) refers to stm32f4xx_rcc.o(.text) for RCC_APB2PeriphClockCmd
    lis302dl.o(.text) refers to lis302dl.o(.data) for LIS302DLTimeout
    rtx_conf_cm.o(.ARM.Collect$$$$000000FF) refers to rt_cmsis.o(i.osKernelInitialize) for osKernelInitialize
    rtx_conf_cm.o(.ARM.Collect$$$$000000FF) refers to rt_cmsis.o(i.osThreadCreate) for osThreadCreate
    rtx_conf_cm.o(.ARM.Collect$$$$000000FF) refers to rt_cmsis.o(i.osKernelStart) for osKernelStart
    rtx_conf_cm.o(.ARM.Collect$$$$000000FF) refers to rtx_conf_cm.o(.data) for .data
    rtx_conf_cm.o(.constdata) refers to rt_cmsis.o(i.osTimerThread) for osTimerThread
    rtx_conf_cm.o(.constdata) refers to rtx_conf_cm.o(.bss) for os_messageQ_q_osTimerMessageQ
    rtx_conf_cm.o(.data) refers to main.o(.text) for main
    stm32f4xx_adc.o(.text) refers to stm32f4xx_rcc.o(.text) for RCC_APB2PeriphResetCmd
    stm32f4xx_can.o(.text) refers to stm32f4xx_rcc.o(.text) for RCC_APB1PeriphResetCmd
    stm32f4xx_cryp.o(.text) refers to stm32f4xx_rcc.o(.text) for RCC_AHB2PeriphResetCmd
    stm32f4xx_cryp_aes.o(.text) refers to stm32f4xx_cryp.o(.text) for CRYP_KeyStructInit
    stm32f4xx_cryp_des.o(.text) refers to stm32f4xx_cryp.o(.text) for CRYP_KeyStructInit
    stm32f4xx_cryp_tdes.o(.text) refers to stm32f4xx_cryp.o(.text) for CRYP_KeyStructInit
    stm32f4xx_dac.o(.text) refers to stm32f4xx_rcc.o(.text) for RCC_APB1PeriphResetCmd
    stm32f4xx_gpio.o(.text) refers to stm32f4xx_rcc.o(.text) for RCC_AHB1PeriphResetCmd
    stm32f4xx_hash.o(.text) refers to stm32f4xx_rcc.o(.text) for RCC_AHB2PeriphResetCmd
    stm32f4xx_hash_md5.o(.text) refers to stm32f4xx_hash.o(.text) for HASH_DeInit
[...]
    Removing stm32f4xx_pwr.o(.rrx_text), (6 bytes).
    Removing stm32f4xx_pwr.o(.text), (340 bytes).
    Removing stm32f4xx_rcc.o(.rev16_text), (4 bytes).
    Removing stm32f4xx_rcc.o(.revsh_text), (4 bytes).
    Removing stm32f4xx_rcc.o(.rrx_text), (6 bytes).
    Removing stm32f4xx_rng.o(.rev16_text), (4 bytes).
    Removing stm32f4xx_rng.o(.revsh_text), (4 bytes).
    Removing stm32f4xx_rng.o(.rrx_text), (6 bytes).
    Removing stm32f4xx_rng.o(.text), (160 bytes).
    Removing stm32f4xx_rtc.o(.rev16_text), (4 bytes).
    Removing stm32f4xx_rtc.o(.revsh_text), (4 bytes).
    Removing stm32f4xx_rtc.o(.rrx_text), (6 bytes).
    Removing stm32f4xx_rtc.o(.text), (3432 bytes).
    Removing stm32f4xx_sdio.o(.rev16_text), (4 bytes).
    Removing stm32f4xx_sdio.o(.revsh_text), (4 bytes).
    Removing stm32f4xx_sdio.o(.rrx_text), (6 bytes).
    Removing stm32f4xx_sdio.o(.text), (476 bytes).
    Removing stm32f4xx_spi.o(.rev16_text), (4 bytes).
    Removing stm32f4xx_spi.o(.revsh_text), (4 bytes).
    Removing stm32f4xx_spi.o(.rrx_text), (6 bytes).
    Removing stm32f4xx_spi.o(.text), (1102 bytes).
    Removing stm32f4xx_syscfg.o(.rev16_text), (4 bytes).
    Removing stm32f4xx_syscfg.o(.revsh_text), (4 bytes).
    Removing stm32f4xx_syscfg.o(.rrx_text), (6 bytes).
    Removing stm32f4xx_syscfg.o(.text), (148 bytes).
    Removing stm32f4xx_tim.o(.rev16_text), (4 bytes).
    Removing stm32f4xx_tim.o(.revsh_text), (4 bytes).
    Removing stm32f4xx_tim.o(.rrx_text), (6 bytes).
    Removing stm32f4xx_tim.o(.text), (3234 bytes).
    Removing stm32f4xx_usart.o(.rev16_text), (4 bytes).
    Removing stm32f4xx_usart.o(.revsh_text), (4 bytes).
    Removing stm32f4xx_usart.o(.rrx_text), (6 bytes).
    Removing stm32f4xx_usart.o(.text), (1108 bytes).
    Removing stm32f4xx_wwdg.o(.rev16_text), (4 bytes).
    Removing stm32f4xx_wwdg.o(.revsh_text), (4 bytes).
    Removing stm32f4xx_wwdg.o(.rrx_text), (6 bytes).
    Removing stm32f4xx_wwdg.o(.text), (144 bytes).
    Removing startup_stm32f40_41xxx.o(HEAP), (512 bytes).
    Removing system_stm32f4xx.o(.rev16_text), (4 bytes).
    Removing system_stm32f4xx.o(.revsh_text), (4 bytes).
    Removing system_stm32f4xx.o(.rrx_text), (6 bytes).
    Removing rt_cmsis.o(.rev16_text), (4 bytes).
    Removing rt_cmsis.o(.revsh_text), (4 bytes).
    Removing rt_cmsis.o(i.osKernelRunning), (36 bytes).
    Removing rt_cmsis.o(i.osKernelSysTick), (24 bytes).
    Removing rt_cmsis.o(i.osMailAlloc), (32 bytes).
    Removing rt_cmsis.o(i.osMailCAlloc), (32 bytes).
    Removing rt_cmsis.o(i.osMailCreate), (48 bytes).
    Removing rt_cmsis.o(i.osMailFree), (28 bytes).
    Removing rt_cmsis.o(i.osMailGet), (22 bytes).
    Removing rt_cmsis.o(i.osMailPut), (20 bytes).
    Removing rt_cmsis.o(i.osMessageCreate), (48 bytes).
    Removing rt_cmsis.o(i.osMessagePut), (24 bytes).
    Removing rt_cmsis.o(i.osMutexCreate), (48 bytes).
    Removing rt_cmsis.o(i.osMutexDelete), (24 bytes).
    Removing rt_cmsis.o(i.osMutexRelease), (24 bytes).
    Removing rt_cmsis.o(i.osMutexWait), (24 bytes).
    Removing rt_cmsis.o(i.osPoolAlloc), (36 bytes).
    Removing rt_cmsis.o(i.osPoolCAlloc), (36 bytes).
    Removing rt_cmsis.o(i.osPoolCreate), (48 bytes).
    Removing rt_cmsis.o(i.osPoolFree), (32 bytes).
    Removing rt_cmsis.o(i.osSemaphoreCreate), (48 bytes).
    Removing rt_cmsis.o(i.osSemaphoreDelete), (24 bytes).
    Removing rt_cmsis.o(i.osSemaphoreRelease), (60 bytes).
    Removing rt_cmsis.o(i.osSemaphoreWait), (24 bytes).
    Removing rt_cmsis.o(i.osSignalClear), (24 bytes).
    Removing rt_cmsis.o(i.osSignalSet), (52 bytes).
    Removing rt_cmsis.o(i.osSignalWait), (24 bytes).
    Removing rt_cmsis.o(i.osThreadGetId), (24 bytes).
    Removing rt_cmsis.o(i.osThreadGetPriority), (24 bytes).
    Removing rt_cmsis.o(i.osThreadSetPriority), (24 bytes).
    Removing rt_cmsis.o(i.osThreadTerminate), (24 bytes).
    Removing rt_cmsis.o(i.osThreadYield), (24 bytes).
    Removing rt_cmsis.o(i.osTimerCreate), (52 bytes).
    Removing rt_cmsis.o(i.osTimerDelete), (24 bytes).
    Removing rt_cmsis.o(i.osTimerStart), (24 bytes).
    Removing rt_cmsis.o(i.osTimerStop), (24 bytes).
    Removing rt_cmsis.o(i.osWait), (4 bytes).
    Removing rt_cmsis.o(i.os_resume), (12 bytes).
    Removing rt_cmsis.o(i.os_suspend), (12 bytes).
    Removing rt_cmsis.o(i.rt_clr_box), (20 bytes).
    Removing rt_cmsis.o(i.rt_timer_remove), (60 bytes).
    Removing rt_cmsis.o(i.svcKernelRunning), (12 bytes).
    Removing rt_cmsis.o(i.svcKernelSysTick), (56 bytes).
    Removing rt_cmsis.o(i.svcMailCreate), (66 bytes).
    Removing rt_cmsis.o(i.svcMessagePut), (54 bytes).
    Removing rt_cmsis.o(i.svcMutexCreate), (28 bytes).
    Removing rt_cmsis.o(i.svcMutexDelete), (26 bytes).
    Removing rt_cmsis.o(i.svcMutexRelease), (34 bytes).
    Removing rt_cmsis.o(i.svcMutexWait), (54 bytes).
    Removing rt_cmsis.o(i.svcPoolCreate), (40 bytes).
    Removing rt_cmsis.o(i.svcSemaphoreCreate), (36 bytes).
    Removing rt_cmsis.o(i.svcSemaphoreDelete), (26 bytes).
    Removing rt_cmsis.o(i.svcSemaphoreRelease), (40 bytes).
    Removing rt_cmsis.o(i.svcSemaphoreWait), (50 bytes).
    Removing rt_cmsis.o(i.svcSignalClear), (36 bytes).
    Removing rt_cmsis.o(i.svcSignalSet), (36 bytes).
    Removing rt_cmsis.o(i.svcSignalWait), (84 bytes).
    Removing rt_cmsis.o(i.svcThreadGetPriority), (18 bytes).
    Removing rt_cmsis.o(i.svcThreadSetPriority), (46 bytes).
    Removing rt_cmsis.o(i.svcThreadYield), (10 bytes).
    Removing rt_cmsis.o(i.svcTimerCreate), (56 bytes).
    Removing rt_cmsis.o(i.svcTimerDelete), (40 bytes).
    Removing rt_cmsis.o(i.svcTimerStart), (72 bytes).
    Removing rt_cmsis.o(i.svcTimerStop), (36 bytes).
    Removing rt_cmsis.o(i.sysMailAlloc), (112 bytes).
    Removing rt_cmsis.o(i.sysMailFree), (96 bytes).
    Removing rt_cmsis.o(i.sysPoolAlloc), (32 bytes).
    Removing rt_cmsis.o(i.sysPoolFree), (20 bytes).
    Removing rt_cmsis.o(i.sysUserTimerUpdate), (48 bytes).
    Removing rt_cmsis.o(i.sysUserTimerWakeupTime), (20 bytes).
    Removing rt_task.o(i.rt_tsk_pass), (48 bytes).
    Removing rt_system.o(.emb_text), (0 bytes).
    Removing rt_system.o(i.os_tick_ovf), (16 bytes).
    Removing rt_system.o(i.os_tick_val), (20 bytes).
    Removing rt_system.o(i.rt_resume), (136 bytes).
    Removing rt_system.o(i.rt_suspend), (36 bytes).
    Removing rt_system.o(i.rt_tsk_lock), (80 bytes).
    Removing rt_system.o(i.rt_tsk_unlock), (80 bytes).
    Removing rt_event.o(i.isr_evt_set), (40 bytes).
    Removing rt_event.o(i.rt_evt_clr), (28 bytes).
    Removing rt_event.o(i.rt_evt_get), (12 bytes).
    Removing rt_event.o(i.rt_evt_set), (92 bytes).
    Removing rt_event.o(i.rt_evt_wait), (60 bytes).
    Removing rt_list.o(i.rt_get_same_rdy_prio), (36 bytes).
    Removing rt_mailbox.o(i.rt_mbx_send), (152 bytes).
    Removing rt_semaphore.o(i.isr_sem_send), (16 bytes).
    Removing rt_semaphore.o(i.rt_sem_delete), (92 bytes).
    Removing rt_semaphore.o(i.rt_sem_init), (12 bytes).
    Removing rt_semaphore.o(i.rt_sem_send), (42 bytes).
    Removing rt_semaphore.o(i.rt_sem_wait), (64 bytes).
    Removing rt_time.o(i.rt_itv_set), (24 bytes).
    Removing rt_time.o(i.rt_itv_wait), (44 bytes).
    Removing rt_time.o(i.rt_time_get), (12 bytes).
    Removing rt_mutex.o(i.rt_mut_delete), (176 bytes).
    Removing rt_mutex.o(i.rt_mut_init), (16 bytes).
    Removing rt_mutex.o(i.rt_mut_release), (216 bytes).
    Removing rt_mutex.o(i.rt_mut_wait), (104 bytes).
    Removing rt_membox.o(i._calloc_box), (30 bytes).
    Removing dadd.o(.text), (334 bytes).
    Removing dmul.o(.text), (228 bytes).
    Removing ddiv.o(.text), (222 bytes).
    Removing f2d.o(.text), (38 bytes).
    Removing d2f.o(.text), (56 bytes).
    Removing fepilogue.o(.text), (110 bytes).
    Removing depilogue.o(.text), (186 bytes).
    Removing dneg.o(.text), (6 bytes).
    Removing dsqrt.o(.text), (162 bytes).
    Removing dfixul.o(.text), (48 bytes).
    Removing cdcmple.o(.text), (48 bytes).
    Removing cdrcmple.o(.text), (48 bytes).

268 unused section(s) (total 39993 bytes) removed from the image.

==============================================================================

Image Symbol Table

    Local Symbols

    Symbol Name                              Value     Ov Type        Size  Object(Section)

    ../clib/microlib/ctype/ctype.c           0x00000000   Number         0  islower_o.o ABSOLUTE
    ../clib/microlib/ctype/ctype.c           0x00000000   Number         0  isupper_o.o ABSOLUTE
    ../clib/microlib/ctype/ctype.c           0x00000000   Number         0  isprint_o.o ABSOLUTE
    ../clib/microlib/ctype/ctype.c           0x00000000   Number         0  isgraph_o.o ABSOLUTE
    ../clib/microlib/ctype/ctype.c           0x00000000   Number         0  ispunct_o.o ABSOLUTE
    ../clib/microlib/ctype/ctype.c           0x00000000   Number         0  isspace_o.o ABSOLUTE
    ../clib/microlib/ctype/ctype.c           0x00000000   Number         0  isxdigit_o.o ABSOLUTE
    ../clib/microlib/ctype/ctype.c           0x00000000   Number         0  ctype_o.o ABSOLUTE
    ../clib/microlib/ctype/ctype.c           0x00000000   Number         0  isalnum_o.o ABSOLUTE
    ../clib/microlib/ctype/ctype.c           0x00000000   Number         0  isalpha_o.o ABSOLUTE
    ../clib/microlib/ctype/ctype.c           0x00000000   Number         0  isblank_o.o ABSOLUTE
    ../clib/microlib/ctype/ctype.c           0x00000000   Number         0  iscntrl_o.o ABSOLUTE
    ../clib/microlib/ctype/ctype.c           0x00000000   Number         0  isdigit_o.o ABSOLUTE
    ../clib/microlib/division.c              0x00000000   Number         0  uidiv.o ABSOLUTE
    ../clib/microlib/division.c              0x00000000   Number         0  uldiv.o ABSOLUTE
    ../clib/microlib/errno.c                 0x00000000   Number         0  errno.o ABSOLUTE
    ../clib/microlib/init/entry.s            0x00000000   Number         0  entry8a.o ABSOLUTE
    ../clib/microlib/init/entry.s            0x00000000   Number         0  entry8b.o ABSOLUTE
    ../clib/microlib/init/entry.s            0x00000000   Number         0  entry.o ABSOLUTE
    ../clib/microlib/init/entry.s            0x00000000   Number         0  entry10b.o ABSOLUTE
    ../clib/microlib/init/entry.s            0x00000000   Number         0  entry11a.o ABSOLUTE
    ../clib/microlib/init/entry.s            0x00000000   Number         0  entry11b.o ABSOLUTE
    ../clib/microlib/init/entry.s            0x00000000   Number         0  entry10a.o ABSOLUTE
    ../clib/microlib/init/entry.s            0x00000000   Number         0  entry7b.o ABSOLUTE
    ../clib/microlib/init/entry.s            0x00000000   Number         0  entry2.o ABSOLUTE
    ../clib/microlib/init/entry.s            0x00000000   Number         0  entry5.o ABSOLUTE
    ../clib/microlib/init/entry.s            0x00000000   Number         0  entry7a.o ABSOLUTE
    ../clib/microlib/longlong.c              0x00000000   Number         0  llushr.o ABSOLUTE
    ../clib/microlib/longlong.c              0x00000000   Number         0  llsshr.o ABSOLUTE
    ../clib/microlib/longlong.c              0x00000000   Number         0  llshl.o ABSOLUTE
    ../clib/microlib/printf/printf.c         0x00000000   Number         0  printfa.o ABSOLUTE
    ../clib/microlib/printf/printf.c         0x00000000   Number         0  printf8.o ABSOLUTE
    ../clib/microlib/printf/printf.c         0x00000000   Number         0  printf6.o ABSOLUTE
    ../clib/microlib/printf/printf.c         0x00000000   Number         0  printf5.o ABSOLUTE
    ../clib/microlib/printf/printf.c         0x00000000   Number         0  printf4.o ABSOLUTE
    ../clib/microlib/printf/printf.c         0x00000000   Number         0  printf1.o ABSOLUTE
    ../clib/microlib/printf/printf.c         0x00000000   Number         0  printf2.o ABSOLUTE
    ../clib/microlib/printf/printf.c         0x00000000   Number         0  printf3.o ABSOLUTE
    ../clib/microlib/printf/printf.c         0x00000000   Number         0  printf7.o ABSOLUTE
    ../clib/microlib/printf/printf.c         0x00000000   Number         0  printfb.o ABSOLUTE
    ../clib/microlib/printf/printf.c         0x00000000   Number         0  printf0.o ABSOLUTE
    ../clib/microlib/printf/stubs.s          0x00000000   Number         0  stubs.o ABSOLUTE
    ../clib/microlib/stdio/streams.c         0x00000000   Number         0  stdout.o ABSOLUTE
    ../clib/microlib/string/memcpy.c         0x00000000   Number         0  memcpya.o ABSOLUTE
    ../clib/microlib/string/memcpy.c         0x00000000   Number         0  memcpyb.o ABSOLUTE
    ../clib/microlib/stubs.s                 0x00000000   Number         0  iusefp.o ABSOLUTE
    ../fplib/microlib/d2f.c                  0x00000000   Number         0  d2f.o ABSOLUTE
    ../fplib/microlib/f2d.c                  0x00000000   Number         0  f2d.o ABSOLUTE
    ../fplib/microlib/fpadd.c                0x00000000   Number         0  dadd.o ABSOLUTE
    ../fplib/microlib/fpdiv.c                0x00000000   Number         0  ddiv.o ABSOLUTE
    ../fplib/microlib/fpepilogue.c           0x00000000   Number         0  fepilogue.o ABSOLUTE
    ../fplib/microlib/fpepilogue.c           0x00000000   Number         0  depilogue.o ABSOLUTE
    ../fplib/microlib/fpfix.c                0x00000000   Number         0  dfixul.o ABSOLUTE
    ../fplib/microlib/fpmul.c                0x00000000   Number         0  dmul.o ABSOLUTE
    ../fplib/microlib/fpneg.c                0x00000000   Number         0  dneg.o ABSOLUTE
    ../fplib/microlib/fpsqrt.c               0x00000000   Number         0  dsqrt.o ABSOLUTE
    ../mathlib/atan.c                        0x00000000   Number         0  atan_x.o ABSOLUTE
    ../mathlib/atan.c                        0x00000000   Number         0  atan.o ABSOLUTE
    ../mathlib/dunder.c                      0x00000000   Number         0  dunder.o ABSOLUTE
    ../mathlib/fabs.c                        0x00000000   Number         0  fabs.o ABSOLUTE
    ../mathlib/fpclassify.c                  0x00000000   Number         0  fpclassify.o ABSOLUTE
    ../mathlib/poly.c                        0x00000000   Number         0  poly.o ABSOLUTE
    ../mathlib/sqrt.c                        0x00000000   Number         0  sqrt_x.o ABSOLUTE
    ../mathlib/sqrt.c                        0x00000000   Number         0  sqrt.o ABSOLUTE
    ..\HAL_CM.c                              0x00000000   Number         0  hal_cm.o ABSOLUTE
    ..\\rt_CMSIS.c                           0x00000000   Number         0  rt_cmsis.o ABSOLUTE
    ..\\rt_System.c                          0x00000000   Number         0  rt_system.o ABSOLUTE
    ..\rt_CMSIS.c                            0x00000000   Number         0  rt_cmsis.o ABSOLUTE
    ..\rt_Event.c                            0x00000000   Number         0  rt_event.o ABSOLUTE
    ..\rt_List.c                             0x00000000   Number         0  rt_list.o ABSOLUTE
    ..\rt_Mailbox.c                          0x00000000   Number         0  rt_mailbox.o ABSOLUTE
    ..\rt_MemBox.c                           0x00000000   Number         0  rt_membox.o ABSOLUTE
    ..\rt_Memory.c                           0x00000000   Number         0  rt_memory.o ABSOLUTE
    ..\rt_Mutex.c                            0x00000000   Number         0  rt_mutex.o ABSOLUTE
    ..\rt_Robin.c                            0x00000000   Number         0  rt_robin.o ABSOLUTE
    ..\rt_Semaphore.c                        0x00000000   Number         0  rt_semaphore.o ABSOLUTE
    ..\rt_System.c                           0x00000000   Number         0  rt_system.o ABSOLUTE
    ..\rt_Task.c                             0x00000000   Number         0  rt_task.o ABSOLUTE
    ..\rt_Time.c                             0x00000000   Number         0  rt_time.o ABSOLUTE
    Accelerometer_Drivers\\src\\lis302dl.c   0x00000000   Number         0  lis302dl.o ABSOLUTE
    Accelerometer_Drivers\\src\\lis3dsh.c    0x00000000   Number         0  lis3dsh.o ABSOLUTE
    Accelerometer_Drivers\src\lis302dl.c     0x00000000   Number         0  lis302dl.o ABSOLUTE
    Accelerometer_Drivers\src\lis3dsh.c      0x00000000   Number         0  lis3dsh.o ABSOLUTE
    C:\Keil_v5\ARM\PACK\Keil\STM32F4xx_DFP\1.0.8\Device\StdPeriph_Driver\src\misc.c 0x00000000   Number         0  misc.o ABSOLUTE
    C:\Keil_v5\ARM\PACK\Keil\STM32F4xx_DFP\1.0.8\Device\StdPeriph_Driver\src\stm32f4xx_adc.c 0x00000000   Number         0  stm32f4xx_adc.o ABSOLUTE
    C:\Keil_v5\ARM\PACK\Keil\STM32F4xx_DFP\1.0.8\Device\StdPeriph_Driver\src\stm32f4xx_can.c 0x00000000   Number         0  stm32f4xx_can.o ABSOLUTE
    C:\Keil_v5\ARM\PACK\Keil\STM32F4xx_DFP\1.0.8\Device\StdPeriph_Driver\src\stm32f4xx_crc.c 0x00000000   Number         0  stm32f4xx_crc.o ABSOLUTE
    C:\Keil_v5\ARM\PACK\Keil\STM32F4xx_DFP\1.0.8\Device\StdPeriph_Driver\src\stm32f4xx_cryp.c 0x00000000   Number         0  stm32f4xx_cryp.o ABSOLUTE
    C:\Keil_v5\ARM\PACK\Keil\STM32F4xx_DFP\1.0.8\Device\StdPeriph_Driver\src\stm32f4xx_cryp_aes.c 0x00000000   Number         0  stm32f4xx_cryp_aes.o ABSOLUTE
    C:\Keil_v5\ARM\PACK\Keil\STM32F4xx_DFP\1.0.8\Device\StdPeriph_Driver\src\stm32f4xx_cryp_des.c 0x00000000   Number         0  stm32f4xx_cryp_des.o ABSOLUTE
    C:\Keil_v5\ARM\PACK\Keil\STM32F4xx_DFP\1.0.8\Device\StdPeriph_Driver\src\stm32f4xx_cryp_tdes.c 0x00000000   Number         0  stm32f4xx_cryp_tdes.o ABSOLUTE
    C:\Keil_v5\ARM\PACK\Keil\STM32F4xx_DFP\1.0.8\Device\StdPeriph_Driver\src\stm32f4xx_dac.c 0x00000000   Number         0  stm32f4xx_dac.o ABSOLUTE
    C:\Keil_v5\ARM\PACK\Keil\STM32F4xx_DFP\1.0.8\Device\StdPeriph_Driver\src\stm32f4xx_dbgmcu.c 0x00000000   Number         0  stm32f4xx_dbgmcu.o ABSOLUTE
    C:\Keil_v5\ARM\PACK\Keil\STM32F4xx_DFP\1.0.8\Device\StdPeriph_Driver\src\stm32f4xx_dcmi.c 0x00000000   Number         0  stm32f4xx_dcmi.o ABSOLUTE
    C:\Keil_v5\ARM\PACK\Keil\STM32F4xx_DFP\1.0.8\Device\StdPeriph_Driver\src\stm32f4xx_dma.c 0x00000000   Number         0  stm32f4xx_dma.o ABSOLUTE
    C:\Keil_v5\ARM\PACK\Keil\STM32F4xx_DFP\1.0.8\Device\StdPeriph_Driver\src\stm32f4xx_exti.c 0x00000000   Number         0  stm32f4xx_exti.o ABSOLUTE
    C:\Keil_v5\ARM\PACK\Keil\STM32F4xx_DFP\1.0.8\Device\StdPeriph_Driver\src\stm32f4xx_flash.c 0x00000000   Number         0  stm32f4xx_flash.o ABSOLUTE
    C:\Keil_v5\ARM\PACK\Keil\STM32F4xx_DFP\1.0.8\Device\StdPeriph_Driver\src\stm32f4xx_fsmc.c 0x00000000   Number         0  stm32f4xx_fsmc.o ABSOLUTE
    C:\Keil_v5\ARM\PACK\Keil\STM32F4xx_DFP\1.0.8\Device\StdPeriph_Driver\src\stm32f4xx_gpio.c 0x00000000   Number         0  stm32f4xx_gpio.o ABSOLUTE
    C:\Keil_v5\ARM\PACK\Keil\STM32F4xx_DFP\1.0.8\Device\StdPeriph_Driver\src\stm32f4xx_hash.c 0x00000000   Number         0  stm32f4xx_hash.o ABSOLUTE
    C:\Keil_v5\ARM\PACK\Keil\STM32F4xx_DFP\1.0.8\Device\StdPeriph_Driver\src\stm32f4xx_hash_md5.c 0x00000000   Number         0  stm32f4xx_hash_md5.o ABSOLUTE
    C:\Keil_v5\ARM\PACK\Keil\STM32F4xx_DFP\1.0.8\Device\StdPeriph_Driver\src\stm32f4xx_hash_sha1.c 0x00000000   Number         0  stm32f4xx_hash_sha1.o ABSOLUTE
    C:\Keil_v5\ARM\PACK\Keil\STM32F4xx_DFP\1.0.8\Device\StdPeriph_Driver\src\stm32f4xx_i2c.c 0x00000000   Number         0  stm32f4xx_i2c.o ABSOLUTE
    C:\Keil_v5\ARM\PACK\Keil\STM32F4xx_DFP\1.0.8\Device\StdPeriph_Driver\src\stm32f4xx_iwdg.c 0x00000000   Number         0  stm32f4xx_iwdg.o ABSOLUTE
    C:\Keil_v5\ARM\PACK\Keil\STM32F4xx_DFP\1.0.8\Device\StdPeriph_Driver\src\stm32f4xx_pwr.c 0x00000000   Number         0  stm32f4xx_pwr.o ABSOLUTE
    C:\Keil_v5\ARM\PACK\Keil\STM32F4xx_DFP\1.0.8\Device\StdPeriph_Driver\src\stm32f4xx_rcc.c 0x00000000   Number         0  stm32f4xx_rcc.o ABSOLUTE
    C:\Keil_v5\ARM\PACK\Keil\STM32F4xx_DFP\1.0.8\Device\StdPeriph_Driver\src\stm32f4xx_rng.c 0x00000000   Number         0  stm32f4xx_rng.o ABSOLUTE
    C:\Keil_v5\ARM\PACK\Keil\STM32F4xx_DFP\1.0.8\Device\StdPeriph_Driver\src\stm32f4xx_rtc.c 0x00000000   Number         0  stm32f4xx_rtc.o ABSOLUTE
    C:\Keil_v5\ARM\PACK\Keil\STM32F4xx_DFP\1.0.8\Device\StdPeriph_Driver\src\stm32f4xx_sdio.c 0x00000000   Number         0  stm32f4xx_sdio.o ABSOLUTE
    C:\Keil_v5\ARM\PACK\Keil\STM32F4xx_DFP\1.0.8\Device\StdPeriph_Driver\src\stm32f4xx_spi.c 0x00000000   Number         0  stm32f4xx_spi.o ABSOLUTE
    C:\Keil_v5\ARM\PACK\Keil\STM32F4xx_DFP\1.0.8\Device\StdPeriph_Driver\src\stm32f4xx_syscfg.c 0x00000000   Number         0  stm32f4xx_syscfg.o ABSOLUTE
    C:\Keil_v5\ARM\PACK\Keil\STM32F4xx_DFP\1.0.8\Device\StdPeriph_Driver\src\stm32f4xx_tim.c 0x00000000   Number         0  stm32f4xx_tim.o ABSOLUTE
    C:\Keil_v5\ARM\PACK\Keil\STM32F4xx_DFP\1.0.8\Device\StdPeriph_Driver\src\stm32f4xx_usart.c 0x00000000   Number         0  stm32f4xx_usart.o ABSOLUTE
    C:\Keil_v5\ARM\PACK\Keil\STM32F4xx_DFP\1.0.8\Device\StdPeriph_Driver\src\stm32f4xx_wwdg.c 0x00000000   Number         0  stm32f4xx_wwdg.o ABSOLUTE
    C:\\Keil_v5\\ARM\\PACK\\Keil\\STM32F4xx_DFP\\1.0.8\\Device\\StdPeriph_Driver\\src\\misc.c 0x00000000   Number         0  misc.o ABSOLUTE
    C:\\Keil_v5\\ARM\\PACK\\Keil\\STM32F4xx_DFP\\1.0.8\\Device\\StdPeriph_Driver\\src\\stm32f4xx_adc.c 0x00000000   Number         0  stm32f4xx_adc.o ABSOLUTE
    C:\\Keil_v5\\ARM\\PACK\\Keil\\STM32F4xx_DFP\\1.0.8\\Device\\StdPeriph_Driver\\src\\stm32f4xx_can.c 0x00000000   Number         0  stm32f4xx_can.o ABSOLUTE
    C:\\Keil_v5\\ARM\\PACK\\Keil\\STM32F4xx_DFP\\1.0.8\\Device\\StdPeriph_Driver\\src\\stm32f4xx_crc.c 0x00000000   Number         0  stm32f4xx_crc.o ABSOLUTE
    C:\\Keil_v5\\ARM\\PACK\\Keil\\STM32F4xx_DFP\\1.0.8\\Device\\StdPeriph_Driver\\src\\stm32f4xx_cryp.c 0x00000000   Number         0  stm32f4xx_cryp.o ABSOLUTE
    C:\\Keil_v5\\ARM\\PACK\\Keil\\STM32F4xx_DFP\\1.0.8\\Device\\StdPeriph_Driver\\src\\stm32f4xx_cryp_aes.c 0x00000000   Number         0  stm32f4xx_cryp_aes.o ABSOLUTE
    C:\\Keil_v5\\ARM\\PACK\\Keil\\STM32F4xx_DFP\\1.0.8\\Device\\StdPeriph_Driver\\src\\stm32f4xx_cryp_des.c 0x00000000   Number         0  stm32f4xx_cryp_des.o ABSOLUTE
    C:\\Keil_v5\\ARM\\PACK\\Keil\\STM32F4xx_DFP\\1.0.8\\Device\\StdPeriph_Driver\\src\\stm32f4xx_cryp_tdes.c 0x00000000   Number         0  stm32f4xx_cryp_tdes.o ABSOLUTE
    C:\\Keil_v5\\ARM\\PACK\\Keil\\STM32F4xx_DFP\\1.0.8\\Device\\StdPeriph_Driver\\src\\stm32f4xx_dac.c 0x00000000   Number         0  stm32f4xx_dac.o ABSOLUTE
    C:\\Keil_v5\\ARM\\PACK\\Keil\\STM32F4xx_DFP\\1.0.8\\Device\\StdPeriph_Driver\\src\\stm32f4xx_dbgmcu.c 0x00000000   Number         0  stm32f4xx_dbgmcu.o ABSOLUTE
    C:\\Keil_v5\\ARM\\PACK\\Keil\\STM32F4xx_DFP\\1.0.8\\Device\\StdPeriph_Driver\\src\\stm32f4xx_dcmi.c 0x00000000   Number         0  stm32f4xx_dcmi.o ABSOLUTE
    C:\\Keil_v5\\ARM\\PACK\\Keil\\STM32F4xx_DFP\\1.0.8\\Device\\StdPeriph_Driver\\src\\stm32f4xx_dma.c 0x00000000   Number         0  stm32f4xx_dma.o ABSOLUTE
    C:\\Keil_v5\\ARM\\PACK\\Keil\\STM32F4xx_DFP\\1.0.8\\Device\\StdPeriph_Driver\\src\\stm32f4xx_exti.c 0x00000000   Number         0  stm32f4xx_exti.o ABSOLUTE
    C:\\Keil_v5\\ARM\\PACK\\Keil\\STM32F4xx_DFP\\1.0.8\\Device\\StdPeriph_Driver\\src\\stm32f4xx_flash.c 0x00000000   Number         0  stm32f4xx_flash.o ABSOLUTE
    C:\\Keil_v5\\ARM\\PACK\\Keil\\STM32F4xx_DFP\\1.0.8\\Device\\StdPeriph_Driver\\src\\stm32f4xx_fsmc.c 0x00000000   Number         0  stm32f4xx_fsmc.o ABSOLUTE
    C:\\Keil_v5\\ARM\\PACK\\Keil\\STM32F4xx_DFP\\1.0.8\\Device\\StdPeriph_Driver\\src\\stm32f4xx_gpio.c 0x00000000   Number         0  stm32f4xx_gpio.o ABSOLUTE
    C:\\Keil_v5\\ARM\\PACK\\Keil\\STM32F4xx_DFP\\1.0.8\\Device\\StdPeriph_Driver\\src\\stm32f4xx_hash.c 0x00000000   Number         0  stm32f4xx_hash.o ABSOLUTE
    C:\\Keil_v5\\ARM\\PACK\\Keil\\STM32F4xx_DFP\\1.0.8\\Device\\StdPeriph_Driver\\src\\stm32f4xx_hash_md5.c 0x00000000   Number         0  stm32f4xx_hash_md5.o ABSOLUTE
    C:\\Keil_v5\\ARM\\PACK\\Keil\\STM32F4xx_DFP\\1.0.8\\Device\\StdPeriph_Driver\\src\\stm32f4xx_hash_sha1.c 0x00000000   Number         0  stm32f4xx_hash_sha1.o ABSOLUTE
    C:\\Keil_v5\\ARM\\PACK\\Keil\\STM32F4xx_DFP\\1.0.8\\Device\\StdPeriph_Driver\\src\\stm32f4xx_i2c.c 0x00000000   Number         0  stm32f4xx_i2c.o ABSOLUTE
    C:\\Keil_v5\\ARM\\PACK\\Keil\\STM32F4xx_DFP\\1.0.8\\Device\\StdPeriph_Driver\\src\\stm32f4xx_iwdg.c 0x00000000   Number         0  stm32f4xx_iwdg.o ABSOLUTE
    C:\\Keil_v5\\ARM\\PACK\\Keil\\STM32F4xx_DFP\\1.0.8\\Device\\StdPeriph_Driver\\src\\stm32f4xx_pwr.c 0x00000000   Number         0  stm32f4xx_pwr.o ABSOLUTE
    C:\\Keil_v5\\ARM\\PACK\\Keil\\STM32F4xx_DFP\\1.0.8\\Device\\StdPeriph_Driver\\src\\stm32f4xx_rcc.c 0x00000000   Number         0  stm32f4xx_rcc.o ABSOLUTE
    C:\\Keil_v5\\ARM\\PACK\\Keil\\STM32F4xx_DFP\\1.0.8\\Device\\StdPeriph_Driver\\src\\stm32f4xx_rng.c 0x00000000   Number         0  stm32f4xx_rng.o ABSOLUTE
    C:\\Keil_v5\\ARM\\PACK\\Keil\\STM32F4xx_DFP\\1.0.8\\Device\\StdPeriph_Driver\\src\\stm32f4xx_rtc.c 0x00000000   Number         0  stm32f4xx_rtc.o ABSOLUTE
    C:\\Keil_v5\\ARM\\PACK\\Keil\\STM32F4xx_DFP\\1.0.8\\Device\\StdPeriph_Driver\\src\\stm32f4xx_sdio.c 0x00000000   Number         0  stm32f4xx_sdio.o ABSOLUTE
    C:\\Keil_v5\\ARM\\PACK\\Keil\\STM32F4xx_DFP\\1.0.8\\Device\\StdPeriph_Driver\\src\\stm32f4xx_spi.c 0x00000000   Number         0  stm32f4xx_spi.o ABSOLUTE
    C:\\Keil_v5\\ARM\\PACK\\Keil\\STM32F4xx_DFP\\1.0.8\\Device\\StdPeriph_Driver\\src\\stm32f4xx_syscfg.c 0x00000000   Number         0  stm32f4xx_syscfg.o ABSOLUTE
    C:\\Keil_v5\\ARM\\PACK\\Keil\\STM32F4xx_DFP\\1.0.8\\Device\\StdPeriph_Driver\\src\\stm32f4xx_tim.c 0x00000000   Number         0  stm32f4xx_tim.o ABSOLUTE
    C:\\Keil_v5\\ARM\\PACK\\Keil\\STM32F4xx_DFP\\1.0.8\\Device\\StdPeriph_Driver\\src\\stm32f4xx_usart.c 0x00000000   Number         0  stm32f4xx_usart.o ABSOLUTE
    C:\\Keil_v5\\ARM\\PACK\\Keil\\STM32F4xx_DFP\\1.0.8\\Device\\StdPeriph_Driver\\src\\stm32f4xx_wwdg.c 0x00000000   Number         0  stm32f4xx_wwdg.o ABSOLUTE
    HAL_CM4.c                                0x00000000   Number         0  hal_cm4.o ABSOLUTE
    HAL_CM4.c                                0x00000000   Number         0  hal_cm4.o ABSOLUTE
    RTE\CMSIS\RTX_Conf_CM.c                  0x00000000   Number         0  rtx_conf_cm.o ABSOLUTE
    RTE\Device\STM32F407VG\startup_stm32f40_41xxx.s 0x00000000   Number         0  startup_stm32f40_41xxx.o ABSOLUTE
    RTE\Device\STM32F407VG\system_stm32f4xx.c 0x00000000   Number         0  system_stm32f4xx.o ABSOLUTE
    RTE\\Device\\STM32F407VG\\system_stm32f4xx.c 0x00000000   Number         0  system_stm32f4xx.o ABSOLUTE
    SVC_Table.s                              0x00000000   Number         0  svc_table.o ABSOLUTE
    cdcmple.s                                0x00000000   Number         0  cdcmple.o ABSOLUTE
    cdrcmple.s                               0x00000000   Number         0  cdrcmple.o ABSOLUTE
    dc.s                                     0x00000000   Number         0  dc.o ABSOLUTE
    handlers.s                               0x00000000   Number         0  handlers.o ABSOLUTE
    init.s                                   0x00000000   Number         0  init.o ABSOLUTE
    src\\fputc_debug.c                       0x00000000   Number         0  fputc_debug.o ABSOLUTE
    src\\keypad.c                            0x00000000   Number         0  keypad.o ABSOLUTE
    src\\main.c                              0x00000000   Number         0  main.o ABSOLUTE
    src\\mems.c                              0x00000000   Number         0  mems.o ABSOLUTE
    src\\segment_display.c                   0x00000000   Number         0  segment_display.o ABSOLUTE
    src\fputc_debug.c                        0x00000000   Number         0  fputc_debug.o ABSOLUTE
    src\keypad.c                             0x00000000   Number         0  keypad.o ABSOLUTE
    src\main.c                               0x00000000   Number         0  main.o ABSOLUTE
    src\mems.c                               0x00000000   Number         0  mems.o ABSOLUTE
    src\old_main.c                           0x00000000   Number         0  old_main.o ABSOLUTE
    src\segment_display.c                    0x00000000   Number         0  segment_display.o ABSOLUTE
    RESET                                    0x08000000   Section      392  startup_stm32f40_41xxx.o(RESET)
    .ARM.Collect$$$$00000000                 0x08000188   Section        0  entry.o(.ARM.Collect$$$$00000000)
    .ARM.Collect$$$$00000001                 0x08000188   Section        4  entry2.o(.ARM.Collect$$$$00000001)
    .ARM.Collect$$$$00000004                 0x0800018c   Section        4  entry5.o(.ARM.Collect$$$$00000004)
    .ARM.Collect$$$$00000008                 0x08000190   Section        0  entry7b.o(.ARM.Collect$$$$00000008)
    .ARM.Collect$$$$0000000A                 0x08000190   Section        0  entry8b.o(.ARM.Collect$$$$0000000A)
    .ARM.Collect$$$$0000000D                 0x08000190   Section        0  entry10a.o(.ARM.Collect$$$$0000000D)
    .ARM.Collect$$$$0000000F                 0x08000190   Section        0  entry11a.o(.ARM.Collect$$$$0000000F)
    .ARM.Collect$$$$000000FF                 0x08000190   Section        0  rtx_conf_cm.o(.ARM.Collect$$$$000000FF)
    .ARM.Collect$$$$00002712                 0x080001a8   Section        4  entry2.o(.ARM.Collect$$$$00002712)
    __lit__00000000                          0x080001a8   Data           4  entry2.o(.ARM.Collect$$$$00002712)
    .emb_text                                0x080001ac   Section      384  hal_cm4.o(.emb_text)
    $v0                                      0x080001ac   Number         0  hal_cm4.o(.emb_text)
    .text                                    0x0800032c   Section        0  main.o(.text)
    .text                                    0x080003ac   Section        0  fputc_debug.o(.text)
    .text                                    0x080003e4   Section        0  rtx_conf_cm.o(.text)
    .text                                    0x08000404   Section        0  stm32f4xx_gpio.o(.text)
    .text                                    0x08000698   Section        0  stm32f4xx_rcc.o(.text)
    .text                                    0x08000ccc   Section       36  startup_stm32f40_41xxx.o(.text)
    $v0                                      0x08000ccc   Number         0  startup_stm32f40_41xxx.o(.text)
    .text                                    0x08000cf0   Section        0  system_stm32f4xx.o(.text)
    SetSysClock                              0x08000cf1   Thumb Code   220  system_stm32f4xx.o(.text)
    .text                                    0x08000f00   Section       36  init.o(.text)
    SVC_TABLE                                0x08000f24   Section        4  svc_table.o(SVC_TABLE)
    i.__0printf$2                            0x08000f28   Section        0  printf2.o(i.__0printf$2)
    i.__scatterload_copy                     0x08000f48   Section       14  handlers.o(i.__scatterload_copy)
    i.__scatterload_null                     0x08000f56   Section        2  handlers.o(i.__scatterload_null)
    i.__scatterload_zeroinit                 0x08000f58   Section       14  handlers.o(i.__scatterload_zeroinit)
    i._init_box                              0x08000f66   Section        0  rt_membox.o(i._init_box)
    i._printf_core                           0x08000fac   Section        0  printf2.o(i._printf_core)
    _printf_core                             0x08000fad   Thumb Code   214  printf2.o(i._printf_core)
    i.dbg_init                               0x08001084   Section        0  hal_cm.o(i.dbg_init)
    i.dbg_task_notify                        0x080010b4   Section        0  hal_cm.o(i.dbg_task_notify)
    i.dbg_task_switch                        0x080010d4   Section        0  hal_cm.o(i.dbg_task_switch)
    i.isrMessagePut                          0x080010e4   Section        0  rt_cmsis.o(i.isrMessagePut)
    isrMessagePut                            0x080010e5   Thumb Code    44  rt_cmsis.o(i.isrMessagePut)
    i.isr_mbx_receive                        0x08001110   Section        0  rt_mailbox.o(i.isr_mbx_receive)
    i.isr_mbx_send                           0x08001160   Section        0  rt_mailbox.o(i.isr_mbx_send)
    i.osDelay                                0x08001170   Section        0  rt_cmsis.o(i.osDelay)
    i.osKernelInitialize                     0x08001188   Section        0  rt_cmsis.o(i.osKernelInitialize)
    i.osKernelStart                          0x080011ac   Section        0  rt_cmsis.o(i.osKernelStart)
    i.osMessageGet                           0x08001218   Section        0  rt_cmsis.o(i.osMessageGet)
    i.osThreadCreate                         0x0800125c   Section        0  rt_cmsis.o(i.osThreadCreate)
    i.osThreadExit                           0x0800128c   Section        0  rt_cmsis.o(i.osThreadExit)
    i.osTimerCall                            0x080012a4   Section        0  rt_cmsis.o(i.osTimerCall)
    i.osTimerThread                          0x080012b0   Section        0  rt_cmsis.o(i.osTimerThread)
    i.os_tick_init                           0x080012dc   Section        0  rt_system.o(i.os_tick_init)
    i.os_tick_irqack                         0x08001304   Section        0  rt_system.o(i.os_tick_irqack)
    i.rt_alloc_box                           0x08001306   Section        0  rt_membox.o(i.rt_alloc_box)
    i.rt_alloc_mem                           0x08001320   Section        0  rt_memory.o(i.rt_alloc_mem)
    i.rt_block                               0x0800135c   Section        0  rt_task.o(i.rt_block)
    i.rt_chk_robin                           0x08001394   Section        0  rt_robin.o(i.rt_chk_robin)
    i.rt_dec_dly                             0x080013dc   Section        0  rt_list.o(i.rt_dec_dly)
    i.rt_dispatch                            0x0800144c   Section        0  rt_task.o(i.rt_dispatch)
    i.rt_dly_wait                            0x08001490   Section        0  rt_time.o(i.rt_dly_wait)
    i.rt_evt_psh                             0x08001498   Section        0  rt_event.o(i.rt_evt_psh)
    i.rt_free_box                            0x080014e8   Section        0  rt_membox.o(i.rt_free_box)
    i.rt_free_mem                            0x08001508   Section        0  rt_memory.o(i.rt_free_mem)
    i.rt_get_first                           0x08001530   Section        0  rt_list.o(i.rt_get_first)
    i.rt_id2obj                              0x08001558   Section        0  rt_cmsis.o(i.rt_id2obj)
    rt_id2obj                                0x08001559   Thumb Code     8  rt_cmsis.o(i.rt_id2obj)
    i.rt_init_context                        0x08001560   Section        0  rt_task.o(i.rt_init_context)
    rt_init_context                          0x08001561   Thumb Code    66  rt_task.o(i.rt_init_context)
    i.rt_init_mem                            0x080015a8   Section        0  rt_memory.o(i.rt_init_mem)
    i.rt_init_robin                          0x080015c4   Section        0  rt_robin.o(i.rt_init_robin)
    i.rt_init_stack                          0x080015dc   Section        0  hal_cm.o(i.rt_init_stack)
    i.rt_mbx_check                           0x0800162c   Section        0  rt_mailbox.o(i.rt_mbx_check)
    i.rt_mbx_init                            0x08001634   Section        0  rt_mailbox.o(i.rt_mbx_init)
    i.rt_mbx_psh                             0x08001650   Section        0  rt_mailbox.o(i.rt_mbx_psh)
    i.rt_mbx_wait                            0x08001740   Section        0  rt_mailbox.o(i.rt_mbx_wait)
    i.rt_ms2tick                             0x080017f0   Section        0  rt_cmsis.o(i.rt_ms2tick)
    rt_ms2tick                               0x080017f1   Thumb Code    50  rt_cmsis.o(i.rt_ms2tick)
    i.rt_pop_req                             0x0800182c   Section        0  rt_system.o(i.rt_pop_req)
    i.rt_psh_req                             0x080018a8   Section        0  rt_system.o(i.rt_psh_req)
    i.rt_psq_enq                             0x080018c8   Section        0  rt_list.o(i.rt_psq_enq)
    i.rt_put_dly                             0x08001920   Section        0  rt_list.o(i.rt_put_dly)
    i.rt_put_prio                            0x08001968   Section        0  rt_list.o(i.rt_put_prio)
    i.rt_put_rdy_first                       0x080019a0   Section        0  rt_list.o(i.rt_put_rdy_first)
    i.rt_resort_prio                         0x080019b4   Section        0  rt_list.o(i.rt_resort_prio)
    i.rt_ret_regs                            0x080019e8   Section        0  hal_cm.o(i.rt_ret_regs)
    rt_ret_regs                              0x080019e9   Thumb Code    16  hal_cm.o(i.rt_ret_regs)
    i.rt_ret_val                             0x080019f8   Section        0  hal_cm.o(i.rt_ret_val)
    i.rt_ret_val2                            0x08001a04   Section        0  hal_cm.o(i.rt_ret_val2)
    i.rt_rmv_dly                             0x08001a14   Section        0  rt_list.o(i.rt_rmv_dly)
    i.rt_rmv_list                            0x08001a3c   Section        0  rt_list.o(i.rt_rmv_list)
    i.rt_sem_psh                             0x08001a6c   Section        0  rt_semaphore.o(i.rt_sem_psh)
    i.rt_stk_check                           0x08001aa0   Section        0  rt_system.o(i.rt_stk_check)
    i.rt_switch_req                          0x08001ac4   Section        0  rt_task.o(i.rt_switch_req)
    i.rt_sys_init                            0x08001aec   Section        0  rt_task.o(i.rt_sys_init)
    i.rt_sys_start                           0x08001bb8   Section        0  rt_task.o(i.rt_sys_start)
    i.rt_systick                             0x08001c30   Section        0  rt_system.o(i.rt_systick)
    i.rt_tid2ptcb                            0x08001c70   Section        0  rt_cmsis.o(i.rt_tid2ptcb)
    rt_tid2ptcb                              0x08001c71   Thumb Code    18  rt_cmsis.o(i.rt_tid2ptcb)
    i.rt_timer_insert                        0x08001c84   Section        0  rt_cmsis.o(i.rt_timer_insert)
    rt_timer_insert                          0x08001c85   Thumb Code    50  rt_cmsis.o(i.rt_timer_insert)
    i.rt_tsk_create                          0x08001cbc   Section        0  rt_task.o(i.rt_tsk_create)
    i.rt_tsk_delete                          0x08001d40   Section        0  rt_task.o(i.rt_tsk_delete)
    i.rt_tsk_prio                            0x08001eb4   Section        0  rt_task.o(i.rt_tsk_prio)
    i.rt_tsk_self                            0x08001f30   Section        0  rt_task.o(i.rt_tsk_self)
    i.svcDelay                               0x08001f40   Section        0  rt_cmsis.o(i.svcDelay)
    i.svcKernelInitialize                    0x08001f54   Section        0  rt_cmsis.o(i.svcKernelInitialize)
    i.svcKernelStart                         0x08001fc4   Section        0  rt_cmsis.o(i.svcKernelStart)
    i.svcMessageCreate                       0x0800200c   Section        0  rt_cmsis.o(i.svcMessageCreate)
    i.svcMessageGet                          0x08002030   Section        0  rt_cmsis.o(i.svcMessageGet)
    i.svcThreadCreate                        0x0800206c   Section        0  rt_cmsis.o(i.svcThreadCreate)
    i.svcThreadGetId                         0x080020dc   Section        0  rt_cmsis.o(i.svcThreadGetId)
    i.svcThreadTerminate                     0x080020f8   Section        0  rt_cmsis.o(i.svcThreadTerminate)
    i.svcTimerCall                           0x08002130   Section        0  rt_cmsis.o(i.svcTimerCall)
    i.sysTimerTick                           0x08002148   Section        0  rt_cmsis.o(i.sysTimerTick)
    .constdata                               0x0800219c   Section       16  main.o(.constdata)
    .constdata                               0x080021ac   Section       86  rtx_conf_cm.o(.constdata)
    __tagsym$$used                           0x080021c8   Number         0  rtx_conf_cm.o(.constdata)
    __tagsym$$used                           0x080021cc   Number         0  rtx_conf_cm.o(.constdata)
    __tagsym$$used                           0x080021d0   Number         0  rtx_conf_cm.o(.constdata)
    __tagsym$$used                           0x080021d4   Number         0  rtx_conf_cm.o(.constdata)
    .data                                    0x20000000   Section       32  rtx_conf_cm.o(.data)
    .data                                    0x20000020   Section       16  stm32f4xx_rcc.o(.data)
    APBAHBPrescTable                         0x20000020   Data          16  stm32f4xx_rcc.o(.data)
    .data                                    0x20000030   Section       20  system_stm32f4xx.o(.data)
    .data                                    0x20000044   Section        8  rt_cmsis.o(.data)
    .data                                    0x2000004c   Section        8  rt_task.o(.data)
    .data                                    0x20000054   Section        8  rt_system.o(.data)
    os_lock                                  0x20000054   Data           1  rt_system.o(.data)
    os_psh_flag                              0x20000055   Data           1  rt_system.o(.data)
    pend_flags                               0x20000056   Data           1  rt_system.o(.data)
    .data                                    0x2000005c   Section        4  rt_time.o(.data)
    .data                                    0x20000060   Section        1  hal_cm.o(.data)
    .data                                    0x20000064   Section        8  rt_robin.o(.data)
    .data                                    0x2000006c   Section        4  stdout.o(.data)
    .bss                                     0x20000070   Section     2216  rtx_conf_cm.o(.bss)
    .bss                                     0x20000918   Section       52  rt_task.o(.bss)
    .bss                                     0x2000094c   Section       48  rt_list.o(.bss)
    STACK                                    0x20000980   Section     1024  startup_stm32f40_41xxx.o(STACK)

    Global Symbols

    Symbol Name                              Value     Ov Type        Size  Object(Section)

    BuildAttributes$$THM_ISAv4$E$P$D$K$B$S$7EM$VFPi3$EXTD16$VFPS$VFMA$PE$A:L22UL41UL21$X:L11$S22US41US21$IEEE1$IW$USESV6$~STKCKD$USESV7$~SHL$OTIME$ROPI$IEEEX$EBA8$MICROLIB$REQ8$PRES8$EABIv2 0x00000000   Number         0  anon$$obj.o ABSOLUTE
    __ARM_use_no_argv                        0x00000000   Number         0  main.o ABSOLUTE
    _printf_a                                0x00000000   Number         0  stubs.o ABSOLUTE
    _printf_c                                0x00000000   Number         0  stubs.o ABSOLUTE
    _printf_charcount                        0x00000000   Number         0  stubs.o ABSOLUTE
    _printf_d                                0x00000000   Number         0  stubs.o ABSOLUTE
    _printf_e                                0x00000000   Number         0  stubs.o ABSOLUTE
    _printf_f                                0x00000000   Number         0  stubs.o ABSOLUTE
    _printf_flags                            0x00000000   Number         0  stubs.o ABSOLUTE
    _printf_fp_dec                           0x00000000   Number         0  stubs.o ABSOLUTE
    _printf_fp_hex                           0x00000000   Number         0  stubs.o ABSOLUTE
    _printf_g                                0x00000000   Number         0  stubs.o ABSOLUTE
    _printf_i                                0x00000000   Number         0  stubs.o ABSOLUTE
    _printf_int_dec                          0x00000000   Number         0  stubs.o ABSOLUTE
    _printf_l                                0x00000000   Number         0  stubs.o ABSOLUTE
    _printf_lc                               0x00000000   Number         0  stubs.o ABSOLUTE
    _printf_ll                               0x00000000   Number         0  stubs.o ABSOLUTE
    _printf_lld                              0x00000000   Number         0  stubs.o ABSOLUTE
    _printf_lli                              0x00000000   Number         0  stubs.o ABSOLUTE
    _printf_llo                              0x00000000   Number         0  stubs.o ABSOLUTE
    _printf_llu                              0x00000000   Number         0  stubs.o ABSOLUTE
    _printf_llx                              0x00000000   Number         0  stubs.o ABSOLUTE
    _printf_longlong_dec                     0x00000000   Number         0  stubs.o ABSOLUTE
    _printf_longlong_hex                     0x00000000   Number         0  stubs.o ABSOLUTE
    _printf_longlong_oct                     0x00000000   Number         0  stubs.o ABSOLUTE
    _printf_ls                               0x00000000   Number         0  stubs.o ABSOLUTE
    _printf_mbtowc                           0x00000000   Number         0  stubs.o ABSOLUTE
    _printf_n                                0x00000000   Number         0  stubs.o ABSOLUTE
    _printf_o                                0x00000000   Number         0  stubs.o ABSOLUTE
    _printf_p                                0x00000000   Number         0  stubs.o ABSOLUTE
    _printf_percent                          0x00000000   Number         0  stubs.o ABSOLUTE
    _printf_pre_padding                      0x00000000   Number         0  stubs.o ABSOLUTE
    _printf_return_value                     0x00000000   Number         0  stubs.o ABSOLUTE
    _printf_s                                0x00000000   Number         0  stubs.o ABSOLUTE
    _printf_sizespec                         0x00000000   Number         0  stubs.o ABSOLUTE
    _printf_str                              0x00000000   Number         0  stubs.o ABSOLUTE
    _printf_truncate_signed                  0x00000000   Number         0  stubs.o ABSOLUTE
    _printf_truncate_unsigned                0x00000000   Number         0  stubs.o ABSOLUTE
    _printf_u                                0x00000000   Number         0  stubs.o ABSOLUTE
    _printf_wc                               0x00000000   Number         0  stubs.o ABSOLUTE
    _printf_wctomb                           0x00000000   Number         0  stubs.o ABSOLUTE
    _printf_widthprec                        0x00000000   Number         0  stubs.o ABSOLUTE
    _printf_x                                0x00000000   Number         0  stubs.o ABSOLUTE
    __cpp_initialize__aeabi_                  - Undefined Weak Reference
    __cxa_finalize                            - Undefined Weak Reference
    __decompress                              - Undefined Weak Reference
    _clock_init                               - Undefined Weak Reference
    _microlib_exit                            - Undefined Weak Reference
    __Vectors_Size                           0x00000188   Number         0  startup_stm32f40_41xxx.o ABSOLUTE
    __RL_RTX_VER                             0x00000473   Number         0  rt_system.o ABSOLUTE
    __Vectors                                0x08000000   Data           4  startup_stm32f40_41xxx.o(RESET)
    __Vectors_End                            0x08000188   Data           0  startup_stm32f40_41xxx.o(RESET)
    __main                                   0x08000189   Thumb Code     0  entry.o(.ARM.Collect$$$$00000000)
    _main_stk                                0x08000189   Thumb Code     0  entry2.o(.ARM.Collect$$$$00000001)
    _main_scatterload                        0x0800018d   Thumb Code     0  entry5.o(.ARM.Collect$$$$00000004)
    __main_after_scatterload                 0x08000191   Thumb Code     0  entry5.o(.ARM.Collect$$$$00000004)
    __rt_final_cpp                           0x08000191   Thumb Code     0  entry10a.o(.ARM.Collect$$$$0000000D)
    __rt_final_exit                          0x08000191   Thumb Code     0  entry11a.o(.ARM.Collect$$$$0000000F)
    _main_clock                              0x08000191   Thumb Code     0  entry7b.o(.ARM.Collect$$$$00000008)
    _main_cpp_init                           0x08000191   Thumb Code     0  entry8b.o(.ARM.Collect$$$$0000000A)
    _main_init                               0x08000191   Thumb Code    18  rtx_conf_cm.o(.ARM.Collect$$$$000000FF)
    rt_set_PSP                               0x080001ad   Thumb Code     6  hal_cm4.o(.emb_text)
    rt_get_PSP                               0x080001b3   Thumb Code     6  hal_cm4.o(.emb_text)
    os_set_env                               0x080001b9   Thumb Code    24  hal_cm4.o(.emb_text)
    _alloc_box                               0x080001d5   Thumb Code    28  hal_cm4.o(.emb_text)
    _free_box                                0x080001f5   Thumb Code    28  hal_cm4.o(.emb_text)
    SVC_Handler                              0x08000215   Thumb Code   148  hal_cm4.o(.emb_text)
    PendSV_Handler                           0x080002b5   Thumb Code    96  hal_cm4.o(.emb_text)
    SysTick_Handler                          0x08000319   Thumb Code     8  hal_cm4.o(.emb_text)
    OS_Tick_Handler                          0x08000321   Thumb Code    12  hal_cm4.o(.emb_text)
    Blinky_GPIO_Init                         0x0800032d   Thumb Code    50  main.o(.text)
    Blinky                                   0x0800035f   Thumb Code    26  main.o(.text)
    main                                     0x08000379   Thumb Code    28  main.o(.text)
    fputc                                    0x080003ad   Thumb Code    50  fputc_debug.o(.text)
    os_idle_demon                            0x080003e5   Thumb Code     4  rtx_conf_cm.o(.text)
    os_error                                 0x080003e9   Thumb Code    26  rtx_conf_cm.o(.text)
    GPIO_DeInit                              0x08000405   Thumb Code   268  stm32f4xx_gpio.o(.text)
    GPIO_Init                                0x08000511   Thumb Code   144  stm32f4xx_gpio.o(.text)
    GPIO_StructInit                          0x080005a1   Thumb Code    18  stm32f4xx_gpio.o(.text)
    GPIO_PinLockConfig                       0x080005b3   Thumb Code    34  stm32f4xx_gpio.o(.text)
    GPIO_ReadInputDataBit                    0x080005d5   Thumb Code    18  stm32f4xx_gpio.o(.text)
    GPIO_ReadInputData                       0x080005e7   Thumb Code     8  stm32f4xx_gpio.o(.text)
    GPIO_ReadOutputDataBit                   0x080005ef   Thumb Code    18  stm32f4xx_gpio.o(.text)
    GPIO_ReadOutputData                      0x08000601   Thumb Code     8  stm32f4xx_gpio.o(.text)
    GPIO_SetBits                             0x08000609   Thumb Code     4  stm32f4xx_gpio.o(.text)
    GPIO_ResetBits                           0x0800060d   Thumb Code     4  stm32f4xx_gpio.o(.text)
    GPIO_WriteBit                            0x08000611   Thumb Code    10  stm32f4xx_gpio.o(.text)
    GPIO_Write                               0x0800061b   Thumb Code     4  stm32f4xx_gpio.o(.text)
    GPIO_ToggleBits                          0x0800061f   Thumb Code     8  stm32f4xx_gpio.o(.text)
    GPIO_PinAFConfig                         0x08000627   Thumb Code    70  stm32f4xx_gpio.o(.text)
    RCC_DeInit                               0x08000699   Thumb Code    82  stm32f4xx_rcc.o(.text)
    RCC_HSEConfig                            0x080006eb   Thumb Code    14  stm32f4xx_rcc.o(.text)
    RCC_GetFlagStatus                        0x080006f9   Thumb Code    60  stm32f4xx_rcc.o(.text)
    RCC_WaitForHSEStartUp                    0x08000735   Thumb Code    56  stm32f4xx_rcc.o(.text)
    RCC_AdjustHSICalibrationValue            0x0800076d   Thumb Code    20  stm32f4xx_rcc.o(.text)
    RCC_HSICmd                               0x08000781   Thumb Code     6  stm32f4xx_rcc.o(.text)
    RCC_LSEConfig                            0x08000787   Thumb Code    46  stm32f4xx_rcc.o(.text)
    RCC_LSICmd                               0x080007b5   Thumb Code     6  stm32f4xx_rcc.o(.text)
    RCC_PLLConfig                            0x080007bb   Thumb Code    32  stm32f4xx_rcc.o(.text)
    RCC_PLLCmd                               0x080007db   Thumb Code     6  stm32f4xx_rcc.o(.text)
    RCC_PLLI2SConfig                         0x080007e1   Thumb Code    14  stm32f4xx_rcc.o(.text)
    RCC_PLLI2SCmd                            0x080007ef   Thumb Code     6  stm32f4xx_rcc.o(.text)
    RCC_PLLSAIConfig                         0x080007f5   Thumb Code    20  stm32f4xx_rcc.o(.text)
    RCC_PLLSAICmd                            0x08000809   Thumb Code     6  stm32f4xx_rcc.o(.text)
    RCC_ClockSecuritySystemCmd               0x0800080f   Thumb Code     6  stm32f4xx_rcc.o(.text)
    RCC_MCO1Config                           0x08000815   Thumb Code    28  stm32f4xx_rcc.o(.text)
    RCC_MCO2Config                           0x08000831   Thumb Code    28  stm32f4xx_rcc.o(.text)
    RCC_SYSCLKConfig                         0x0800084d   Thumb Code    20  stm32f4xx_rcc.o(.text)
    RCC_GetSYSCLKSource                      0x08000861   Thumb Code    12  stm32f4xx_rcc.o(.text)
    RCC_HCLKConfig                           0x0800086d   Thumb Code    20  stm32f4xx_rcc.o(.text)
    RCC_PCLK1Config                          0x08000881   Thumb Code    20  stm32f4xx_rcc.o(.text)
    RCC_PCLK2Config                          0x08000895   Thumb Code    22  stm32f4xx_rcc.o(.text)
    RCC_GetClocksFreq                        0x080008ab   Thumb Code   222  stm32f4xx_rcc.o(.text)
    RCC_RTCCLKConfig                         0x08000989   Thumb Code    54  stm32f4xx_rcc.o(.text)
    RCC_RTCCLKCmd                            0x080009bf   Thumb Code     8  stm32f4xx_rcc.o(.text)
    RCC_BackupResetCmd                       0x080009c7   Thumb Code     8  stm32f4xx_rcc.o(.text)
    RCC_I2SCLKConfig                         0x080009cf   Thumb Code     6  stm32f4xx_rcc.o(.text)
    RCC_SAIPLLI2SClkDivConfig                0x080009d5   Thumb Code    26  stm32f4xx_rcc.o(.text)
    RCC_SAIPLLSAIClkDivConfig                0x080009ef   Thumb Code    28  stm32f4xx_rcc.o(.text)
    RCC_SAIBlockACLKConfig                   0x08000a0b   Thumb Code    20  stm32f4xx_rcc.o(.text)
    RCC_SAIBlockBCLKConfig                   0x08000a1f   Thumb Code    20  stm32f4xx_rcc.o(.text)
    RCC_LTDCCLKDivConfig                     0x08000a33   Thumb Code    20  stm32f4xx_rcc.o(.text)
    RCC_TIMCLKPresConfig                     0x08000a47   Thumb Code     6  stm32f4xx_rcc.o(.text)
    RCC_AHB1PeriphClockCmd                   0x08000a4d   Thumb Code    34  stm32f4xx_rcc.o(.text)
    RCC_AHB2PeriphClockCmd                   0x08000a6f   Thumb Code    78  stm32f4xx_rcc.o(.text)
    RCC_AHB3PeriphClockCmd                   0x08000abd   Thumb Code    34  stm32f4xx_rcc.o(.text)
    RCC_APB1PeriphClockCmd                   0x08000adf   Thumb Code    34  stm32f4xx_rcc.o(.text)
    RCC_APB2PeriphClockCmd                   0x08000b01   Thumb Code    34  stm32f4xx_rcc.o(.text)
    RCC_AHB1PeriphResetCmd                   0x08000b23   Thumb Code    34  stm32f4xx_rcc.o(.text)
    RCC_AHB2PeriphResetCmd                   0x08000b45   Thumb Code    34  stm32f4xx_rcc.o(.text)
    RCC_AHB3PeriphResetCmd                   0x08000b67   Thumb Code    34  stm32f4xx_rcc.o(.text)
    RCC_APB1PeriphResetCmd                   0x08000b89   Thumb Code    34  stm32f4xx_rcc.o(.text)
    RCC_APB2PeriphResetCmd                   0x08000bab   Thumb Code    34  stm32f4xx_rcc.o(.text)
    RCC_AHB1PeriphClockLPModeCmd             0x08000bcd   Thumb Code    34  stm32f4xx_rcc.o(.text)
    RCC_AHB2PeriphClockLPModeCmd             0x08000bef   Thumb Code    34  stm32f4xx_rcc.o(.text)
    RCC_AHB3PeriphClockLPModeCmd             0x08000c11   Thumb Code    34  stm32f4xx_rcc.o(.text)
    RCC_APB1PeriphClockLPModeCmd             0x08000c33   Thumb Code    34  stm32f4xx_rcc.o(.text)
    RCC_APB2PeriphClockLPModeCmd             0x08000c55   Thumb Code    34  stm32f4xx_rcc.o(.text)
    RCC_ITConfig                             0x08000c77   Thumb Code    34  stm32f4xx_rcc.o(.text)
    RCC_ClearFlag                            0x08000c99   Thumb Code    18  stm32f4xx_rcc.o(.text)
    RCC_GetITStatus                          0x08000cab   Thumb Code    22  stm32f4xx_rcc.o(.text)
    RCC_ClearITPendingBit                    0x08000cc1   Thumb Code     8  stm32f4xx_rcc.o(.text)
    Reset_Handler                            0x08000ccd   Thumb Code     8  startup_stm32f40_41xxx.o(.text)
    NMI_Handler                              0x08000cd5   Thumb Code     2  startup_stm32f40_41xxx.o(.text)
    HardFault_Handler                        0x08000cd7   Thumb Code     2  startup_stm32f40_41xxx.o(.text)
    MemManage_Handler                        0x08000cd9   Thumb Code     2  startup_stm32f40_41xxx.o(.text)
    BusFault_Handler                         0x08000cdb   Thumb Code     2  startup_stm32f40_41xxx.o(.text)
    UsageFault_Handler                       0x08000cdd   Thumb Code     2  startup_stm32f40_41xxx.o(.text)
    DebugMon_Handler                         0x08000ce1   Thumb Code     2  startup_stm32f40_41xxx.o(.text)
    ADC_IRQHandler                           0x08000ce7   Thumb Code     0  startup_stm32f40_41xxx.o(.text)
    CAN1_RX0_IRQHandler                      0x08000ce7   Thumb Code     0  startup_stm32f40_41xxx.o(.text)
    CAN1_RX1_IRQHandler                      0x08000ce7   Thumb Code     0  startup_stm32f40_41xxx.o(.text)
    CAN1_SCE_IRQHandler                      0x08000ce7   Thumb Code     0  startup_stm32f40_41xxx.o(.text)
    CAN1_TX_IRQHandler                       0x08000ce7   Thumb Code     0  startup_stm32f40_41xxx.o(.text)
    CAN2_RX0_IRQHandler                      0x08000ce7   Thumb Code     0  startup_stm32f40_41xxx.o(.text)
    CAN2_RX1_IRQHandler                      0x08000ce7   Thumb Code     0  startup_stm32f40_41xxx.o(.text)
    CAN2_SCE_IRQHandler                      0x08000ce7   Thumb Code     0  startup_stm32f40_41xxx.o(.text)
    CAN2_TX_IRQHandler                       0x08000ce7   Thumb Code     0  startup_stm32f40_41xxx.o(.text)
    CRYP_IRQHandler                          0x08000ce7   Thumb Code     0  startup_stm32f40_41xxx.o(.text)
    DCMI_IRQHandler                          0x08000ce7   Thumb Code     0  startup_stm32f40_41xxx.o(.text)
    DMA1_Stream0_IRQHandler                  0x08000ce7   Thumb Code     0  startup_stm32f40_41xxx.o(.text)
    DMA1_Stream1_IRQHandler                  0x08000ce7   Thumb Code     0  startup_stm32f40_41xxx.o(.text)
    DMA1_Stream2_IRQHandler                  0x08000ce7   Thumb Code     0  startup_stm32f40_41xxx.o(.text)
    DMA1_Stream3_IRQHandler                  0x08000ce7   Thumb Code     0  startup_stm32f40_41xxx.o(.text)
    DMA1_Stream4_IRQHandler                  0x08000ce7   Thumb Code     0  startup_stm32f40_41xxx.o(.text)
    DMA1_Stream5_IRQHandler                  0x08000ce7   Thumb Code     0  startup_stm32f40_41xxx.o(.text)
    DMA1_Stream6_IRQHandler                  0x08000ce7   Thumb Code     0  startup_stm32f40_41xxx.o(.text)
    DMA1_Stream7_IRQHandler                  0x08000ce7   Thumb Code     0  startup_stm32f40_41xxx.o(.text)
    DMA2_Stream0_IRQHandler                  0x08000ce7   Thumb Code     0  startup_stm32f40_41xxx.o(.text)
    DMA2_Stream1_IRQHandler                  0x08000ce7   Thumb Code     0  startup_stm32f40_41xxx.o(.text)
    DMA2_Stream2_IRQHandler                  0x08000ce7   Thumb Code     0  startup_stm32f40_41xxx.o(.text)
    DMA2_Stream3_IRQHandler                  0x08000ce7   Thumb Code     0  startup_stm32f40_41xxx.o(.text)
    DMA2_Stream4_IRQHandler                  0x08000ce7   Thumb Code     0  startup_stm32f40_41xxx.o(.text)
    DMA2_Stream5_IRQHandler                  0x08000ce7   Thumb Code     0  startup_stm32f40_41xxx.o(.text)
    DMA2_Stream6_IRQHandler                  0x08000ce7   Thumb Code     0  startup_stm32f40_41xxx.o(.text)
    DMA2_Stream7_IRQHandler                  0x08000ce7   Thumb Code     0  startup_stm32f40_41xxx.o(.text)
    ETH_IRQHandler                           0x08000ce7   Thumb Code     0  startup_stm32f40_41xxx.o(.text)
    ETH_WKUP_IRQHandler                      0x08000ce7   Thumb Code     0  startup_stm32f40_41xxx.o(.text)
    EXTI0_IRQHandler                         0x08000ce7   Thumb Code     0  startup_stm32f40_41xxx.o(.text)
    EXTI15_10_IRQHandler                     0x08000ce7   Thumb Code     0  startup_stm32f40_41xxx.o(.text)
    EXTI1_IRQHandler                         0x08000ce7   Thumb Code     0  startup_stm32f40_41xxx.o(.text)
    EXTI2_IRQHandler                         0x08000ce7   Thumb Code     0  startup_stm32f40_41xxx.o(.text)
    EXTI3_IRQHandler                         0x08000ce7   Thumb Code     0  startup_stm32f40_41xxx.o(.text)
    EXTI4_IRQHandler                         0x08000ce7   Thumb Code     0  startup_stm32f40_41xxx.o(.text)
    EXTI9_5_IRQHandler                       0x08000ce7   Thumb Code     0  startup_stm32f40_41xxx.o(.text)
    FLASH_IRQHandler                         0x08000ce7   Thumb Code     0  startup_stm32f40_41xxx.o(.text)
    FPU_IRQHandler                           0x08000ce7   Thumb Code     0  startup_stm32f40_41xxx.o(.text)
    FSMC_IRQHandler                          0x08000ce7   Thumb Code     0  startup_stm32f40_41xxx.o(.text)
    HASH_RNG_IRQHandler                      0x08000ce7   Thumb Code     0  startup_stm32f40_41xxx.o(.text)
    I2C1_ER_IRQHandler                       0x08000ce7   Thumb Code     0  startup_stm32f40_41xxx.o(.text)
    I2C1_EV_IRQHandler                       0x08000ce7   Thumb Code     0  startup_stm32f40_41xxx.o(.text)
    I2C2_ER_IRQHandler                       0x08000ce7   Thumb Code     0  startup_stm32f40_41xxx.o(.text)
    I2C2_EV_IRQHandler                       0x08000ce7   Thumb Code     0  startup_stm32f40_41xxx.o(.text)
    I2C3_ER_IRQHandler                       0x08000ce7   Thumb Code     0  startup_stm32f40_41xxx.o(.text)
    I2C3_EV_IRQHandler                       0x08000ce7   Thumb Code     0  startup_stm32f40_41xxx.o(.text)
    OTG_FS_IRQHandler                        0x08000ce7   Thumb Code     0  startup_stm32f40_41xxx.o(.text)
    OTG_FS_WKUP_IRQHandler                   0x08000ce7   Thumb Code     0  startup_stm32f40_41xxx.o(.text)
    OTG_HS_EP1_IN_IRQHandler                 0x08000ce7   Thumb Code     0  startup_stm32f40_41xxx.o(.text)
    OTG_HS_EP1_OUT_IRQHandler                0x08000ce7   Thumb Code     0  startup_stm32f40_41xxx.o(.text)
    OTG_HS_IRQHandler                        0x08000ce7   Thumb Code     0  startup_stm32f40_41xxx.o(.text)
    OTG_HS_WKUP_IRQHandler                   0x08000ce7   Thumb Code     0  startup_stm32f40_41xxx.o(.text)
    PVD_IRQHandler                           0x08000ce7   Thumb Code     0  startup_stm32f40_41xxx.o(.text)
    RCC_IRQHandler                           0x08000ce7   Thumb Code     0  startup_stm32f40_41xxx.o(.text)
    RTC_Alarm_IRQHandler                     0x08000ce7   Thumb Code     0  startup_stm32f40_41xxx.o(.text)
    RTC_WKUP_IRQHandler                      0x08000ce7   Thumb Code     0  startup_stm32f40_41xxx.o(.text)
    SDIO_IRQHandler                          0x08000ce7   Thumb Code     0  startup_stm32f40_41xxx.o(.text)
    SPI1_IRQHandler                          0x08000ce7   Thumb Code     0  startup_stm32f40_41xxx.o(.text)
    SPI2_IRQHandler                          0x08000ce7   Thumb Code     0  startup_stm32f40_41xxx.o(.text)
    SPI3_IRQHandler                          0x08000ce7   Thumb Code     0  startup_stm32f40_41xxx.o(.text)
    TAMP_STAMP_IRQHandler                    0x08000ce7   Thumb Code     0  startup_stm32f40_41xxx.o(.text)
    TIM1_BRK_TIM9_IRQHandler                 0x08000ce7   Thumb Code     0  startup_stm32f40_41xxx.o(.text)
    TIM1_CC_IRQHandler                       0x08000ce7   Thumb Code     0  startup_stm32f40_41xxx.o(.text)
    TIM1_TRG_COM_TIM11_IRQHandler            0x08000ce7   Thumb Code     0  startup_stm32f40_41xxx.o(.text)
    TIM1_UP_TIM10_IRQHandler                 0x08000ce7   Thumb Code     0  startup_stm32f40_41xxx.o(.text)
    TIM2_IRQHandler                          0x08000ce7   Thumb Code     0  startup_stm32f40_41xxx.o(.text)
    TIM3_IRQHandler                          0x08000ce7   Thumb Code     0  startup_stm32f40_41xxx.o(.text)
    TIM4_IRQHandler                          0x08000ce7   Thumb Code     0  startup_stm32f40_41xxx.o(.text)
    TIM5_IRQHandler                          0x08000ce7   Thumb Code     0  startup_stm32f40_41xxx.o(.text)
    TIM6_DAC_IRQHandler                      0x08000ce7   Thumb Code     0  startup_stm32f40_41xxx.o(.text)
    TIM7_IRQHandler                          0x08000ce7   Thumb Code     0  startup_stm32f40_41xxx.o(.text)
    TIM8_BRK_TIM12_IRQHandler                0x08000ce7   Thumb Code     0  startup_stm32f40_41xxx.o(.text)
    TIM8_CC_IRQHandler                       0x08000ce7   Thumb Code     0  startup_stm32f40_41xxx.o(.text)
    TIM8_TRG_COM_TIM14_IRQHandler            0x08000ce7   Thumb Code     0  startup_stm32f40_41xxx.o(.text)
    TIM8_UP_TIM13_IRQHandler                 0x08000ce7   Thumb Code     0  startup_stm32f40_41xxx.o(.text)
    UART4_IRQHandler                         0x08000ce7   Thumb Code     0  startup_stm32f40_41xxx.o(.text)
    UART5_IRQHandler                         0x08000ce7   Thumb Code     0  startup_stm32f40_41xxx.o(.text)
    USART1_IRQHandler                        0x08000ce7   Thumb Code     0  startup_stm32f40_41xxx.o(.text)
    USART2_IRQHandler                        0x08000ce7   Thumb Code     0  startup_stm32f40_41xxx.o(.text)
    USART3_IRQHandler                        0x08000ce7   Thumb Code     0  startup_stm32f40_41xxx.o(.text)
    USART6_IRQHandler                        0x08000ce7   Thumb Code     0  startup_stm32f40_41xxx.o(.text)
    WWDG_IRQHandler                          0x08000ce7   Thumb Code     0  startup_stm32f40_41xxx.o(.text)
    SystemInit                               0x08000dcd   Thumb Code    88  system_stm32f4xx.o(.text)
    SystemCoreClockUpdate                    0x08000e25   Thumb Code   174  system_stm32f4xx.o(.text)
    __scatterload                            0x08000f01   Thumb Code    28  init.o(.text)
    __scatterload_rt2                        0x08000f01   Thumb Code     0  init.o(.text)
    SVC_Count                                0x08000f24   Data           4  svc_table.o(SVC_TABLE)
    SVC_Table                                0x08000f28   Data           0  svc_table.o(SVC_TABLE)
    __0printf$2                              0x08000f29   Thumb Code    22  printf2.o(i.__0printf$2)
    __1printf$2                              0x08000f29   Thumb Code     0  printf2.o(i.__0printf$2)
    __2printf                                0x08000f29   Thumb Code     0  printf2.o(i.__0printf$2)
    __scatterload_copy                       0x08000f49   Thumb Code    14  handlers.o(i.__scatterload_copy)
    __scatterload_null                       0x08000f57   Thumb Code     2  handlers.o(i.__scatterload_null)
    __scatterload_zeroinit                   0x08000f59   Thumb Code    14  handlers.o(i.__scatterload_zeroinit)
    _init_box                                0x08000f67   Thumb Code    70  rt_membox.o(i._init_box)
    dbg_init                                 0x08001085   Thumb Code    34  hal_cm.o(i.dbg_init)
    dbg_task_notify                          0x080010b5   Thumb Code    32  hal_cm.o(i.dbg_task_notify)
    dbg_task_switch                          0x080010d5   Thumb Code    16  hal_cm.o(i.dbg_task_switch)
    isr_mbx_receive                          0x08001111   Thumb Code    80  rt_mailbox.o(i.isr_mbx_receive)
    isr_mbx_send                             0x08001161   Thumb Code    14  rt_mailbox.o(i.isr_mbx_send)
    osDelay                                  0x08001171   Thumb Code    18  rt_cmsis.o(i.osDelay)
    osKernelInitialize                       0x08001189   Thumb Code    30  rt_cmsis.o(i.osKernelInitialize)
    osKernelStart                            0x080011ad   Thumb Code    98  rt_cmsis.o(i.osKernelStart)
    osMessageGet                             0x08001219   Thumb Code    62  rt_cmsis.o(i.osMessageGet)
    osThreadCreate                           0x0800125d   Thumb Code    38  rt_cmsis.o(i.osThreadCreate)
    osThreadExit                             0x0800128d   Thumb Code    14  rt_cmsis.o(i.osThreadExit)
    osTimerCall                              0x080012a5   Thumb Code     8  rt_cmsis.o(i.osTimerCall)
    osTimerThread                            0x080012b1   Thumb Code    38  rt_cmsis.o(i.osTimerThread)
    os_tick_init                             0x080012dd   Thumb Code    32  rt_system.o(i.os_tick_init)
    os_tick_irqack                           0x08001305   Thumb Code     2  rt_system.o(i.os_tick_irqack)
    rt_alloc_box                             0x08001307   Thumb Code    26  rt_membox.o(i.rt_alloc_box)
    rt_alloc_mem                             0x08001321   Thumb Code    60  rt_memory.o(i.rt_alloc_mem)
    rt_block                                 0x0800135d   Thumb Code    48  rt_task.o(i.rt_block)
    rt_chk_robin                             0x08001395   Thumb Code    60  rt_robin.o(i.rt_chk_robin)
    rt_dec_dly                               0x080013dd   Thumb Code   102  rt_list.o(i.rt_dec_dly)
    rt_dispatch                              0x0800144d   Thumb Code    60  rt_task.o(i.rt_dispatch)
    rt_dly_wait                              0x08001491   Thumb Code     6  rt_time.o(i.rt_dly_wait)
    rt_evt_psh                               0x08001499   Thumb Code    76  rt_event.o(i.rt_evt_psh)
    rt_free_box                              0x080014e9   Thumb Code    32  rt_membox.o(i.rt_free_box)
    rt_free_mem                              0x08001509   Thumb Code    40  rt_memory.o(i.rt_free_mem)
    rt_get_first                             0x08001531   Thumb Code    40  rt_list.o(i.rt_get_first)
    rt_init_mem                              0x080015a9   Thumb Code    26  rt_memory.o(i.rt_init_mem)
    rt_init_robin                            0x080015c5   Thumb Code    14  rt_robin.o(i.rt_init_robin)
    rt_init_stack                            0x080015dd   Thumb Code    70  hal_cm.o(i.rt_init_stack)
    rt_mbx_check                             0x0800162d   Thumb Code     8  rt_mailbox.o(i.rt_mbx_check)
    rt_mbx_init                              0x08001635   Thumb Code    28  rt_mailbox.o(i.rt_mbx_init)
    rt_mbx_psh                               0x08001651   Thumb Code   234  rt_mailbox.o(i.rt_mbx_psh)
    rt_mbx_wait                              0x08001741   Thumb Code   172  rt_mailbox.o(i.rt_mbx_wait)
    rt_pop_req                               0x0800182d   Thumb Code   110  rt_system.o(i.rt_pop_req)
    rt_psh_req                               0x080018a9   Thumb Code    22  rt_system.o(i.rt_psh_req)
    rt_psq_enq                               0x080018c9   Thumb Code    82  rt_list.o(i.rt_psq_enq)
    rt_put_dly                               0x08001921   Thumb Code    68  rt_list.o(i.rt_put_dly)
    rt_put_prio                              0x08001969   Thumb Code    54  rt_list.o(i.rt_put_prio)
    rt_put_rdy_first                         0x080019a1   Thumb Code    14  rt_list.o(i.rt_put_rdy_first)
    rt_resort_prio                           0x080019b5   Thumb Code    46  rt_list.o(i.rt_resort_prio)
    rt_ret_val                               0x080019f9   Thumb Code    12  hal_cm.o(i.rt_ret_val)
    rt_ret_val2                              0x08001a05   Thumb Code    16  hal_cm.o(i.rt_ret_val2)
    rt_rmv_dly                               0x08001a15   Thumb Code    40  rt_list.o(i.rt_rmv_dly)
    rt_rmv_list                              0x08001a3d   Thumb Code    44  rt_list.o(i.rt_rmv_list)
    rt_sem_psh                               0x08001a6d   Thumb Code    48  rt_semaphore.o(i.rt_sem_psh)
    rt_stk_check                             0x08001aa1   Thumb Code    28  rt_system.o(i.rt_stk_check)
    rt_switch_req                            0x08001ac5   Thumb Code    30  rt_task.o(i.rt_switch_req)
    rt_sys_init                              0x08001aed   Thumb Code   138  rt_task.o(i.rt_sys_init)
    rt_sys_start                             0x08001bb9   Thumb Code   108  rt_task.o(i.rt_sys_start)
    rt_systick                               0x08001c31   Thumb Code    50  rt_system.o(i.rt_systick)
    rt_tsk_create                            0x08001cbd   Thumb Code   116  rt_task.o(i.rt_tsk_create)
    rt_tsk_delete                            0x08001d41   Thumb Code   342  rt_task.o(i.rt_tsk_delete)
    rt_tsk_prio                              0x08001eb5   Thumb Code   108  rt_task.o(i.rt_tsk_prio)
    rt_tsk_self                              0x08001f31   Thumb Code    12  rt_task.o(i.rt_tsk_self)
    svcDelay                                 0x08001f41   Thumb Code    20  rt_cmsis.o(i.svcDelay)
    svcKernelInitialize                      0x08001f55   Thumb Code    80  rt_cmsis.o(i.svcKernelInitialize)
    svcKernelStart                           0x08001fc5   Thumb Code    62  rt_cmsis.o(i.svcKernelStart)
    svcMessageCreate                         0x0800200d   Thumb Code    36  rt_cmsis.o(i.svcMessageCreate)
    svcMessageGet                            0x08002031   Thumb Code    58  rt_cmsis.o(i.svcMessageGet)
    svcThreadCreate                          0x0800206d   Thumb Code   100  rt_cmsis.o(i.svcThreadCreate)
    svcThreadGetId                           0x080020dd   Thumb Code    22  rt_cmsis.o(i.svcThreadGetId)
    svcThreadTerminate                       0x080020f9   Thumb Code    50  rt_cmsis.o(i.svcThreadTerminate)
    svcTimerCall                             0x08002131   Thumb Code    24  rt_cmsis.o(i.svcTimerCall)
    sysTimerTick                             0x08002149   Thumb Code    76  rt_cmsis.o(i.sysTimerTick)
    os_thread_def_Blinky                     0x0800219c   Data          16  main.o(.constdata)
    os_maxtaskrun                            0x080021ac   Data           2  rtx_conf_cm.o(.constdata)
    os_stackinfo                             0x080021b0   Data           4  rtx_conf_cm.o(.constdata)
    os_rrobin                                0x080021b4   Data           4  rtx_conf_cm.o(.constdata)
    os_tickfreq                              0x080021b8   Data           4  rtx_conf_cm.o(.constdata)
    os_tickus_i                              0x080021bc   Data           2  rtx_conf_cm.o(.constdata)
    os_tickus_f                              0x080021be   Data           2  rtx_conf_cm.o(.constdata)
    os_trv                                   0x080021c0   Data           4  rtx_conf_cm.o(.constdata)
    os_flags                                 0x080021c4   Data           1  rtx_conf_cm.o(.constdata)
    CMSIS_RTOS_API_Version                   0x080021c8   Data           4  rtx_conf_cm.o(.constdata)
    CMSIS_RTOS_RTX_Version                   0x080021cc   Data           4  rtx_conf_cm.o(.constdata)
    os_clockrate                             0x080021d0   Data           4  rtx_conf_cm.o(.constdata)
    os_timernum                              0x080021d4   Data           4  rtx_conf_cm.o(.constdata)
    mp_tcb_size                              0x080021d8   Data           2  rtx_conf_cm.o(.constdata)
    mp_stk_size                              0x080021dc   Data           4  rtx_conf_cm.o(.constdata)
    os_stack_sz                              0x080021e0   Data           4  rtx_conf_cm.o(.constdata)
    os_fifo_size                             0x080021e4   Data           1  rtx_conf_cm.o(.constdata)
    os_thread_def_osTimerThread              0x080021e8   Data          16  rtx_conf_cm.o(.constdata)
    os_messageQ_def_osTimerMessageQ          0x080021f8   Data           8  rtx_conf_cm.o(.constdata)
    mp_tmr_size                              0x08002200   Data           2  rtx_conf_cm.o(.constdata)
    Region$$Table$$Base                      0x08002204   Number         0  anon$$obj.o(Region$$Table)
    Region$$Table$$Limit                     0x08002224   Number         0  anon$$obj.o(Region$$Table)
    osThreadId_osTimerThread                 0x20000000   Data           4  rtx_conf_cm.o(.data)
    osMessageQId_osTimerMessageQ             0x20000004   Data           4  rtx_conf_cm.o(.data)
    os_tmr                                   0x20000008   Data           4  rtx_conf_cm.o(.data)
    m_tmr                                    0x2000000c   Data           4  rtx_conf_cm.o(.data)
    os_thread_def_main                       0x20000010   Data          16  rtx_conf_cm.o(.data)
    SystemCoreClock                          0x20000030   Data           4  system_stm32f4xx.o(.data)
    AHBPrescTable                            0x20000034   Data          16  system_stm32f4xx.o(.data)
    os_initialized                           0x20000044   Data           1  rt_cmsis.o(.data)
    os_running                               0x20000045   Data           1  rt_cmsis.o(.data)
    os_timer_head                            0x20000048   Data           4  rt_cmsis.o(.data)
    os_tsk                                   0x2000004c   Data           8  rt_task.o(.data)
    os_tick_irqn                             0x20000058   Data           4  rt_system.o(.data)
    os_time                                  0x2000005c   Data           4  rt_time.o(.data)
    dbg_msg                                  0x20000060   Data           1  hal_cm.o(.data)
    os_robin                                 0x20000064   Data           8  rt_robin.o(.data)
    __stdout                                 0x2000006c   Data           4  stdout.o(.data)
    mp_tcb                                   0x20000070   Data         376  rtx_conf_cm.o(.bss)
    mp_stk                                   0x200001e8   Data        1216  rtx_conf_cm.o(.bss)
    os_stack_mem                             0x200006a8   Data         432  rtx_conf_cm.o(.bss)
    os_fifo                                  0x20000858   Data         132  rtx_conf_cm.o(.bss)
    os_active_TCB                            0x200008dc   Data          28  rtx_conf_cm.o(.bss)
    os_messageQ_q_osTimerMessageQ            0x200008f8   Data          32  rtx_conf_cm.o(.bss)
    os_idle_TCB                              0x20000918   Data          52  rt_task.o(.bss)
    os_rdy                                   0x2000094c   Data          24  rt_list.o(.bss)
    os_dly                                   0x20000964   Data          24  rt_list.o(.bss)
    __initial_sp                             0x20000d80   Data           0  startup_stm32f40_41xxx.o(STACK)



==============================================================================

Memory Map of the image

  Image Entry point : 0x08000189

  Load Region LR_IROM1 (Base: 0x08000000, Size: 0x00002294, Max: 0x00100000, ABSOLUTE)

    Execution Region ER_IROM1 (Base: 0x08000000, Size: 0x00002224, Max: 0x00100000, ABSOLUTE)

    Base Addr    Size         Type   Attr      Idx    E Section Name        Object

    0x08000000   0x00000188   Data   RO         1121    RESET               startup_stm32f40_41xxx.o
    0x08000188   0x00000000   Code   RO         2373  * .ARM.Collect$$$$00000000  mc_w.l(entry.o)
    0x08000188   0x00000004   Code   RO         2703    .ARM.Collect$$$$00000001  mc_w.l(entry2.o)
    0x0800018c   0x00000004   Code   RO         2706    .ARM.Collect$$$$00000004  mc_w.l(entry5.o)
    0x08000190   0x00000000   Code   RO         2708    .ARM.Collect$$$$00000008  mc_w.l(entry7b.o)
    0x08000190   0x00000000   Code   RO         2710    .ARM.Collect$$$$0000000A  mc_w.l(entry8b.o)
    0x08000190   0x00000000   Code   RO         2711    .ARM.Collect$$$$0000000D  mc_w.l(entry10a.o)
    0x08000190   0x00000000   Code   RO         2713    .ARM.Collect$$$$0000000F  mc_w.l(entry11a.o)
    0x08000190   0x00000018   Code   RO          344    .ARM.Collect$$$$000000FF  rtx_conf_cm.o
    0x080001a8   0x00000004   Code   RO         2704    .ARM.Collect$$$$00002712  mc_w.l(entry2.o)
    0x080001ac   0x00000180   Code   RO         2334    .emb_text           RTX_CM4.lib(hal_cm4.o)
    0x0800032c   0x00000080   Code   RO            4    .text               main.o
    0x080003ac   0x00000038   Code   RO          155    .text               fputc_debug.o
    0x080003e4   0x0000001e   Code   RO          345    .text               rtx_conf_cm.o
    0x08000402   0x00000002   PAD
    0x08000404   0x00000294   Code   RO          736    .text               stm32f4xx_gpio.o
    0x08000698   0x00000634   Code   RO          904    .text               stm32f4xx_rcc.o
    0x08000ccc   0x00000024   Code   RO         1122    .text               startup_stm32f40_41xxx.o
    0x08000cf0   0x00000210   Code   RO         1129    .text               system_stm32f4xx.o
    0x08000f00   0x00000024   Code   RO         2746    .text               mc_w.l(init.o)
    0x08000f24   0x00000004   Code   RO         2344    SVC_TABLE           RTX_CM4.lib(svc_table.o)
    0x08000f28   0x00000020   Code   RO         2475    i.__0printf$2       mc_w.l(printf2.o)
    0x08000f48   0x0000000e   Code   RO         2752    i.__scatterload_copy  mc_w.l(handlers.o)
    0x08000f56   0x00000002   Code   RO         2753    i.__scatterload_null  mc_w.l(handlers.o)
    0x08000f58   0x0000000e   Code   RO         2754    i.__scatterload_zeroinit  mc_w.l(handlers.o)
    0x08000f66   0x00000046   Code   RO         2207    i._init_box         RTX_CM4.lib(rt_membox.o)
    0x08000fac   0x000000d6   Code   RO         2482    i._printf_core      mc_w.l(printf2.o)
    0x08001082   0x00000002   PAD
    0x08001084   0x00000030   Code   RO         2260    i.dbg_init          RTX_CM4.lib(hal_cm.o)
    0x080010b4   0x00000020   Code   RO         2261    i.dbg_task_notify   RTX_CM4.lib(hal_cm.o)
    0x080010d4   0x00000010   Code   RO         2262    i.dbg_task_switch   RTX_CM4.lib(hal_cm.o)
    0x080010e4   0x0000002c   Code   RO         1158    i.isrMessagePut     RTX_CM4.lib(rt_cmsis.o)
    0x08001110   0x00000050   Code   RO         2053    i.isr_mbx_receive   RTX_CM4.lib(rt_mailbox.o)
    0x08001160   0x0000000e   Code   RO         2054    i.isr_mbx_send      RTX_CM4.lib(rt_mailbox.o)
    0x0800116e   0x00000002   PAD
    0x08001170   0x00000018   Code   RO         1159    i.osDelay           RTX_CM4.lib(rt_cmsis.o)
    0x08001188   0x00000024   Code   RO         1160    i.osKernelInitialize  RTX_CM4.lib(rt_cmsis.o)
    0x080011ac   0x0000006c   Code   RO         1162    i.osKernelStart     RTX_CM4.lib(rt_cmsis.o)
    0x08001218   0x00000044   Code   RO         1171    i.osMessageGet      RTX_CM4.lib(rt_cmsis.o)
    0x0800125c   0x00000030   Code   RO         1188    i.osThreadCreate    RTX_CM4.lib(rt_cmsis.o)
    0x0800128c   0x00000018   Code   RO         1189    i.osThreadExit      RTX_CM4.lib(rt_cmsis.o)
    0x080012a4   0x0000000c   Code   RO         1195    i.osTimerCall       RTX_CM4.lib(rt_cmsis.o)
    0x080012b0   0x0000002c   Code   RO         1200    i.osTimerThread     RTX_CM4.lib(rt_cmsis.o)
    0x080012dc   0x00000028   Code   RO         1845    i.os_tick_init      RTX_CM4.lib(rt_system.o)
    0x08001304   0x00000002   Code   RO         1846    i.os_tick_irqack    RTX_CM4.lib(rt_system.o)
    0x08001306   0x0000001a   Code   RO         2208    i.rt_alloc_box      RTX_CM4.lib(rt_membox.o)
    0x08001320   0x0000003c   Code   RO         2236    i.rt_alloc_mem      RTX_CM4.lib(rt_memory.o)
    0x0800135c   0x00000038   Code   RO         1760    i.rt_block          RTX_CM4.lib(rt_task.o)
    0x08001394   0x00000048   Code   RO         2313    i.rt_chk_robin      RTX_CM4.lib(rt_robin.o)
    0x080013dc   0x00000070   Code   RO         1977    i.rt_dec_dly        RTX_CM4.lib(rt_list.o)
    0x0800144c   0x00000044   Code   RO         1761    i.rt_dispatch       RTX_CM4.lib(rt_task.o)
    0x08001490   0x00000006   Code   RO         2143    i.rt_dly_wait       RTX_CM4.lib(rt_time.o)
    0x08001496   0x00000002   PAD
    0x08001498   0x00000050   Code   RO         1938    i.rt_evt_psh        RTX_CM4.lib(rt_event.o)
    0x080014e8   0x00000020   Code   RO         2209    i.rt_free_box       RTX_CM4.lib(rt_membox.o)
    0x08001508   0x00000028   Code   RO         2237    i.rt_free_mem       RTX_CM4.lib(rt_memory.o)
    0x08001530   0x00000028   Code   RO         1978    i.rt_get_first      RTX_CM4.lib(rt_list.o)
    0x08001558   0x00000008   Code   RO         1205    i.rt_id2obj         RTX_CM4.lib(rt_cmsis.o)
    0x08001560   0x00000048   Code   RO         1762    i.rt_init_context   RTX_CM4.lib(rt_task.o)
    0x080015a8   0x0000001a   Code   RO         2238    i.rt_init_mem       RTX_CM4.lib(rt_memory.o)
    0x080015c2   0x00000002   PAD
    0x080015c4   0x00000018   Code   RO         2314    i.rt_init_robin     RTX_CM4.lib(rt_robin.o)
    0x080015dc   0x00000050   Code   RO         2263    i.rt_init_stack     RTX_CM4.lib(hal_cm.o)
    0x0800162c   0x00000008   Code   RO         2055    i.rt_mbx_check      RTX_CM4.lib(rt_mailbox.o)
    0x08001634   0x0000001c   Code   RO         2056    i.rt_mbx_init       RTX_CM4.lib(rt_mailbox.o)
    0x08001650   0x000000f0   Code   RO         2057    i.rt_mbx_psh        RTX_CM4.lib(rt_mailbox.o)
    0x08001740   0x000000b0   Code   RO         2059    i.rt_mbx_wait       RTX_CM4.lib(rt_mailbox.o)
    0x080017f0   0x0000003c   Code   RO         1206    i.rt_ms2tick        RTX_CM4.lib(rt_cmsis.o)
    0x0800182c   0x0000007c   Code   RO         1849    i.rt_pop_req        RTX_CM4.lib(rt_system.o)
    0x080018a8   0x00000020   Code   RO         1850    i.rt_psh_req        RTX_CM4.lib(rt_system.o)
    0x080018c8   0x00000058   Code   RO         1980    i.rt_psq_enq        RTX_CM4.lib(rt_list.o)
    0x08001920   0x00000048   Code   RO         1981    i.rt_put_dly        RTX_CM4.lib(rt_list.o)
    0x08001968   0x00000036   Code   RO         1982    i.rt_put_prio       RTX_CM4.lib(rt_list.o)
    0x0800199e   0x00000002   PAD
    0x080019a0   0x00000014   Code   RO         1983    i.rt_put_rdy_first  RTX_CM4.lib(rt_list.o)
    0x080019b4   0x00000034   Code   RO         1984    i.rt_resort_prio    RTX_CM4.lib(rt_list.o)
    0x080019e8   0x00000010   Code   RO         2264    i.rt_ret_regs       RTX_CM4.lib(hal_cm.o)
    0x080019f8   0x0000000c   Code   RO         2265    i.rt_ret_val        RTX_CM4.lib(hal_cm.o)
    0x08001a04   0x00000010   Code   RO         2266    i.rt_ret_val2       RTX_CM4.lib(hal_cm.o)
    0x08001a14   0x00000028   Code   RO         1985    i.rt_rmv_dly        RTX_CM4.lib(rt_list.o)
    0x08001a3c   0x00000030   Code   RO         1986    i.rt_rmv_list       RTX_CM4.lib(rt_list.o)
    0x08001a6c   0x00000034   Code   RO         2104    i.rt_sem_psh        RTX_CM4.lib(rt_semaphore.o)
    0x08001aa0   0x00000024   Code   RO         1852    i.rt_stk_check      RTX_CM4.lib(rt_system.o)
    0x08001ac4   0x00000028   Code   RO         1763    i.rt_switch_req     RTX_CM4.lib(rt_task.o)
    0x08001aec   0x000000cc   Code   RO         1764    i.rt_sys_init       RTX_CM4.lib(rt_task.o)
    0x08001bb8   0x00000078   Code   RO         1765    i.rt_sys_start      RTX_CM4.lib(rt_task.o)
    0x08001c30   0x00000040   Code   RO         1854    i.rt_systick        RTX_CM4.lib(rt_system.o)
    0x08001c70   0x00000012   Code   RO         1207    i.rt_tid2ptcb       RTX_CM4.lib(rt_cmsis.o)
    0x08001c82   0x00000002   PAD
    0x08001c84   0x00000038   Code   RO         1208    i.rt_timer_insert   RTX_CM4.lib(rt_cmsis.o)
    0x08001cbc   0x00000084   Code   RO         1766    i.rt_tsk_create     RTX_CM4.lib(rt_task.o)
    0x08001d40   0x00000174   Code   RO         1767    i.rt_tsk_delete     RTX_CM4.lib(rt_task.o)
    0x08001eb4   0x0000007c   Code   RO         1769    i.rt_tsk_prio       RTX_CM4.lib(rt_task.o)
    0x08001f30   0x00000010   Code   RO         1770    i.rt_tsk_self       RTX_CM4.lib(rt_task.o)
    0x08001f40   0x00000014   Code   RO         1210    i.svcDelay          RTX_CM4.lib(rt_cmsis.o)
    0x08001f54   0x00000070   Code   RO         1211    i.svcKernelInitialize  RTX_CM4.lib(rt_cmsis.o)
    0x08001fc4   0x00000048   Code   RO         1213    i.svcKernelStart    RTX_CM4.lib(rt_cmsis.o)
    0x0800200c   0x00000024   Code   RO         1216    i.svcMessageCreate  RTX_CM4.lib(rt_cmsis.o)
    0x08002030   0x0000003a   Code   RO         1217    i.svcMessageGet     RTX_CM4.lib(rt_cmsis.o)
    0x0800206a   0x00000002   PAD
    0x0800206c   0x00000070   Code   RO         1231    i.svcThreadCreate   RTX_CM4.lib(rt_cmsis.o)
    0x080020dc   0x0000001c   Code   RO         1232    i.svcThreadGetId    RTX_CM4.lib(rt_cmsis.o)
    0x080020f8   0x00000038   Code   RO         1235    i.svcThreadTerminate  RTX_CM4.lib(rt_cmsis.o)
    0x08002130   0x00000018   Code   RO         1237    i.svcTimerCall      RTX_CM4.lib(rt_cmsis.o)
    0x08002148   0x00000054   Code   RO         1246    i.sysTimerTick      RTX_CM4.lib(rt_cmsis.o)
    0x0800219c   0x00000010   Data   RO            5    .constdata          main.o
    0x080021ac   0x00000056   Data   RO          347    .constdata          rtx_conf_cm.o
    0x08002202   0x00000002   PAD
    0x08002204   0x00000020   Data   RO         2750    Region$$Table       anon$$obj.o


    Execution Region RW_IRAM1 (Base: 0x20000000, Size: 0x00000d80, Max: 0x00020000, ABSOLUTE)

    Base Addr    Size         Type   Attr      Idx    E Section Name        Object

    0x20000000   0x00000020   Data   RW          348    .data               rtx_conf_cm.o
    0x20000020   0x00000010   Data   RW          905    .data               stm32f4xx_rcc.o
    0x20000030   0x00000014   Data   RW         1130    .data               system_stm32f4xx.o
    0x20000044   0x00000008   Data   RW         1249    .data               RTX_CM4.lib(rt_cmsis.o)
    0x2000004c   0x00000008   Data   RW         1772    .data               RTX_CM4.lib(rt_task.o)
    0x20000054   0x00000008   Data   RW         1857    .data               RTX_CM4.lib(rt_system.o)
    0x2000005c   0x00000004   Data   RW         2147    .data               RTX_CM4.lib(rt_time.o)
    0x20000060   0x00000001   Data   RW         2267    .data               RTX_CM4.lib(hal_cm.o)
    0x20000061   0x00000003   PAD
    0x20000064   0x00000008   Data   RW         2315    .data               RTX_CM4.lib(rt_robin.o)
    0x2000006c   0x00000004   Data   RW         2715    .data               mc_w.l(stdout.o)
    0x20000070   0x000008a8   Zero   RW          346    .bss                rtx_conf_cm.o
    0x20000918   0x00000034   Zero   RW         1771    .bss                RTX_CM4.lib(rt_task.o)
    0x2000094c   0x00000030   Zero   RW         1987    .bss                RTX_CM4.lib(rt_list.o)
    0x2000097c   0x00000004   PAD
    0x20000980   0x00000400   Zero   RW         1119    STACK               startup_stm32f40_41xxx.o


==============================================================================

Image component sizes


      Code (inc. data)   RO Data    RW Data    ZI Data      Debug   Object Name

        56          6          0          0          0      28387   fputc_debug.o
       128         24         16          0          0     277312   main.o
        54          6         86         32       2216       7494   rtx_conf_cm.o
        36          8        392          0       1024        900   startup_stm32f40_41xxx.o
       660         44          0          0          0       4301   stm32f4xx_gpio.o
      1588         52          0         16          0      12950   stm32f4xx_rcc.o
       528         46          0         20          0       2067   system_stm32f4xx.o

    ----------------------------------------------------------------------
      3052        186        528         68       3240     333411   Object Totals
         0          0         32          0          0          0   (incl. Generated)
         2          0          2          0          0          0   (incl. Padding)

    ----------------------------------------------------------------------

      Code (inc. data)   RO Data    RW Data    ZI Data      Debug   Library Member Name

       220         24          0          1          0       3428   hal_cm.o
       384         28          0          0          0        720   hal_cm4.o
      1152        148          0          8          0      28067   rt_cmsis.o
        80          4          0          0          0        541   rt_event.o
       526         36          0          0         48       6945   rt_list.o
       546         10          0          0          0       3225   rt_mailbox.o
       128          0          0          0          0       1585   rt_membox.o
       126          0          0          0          0       1895   rt_memory.o
        96         22          0          8          0       1014   rt_robin.o
        52          4          0          0          0        485   rt_semaphore.o
       298         54          0          8          0       5563   rt_system.o
      1204        176          0          8         52       8309   rt_task.o
         6          0          0          4          0        524   rt_time.o
         4          4          0          0          0        124   svc_table.o
         0          0          0          0          0          0   entry.o
         0          0          0          0          0          0   entry10a.o
         0          0          0          0          0          0   entry11a.o
         8          4          0          0          0          0   entry2.o
         4          0          0          0          0          0   entry5.o
         0          0          0          0          0          0   entry7b.o
         0          0          0          0          0          0   entry8b.o
        30          0          0          0          0          0   handlers.o
        36          8          0          0          0         68   init.o
       246         10          0          0          0        176   printf2.o
         0          0          0          4          0          0   stdout.o

    ----------------------------------------------------------------------
      5160        532          0         44        104      62669   Library Totals
        14          0          0          3          4          0   (incl. Padding)

    ----------------------------------------------------------------------

      Code (inc. data)   RO Data    RW Data    ZI Data      Debug   Library Name

      4822        510          0         37        100      62425   RTX_CM4.lib
       324         22          0          4          0        244   mc_w.l

    ----------------------------------------------------------------------
      5160        532          0         44        104      62669   Library Totals

    ----------------------------------------------------------------------

==============================================================================


      Code (inc. data)   RO Data    RW Data    ZI Data      Debug   

      8212        718        528        112       3344     388432   Grand Totals
      8212        718        528        112       3344     388432   ELF Image Totals
      8212        718        528        112          0          0   ROM Totals

==============================================================================

    Total RO  Size (Code + RO Data)                 8740 (   8.54kB)
    Total RW  Size (RW Data + ZI Data)              3456 (   3.38kB)
    Total ROM Size (Code + RO Data + RW Data)       8852 (   8.64kB)

==============================================================================

