


ARM Macro Assembler    Page 1 


    1 00000000                 AREA             testbench, CODE, READONLY
    2 00000000                 EXPORT           kalman_filter_testbench
    3 00000000                 IMPORT           kalmanFilter_asm
    4 00000000         
    5 00000000                 ALIGN            4
    6 00000000 00 00 00 
              00 00 00 
              00 00 00 
              00 00 00 
              00 00 00 
              00 00 00 
              00 00    FilteredData
                               SPACE            4 * 5
    7 00000014 40D66666 
              411CCCCD 
              40F91EB8 
              4107FA1A 
              40E00000 InputData
                               DCFS             0x40d66666, 0x411ccccd, 0x40f91
eb8, 0x4107fa1a, 0x40e00000 
                                                            ; [6.7, 9.8, 7.785,
                                                             8.49856, 7.0]
    8 00000028 3DCCCCCD 
              3DCCCCCD 
              00000000 
              3DCCCCCD 
              00000000 KalmanState
                               DCFS             0x3dcccccd, 0x3dcccccd, 0x0, 0x
3dcccccd, 0x0 
                                                            ; q = 0.1, r = 0.1,
                                                             x = 0, p = 0.1, k 
                                                            =0
    9 0000003C         
   10 0000003C         kalman_filter_testbench
   11 0000003C 4803            LDR              R0, =InputData
   12 0000003E 4904            LDR              R1, =FilteredData
   13 00000040 F04F 0202       MOV              R2, #2
   14 00000044 4B03            LDR              R3, =KalmanState
   15 00000046 4D04            LDR              R5, =kalmanFilter_asm
   16 00000048 47A8            BLX              R5
   17 0000004A 4411            ADD              R1, R1, R2
   18 0000004C         
   19 0000004C                 END
              00000000 
              00000000 
              00000000 
              00000000 
Command Line: --debug --xref --cpu=Cortex-M4.fp --apcs=interwork --depend=.\obj
ect\kalman_filter_testbench.d -o.\object\kalman_filter_testbench.o -I"C:\Users\
Maxim\Documents\McGill\Winter 2015\ECSE 426\Labs\Lab 1\Lab 1 Base Project with 
CMSIS-DSP\Lab 1 Base Project\RTE" -I"C:\Users\Maxim\Documents\McGill\Winter 201
5\ECSE 426\Labs\Lab 1\Lab 1 Base Project with CMSIS-DSP\Lab 1 Base Project\RTE\
Device\STM32F407VG" -IC:\Keil_v5\ARM\PACK\ARM\CMSIS\4.1.1\CMSIS\Include -IC:\Ke
il_v5\ARM\PACK\Keil\STM32F4xx_DFP\1.0.8\Device\Include --predefine="__EVAL SETA
 1" --predefine="__MICROLIB SETA 1" --predefine="__UVISION_VERSION SETA 513" --
predefine="_RTE_ SETA 1" --predefine="STM32F40_41xxx SETA 1" --list=.\listings\
kalman_filter_testbench.lst Kalman_filter_testbench.s



ARM Macro Assembler    Page 1 Alphabetic symbol ordering
Relocatable symbols

FilteredData 00000000

Symbol: FilteredData
   Definitions
      At line 6 in file Kalman_filter_testbench.s
   Uses
      At line 12 in file Kalman_filter_testbench.s
Comment: FilteredData used once
InputData 00000014

Symbol: InputData
   Definitions
      At line 7 in file Kalman_filter_testbench.s
   Uses
      At line 11 in file Kalman_filter_testbench.s
Comment: InputData used once
KalmanState 00000028

Symbol: KalmanState
   Definitions
      At line 8 in file Kalman_filter_testbench.s
   Uses
      At line 14 in file Kalman_filter_testbench.s
Comment: KalmanState used once
kalman_filter_testbench 0000003C

Symbol: kalman_filter_testbench
   Definitions
      At line 10 in file Kalman_filter_testbench.s
   Uses
      At line 2 in file Kalman_filter_testbench.s
Comment: kalman_filter_testbench used once
testbench 00000000

Symbol: testbench
   Definitions
      At line 1 in file Kalman_filter_testbench.s
   Uses
      None
Comment: testbench unused
5 symbols



ARM Macro Assembler    Page 1 Alphabetic symbol ordering
External symbols

kalmanFilter_asm 00000000

Symbol: kalmanFilter_asm
   Definitions
      At line 3 in file Kalman_filter_testbench.s
   Uses
      At line 15 in file Kalman_filter_testbench.s
Comment: kalmanFilter_asm used once
1 symbol
344 symbols in table
