


ARM Macro Assembler    Page 1 


    1 00000000                 AREA             KalmanFilter, CODE, READONLY
    2 00000000                 EXPORT           kalmanFilter_asm
    3 00000000         
    4 00000000         kalmanFilter_asm
    5 00000000         ; load the initial Kalman state
    6 00000000 EDD3 0A00       VLDR.F32         S1, [R3]    ; q
    7 00000004 ED93 1A01       VLDR.F32         S2, [R3, #4] ; r
    8 00000008 EDD3 1A02       VLDR.F32         S3, [R3, #8] ; x
    9 0000000C ED93 2A03       VLDR.F32         S4, [R3, #12] ; p
   10 00000010 EDD3 2A04       VLDR.F32         S5, [R3, #16] ; k
   11 00000014         
   12 00000014         update
   13 00000014         ; do the Kalman filter updates
   14 00000014 2A00            CMP              R2, #0      ; Loop through all 
                                                            the array 
   15 00000016 D012            BEQ              exit        ; If so, leave the 
                                                            loop, otherwise con
                                                            tinue 
   16 00000018 ECB0 3A01       VLDR.F32         S6, [R0], #4 ; measurement
   17 0000001C EE32 2A20       VADD.F32         S4, S4, S1  ; p = p + q
   18 00000020 EE72 3A01       VADD.F32         S7, S4, S2  ; temp = p + r
   19 00000024 EEC2 2A23       VDIV.F32         S5, S4, S7  ; k = p / temp = p 
                                                            / (p + r) 
   20 00000028 EE73 3A61       VSUB.F32         S7, S6, S3  ; temp = measurment
                                                             - x
   21 0000002C EE42 1AA3       VMLA.F32         S3, S5, S7  ; x = x + k * temp 
                                                            = x + k * (measurme
                                                            nt - x)
   22 00000030 EE02 2A62       VMLS.F32         S4, S4, S5  ; p = (1 - k) * p =
                                                             p - p * k
   23 00000034 ECE1 1A01       VSTR.F32         S3, [R1], #4 ; store x in the f
                                                            iltered (output) ar
                                                            ray
   24 00000038 F1A2 0201       SUB              R2, R2, #1  ; R2 = R2 - 1
   25 0000003C E7EA            B                update      ; Go to the beginni
                                                            ng of the loop 
   26 0000003E         
   27 0000003E         exit
   28 0000003E EEF1 1A10       VMRS             R1, FPSCR   ; copy FPSCR to APS
                                                            R
   29 00000042 F001 009F       AND              R0, R1, #159 ; apply mask to st
                                                            atus register to ex
                                                            tract the floating-
                                                            point exceptions. R
                                                            0 = 0 if no excepti
                                                            on.
   30 00000046         
   31 00000046         ; store the final Kalman state
   32 00000046 EDC3 0A00       VSTR.F32         S1, [R3]    ; store q
   33 0000004A ED83 1A01       VSTR.F32         S2, [R3, #4] ; store r
   34 0000004E EDC3 1A02       VSTR.F32         S3, [R3, #8] ; store x
   35 00000052 ED83 2A03       VSTR.F32         S4, [R3, #12] ; store p
   36 00000056 EDC3 2A04       VSTR.F32         S5, [R3, #16] ; store k
   37 0000005A         
   38 0000005A 4770            BX               LR
   39 0000005C                 END
Command Line: --debug --xref --cpu=Cortex-M4.fp --apcs=interwork --depend=.\obj
ect\kalmanfilter.d -o.\object\kalmanfilter.o -I"\campus.mcgill.ca\EMF\ELE\olafo
r\Desktop\ECSE 426 MP\Lab 1 Base Project\RTE" -I"\campus.mcgill.ca\EMF\ELE\olaf



ARM Macro Assembler    Page 2 


or\Desktop\ECSE 426 MP\Lab 1 Base Project\RTE\Device\STM32F407VG" -IC:\Keil_v5\
ARM\PACK\ARM\CMSIS\4.1.1\CMSIS\Include -IC:\Keil_v5\ARM\PACK\Keil\STM32F4xx_DFP
\1.0.8\Device\Include --predefine="__MICROLIB SETA 1" --list=.\listings\kalmanf
ilter.lst KalmanFilter.s



ARM Macro Assembler    Page 1 Alphabetic symbol ordering
Relocatable symbols

KalmanFilter 00000000

Symbol: KalmanFilter
   Definitions
      At line 1 in file KalmanFilter.s
   Uses
      None
Comment: KalmanFilter unused
exit 0000003E

Symbol: exit
   Definitions
      At line 27 in file KalmanFilter.s
   Uses
      At line 15 in file KalmanFilter.s
Comment: exit used once
kalmanFilter_asm 00000000

Symbol: kalmanFilter_asm
   Definitions
      At line 4 in file KalmanFilter.s
   Uses
      At line 2 in file KalmanFilter.s
Comment: kalmanFilter_asm used once
update 00000014

Symbol: update
   Definitions
      At line 12 in file KalmanFilter.s
   Uses
      At line 25 in file KalmanFilter.s
Comment: update used once
4 symbols
336 symbols in table
