Component: ARM Compiler 5.05 update 1 (build 106) Tool: armlink [4d0efa]

==============================================================================

Section Cross References

    main.o(.text) refers to f2d.o(.text) for __aeabi_f2d
    main.o(.text) refers to pow.o(i.__hardfp_pow) for __hardfp_pow
    main.o(.text) refers to dadd.o(.text) for __aeabi_dadd
    main.o(.text) refers to d2f.o(.text) for __aeabi_d2f
    main.o(.text) refers to sqrt_full.o(i.__hardfp_sqrt) for __hardfp_sqrt
    main.o(.text) refers to memcpya.o(.text) for __aeabi_memcpy4
    main.o(.text) refers to arm_sub_f32.o(.text) for arm_sub_f32
    main.o(.text) refers to arm_mean_f32.o(.text) for arm_mean_f32
    main.o(.text) refers to arm_std_f32.o(.text) for arm_std_f32
    main.o(.text) refers to arm_correlate_f32.o(.text) for arm_correlate_f32
    main.o(.text) refers to arm_conv_f32.o(.text) for arm_conv_f32
    main.o(.text) refers to main.o(.constdata) for .constdata
    kalman_filter_testbench.o(testbench) refers to kalmanfilter.o(KalmanFilter) for kalmanFilter_asm
    startup_stm32f40_41xxx.o(RESET) refers to startup_stm32f40_41xxx.o(STACK) for __initial_sp
    startup_stm32f40_41xxx.o(RESET) refers to startup_stm32f40_41xxx.o(.text) for Reset_Handler
    startup_stm32f40_41xxx.o(.text) refers to entry.o(.ARM.Collect$$$$00000000) for __main
    system_stm32f4xx.o(.text) refers to system_stm32f4xx.o(.data) for SystemCoreClock
    pow.o(i.__hardfp_pow) refers (Special) to iusefp.o(.text) for __I$use$fp
    pow.o(i.__hardfp_pow) refers to dunder.o(i.__mathlib_dbl_infnan2) for __mathlib_dbl_infnan2
    pow.o(i.__hardfp_pow) refers to errno.o(i.__set_errno) for __set_errno
    pow.o(i.__hardfp_pow) refers to dunder.o(i.__mathlib_dbl_divzero) for __mathlib_dbl_divzero
    pow.o(i.__hardfp_pow) refers to dunder.o(i.__mathlib_dbl_overflow) for __mathlib_dbl_overflow
    pow.o(i.__hardfp_pow) refers to ddiv.o(.text) for __aeabi_ddiv
    pow.o(i.__hardfp_pow) refers to sqrt_full.o(i.sqrt) for sqrt
    pow.o(i.__hardfp_pow) refers to fabs.o(i.fabs) for fabs
    pow.o(i.__hardfp_pow) refers to dunder.o(i.__mathlib_dbl_invalid) for __mathlib_dbl_invalid
    pow.o(i.__hardfp_pow) refers to dunder.o(i.__mathlib_dbl_underflow) for __mathlib_dbl_underflow
    pow.o(i.__hardfp_pow) refers to dadd.o(.text) for __aeabi_dsub
    pow.o(i.__hardfp_pow) refers to dmul.o(.text) for __aeabi_dmul
    pow.o(i.__hardfp_pow) refers to qnan.o(.constdata) for __mathlib_zero
    pow.o(i.__hardfp_pow) refers to poly.o(i.__kernel_poly) for __kernel_poly
    pow.o(i.__hardfp_pow) refers to dflti.o(.text) for __aeabi_i2d
    pow.o(i.__hardfp_pow) refers to pow.o(.constdata) for .constdata
    pow.o(i.__hardfp_pow) refers to cdrcmple.o(.text) for __aeabi_cdrcmple
    pow.o(i.__hardfp_pow) refers to dscalb.o(.text) for __ARM_scalbn
    pow.o(i.__hardfp_pow) refers to fpclassify.o(i.__ARM_fpclassify) for __ARM_fpclassify
    pow.o(i.__softfp_pow) refers (Special) to iusefp.o(.text) for __I$use$fp
    pow.o(i.__softfp_pow) refers to pow.o(i.__hardfp_pow) for __hardfp_pow
    pow.o(i.pow) refers (Special) to iusefp.o(.text) for __I$use$fp
    pow.o(i.pow) refers to pow.o(i.__hardfp_pow) for __hardfp_pow
    pow.o(.constdata) refers (Special) to iusefp.o(.text) for __I$use$fp
    pow_x.o(i.____hardfp_pow$lsc) refers (Special) to iusefp.o(.text) for __I$use$fp
    pow_x.o(i.____hardfp_pow$lsc) refers to dunder.o(i.__mathlib_dbl_infnan2) for __mathlib_dbl_infnan2
    pow_x.o(i.____hardfp_pow$lsc) refers to errno.o(i.__set_errno) for __set_errno
    pow_x.o(i.____hardfp_pow$lsc) refers to ddiv.o(.text) for __aeabi_ddiv
    pow_x.o(i.____hardfp_pow$lsc) refers to sqrt_full.o(i.sqrt) for sqrt
    pow_x.o(i.____hardfp_pow$lsc) refers to fabs.o(i.fabs) for fabs
    pow_x.o(i.____hardfp_pow$lsc) refers to dflti.o(.text) for __aeabi_i2d
    pow_x.o(i.____hardfp_pow$lsc) refers to dadd.o(.text) for __aeabi_dsub
    pow_x.o(i.____hardfp_pow$lsc) refers to dmul.o(.text) for __aeabi_dmul
    pow_x.o(i.____hardfp_pow$lsc) refers to qnan.o(.constdata) for __mathlib_zero
    pow_x.o(i.____hardfp_pow$lsc) refers to poly.o(i.__kernel_poly) for __kernel_poly
    pow_x.o(i.____hardfp_pow$lsc) refers to pow_x.o(.constdata) for .constdata
    pow_x.o(i.____hardfp_pow$lsc) refers to cdrcmple.o(.text) for __aeabi_cdrcmple
    pow_x.o(i.____hardfp_pow$lsc) refers to dscalb.o(.text) for __ARM_scalbn
    pow_x.o(i.____softfp_pow$lsc) refers (Special) to iusefp.o(.text) for __I$use$fp
    pow_x.o(i.____softfp_pow$lsc) refers to pow_x.o(i.____hardfp_pow$lsc) for ____hardfp_pow$lsc
    pow_x.o(i.__pow$lsc) refers (Special) to iusefp.o(.text) for __I$use$fp
    pow_x.o(i.__pow$lsc) refers to pow_x.o(i.____hardfp_pow$lsc) for ____hardfp_pow$lsc
    pow_x.o(.constdata) refers (Special) to iusefp.o(.text) for __I$use$fp
    sqrt_full.o(i.__hardfp_sqrt) refers (Special) to iusefp.o(.text) for __I$use$fp
    sqrt_full.o(i.__hardfp_sqrt) refers to dsqrt.o(.text) for _dsqrt
    sqrt_full.o(i.__hardfp_sqrt) refers to errno.o(i.__set_errno) for __set_errno
    sqrt_full.o(i.__softfp_sqrt) refers (Special) to iusefp.o(.text) for __I$use$fp
    sqrt_full.o(i.__softfp_sqrt) refers to dsqrt.o(.text) for _dsqrt
    sqrt_full.o(i.__softfp_sqrt) refers to errno.o(i.__set_errno) for __set_errno
    sqrt_full.o(i.sqrt) refers (Special) to iusefp.o(.text) for __I$use$fp
    sqrt_full.o(i.sqrt) refers to dsqrt.o(.text) for _dsqrt
    sqrt_full.o(i.sqrt) refers to errno.o(i.__set_errno) for __set_errno
    sqrt_full_x.o(i.____hardfp_sqrt$lsc) refers (Special) to iusefp.o(.text) for __I$use$fp
    sqrt_full_x.o(i.____hardfp_sqrt$lsc) refers to cdcmple.o(.text) for __aeabi_cdcmple
    sqrt_full_x.o(i.____hardfp_sqrt$lsc) refers to errno.o(i.__set_errno) for __set_errno
    sqrt_full_x.o(i.____hardfp_sqrt$lsc) refers to dsqrt.o(.text) for _dsqrt
    sqrt_full_x.o(i.____softfp_sqrt$lsc) refers (Special) to iusefp.o(.text) for __I$use$fp
    sqrt_full_x.o(i.____softfp_sqrt$lsc) refers to cdcmple.o(.text) for __aeabi_cdcmple
    sqrt_full_x.o(i.____softfp_sqrt$lsc) refers to errno.o(i.__set_errno) for __set_errno
    sqrt_full_x.o(i.____softfp_sqrt$lsc) refers to dsqrt.o(.text) for _dsqrt
    sqrt_full_x.o(i.__sqrt$lsc) refers (Special) to iusefp.o(.text) for __I$use$fp
    sqrt_full_x.o(i.__sqrt$lsc) refers to cdcmple.o(.text) for __aeabi_cdcmple
    sqrt_full_x.o(i.__sqrt$lsc) refers to errno.o(i.__set_errno) for __set_errno
    sqrt_full_x.o(i.__sqrt$lsc) refers to dsqrt.o(.text) for _dsqrt
    entry.o(.ARM.Collect$$$$00000000) refers (Special) to entry10a.o(.ARM.Collect$$$$0000000D) for __rt_final_cpp
    entry.o(.ARM.Collect$$$$00000000) refers (Special) to entry11a.o(.ARM.Collect$$$$0000000F) for __rt_final_exit
    entry.o(.ARM.Collect$$$$00000000) refers (Special) to entry7b.o(.ARM.Collect$$$$00000008) for _main_clock
    entry.o(.ARM.Collect$$$$00000000) refers (Special) to entry8b.o(.ARM.Collect$$$$0000000A) for _main_cpp_init
    entry.o(.ARM.Collect$$$$00000000) refers (Special) to entry9a.o(.ARM.Collect$$$$0000000B) for _main_init
    entry.o(.ARM.Collect$$$$00000000) refers (Special) to entry5.o(.ARM.Collect$$$$00000004) for _main_scatterload
    entry.o(.ARM.Collect$$$$00000000) refers (Special) to entry2.o(.ARM.Collect$$$$00000001) for _main_stk
    dadd.o(.text) refers (Special) to iusefp.o(.text) for __I$use$fp
    dadd.o(.text) refers to llshl.o(.text) for __aeabi_llsl
    dadd.o(.text) refers to llsshr.o(.text) for __aeabi_lasr
    dadd.o(.text) refers to depilogue.o(.text) for _double_epilogue
    f2d.o(.text) refers (Special) to iusefp.o(.text) for __I$use$fp
    d2f.o(.text) refers (Special) to iusefp.o(.text) for __I$use$fp
    d2f.o(.text) refers to fepilogue.o(.text) for _float_round
    dunder.o(i.__mathlib_dbl_divzero) refers to ddiv.o(.text) for __aeabi_ddiv
    dunder.o(i.__mathlib_dbl_infnan) refers to dadd.o(.text) for __aeabi_dadd
    dunder.o(i.__mathlib_dbl_infnan2) refers to dadd.o(.text) for __aeabi_dadd
    dunder.o(i.__mathlib_dbl_invalid) refers to ddiv.o(.text) for __aeabi_ddiv
    dunder.o(i.__mathlib_dbl_overflow) refers to dmul.o(.text) for __aeabi_dmul
    dunder.o(i.__mathlib_dbl_posinfnan) refers to dmul.o(.text) for __aeabi_dmul
    dunder.o(i.__mathlib_dbl_underflow) refers to dmul.o(.text) for __aeabi_dmul
    fabs.o(i.__hardfp_fabs) refers (Special) to iusefp.o(.text) for __I$use$fp
    fabs.o(i.__softfp_fabs) refers (Special) to iusefp.o(.text) for __I$use$fp
    fabs.o(i.fabs) refers (Special) to iusefp.o(.text) for __I$use$fp
    fpclassify.o(i.__ARM_fpclassify) refers (Special) to iusefp.o(.text) for __I$use$fp
    poly.o(i.__kernel_poly) refers (Special) to iusefp.o(.text) for __I$use$fp
    poly.o(i.__kernel_poly) refers to dmul.o(.text) for __aeabi_dmul
    poly.o(i.__kernel_poly) refers to dadd.o(.text) for __aeabi_dadd
    qnan.o(.constdata) refers (Special) to iusefp.o(.text) for __I$use$fp
    entry2.o(.ARM.Collect$$$$00000001) refers to entry2.o(.ARM.Collect$$$$00002712) for __lit__00000000
    entry2.o(.ARM.Collect$$$$00002712) refers to startup_stm32f40_41xxx.o(STACK) for __initial_sp
    entry2.o(__vectab_stack_and_reset_area) refers to startup_stm32f40_41xxx.o(STACK) for __initial_sp
    entry2.o(__vectab_stack_and_reset_area) refers to entry.o(.ARM.Collect$$$$00000000) for __main
    entry5.o(.ARM.Collect$$$$00000004) refers to init.o(.text) for __scatterload
    entry9a.o(.ARM.Collect$$$$0000000B) refers to main.o(.text) for main
    entry9b.o(.ARM.Collect$$$$0000000C) refers to main.o(.text) for main
    errno.o(i.__aeabi_errno_addr) refers to errno.o(.data) for .data
    errno.o(i.__read_errno) refers to errno.o(.data) for .data
    errno.o(i.__set_errno) refers to errno.o(.data) for .data
    depilogue.o(.text) refers to llshl.o(.text) for __aeabi_llsl
    depilogue.o(.text) refers to llushr.o(.text) for __aeabi_llsr
    dmul.o(.text) refers to depilogue.o(.text) for _double_epilogue
    ddiv.o(.text) refers to depilogue.o(.text) for _double_round
    dsqrt.o(.text) refers to llushr.o(.text) for __aeabi_llsr
    dsqrt.o(.text) refers to depilogue.o(.text) for _double_round
    dflti.o(.text) refers to depilogue.o(.text) for _double_epilogue
    init.o(.text) refers to entry5.o(.ARM.Collect$$$$00000004) for __main_after_scatterload


==============================================================================

Removing Unused input sections from the image.

    Removing fputc_debug.o(.rev16_text), (4 bytes).
    Removing fputc_debug.o(.revsh_text), (4 bytes).
    Removing fputc_debug.o(.text), (56 bytes).
    Removing main.o(.rev16_text), (4 bytes).
    Removing main.o(.revsh_text), (4 bytes).
    Removing kalman_filter_testbench.o(testbench), (92 bytes).
    Removing kalmanfilter.o(KalmanFilter), (84 bytes).
    Removing startup_stm32f40_41xxx.o(HEAP), (512 bytes).
    Removing system_stm32f4xx.o(.rev16_text), (4 bytes).
    Removing system_stm32f4xx.o(.revsh_text), (4 bytes).
    Removing system_stm32f4xx.o(.text), (528 bytes).
    Removing system_stm32f4xx.o(.data), (20 bytes).
    Removing arm_sub_f32.o(.rev16_text), (4 bytes).
    Removing arm_sub_f32.o(.revsh_text), (4 bytes).
    Removing arm_conv_f32.o(.rev16_text), (4 bytes).
    Removing arm_conv_f32.o(.revsh_text), (4 bytes).
    Removing arm_correlate_f32.o(.rev16_text), (4 bytes).
    Removing arm_correlate_f32.o(.revsh_text), (4 bytes).
    Removing arm_mean_f32.o(.rev16_text), (4 bytes).
    Removing arm_mean_f32.o(.revsh_text), (4 bytes).
    Removing arm_std_f32.o(.rev16_text), (4 bytes).
    Removing arm_std_f32.o(.revsh_text), (4 bytes).
    Removing dneg.o(.text), (6 bytes).
    Removing cdcmple.o(.text), (48 bytes).

24 unused section(s) (total 1410 bytes) removed from the image.

==============================================================================

Image Symbol Table

    Local Symbols

    Symbol Name                              Value     Ov Type        Size  Object(Section)

    ../clib/microlib/errno.c                 0x00000000   Number         0  errno.o ABSOLUTE
    ../clib/microlib/init/entry.s            0x00000000   Number         0  entry10a.o ABSOLUTE
    ../clib/microlib/init/entry.s            0x00000000   Number         0  entry9b.o ABSOLUTE
    ../clib/microlib/init/entry.s            0x00000000   Number         0  entry8a.o ABSOLUTE
    ../clib/microlib/init/entry.s            0x00000000   Number         0  entry9a.o ABSOLUTE
    ../clib/microlib/init/entry.s            0x00000000   Number         0  entry8b.o ABSOLUTE
    ../clib/microlib/init/entry.s            0x00000000   Number         0  entry7b.o ABSOLUTE
    ../clib/microlib/init/entry.s            0x00000000   Number         0  entry7a.o ABSOLUTE
    ../clib/microlib/init/entry.s            0x00000000   Number         0  entry5.o ABSOLUTE
    ../clib/microlib/init/entry.s            0x00000000   Number         0  entry2.o ABSOLUTE
    ../clib/microlib/init/entry.s            0x00000000   Number         0  entry10b.o ABSOLUTE
    ../clib/microlib/init/entry.s            0x00000000   Number         0  entry11b.o ABSOLUTE
    ../clib/microlib/init/entry.s            0x00000000   Number         0  entry11a.o ABSOLUTE
    ../clib/microlib/init/entry.s            0x00000000   Number         0  entry.o ABSOLUTE
    ../clib/microlib/longlong.c              0x00000000   Number         0  llushr.o ABSOLUTE
    ../clib/microlib/longlong.c              0x00000000   Number         0  llsshr.o ABSOLUTE
    ../clib/microlib/longlong.c              0x00000000   Number         0  llshl.o ABSOLUTE
    ../clib/microlib/string/memcpy.c         0x00000000   Number         0  memcpya.o ABSOLUTE
    ../clib/microlib/string/memcpy.c         0x00000000   Number         0  memcpyb.o ABSOLUTE
    ../clib/microlib/stubs.s                 0x00000000   Number         0  iusefp.o ABSOLUTE
    ../fplib/microlib/d2f.c                  0x00000000   Number         0  d2f.o ABSOLUTE
    ../fplib/microlib/f2d.c                  0x00000000   Number         0  f2d.o ABSOLUTE
    ../fplib/microlib/fpadd.c                0x00000000   Number         0  dadd.o ABSOLUTE
    ../fplib/microlib/fpdiv.c                0x00000000   Number         0  ddiv.o ABSOLUTE
    ../fplib/microlib/fpepilogue.c           0x00000000   Number         0  fepilogue.o ABSOLUTE
    ../fplib/microlib/fpepilogue.c           0x00000000   Number         0  depilogue.o ABSOLUTE
    ../fplib/microlib/fpflt.c                0x00000000   Number         0  dflti.o ABSOLUTE
    ../fplib/microlib/fpmul.c                0x00000000   Number         0  dmul.o ABSOLUTE
    ../fplib/microlib/fpneg.c                0x00000000   Number         0  dneg.o ABSOLUTE
    ../fplib/microlib/fpscalb.c              0x00000000   Number         0  dscalb.o ABSOLUTE
    ../fplib/microlib/fpsqrt.c               0x00000000   Number         0  dsqrt.o ABSOLUTE
    ../mathlib/dunder.c                      0x00000000   Number         0  dunder.o ABSOLUTE
    ../mathlib/fabs.c                        0x00000000   Number         0  fabs.o ABSOLUTE
    ../mathlib/fpclassify.c                  0x00000000   Number         0  fpclassify.o ABSOLUTE
    ../mathlib/poly.c                        0x00000000   Number         0  poly.o ABSOLUTE
    ../mathlib/pow.c                         0x00000000   Number         0  pow.o ABSOLUTE
    ../mathlib/pow.c                         0x00000000   Number         0  pow_x.o ABSOLUTE
    ../mathlib/qnan.c                        0x00000000   Number         0  qnan.o ABSOLUTE
    ../mathlib/sqrt.c                        0x00000000   Number         0  sqrt_full_x.o ABSOLUTE
    ../mathlib/sqrt.c                        0x00000000   Number         0  sqrt_full.o ABSOLUTE
    ..\BasicMathFunctions\arm_sub_f32.c      0x00000000   Number         0  arm_sub_f32.o ABSOLUTE
    ..\FilteringFunctions\arm_conv_f32.c     0x00000000   Number         0  arm_conv_f32.o ABSOLUTE
    ..\FilteringFunctions\arm_correlate_f32.c 0x00000000   Number         0  arm_correlate_f32.o ABSOLUTE
    ..\StatisticsFunctions\arm_mean_f32.c    0x00000000   Number         0  arm_mean_f32.o ABSOLUTE
    ..\StatisticsFunctions\arm_std_f32.c     0x00000000   Number         0  arm_std_f32.o ABSOLUTE
    ..\\BasicMathFunctions\\arm_sub_f32.c    0x00000000   Number         0  arm_sub_f32.o ABSOLUTE
    ..\\FilteringFunctions\\arm_conv_f32.c   0x00000000   Number         0  arm_conv_f32.o ABSOLUTE
    ..\\FilteringFunctions\\arm_correlate_f32.c 0x00000000   Number         0  arm_correlate_f32.o ABSOLUTE
    ..\\StatisticsFunctions\\arm_mean_f32.c  0x00000000   Number         0  arm_mean_f32.o ABSOLUTE
    ..\\StatisticsFunctions\\arm_std_f32.c   0x00000000   Number         0  arm_std_f32.o ABSOLUTE
    KalmanFilter.s                           0x00000000   Number         0  kalmanfilter.o ABSOLUTE
    Kalman_filter_testbench.s                0x00000000   Number         0  kalman_filter_testbench.o ABSOLUTE
    RTE\Device\STM32F407VG\startup_stm32f40_41xxx.s 0x00000000   Number         0  startup_stm32f40_41xxx.o ABSOLUTE
    RTE\Device\STM32F407VG\system_stm32f4xx.c 0x00000000   Number         0  system_stm32f4xx.o ABSOLUTE
    RTE\\Device\\STM32F407VG\\system_stm32f4xx.c 0x00000000   Number         0  system_stm32f4xx.o ABSOLUTE
    cdcmple.s                                0x00000000   Number         0  cdcmple.o ABSOLUTE
    cdrcmple.s                               0x00000000   Number         0  cdrcmple.o ABSOLUTE
    dc.s                                     0x00000000   Number         0  dc.o ABSOLUTE
    handlers.s                               0x00000000   Number         0  handlers.o ABSOLUTE
    init.s                                   0x00000000   Number         0  init.o ABSOLUTE
    source\\fputc_debug.c                    0x00000000   Number         0  fputc_debug.o ABSOLUTE
    source\\main.c                           0x00000000   Number         0  main.o ABSOLUTE
    source\fputc_debug.c                     0x00000000   Number         0  fputc_debug.o ABSOLUTE
    source\main.c                            0x00000000   Number         0  main.o ABSOLUTE
    RESET                                    0x08000000   Section      392  startup_stm32f40_41xxx.o(RESET)
    .ARM.Collect$$$$00000000                 0x08000188   Section        0  entry.o(.ARM.Collect$$$$00000000)
    .ARM.Collect$$$$00000001                 0x08000188   Section        4  entry2.o(.ARM.Collect$$$$00000001)
    .ARM.Collect$$$$00000004                 0x0800018c   Section        4  entry5.o(.ARM.Collect$$$$00000004)
    .ARM.Collect$$$$00000008                 0x08000190   Section        0  entry7b.o(.ARM.Collect$$$$00000008)
    .ARM.Collect$$$$0000000A                 0x08000190   Section        0  entry8b.o(.ARM.Collect$$$$0000000A)
    .ARM.Collect$$$$0000000B                 0x08000190   Section        8  entry9a.o(.ARM.Collect$$$$0000000B)
    .ARM.Collect$$$$0000000D                 0x08000198   Section        0  entry10a.o(.ARM.Collect$$$$0000000D)
    .ARM.Collect$$$$0000000F                 0x08000198   Section        0  entry11a.o(.ARM.Collect$$$$0000000F)
    .ARM.Collect$$$$00002712                 0x08000198   Section        4  entry2.o(.ARM.Collect$$$$00002712)
    __lit__00000000                          0x08000198   Data           4  entry2.o(.ARM.Collect$$$$00002712)
    .text                                    0x0800019c   Section        0  main.o(.text)
    .text                                    0x080004fc   Section       52  startup_stm32f40_41xxx.o(.text)
    $v0                                      0x080004fc   Number         0  startup_stm32f40_41xxx.o(.text)
    .text                                    0x08000530   Section        0  arm_sub_f32.o(.text)
    .text                                    0x08000600   Section        0  arm_conv_f32.o(.text)
    .text                                    0x08000c58   Section        0  arm_correlate_f32.o(.text)
    .text                                    0x08001300   Section        0  arm_mean_f32.o(.text)
    .text                                    0x080013b0   Section        0  arm_std_f32.o(.text)
    .text                                    0x080014b8   Section        0  memcpya.o(.text)
    .text                                    0x080014dc   Section        0  dadd.o(.text)
    .text                                    0x0800162a   Section        0  f2d.o(.text)
    .text                                    0x08001650   Section        0  d2f.o(.text)
    .text                                    0x08001688   Section        0  llshl.o(.text)
    .text                                    0x080016a6   Section        0  llsshr.o(.text)
    .text                                    0x080016ca   Section        0  iusefp.o(.text)
    .text                                    0x080016ca   Section        0  fepilogue.o(.text)
    .text                                    0x08001738   Section        0  depilogue.o(.text)
    .text                                    0x080017f2   Section        0  dmul.o(.text)
    .text                                    0x080018d6   Section        0  ddiv.o(.text)
    .text                                    0x080019b4   Section        0  dscalb.o(.text)
    .text                                    0x080019e2   Section        0  dsqrt.o(.text)
    .text                                    0x08001a84   Section        0  dflti.o(.text)
    .text                                    0x08001aa8   Section       48  cdrcmple.o(.text)
    .text                                    0x08001ad8   Section       36  init.o(.text)
    .text                                    0x08001afc   Section        0  llushr.o(.text)
    i.__ARM_fpclassify                       0x08001b1c   Section        0  fpclassify.o(i.__ARM_fpclassify)
    i.__hardfp_pow                           0x08001b50   Section        0  pow.o(i.__hardfp_pow)
    i.__hardfp_sqrt                          0x08002788   Section        0  sqrt_full.o(i.__hardfp_sqrt)
    i.__kernel_poly                          0x08002802   Section        0  poly.o(i.__kernel_poly)
    i.__mathlib_dbl_divzero                  0x08002900   Section        0  dunder.o(i.__mathlib_dbl_divzero)
    i.__mathlib_dbl_infnan2                  0x08002930   Section        0  dunder.o(i.__mathlib_dbl_infnan2)
    i.__mathlib_dbl_invalid                  0x08002948   Section        0  dunder.o(i.__mathlib_dbl_invalid)
    i.__mathlib_dbl_overflow                 0x08002968   Section        0  dunder.o(i.__mathlib_dbl_overflow)
    i.__mathlib_dbl_underflow                0x08002988   Section        0  dunder.o(i.__mathlib_dbl_underflow)
    i.__scatterload_copy                     0x080029a8   Section       14  handlers.o(i.__scatterload_copy)
    i.__scatterload_null                     0x080029b6   Section        2  handlers.o(i.__scatterload_null)
    i.__scatterload_zeroinit                 0x080029b8   Section       14  handlers.o(i.__scatterload_zeroinit)
    i.__set_errno                            0x080029c8   Section        0  errno.o(i.__set_errno)
    i.fabs                                   0x080029d4   Section        0  fabs.o(i.fabs)
    i.sqrt                                   0x080029ec   Section        0  sqrt_full.o(i.sqrt)
    .constdata                               0x08002a5c   Section       20  main.o(.constdata)
    .constdata                               0x08002a70   Section      136  pow.o(.constdata)
    bp                                       0x08002a70   Data          16  pow.o(.constdata)
    dp_h                                     0x08002a80   Data          16  pow.o(.constdata)
    dp_l                                     0x08002a90   Data          16  pow.o(.constdata)
    L                                        0x08002aa0   Data          48  pow.o(.constdata)
    P                                        0x08002ad0   Data          40  pow.o(.constdata)
    .constdata                               0x08002af8   Section        8  qnan.o(.constdata)
    .data                                    0x20000000   Section        4  errno.o(.data)
    _errno                                   0x20000000   Data           4  errno.o(.data)
    STACK                                    0x20000008   Section     1024  startup_stm32f40_41xxx.o(STACK)

    Global Symbols

    Symbol Name                              Value     Ov Type        Size  Object(Section)

    BuildAttributes$$THM_ISAv4$E$P$D$K$B$S$7EM$VFPi3$EXTD16$VFPS$VFMA$PE$A:L22UL41UL21$X:L11$S22US41US21$IEEE1$IW$USESV6$~STKCKD$USESV7$~SHL$OTIME$ROPI$IEEEX$EBA8$MICROLIB$REQ8$PRES8$EABIv2 0x00000000   Number         0  anon$$obj.o ABSOLUTE
    __ARM_use_no_argv                        0x00000000   Number         0  main.o ABSOLUTE
    __cpp_initialize__aeabi_                  - Undefined Weak Reference
    __cxa_finalize                            - Undefined Weak Reference
    __decompress                              - Undefined Weak Reference
    _clock_init                               - Undefined Weak Reference
    _microlib_exit                            - Undefined Weak Reference
    __Vectors_Size                           0x00000188   Number         0  startup_stm32f40_41xxx.o ABSOLUTE
    __Vectors                                0x08000000   Data           4  startup_stm32f40_41xxx.o(RESET)
    __Vectors_End                            0x08000188   Data           0  startup_stm32f40_41xxx.o(RESET)
    __main                                   0x08000189   Thumb Code     0  entry.o(.ARM.Collect$$$$00000000)
    _main_stk                                0x08000189   Thumb Code     0  entry2.o(.ARM.Collect$$$$00000001)
    _main_scatterload                        0x0800018d   Thumb Code     0  entry5.o(.ARM.Collect$$$$00000004)
    __main_after_scatterload                 0x08000191   Thumb Code     0  entry5.o(.ARM.Collect$$$$00000004)
    _main_clock                              0x08000191   Thumb Code     0  entry7b.o(.ARM.Collect$$$$00000008)
    _main_cpp_init                           0x08000191   Thumb Code     0  entry8b.o(.ARM.Collect$$$$0000000A)
    _main_init                               0x08000191   Thumb Code     0  entry9a.o(.ARM.Collect$$$$0000000B)
    __rt_final_cpp                           0x08000199   Thumb Code     0  entry10a.o(.ARM.Collect$$$$0000000D)
    __rt_final_exit                          0x08000199   Thumb Code     0  entry11a.o(.ARM.Collect$$$$0000000F)
    kalmanFilter_C                           0x0800019d   Thumb Code   124  main.o(.text)
    result_diff                              0x08000219   Thumb Code    44  main.o(.text)
    avg_and_std                              0x08000245   Thumb Code   260  main.o(.text)
    correlation                              0x08000349   Thumb Code   146  main.o(.text)
    convolution                              0x080003db   Thumb Code    94  main.o(.text)
    main                                     0x08000439   Thumb Code   174  main.o(.text)
    Reset_Handler                            0x080004fd   Thumb Code    24  startup_stm32f40_41xxx.o(.text)
    NMI_Handler                              0x08000515   Thumb Code     2  startup_stm32f40_41xxx.o(.text)
    HardFault_Handler                        0x08000517   Thumb Code     2  startup_stm32f40_41xxx.o(.text)
    MemManage_Handler                        0x08000519   Thumb Code     2  startup_stm32f40_41xxx.o(.text)
    BusFault_Handler                         0x0800051b   Thumb Code     2  startup_stm32f40_41xxx.o(.text)
    UsageFault_Handler                       0x0800051d   Thumb Code     2  startup_stm32f40_41xxx.o(.text)
    SVC_Handler                              0x0800051f   Thumb Code     2  startup_stm32f40_41xxx.o(.text)
    DebugMon_Handler                         0x08000521   Thumb Code     2  startup_stm32f40_41xxx.o(.text)
    PendSV_Handler                           0x08000523   Thumb Code     2  startup_stm32f40_41xxx.o(.text)
    SysTick_Handler                          0x08000525   Thumb Code     2  startup_stm32f40_41xxx.o(.text)
    ADC_IRQHandler                           0x08000527   Thumb Code     0  startup_stm32f40_41xxx.o(.text)
    CAN1_RX0_IRQHandler                      0x08000527   Thumb Code     0  startup_stm32f40_41xxx.o(.text)
    CAN1_RX1_IRQHandler                      0x08000527   Thumb Code     0  startup_stm32f40_41xxx.o(.text)
    CAN1_SCE_IRQHandler                      0x08000527   Thumb Code     0  startup_stm32f40_41xxx.o(.text)
    CAN1_TX_IRQHandler                       0x08000527   Thumb Code     0  startup_stm32f40_41xxx.o(.text)
    CAN2_RX0_IRQHandler                      0x08000527   Thumb Code     0  startup_stm32f40_41xxx.o(.text)
    CAN2_RX1_IRQHandler                      0x08000527   Thumb Code     0  startup_stm32f40_41xxx.o(.text)
    CAN2_SCE_IRQHandler                      0x08000527   Thumb Code     0  startup_stm32f40_41xxx.o(.text)
    CAN2_TX_IRQHandler                       0x08000527   Thumb Code     0  startup_stm32f40_41xxx.o(.text)
    CRYP_IRQHandler                          0x08000527   Thumb Code     0  startup_stm32f40_41xxx.o(.text)
    DCMI_IRQHandler                          0x08000527   Thumb Code     0  startup_stm32f40_41xxx.o(.text)
    DMA1_Stream0_IRQHandler                  0x08000527   Thumb Code     0  startup_stm32f40_41xxx.o(.text)
    DMA1_Stream1_IRQHandler                  0x08000527   Thumb Code     0  startup_stm32f40_41xxx.o(.text)
    DMA1_Stream2_IRQHandler                  0x08000527   Thumb Code     0  startup_stm32f40_41xxx.o(.text)
    DMA1_Stream3_IRQHandler                  0x08000527   Thumb Code     0  startup_stm32f40_41xxx.o(.text)
    DMA1_Stream4_IRQHandler                  0x08000527   Thumb Code     0  startup_stm32f40_41xxx.o(.text)
    DMA1_Stream5_IRQHandler                  0x08000527   Thumb Code     0  startup_stm32f40_41xxx.o(.text)
    DMA1_Stream6_IRQHandler                  0x08000527   Thumb Code     0  startup_stm32f40_41xxx.o(.text)
    DMA1_Stream7_IRQHandler                  0x08000527   Thumb Code     0  startup_stm32f40_41xxx.o(.text)
    DMA2_Stream0_IRQHandler                  0x08000527   Thumb Code     0  startup_stm32f40_41xxx.o(.text)
    DMA2_Stream1_IRQHandler                  0x08000527   Thumb Code     0  startup_stm32f40_41xxx.o(.text)
    DMA2_Stream2_IRQHandler                  0x08000527   Thumb Code     0  startup_stm32f40_41xxx.o(.text)
    DMA2_Stream3_IRQHandler                  0x08000527   Thumb Code     0  startup_stm32f40_41xxx.o(.text)
    DMA2_Stream4_IRQHandler                  0x08000527   Thumb Code     0  startup_stm32f40_41xxx.o(.text)
    DMA2_Stream5_IRQHandler                  0x08000527   Thumb Code     0  startup_stm32f40_41xxx.o(.text)
    DMA2_Stream6_IRQHandler                  0x08000527   Thumb Code     0  startup_stm32f40_41xxx.o(.text)
    DMA2_Stream7_IRQHandler                  0x08000527   Thumb Code     0  startup_stm32f40_41xxx.o(.text)
    ETH_IRQHandler                           0x08000527   Thumb Code     0  startup_stm32f40_41xxx.o(.text)
    ETH_WKUP_IRQHandler                      0x08000527   Thumb Code     0  startup_stm32f40_41xxx.o(.text)
    EXTI0_IRQHandler                         0x08000527   Thumb Code     0  startup_stm32f40_41xxx.o(.text)
    EXTI15_10_IRQHandler                     0x08000527   Thumb Code     0  startup_stm32f40_41xxx.o(.text)
    EXTI1_IRQHandler                         0x08000527   Thumb Code     0  startup_stm32f40_41xxx.o(.text)
    EXTI2_IRQHandler                         0x08000527   Thumb Code     0  startup_stm32f40_41xxx.o(.text)
    EXTI3_IRQHandler                         0x08000527   Thumb Code     0  startup_stm32f40_41xxx.o(.text)
    EXTI4_IRQHandler                         0x08000527   Thumb Code     0  startup_stm32f40_41xxx.o(.text)
    EXTI9_5_IRQHandler                       0x08000527   Thumb Code     0  startup_stm32f40_41xxx.o(.text)
    FLASH_IRQHandler                         0x08000527   Thumb Code     0  startup_stm32f40_41xxx.o(.text)
    FPU_IRQHandler                           0x08000527   Thumb Code     0  startup_stm32f40_41xxx.o(.text)
    FSMC_IRQHandler                          0x08000527   Thumb Code     0  startup_stm32f40_41xxx.o(.text)
    HASH_RNG_IRQHandler                      0x08000527   Thumb Code     0  startup_stm32f40_41xxx.o(.text)
    I2C1_ER_IRQHandler                       0x08000527   Thumb Code     0  startup_stm32f40_41xxx.o(.text)
    I2C1_EV_IRQHandler                       0x08000527   Thumb Code     0  startup_stm32f40_41xxx.o(.text)
    I2C2_ER_IRQHandler                       0x08000527   Thumb Code     0  startup_stm32f40_41xxx.o(.text)
    I2C2_EV_IRQHandler                       0x08000527   Thumb Code     0  startup_stm32f40_41xxx.o(.text)
    I2C3_ER_IRQHandler                       0x08000527   Thumb Code     0  startup_stm32f40_41xxx.o(.text)
    I2C3_EV_IRQHandler                       0x08000527   Thumb Code     0  startup_stm32f40_41xxx.o(.text)
    OTG_FS_IRQHandler                        0x08000527   Thumb Code     0  startup_stm32f40_41xxx.o(.text)
    OTG_FS_WKUP_IRQHandler                   0x08000527   Thumb Code     0  startup_stm32f40_41xxx.o(.text)
    OTG_HS_EP1_IN_IRQHandler                 0x08000527   Thumb Code     0  startup_stm32f40_41xxx.o(.text)
    OTG_HS_EP1_OUT_IRQHandler                0x08000527   Thumb Code     0  startup_stm32f40_41xxx.o(.text)
    OTG_HS_IRQHandler                        0x08000527   Thumb Code     0  startup_stm32f40_41xxx.o(.text)
    OTG_HS_WKUP_IRQHandler                   0x08000527   Thumb Code     0  startup_stm32f40_41xxx.o(.text)
    PVD_IRQHandler                           0x08000527   Thumb Code     0  startup_stm32f40_41xxx.o(.text)
    RCC_IRQHandler                           0x08000527   Thumb Code     0  startup_stm32f40_41xxx.o(.text)
    RTC_Alarm_IRQHandler                     0x08000527   Thumb Code     0  startup_stm32f40_41xxx.o(.text)
    RTC_WKUP_IRQHandler                      0x08000527   Thumb Code     0  startup_stm32f40_41xxx.o(.text)
    SDIO_IRQHandler                          0x08000527   Thumb Code     0  startup_stm32f40_41xxx.o(.text)
    SPI1_IRQHandler                          0x08000527   Thumb Code     0  startup_stm32f40_41xxx.o(.text)
    SPI2_IRQHandler                          0x08000527   Thumb Code     0  startup_stm32f40_41xxx.o(.text)
    SPI3_IRQHandler                          0x08000527   Thumb Code     0  startup_stm32f40_41xxx.o(.text)
    TAMP_STAMP_IRQHandler                    0x08000527   Thumb Code     0  startup_stm32f40_41xxx.o(.text)
    TIM1_BRK_TIM9_IRQHandler                 0x08000527   Thumb Code     0  startup_stm32f40_41xxx.o(.text)
    TIM1_CC_IRQHandler                       0x08000527   Thumb Code     0  startup_stm32f40_41xxx.o(.text)
    TIM1_TRG_COM_TIM11_IRQHandler            0x08000527   Thumb Code     0  startup_stm32f40_41xxx.o(.text)
    TIM1_UP_TIM10_IRQHandler                 0x08000527   Thumb Code     0  startup_stm32f40_41xxx.o(.text)
    TIM2_IRQHandler                          0x08000527   Thumb Code     0  startup_stm32f40_41xxx.o(.text)
    TIM3_IRQHandler                          0x08000527   Thumb Code     0  startup_stm32f40_41xxx.o(.text)
    TIM4_IRQHandler                          0x08000527   Thumb Code     0  startup_stm32f40_41xxx.o(.text)
    TIM5_IRQHandler                          0x08000527   Thumb Code     0  startup_stm32f40_41xxx.o(.text)
    TIM6_DAC_IRQHandler                      0x08000527   Thumb Code     0  startup_stm32f40_41xxx.o(.text)
    TIM7_IRQHandler                          0x08000527   Thumb Code     0  startup_stm32f40_41xxx.o(.text)
    TIM8_BRK_TIM12_IRQHandler                0x08000527   Thumb Code     0  startup_stm32f40_41xxx.o(.text)
    TIM8_CC_IRQHandler                       0x08000527   Thumb Code     0  startup_stm32f40_41xxx.o(.text)
    TIM8_TRG_COM_TIM14_IRQHandler            0x08000527   Thumb Code     0  startup_stm32f40_41xxx.o(.text)
    TIM8_UP_TIM13_IRQHandler                 0x08000527   Thumb Code     0  startup_stm32f40_41xxx.o(.text)
    UART4_IRQHandler                         0x08000527   Thumb Code     0  startup_stm32f40_41xxx.o(.text)
    UART5_IRQHandler                         0x08000527   Thumb Code     0  startup_stm32f40_41xxx.o(.text)
    USART1_IRQHandler                        0x08000527   Thumb Code     0  startup_stm32f40_41xxx.o(.text)
    USART2_IRQHandler                        0x08000527   Thumb Code     0  startup_stm32f40_41xxx.o(.text)
    USART3_IRQHandler                        0x08000527   Thumb Code     0  startup_stm32f40_41xxx.o(.text)
    USART6_IRQHandler                        0x08000527   Thumb Code     0  startup_stm32f40_41xxx.o(.text)
    WWDG_IRQHandler                          0x08000527   Thumb Code     0  startup_stm32f40_41xxx.o(.text)
    arm_sub_f32                              0x08000531   Thumb Code   206  arm_sub_f32.o(.text)
    arm_conv_f32                             0x08000601   Thumb Code  1622  arm_conv_f32.o(.text)
    arm_correlate_f32                        0x08000c59   Thumb Code  1704  arm_correlate_f32.o(.text)
    arm_mean_f32                             0x08001301   Thumb Code   170  arm_mean_f32.o(.text)
    arm_std_f32                              0x080013b1   Thumb Code   258  arm_std_f32.o(.text)
    __aeabi_memcpy                           0x080014b9   Thumb Code    36  memcpya.o(.text)
    __aeabi_memcpy4                          0x080014b9   Thumb Code     0  memcpya.o(.text)
    __aeabi_memcpy8                          0x080014b9   Thumb Code     0  memcpya.o(.text)
    __aeabi_dadd                             0x080014dd   Thumb Code   322  dadd.o(.text)
    __aeabi_dsub                             0x0800161f   Thumb Code     6  dadd.o(.text)
    __aeabi_drsub                            0x08001625   Thumb Code     6  dadd.o(.text)
    __aeabi_f2d                              0x0800162b   Thumb Code    38  f2d.o(.text)
    __aeabi_d2f                              0x08001651   Thumb Code    56  d2f.o(.text)
    __aeabi_llsl                             0x08001689   Thumb Code    30  llshl.o(.text)
    _ll_shift_l                              0x08001689   Thumb Code     0  llshl.o(.text)
    __aeabi_lasr                             0x080016a7   Thumb Code    36  llsshr.o(.text)
    _ll_sshift_r                             0x080016a7   Thumb Code     0  llsshr.o(.text)
    __I$use$fp                               0x080016cb   Thumb Code     0  iusefp.o(.text)
    _float_round                             0x080016cb   Thumb Code    18  fepilogue.o(.text)
    _float_epilogue                          0x080016dd   Thumb Code    92  fepilogue.o(.text)
    _double_round                            0x08001739   Thumb Code    30  depilogue.o(.text)
    _double_epilogue                         0x08001757   Thumb Code   156  depilogue.o(.text)
    __aeabi_dmul                             0x080017f3   Thumb Code   228  dmul.o(.text)
    __aeabi_ddiv                             0x080018d7   Thumb Code   222  ddiv.o(.text)
    __ARM_scalbn                             0x080019b5   Thumb Code    46  dscalb.o(.text)
    scalbn                                   0x080019b5   Thumb Code     0  dscalb.o(.text)
    _dsqrt                                   0x080019e3   Thumb Code   162  dsqrt.o(.text)
    __aeabi_i2d                              0x08001a85   Thumb Code    34  dflti.o(.text)
    __aeabi_cdrcmple                         0x08001aa9   Thumb Code    48  cdrcmple.o(.text)
    __scatterload                            0x08001ad9   Thumb Code    28  init.o(.text)
    __scatterload_rt2                        0x08001ad9   Thumb Code     0  init.o(.text)
    __aeabi_llsr                             0x08001afd   Thumb Code    32  llushr.o(.text)
    _ll_ushift_r                             0x08001afd   Thumb Code     0  llushr.o(.text)
    __ARM_fpclassify                         0x08001b1d   Thumb Code    48  fpclassify.o(i.__ARM_fpclassify)
    __hardfp_pow                             0x08001b51   Thumb Code  3044  pow.o(i.__hardfp_pow)
    __hardfp_sqrt                            0x08002789   Thumb Code   122  sqrt_full.o(i.__hardfp_sqrt)
    __kernel_poly                            0x08002803   Thumb Code   248  poly.o(i.__kernel_poly)
    __mathlib_dbl_divzero                    0x08002901   Thumb Code    28  dunder.o(i.__mathlib_dbl_divzero)
    __mathlib_dbl_infnan2                    0x08002931   Thumb Code    20  dunder.o(i.__mathlib_dbl_infnan2)
    __mathlib_dbl_invalid                    0x08002949   Thumb Code    24  dunder.o(i.__mathlib_dbl_invalid)
    __mathlib_dbl_overflow                   0x08002969   Thumb Code    24  dunder.o(i.__mathlib_dbl_overflow)
    __mathlib_dbl_underflow                  0x08002989   Thumb Code    24  dunder.o(i.__mathlib_dbl_underflow)
    __scatterload_copy                       0x080029a9   Thumb Code    14  handlers.o(i.__scatterload_copy)
    __scatterload_null                       0x080029b7   Thumb Code     2  handlers.o(i.__scatterload_null)
    __scatterload_zeroinit                   0x080029b9   Thumb Code    14  handlers.o(i.__scatterload_zeroinit)
    __set_errno                              0x080029c9   Thumb Code     6  errno.o(i.__set_errno)
    fabs                                     0x080029d5   Thumb Code    24  fabs.o(i.fabs)
    sqrt                                     0x080029ed   Thumb Code   110  sqrt_full.o(i.sqrt)
    __mathlib_zero                           0x08002af8   Data           8  qnan.o(.constdata)
    Region$$Table$$Base                      0x08002b00   Number         0  anon$$obj.o(Region$$Table)
    Region$$Table$$Limit                     0x08002b20   Number         0  anon$$obj.o(Region$$Table)
    __initial_sp                             0x20000408   Data           0  startup_stm32f40_41xxx.o(STACK)



==============================================================================

Memory Map of the image

  Image Entry point : 0x08000189

  Load Region LR_IROM1 (Base: 0x08000000, Size: 0x00002b24, Max: 0x00100000, ABSOLUTE)

    Execution Region ER_IROM1 (Base: 0x08000000, Size: 0x00002b20, Max: 0x00100000, ABSOLUTE)

    Base Addr    Size         Type   Attr      Idx    E Section Name        Object

    0x08000000   0x00000188   Data   RO          106    RESET               startup_stm32f40_41xxx.o
    0x08000188   0x00000000   Code   RO          291  * .ARM.Collect$$$$00000000  mc_w.l(entry.o)
    0x08000188   0x00000004   Code   RO          329    .ARM.Collect$$$$00000001  mc_w.l(entry2.o)
    0x0800018c   0x00000004   Code   RO          332    .ARM.Collect$$$$00000004  mc_w.l(entry5.o)
    0x08000190   0x00000000   Code   RO          334    .ARM.Collect$$$$00000008  mc_w.l(entry7b.o)
    0x08000190   0x00000000   Code   RO          336    .ARM.Collect$$$$0000000A  mc_w.l(entry8b.o)
    0x08000190   0x00000008   Code   RO          337    .ARM.Collect$$$$0000000B  mc_w.l(entry9a.o)
    0x08000198   0x00000000   Code   RO          339    .ARM.Collect$$$$0000000D  mc_w.l(entry10a.o)
    0x08000198   0x00000000   Code   RO          341    .ARM.Collect$$$$0000000F  mc_w.l(entry11a.o)
    0x08000198   0x00000004   Code   RO          330    .ARM.Collect$$$$00002712  mc_w.l(entry2.o)
    0x0800019c   0x00000360   Code   RO           56    .text               main.o
    0x080004fc   0x00000034   Code   RO          107    .text               startup_stm32f40_41xxx.o
    0x08000530   0x000000ce   Code   RO          139    .text               arm_cortexM4lf_math.lib(arm_sub_f32.o)
    0x080005fe   0x00000002   PAD
    0x08000600   0x00000656   Code   RO          184    .text               arm_cortexM4lf_math.lib(arm_conv_f32.o)
    0x08000c56   0x00000002   PAD
    0x08000c58   0x000006a8   Code   RO          204    .text               arm_cortexM4lf_math.lib(arm_correlate_f32.o)
    0x08001300   0x000000b0   Code   RO          224    .text               arm_cortexM4lf_math.lib(arm_mean_f32.o)
    0x080013b0   0x00000108   Code   RO          244    .text               arm_cortexM4lf_math.lib(arm_std_f32.o)
    0x080014b8   0x00000024   Code   RO          294    .text               mc_w.l(memcpya.o)
    0x080014dc   0x0000014e   Code   RO          298    .text               mf_w.l(dadd.o)
    0x0800162a   0x00000026   Code   RO          300    .text               mf_w.l(f2d.o)
    0x08001650   0x00000038   Code   RO          302    .text               mf_w.l(d2f.o)
    0x08001688   0x0000001e   Code   RO          343    .text               mc_w.l(llshl.o)
    0x080016a6   0x00000024   Code   RO          345    .text               mc_w.l(llsshr.o)
    0x080016ca   0x00000000   Code   RO          354    .text               mc_w.l(iusefp.o)
    0x080016ca   0x0000006e   Code   RO          355    .text               mf_w.l(fepilogue.o)
    0x08001738   0x000000ba   Code   RO          357    .text               mf_w.l(depilogue.o)
    0x080017f2   0x000000e4   Code   RO          359    .text               mf_w.l(dmul.o)
    0x080018d6   0x000000de   Code   RO          361    .text               mf_w.l(ddiv.o)
    0x080019b4   0x0000002e   Code   RO          365    .text               mf_w.l(dscalb.o)
    0x080019e2   0x000000a2   Code   RO          367    .text               mf_w.l(dsqrt.o)
    0x08001a84   0x00000022   Code   RO          369    .text               mf_w.l(dflti.o)
    0x08001aa6   0x00000002   PAD
    0x08001aa8   0x00000030   Code   RO          373    .text               mf_w.l(cdrcmple.o)
    0x08001ad8   0x00000024   Code   RO          375    .text               mc_w.l(init.o)
    0x08001afc   0x00000020   Code   RO          377    .text               mc_w.l(llushr.o)
    0x08001b1c   0x00000030   Code   RO          324    i.__ARM_fpclassify  m_wm.l(fpclassify.o)
    0x08001b4c   0x00000004   PAD
    0x08001b50   0x00000c38   Code   RO          265    i.__hardfp_pow      m_wm.l(pow.o)
    0x08002788   0x0000007a   Code   RO          279    i.__hardfp_sqrt     m_wm.l(sqrt_full.o)
    0x08002802   0x000000f8   Code   RO          326    i.__kernel_poly     m_wm.l(poly.o)
    0x080028fa   0x00000006   PAD
    0x08002900   0x00000030   Code   RO          304    i.__mathlib_dbl_divzero  m_wm.l(dunder.o)
    0x08002930   0x00000014   Code   RO          306    i.__mathlib_dbl_infnan2  m_wm.l(dunder.o)
    0x08002944   0x00000004   PAD
    0x08002948   0x00000020   Code   RO          307    i.__mathlib_dbl_invalid  m_wm.l(dunder.o)
    0x08002968   0x00000020   Code   RO          308    i.__mathlib_dbl_overflow  m_wm.l(dunder.o)
    0x08002988   0x00000020   Code   RO          310    i.__mathlib_dbl_underflow  m_wm.l(dunder.o)
    0x080029a8   0x0000000e   Code   RO          381    i.__scatterload_copy  mc_w.l(handlers.o)
    0x080029b6   0x00000002   Code   RO          382    i.__scatterload_null  mc_w.l(handlers.o)
    0x080029b8   0x0000000e   Code   RO          383    i.__scatterload_zeroinit  mc_w.l(handlers.o)
    0x080029c6   0x00000002   PAD
    0x080029c8   0x0000000c   Code   RO          349    i.__set_errno       mc_w.l(errno.o)
    0x080029d4   0x00000018   Code   RO          320    i.fabs              m_wm.l(fabs.o)
    0x080029ec   0x0000006e   Code   RO          281    i.sqrt              m_wm.l(sqrt_full.o)
    0x08002a5a   0x00000002   PAD
    0x08002a5c   0x00000014   Data   RO           57    .constdata          main.o
    0x08002a70   0x00000088   Data   RO          268    .constdata          m_wm.l(pow.o)
    0x08002af8   0x00000008   Data   RO          328    .constdata          m_wm.l(qnan.o)
    0x08002b00   0x00000020   Data   RO          379    Region$$Table       anon$$obj.o


    Execution Region RW_IRAM1 (Base: 0x20000000, Size: 0x00000408, Max: 0x00020000, ABSOLUTE)

    Base Addr    Size         Type   Attr      Idx    E Section Name        Object

    0x20000000   0x00000004   Data   RW          350    .data               mc_w.l(errno.o)
    0x20000004   0x00000004   PAD
    0x20000008   0x00000400   Zero   RW          104    STACK               startup_stm32f40_41xxx.o


==============================================================================

Image component sizes


      Code (inc. data)   RO Data    RW Data    ZI Data      Debug   Object Name

         0          0          0          0          0       1476   fputc_debug.o
       864         22         20          0          0       3918   main.o
        52          8        392          0       1024        932   startup_stm32f40_41xxx.o

    ----------------------------------------------------------------------
       916         30        444          0       1024       6326   Object Totals
         0          0         32          0          0          0   (incl. Generated)
         0          0          0          0          0          0   (incl. Padding)

    ----------------------------------------------------------------------

      Code (inc. data)   RO Data    RW Data    ZI Data      Debug   Library Member Name

      1622          4          0          0          0       2799   arm_conv_f32.o
      1704          6          0          0          0       2928   arm_correlate_f32.o
       176          6          0          0          0        903   arm_mean_f32.o
       264          6          0          0          0      13602   arm_std_f32.o
       206          0          0          0          0      16298   arm_sub_f32.o
       164         44          0          0          0        620   dunder.o
        24          0          0          0          0        124   fabs.o
        48          0          0          0          0        124   fpclassify.o
       248          0          0          0          0        152   poly.o
      3128        302        136          0          0        356   pow.o
         0          0          8          0          0          0   qnan.o
       232          0          0          0          0        296   sqrt_full.o
         0          0          0          0          0          0   entry.o
         0          0          0          0          0          0   entry10a.o
         0          0          0          0          0          0   entry11a.o
         8          4          0          0          0          0   entry2.o
         4          0          0          0          0          0   entry5.o
         0          0          0          0          0          0   entry7b.o
         0          0          0          0          0          0   entry8b.o
         8          4          0          0          0          0   entry9a.o
        12          6          0          4          0         68   errno.o
        30          0          0          0          0          0   handlers.o
        36          8          0          0          0         68   init.o
         0          0          0          0          0          0   iusefp.o
        30          0          0          0          0         68   llshl.o
        36          0          0          0          0         68   llsshr.o
        32          0          0          0          0         68   llushr.o
        36          0          0          0          0         68   memcpya.o
        48          0          0          0          0         68   cdrcmple.o
        56          0          0          0          0         88   d2f.o
       334          0          0          0          0        148   dadd.o
       222          0          0          0          0        100   ddiv.o
       186          0          0          0          0        176   depilogue.o
        34          0          0          0          0         76   dflti.o
       228          0          0          0          0         96   dmul.o
        46          0          0          0          0         80   dscalb.o
       162          0          0          0          0        100   dsqrt.o
        38          0          0          0          0         68   f2d.o
       110          0          0          0          0        168   fepilogue.o

    ----------------------------------------------------------------------
      9536        390        144          4          4      39778   Library Totals
        24          0          0          0          4          0   (incl. Padding)

    ----------------------------------------------------------------------

      Code (inc. data)   RO Data    RW Data    ZI Data      Debug   Library Name

      3972         22          0          0          0      36530   arm_cortexM4lf_math.lib
      3844        346        144          0          0       1672   m_wm.l
       232         22          0          4          0        408   mc_w.l
      1464          0          0          0          0       1168   mf_w.l

    ----------------------------------------------------------------------
      9536        390        144          4          4      39778   Library Totals

    ----------------------------------------------------------------------

==============================================================================


      Code (inc. data)   RO Data    RW Data    ZI Data      Debug   

     10452        420        588          4       1028      44380   Grand Totals
     10452        420        588          4       1028      44380   ELF Image Totals
     10452        420        588          4          0          0   ROM Totals

==============================================================================

    Total RO  Size (Code + RO Data)                11040 (  10.78kB)
    Total RW  Size (RW Data + ZI Data)              1032 (   1.01kB)
    Total ROM Size (Code + RO Data + RW Data)      11044 (  10.79kB)

==============================================================================

