Product: MDK-ARM Standard 5.10
Component: ARM Compiler 5.04 update 1 (build 49)
Tool: armlink [5040049]

==============================================================================

Section Cross References

    stm32f429i_discovery_lcd.o(.text) refers to stm32f4xx_gpio.o(.text) for GPIO_ResetBits
    stm32f429i_discovery_lcd.o(.text) refers to stm32f4xx_spi.o(.text) for SPI_I2S_SendData
    stm32f429i_discovery_lcd.o(.text) refers to stm32f4xx_rcc.o(.text) for RCC_APB2PeriphClockCmd
    stm32f429i_discovery_lcd.o(.text) refers to stm32f429i_discovery_sdram.o(.text) for SDRAM_Init
    stm32f429i_discovery_lcd.o(.text) refers to stm32f4xx_ltdc.o(.text) for LTDC_Init
    stm32f429i_discovery_lcd.o(.text) refers to stm32f429i_discovery_lcd.o(.data) for LCD_Currentfonts
    stm32f429i_discovery_lcd.o(.text) refers to stm32f4xx_dma2d.o(.text) for DMA2D_DeInit
    stm32f429i_discovery_lcd.o(.data) refers to stm32f429i_discovery_lcd.o(.constdata) for ASCII16x24_Table
    stm32f429i_discovery_sdram.o(.text) refers to stm32f4xx_fmc.o(.text) for FMC_GetFlagStatus
    stm32f429i_discovery_sdram.o(.text) refers to stm32f4xx_rcc.o(.text) for RCC_AHB1PeriphClockCmd
    stm32f429i_discovery_sdram.o(.text) refers to stm32f4xx_gpio.o(.text) for GPIO_PinAFConfig
    cc2500.o(.text) refers to stm32f4xx_spi.o(.text) for SPI_I2S_GetFlagStatus
    cc2500.o(.text) refers to stm32f4xx_gpio.o(.text) for GPIO_ResetBits
    cc2500.o(.text) refers to stm32f4xx_rcc.o(.text) for RCC_APB2PeriphClockCmd
    main.o(.text) refers to rt_cmsis.o(i.osKernelInitialize) for osKernelInitialize
    main.o(.text) refers to stm32f429i_discovery_lcd.o(.text) for LCD_Init
    main.o(.text) refers to stm32f4xx_ltdc.o(.text) for LTDC_Cmd
    main.o(.text) refers to threads.o(.text) for create_threads
    main.o(.text) refers to rt_cmsis.o(i.osKernelStart) for osKernelStart
    wireless_tx.o(.text) refers to stm32f4xx_tim.o(.text) for TIM_GetITStatus
    wireless_tx.o(.text) refers to stm32f4xx_rcc.o(.text) for RCC_APB1PeriphClockCmd
    wireless_tx.o(.text) refers to misc.o(.text) for NVIC_Init
    wireless_tx.o(.text) refers to cc2500.o(.text) for CC2500_init
    wireless_tx.o(.text) refers to wireless_tx.o(.data) for ready
    wireless_tx.o(.text) refers to system_stm32f4xx.o(.data) for SystemCoreClock
    keypad.o(.text) refers to stm32f4xx_rcc.o(.text) for RCC_APB2PeriphClockCmd
    keypad.o(.text) refers to stm32f4xx_gpio.o(.text) for GPIO_Init
    keypad.o(.text) refers to keypad.o(.data) for row_pins
    lcd_draw.o(.text) refers to stm32f429i_discovery_lcd.o(.text) for LCD_SetTextColor
    lcd_draw.o(.text) refers to stm32f429i_discovery_lcd.o(.data) for Font12x12
    threads.o(.text) refers to keypad.o(.text) for keypad_init
    threads.o(.text) refers to stm32f429i_discovery_lcd.o(.text) for LCD_SetFont
    threads.o(.text) refers to wireless_tx.o(.text) for send_data
    threads.o(.text) refers to dfltui.o(.text) for __aeabi_ui2d
    threads.o(.text) refers to dmul.o(.text) for __aeabi_dmul
    threads.o(.text) refers to cos.o(i.__hardfp_cos) for __hardfp_cos
    threads.o(.text) refers to dflti.o(.text) for __aeabi_i2d
    threads.o(.text) refers to dadd.o(.text) for __aeabi_dsub
    threads.o(.text) refers to dfixi.o(.text) for __aeabi_d2iz
    threads.o(.text) refers to sin.o(i.__hardfp_sin) for __hardfp_sin
    threads.o(.text) refers to threads.o(.data) for key
    threads.o(.text) refers to stm32f429i_discovery_lcd.o(.data) for Font12x12
    threads.o(.text) refers to rt_cmsis.o(i.osSignalSet) for osSignalSet
    threads.o(.text) refers to rt_cmsis.o(i.osDelay) for osDelay
    threads.o(.text) refers to lcd_draw.o(.text) for LCD_inital_screen
    threads.o(.text) refers to rt_cmsis.o(i.osSignalWait) for osSignalWait
    threads.o(.text) refers to main.o(.data) for LCD_control_tid
    threads.o(.text) refers to threads.o(.bss) for lcd_draw_memory
    threads.o(.text) refers to memcpya.o(.text) for __aeabi_memcpy4
    threads.o(.text) refers to ddiv.o(.text) for __aeabi_ddiv
    threads.o(.text) refers to dfixui.o(.text) for __aeabi_d2uiz
    threads.o(.text) refers to rt_cmsis.o(i.osThreadCreate) for osThreadCreate
    threads.o(.text) refers to threads.o(.constdata) for .constdata
    threads.o(.constdata) refers to threads.o(.text) for keypad_thread
    stm32f429i_discovery_l3gd20.o(.text) refers to stm32f4xx_spi.o(.text) for SPI_I2S_GetFlagStatus
    stm32f429i_discovery_l3gd20.o(.text) refers to stm32f4xx_gpio.o(.text) for GPIO_ResetBits
    stm32f429i_discovery_l3gd20.o(.text) refers to stm32f4xx_rcc.o(.text) for RCC_APB2PeriphClockCmd
    stm32f429i_discovery_l3gd20.o(.text) refers to stm32f429i_discovery_l3gd20.o(.data) for L3GD20Timeout
    rtx_conf_cm.o(.ARM.Collect$$$$000000FF) refers to rt_cmsis.o(i.osKernelInitialize) for osKernelInitialize
    rtx_conf_cm.o(.ARM.Collect$$$$000000FF) refers to rt_cmsis.o(i.osThreadCreate) for osThreadCreate
[...]
    .constdata                               0x0800b6b0   Section       40  sin_i.o(.constdata)
    S                                        0x0800b6b0   Data          40  sin_i.o(.constdata)
    .data                                    0x20000000   Section       48  stm32f429i_discovery_lcd.o(.data)
    LCD_Currentfonts                         0x20000020   Data           4  stm32f429i_discovery_lcd.o(.data)
    CurrentTextColor                         0x20000024   Data           2  stm32f429i_discovery_lcd.o(.data)
    CurrentBackColor                         0x20000026   Data           2  stm32f429i_discovery_lcd.o(.data)
    CurrentFrameBuffer                       0x20000028   Data           4  stm32f429i_discovery_lcd.o(.data)
    CurrentLayer                             0x2000002c   Data           4  stm32f429i_discovery_lcd.o(.data)
    .data                                    0x20000030   Section       12  main.o(.data)
    .data                                    0x2000003c   Section        5  wireless_tx.o(.data)
    .data                                    0x20000042   Section       28  keypad.o(.data)
    .data                                    0x20000060   Section       28  threads.o(.data)
    .data                                    0x2000007c   Section       32  rtx_conf_cm.o(.data)
    .data                                    0x2000009c   Section       16  stm32f4xx_rcc.o(.data)
    APBAHBPrescTable                         0x2000009c   Data          16  stm32f4xx_rcc.o(.data)
    .data                                    0x200000ac   Section       20  system_stm32f4xx.o(.data)
    .data                                    0x200000c0   Section        8  rt_cmsis.o(.data)
    .data                                    0x200000c8   Section        8  rt_task.o(.data)
    .data                                    0x200000d0   Section        8  rt_system.o(.data)
    os_lock                                  0x200000d0   Data           1  rt_system.o(.data)
    os_psh_flag                              0x200000d1   Data           1  rt_system.o(.data)
    pend_flags                               0x200000d2   Data           1  rt_system.o(.data)
    .data                                    0x200000d8   Section        4  rt_time.o(.data)
    .data                                    0x200000dc   Section        1  hal_cm.o(.data)
    .data                                    0x200000e0   Section        8  rt_robin.o(.data)
    .data                                    0x200000e8   Section        4  errno.o(.data)
    _errno                                   0x200000e8   Data           4  errno.o(.data)
    .bss                                     0x200000ec   Section      160  threads.o(.bss)
    .bss                                     0x20000190   Section     5816  rtx_conf_cm.o(.bss)
    .bss                                     0x20001848   Section       52  rt_task.o(.bss)
    .bss                                     0x2000187c   Section       48  rt_list.o(.bss)
    STACK                                    0x200018b0   Section     1024  startup_stm32f429_439xx.o(STACK)

    Global Symbols

    Symbol Name                              Value     Ov Type        Size  Object(Section)

    BuildAttributes$$THM_ISAv4$E$P$D$K$B$S$7EM$VFPi3$EXTD16$VFPS$VFMA$PE$A:L22UL41UL21$X:L11$S22US41US21$IEEE1$IW$USESV6$~STKCKD$USESV7$~SHL$OTIME$ROPI$IEEEX$EBA8$MICROLIB$REQ8$PRES8$EABIv2 0x00000000   Number         0  anon$$obj.o ABSOLUTE
    __ARM_use_no_argv                        0x00000000   Number         0  main.o ABSOLUTE
    __cpp_initialize__aeabi_                  - Undefined Weak Reference
    __cxa_finalize                            - Undefined Weak Reference
    __decompress                              - Undefined Weak Reference
    _clock_init                               - Undefined Weak Reference
    _microlib_exit                            - Undefined Weak Reference
    __Vectors_Size                           0x000001ac   Number         0  startup_stm32f429_439xx.o ABSOLUTE
    __RL_RTX_VER                             0x00000473   Number         0  rt_system.o ABSOLUTE
    __Vectors                                0x08000000   Data           4  startup_stm32f429_439xx.o(RESET)
    __Vectors_End                            0x080001ac   Data           0  startup_stm32f429_439xx.o(RESET)
    __main                                   0x080001ad   Thumb Code     0  entry.o(.ARM.Collect$$$$00000000)
    _main_stk                                0x080001ad   Thumb Code     0  entry2.o(.ARM.Collect$$$$00000001)
    _main_scatterload                        0x080001b1   Thumb Code     0  entry5.o(.ARM.Collect$$$$00000004)
    __main_after_scatterload                 0x080001b5   Thumb Code     0  entry5.o(.ARM.Collect$$$$00000004)
    __rt_final_cpp                           0x080001b5   Thumb Code     0  entry10a.o(.ARM.Collect$$$$0000000D)
    __rt_final_exit                          0x080001b5   Thumb Code     0  entry11a.o(.ARM.Collect$$$$0000000F)
    _main_clock                              0x080001b5   Thumb Code     0  entry7b.o(.ARM.Collect$$$$00000008)
    _main_cpp_init                           0x080001b5   Thumb Code     0  entry8b.o(.ARM.Collect$$$$0000000A)
    _main_init                               0x080001b5   Thumb Code    18  rtx_conf_cm.o(.ARM.Collect$$$$000000FF)
    rt_set_PSP                               0x080001d1   Thumb Code     6  hal_cm4.o(.emb_text)
    rt_get_PSP                               0x080001d7   Thumb Code     6  hal_cm4.o(.emb_text)
    os_set_env                               0x080001dd   Thumb Code    24  hal_cm4.o(.emb_text)
    _alloc_box                               0x080001f9   Thumb Code    28  hal_cm4.o(.emb_text)
    _free_box                                0x08000219   Thumb Code    28  hal_cm4.o(.emb_text)
    SVC_Handler                              0x08000239   Thumb Code   148  hal_cm4.o(.emb_text)
    PendSV_Handler                           0x080002d9   Thumb Code    96  hal_cm4.o(.emb_text)
    SysTick_Handler                          0x0800033d   Thumb Code     8  hal_cm4.o(.emb_text)
    OS_Tick_Handler                          0x08000345   Thumb Code    12  hal_cm4.o(.emb_text)
    LCD_ChipSelect                           0x08000351   Thumb Code    26  stm32f429i_discovery_lcd.o(.text)
    LCD_CtrlLinesWrite                       0x08000387   Thumb Code    20  stm32f429i_discovery_lcd.o(.text)
    LCD_WriteCommand                         0x0800039b   Thumb Code    58  stm32f429i_discovery_lcd.o(.text)
    LCD_DisplayOff                           0x080003d5   Thumb Code    10  stm32f429i_discovery_lcd.o(.text)
    LCD_DeInit                               0x080003df   Thumb Code   516  stm32f429i_discovery_lcd.o(.text)
    LCD_WriteData                            0x08000731   Thumb Code    86  stm32f429i_discovery_lcd.o(.text)
    LCD_PowerOn                              0x08000787   Thumb Code   652  stm32f429i_discovery_lcd.o(.text)
    LCD_SPIConfig                            0x08000a13   Thumb Code   190  stm32f429i_discovery_lcd.o(.text)
    LCD_CtrlLinesConfig                      0x08000ad1   Thumb Code    56  stm32f429i_discovery_lcd.o(.text)
    LCD_Init                                 0x08000b09   Thumb Code   198  stm32f429i_discovery_lcd.o(.text)
    LCD_SetFont                              0x08000bcf   Thumb Code     6  stm32f429i_discovery_lcd.o(.text)
    LCD_LayerInit                            0x08000bd5   Thumb Code   152  stm32f429i_discovery_lcd.o(.text)
    LCD_SetLayer                             0x08000c6d   Thumb Code    36  stm32f429i_discovery_lcd.o(.text)
    LCD_SetColors                            0x08000c91   Thumb Code    20  stm32f429i_discovery_lcd.o(.text)
    LCD_GetColors                            0x08000ca5   Thumb Code    14  stm32f429i_discovery_lcd.o(.text)
    LCD_SetTextColor                         0x08000cb3   Thumb Code    12  stm32f429i_discovery_lcd.o(.text)
    LCD_SetBackColor                         0x08000cbf   Thumb Code    12  stm32f429i_discovery_lcd.o(.text)
    LCD_SetTransparency                      0x08000ccb   Thumb Code    38  stm32f429i_discovery_lcd.o(.text)
    LCD_GetFont                              0x08000cf1   Thumb Code     6  stm32f429i_discovery_lcd.o(.text)
    LCD_DrawChar                             0x08000cf7   Thumb Code   200  stm32f429i_discovery_lcd.o(.text)
    LCD_DisplayChar                          0x08000dbf   Thumb Code    42  stm32f429i_discovery_lcd.o(.text)
    LCD_ClearLine                            0x08000de9   Thumb Code   104  stm32f429i_discovery_lcd.o(.text)
    LCD_Clear                                0x08000e51   Thumb Code    26  stm32f429i_discovery_lcd.o(.text)
    LCD_SetCursor                            0x08000e6b   Thumb Code    22  stm32f429i_discovery_lcd.o(.text)
    LCD_SetColorKeying                       0x08000e81   Thumb Code    68  stm32f429i_discovery_lcd.o(.text)
    LCD_ReSetColorKeying                     0x08000ec5   Thumb Code    46  stm32f429i_discovery_lcd.o(.text)
    LCD_DisplayStringLine                    0x08000ef3   Thumb Code    80  stm32f429i_discovery_lcd.o(.text)
    LCD_SetDisplayWindow                     0x08000f43   Thumb Code    92  stm32f429i_discovery_lcd.o(.text)
    LCD_WindowModeDisable                    0x08000f9f   Thumb Code    18  stm32f429i_discovery_lcd.o(.text)
    LCD_DrawLine                             0x08000fb1   Thumb Code   158  stm32f429i_discovery_lcd.o(.text)
    LCD_DrawRect                             0x0800104f   Thumb Code    68  stm32f429i_discovery_lcd.o(.text)
    LCD_DrawCircle                           0x08001093   Thumb Code   194  stm32f429i_discovery_lcd.o(.text)
    LCD_DrawFullEllipse                      0x08001155   Thumb Code   534  stm32f429i_discovery_lcd.o(.text)
    LCD_DrawEllipse                          0x0800136b   Thumb Code   702  stm32f429i_discovery_lcd.o(.text)
    LCD_DrawMonoPict                         0x08001629   Thumb Code    66  stm32f429i_discovery_lcd.o(.text)
    LCD_WriteBMP                             0x0800166b   Thumb Code   320  stm32f429i_discovery_lcd.o(.text)
    LCD_DrawFullRect                         0x080017ab   Thumb Code   152  stm32f429i_discovery_lcd.o(.text)
    LCD_DrawFullCircle                       0x08001843   Thumb Code   146  stm32f429i_discovery_lcd.o(.text)
    LCD_DrawUniLine                          0x080018ff   Thumb Code   306  stm32f429i_discovery_lcd.o(.text)
    LCD_Triangle                             0x08001a31   Thumb Code   108  stm32f429i_discovery_lcd.o(.text)
    LCD_FillTriangle                         0x08001a9d   Thumb Code   296  stm32f429i_discovery_lcd.o(.text)
    LCD_PolyLine                             0x08001bc5   Thumb Code    68  stm32f429i_discovery_lcd.o(.text)
    LCD_ClosedPolyLine                       0x08001c7f   Thumb Code    48  stm32f429i_discovery_lcd.o(.text)
    LCD_PolyLineRelative                     0x08001caf   Thumb Code    18  stm32f429i_discovery_lcd.o(.text)
    LCD_ClosedPolyLineRelative               0x08001cc1   Thumb Code    18  stm32f429i_discovery_lcd.o(.text)
    LCD_FillPolyLine                         0x08001cd3   Thumb Code   432  stm32f429i_discovery_lcd.o(.text)
    LCD_DisplayOn                            0x08001e83   Thumb Code    10  stm32f429i_discovery_lcd.o(.text)
    SDRAM_InitSequence                       0x08001ead   Thumb Code   200  stm32f429i_discovery_sdram.o(.text)
    SDRAM_GPIOConfig                         0x08001f75   Thumb Code   492  stm32f429i_discovery_sdram.o(.text)
    SDRAM_Init                               0x08002161   Thumb Code   104  stm32f429i_discovery_sdram.o(.text)
    SDRAM_WriteBuffer                        0x080021c9   Thumb Code    58  stm32f429i_discovery_sdram.o(.text)
    SDRAM_ReadBuffer                         0x08002203   Thumb Code    50  stm32f429i_discovery_sdram.o(.text)
    CC2500_CS                                0x0800229f   Thumb Code    54  cc2500.o(.text)
    CC2500_write                             0x080022d5   Thumb Code    62  cc2500.o(.text)
    send_strobe                              0x08002313   Thumb Code    34  cc2500.o(.text)
    chip_reset                               0x08002335   Thumb Code    50  cc2500.o(.text)
    CC2500_init                              0x0800244d   Thumb Code   308  cc2500.o(.text)
    CC2500_read                              0x08002581   Thumb Code    70  cc2500.o(.text)
    get_rx_buffer_size                       0x080025c7   Thumb Code    40  cc2500.o(.text)
    get_tx_buffer_size                       0x080025ef   Thumb Code    14  cc2500.o(.text)
    calibrate_frequency_synthesizer          0x080025fd   Thumb Code    10  cc2500.o(.text)
    rx_enable                                0x08002607   Thumb Code    10  cc2500.o(.text)
    tx_enable                                0x08002611   Thumb Code    10  cc2500.o(.text)
    set_idle                                 0x0800261b   Thumb Code    10  cc2500.o(.text)
    flush_rx_fifo                            0x08002625   Thumb Code    10  cc2500.o(.text)
    flush_tx_fifo                            0x0800262f   Thumb Code    10  cc2500.o(.text)
    get_status_byte                          0x08002639   Thumb Code    30  cc2500.o(.text)
    read_rx_fifo                             0x08002657   Thumb Code    18  cc2500.o(.text)
    write_tx_fifo                            0x08002669   Thumb Code    18  cc2500.o(.text)
    main                                     0x0800267b   Thumb Code    38  main.o(.text)
    delay                                    0x080026a1   Thumb Code    32  wireless_tx.o(.text)
    TIM3_IRQHandler                          0x080026c1   Thumb Code    28  wireless_tx.o(.text)
    config_tim3                              0x080026dd   Thumb Code   114  wireless_tx.o(.text)
    wireless_init                            0x0800274f   Thumb Code    12  wireless_tx.o(.text)
    send_data                                0x0800275b   Thumb Code    42  wireless_tx.o(.text)
    keypad_init                              0x08002795   Thumb Code    80  keypad.o(.text)
    read_cols                                0x080027e5   Thumb Code    52  keypad.o(.text)
    get_key                                  0x08002819   Thumb Code    84  keypad.o(.text)
    get_input                                0x0800286d   Thumb Code    20  keypad.o(.text)
    LCD_shape_clear                          0x08002895   Thumb Code    56  lcd_draw.o(.text)
    LCD_inital_screen                        0x080028cd   Thumb Code   136  lcd_draw.o(.text)
    keypad_thread                            0x080029d1   Thumb Code  1792  threads.o(.text)
    LCD_control_thread                       0x080030d1   Thumb Code   964  threads.o(.text)
    Data_send_thread                         0x08003495   Thumb Code   658  threads.o(.text)
    create_threads                           0x08003727   Thumb Code    40  threads.o(.text)
    os_idle_demon                            0x080037cd   Thumb Code     4  rtx_conf_cm.o(.text)
    os_error                                 0x080037d1   Thumb Code    26  rtx_conf_cm.o(.text)
    NVIC_PriorityGroupConfig                 0x080037ed   Thumb Code    10  misc.o(.text)
    NVIC_Init                                0x080037f7   Thumb Code   106  misc.o(.text)
    NVIC_SetVectorTable                      0x08003861   Thumb Code    14  misc.o(.text)
    NVIC_SystemLPConfig                      0x0800386f   Thumb Code    34  misc.o(.text)
    SysTick_CLKSourceConfig                  0x08003891   Thumb Code    40  misc.o(.text)
    DMA2D_DeInit                             0x080038cd   Thumb Code    22  stm32f4xx_dma2d.o(.text)
    DMA2D_Init                               0x080038e3   Thumb Code   218  stm32f4xx_dma2d.o(.text)
    DMA2D_StructInit                         0x080039bd   Thumb Code    24  stm32f4xx_dma2d.o(.text)
    DMA2D_StartTransfer                      0x080039d5   Thumb Code    14  stm32f4xx_dma2d.o(.text)
    DMA2D_AbortTransfer                      0x080039e3   Thumb Code    14  stm32f4xx_dma2d.o(.text)
    DMA2D_Suspend                            0x080039f1   Thumb Code    30  stm32f4xx_dma2d.o(.text)
    DMA2D_FGConfig                           0x08003a0f   Thumb Code   174  stm32f4xx_dma2d.o(.text)
    DMA2D_FG_StructInit                      0x08003abd   Thumb Code    26  stm32f4xx_dma2d.o(.text)
    DMA2D_BGConfig                           0x08003ad7   Thumb Code   174  stm32f4xx_dma2d.o(.text)
    DMA2D_BG_StructInit                      0x08003b85   Thumb Code    26  stm32f4xx_dma2d.o(.text)
    DMA2D_FGStart                            0x08003b9f   Thumb Code    30  stm32f4xx_dma2d.o(.text)
    DMA2D_BGStart                            0x08003bbd   Thumb Code    30  stm32f4xx_dma2d.o(.text)
    DMA2D_DeadTimeConfig                     0x08003bdb   Thumb Code    50  stm32f4xx_dma2d.o(.text)
    DMA2D_LineWatermarkConfig                0x08003c0d   Thumb Code     6  stm32f4xx_dma2d.o(.text)
    DMA2D_ITConfig                           0x08003c13   Thumb Code    26  stm32f4xx_dma2d.o(.text)
    DMA2D_GetFlagStatus                      0x08003c2d   Thumb Code    20  stm32f4xx_dma2d.o(.text)
    DMA2D_ClearFlag                          0x08003c41   Thumb Code     6  stm32f4xx_dma2d.o(.text)
    DMA2D_GetITStatus                        0x08003c47   Thumb Code    38  stm32f4xx_dma2d.o(.text)
    DMA2D_ClearITPendingBit                  0x08003c6d   Thumb Code     8  stm32f4xx_dma2d.o(.text)
    FMC_NORSRAMDeInit                        0x08003c81   Thumb Code    54  stm32f4xx_fmc.o(.text)
    FMC_NORSRAMInit                          0x08003cb7   Thumb Code   296  stm32f4xx_fmc.o(.text)
    FMC_NORSRAMStructInit                    0x08003ddf   Thumb Code   120  stm32f4xx_fmc.o(.text)
    FMC_NORSRAMCmd                           0x08003e57   Thumb Code    46  stm32f4xx_fmc.o(.text)
    FMC_NANDDeInit                           0x08003e85   Thumb Code    62  stm32f4xx_fmc.o(.text)
    FMC_NANDInit                             0x08003ec3   Thumb Code   132  stm32f4xx_fmc.o(.text)
    FMC_NANDStructInit                       0x08003f47   Thumb Code    58  stm32f4xx_fmc.o(.text)
    FMC_NANDCmd                              0x08003f81   Thumb Code    86  stm32f4xx_fmc.o(.text)
    FMC_NANDECCCmd                           0x08003fd7   Thumb Code    86  stm32f4xx_fmc.o(.text)
    FMC_GetECC                               0x0800402d   Thumb Code    24  stm32f4xx_fmc.o(.text)
    FMC_PCCARDDeInit                         0x08004045   Thumb Code    36  stm32f4xx_fmc.o(.text)
    FMC_PCCARDInit                           0x08004069   Thumb Code   130  stm32f4xx_fmc.o(.text)
    FMC_PCCARDStructInit                     0x080040eb   Thumb Code    60  stm32f4xx_fmc.o(.text)
    FMC_PCCARDCmd                            0x08004127   Thumb Code    44  stm32f4xx_fmc.o(.text)
    FMC_SDRAMDeInit                          0x08004153   Thumb Code    48  stm32f4xx_fmc.o(.text)
    FMC_SDRAMInit                            0x08004183   Thumb Code   254  stm32f4xx_fmc.o(.text)
    FMC_SDRAMStructInit                      0x08004281   Thumb Code    64  stm32f4xx_fmc.o(.text)
    FMC_SDRAMCmdConfig                       0x080042c1   Thumb Code    28  stm32f4xx_fmc.o(.text)
    FMC_GetModeStatus                        0x080042dd   Thumb Code    32  stm32f4xx_fmc.o(.text)
    FMC_SetRefreshCount                      0x080042fd   Thumb Code    20  stm32f4xx_fmc.o(.text)
    FMC_SetAutoRefresh_Number                0x08004311   Thumb Code    18  stm32f4xx_fmc.o(.text)
    FMC_SDRAMWriteProtectionConfig           0x08004323   Thumb Code    56  stm32f4xx_fmc.o(.text)
    FMC_ITConfig                             0x0800435b   Thumb Code   176  stm32f4xx_fmc.o(.text)
    FMC_GetFlagStatus                        0x0800440b   Thumb Code    70  stm32f4xx_fmc.o(.text)
    FMC_ClearFlag                            0x08004451   Thumb Code    86  stm32f4xx_fmc.o(.text)
    FMC_GetITStatus                          0x080044a7   Thumb Code    98  stm32f4xx_fmc.o(.text)
    FMC_ClearITPendingBit                    0x08004509   Thumb Code    94  stm32f4xx_fmc.o(.text)
    GPIO_DeInit                              0x0800456d   Thumb Code   268  stm32f4xx_gpio.o(.text)
    GPIO_Init                                0x08004679   Thumb Code   144  stm32f4xx_gpio.o(.text)
    GPIO_StructInit                          0x08004709   Thumb Code    18  stm32f4xx_gpio.o(.text)
    GPIO_PinLockConfig                       0x0800471b   Thumb Code    34  stm32f4xx_gpio.o(.text)
    GPIO_ReadInputDataBit                    0x0800473d   Thumb Code    18  stm32f4xx_gpio.o(.text)
    GPIO_ReadInputData                       0x0800474f   Thumb Code     8  stm32f4xx_gpio.o(.text)
    GPIO_ReadOutputDataBit                   0x08004757   Thumb Code    18  stm32f4xx_gpio.o(.text)
    GPIO_ReadOutputData                      0x08004769   Thumb Code     8  stm32f4xx_gpio.o(.text)
    GPIO_SetBits                             0x08004771   Thumb Code     4  stm32f4xx_gpio.o(.text)
    GPIO_ResetBits                           0x08004775   Thumb Code     4  stm32f4xx_gpio.o(.text)
    GPIO_WriteBit                            0x08004779   Thumb Code    10  stm32f4xx_gpio.o(.text)
    GPIO_Write                               0x08004783   Thumb Code     4  stm32f4xx_gpio.o(.text)
    GPIO_ToggleBits                          0x08004787   Thumb Code     8  stm32f4xx_gpio.o(.text)
    GPIO_PinAFConfig                         0x0800478f   Thumb Code    70  stm32f4xx_gpio.o(.text)
    LTDC_DeInit                              0x08004801   Thumb Code    22  stm32f4xx_ltdc.o(.text)
    LTDC_Init                                0x08004817   Thumb Code   378  stm32f4xx_ltdc.o(.text)
    LTDC_StructInit                          0x08004991   Thumb Code    34  stm32f4xx_ltdc.o(.text)
    LTDC_Cmd                                 0x080049b3   Thumb Code    38  stm32f4xx_ltdc.o(.text)
    LTDC_DitherCmd                           0x080049d9   Thumb Code    38  stm32f4xx_ltdc.o(.text)
    LTDC_GetRGBWidth                         0x080049ff   Thumb Code    58  stm32f4xx_ltdc.o(.text)
    LTDC_RGBStructInit                       0x08004a39   Thumb Code    10  stm32f4xx_ltdc.o(.text)
    LTDC_LIPConfig                           0x08004a43   Thumb Code     8  stm32f4xx_ltdc.o(.text)
    LTDC_ReloadConfig                        0x08004a4b   Thumb Code     8  stm32f4xx_ltdc.o(.text)
    LTDC_LayerInit                           0x08004a53   Thumb Code   276  stm32f4xx_ltdc.o(.text)
    LTDC_LayerStructInit                     0x08004b67   Thumb Code    48  stm32f4xx_ltdc.o(.text)
    LTDC_LayerCmd                            0x08004b97   Thumb Code    22  stm32f4xx_ltdc.o(.text)
    LTDC_GetPosStatus                        0x08004bad   Thumb Code    42  stm32f4xx_ltdc.o(.text)
    LTDC_PosStructInit                       0x08004bd7   Thumb Code     8  stm32f4xx_ltdc.o(.text)
    LTDC_GetCDStatus                         0x08004bdf   Thumb Code    20  stm32f4xx_ltdc.o(.text)
    LTDC_ColorKeyingConfig                   0x08004bf3   Thumb Code    74  stm32f4xx_ltdc.o(.text)
    LTDC_ColorKeyingStructInit               0x08004c3d   Thumb Code    10  stm32f4xx_ltdc.o(.text)
    LTDC_CLUTCmd                             0x08004c47   Thumb Code    28  stm32f4xx_ltdc.o(.text)
    LTDC_CLUTInit                            0x08004c63   Thumb Code    32  stm32f4xx_ltdc.o(.text)
    LTDC_CLUTStructInit                      0x08004c83   Thumb Code    12  stm32f4xx_ltdc.o(.text)
    LTDC_LayerPosition                       0x08004c8f   Thumb Code   158  stm32f4xx_ltdc.o(.text)
    LTDC_LayerAlpha                          0x08004d2d   Thumb Code     4  stm32f4xx_ltdc.o(.text)
    LTDC_LayerAddress                        0x08004d31   Thumb Code     4  stm32f4xx_ltdc.o(.text)
    LTDC_LayerSize                           0x08004d35   Thumb Code   116  stm32f4xx_ltdc.o(.text)
    LTDC_LayerPixelFormat                    0x08004da9   Thumb Code   106  stm32f4xx_ltdc.o(.text)
    LTDC_ITConfig                            0x08004e13   Thumb Code    34  stm32f4xx_ltdc.o(.text)
    LTDC_GetFlagStatus                       0x08004e35   Thumb Code    22  stm32f4xx_ltdc.o(.text)
    LTDC_ClearFlag                           0x08004e4b   Thumb Code     8  stm32f4xx_ltdc.o(.text)
    LTDC_GetITStatus                         0x08004e53   Thumb Code    40  stm32f4xx_ltdc.o(.text)
    LTDC_ClearITPendingBit                   0x08004e7b   Thumb Code     8  stm32f4xx_ltdc.o(.text)
    RCC_DeInit                               0x08004e89   Thumb Code    82  stm32f4xx_rcc.o(.text)
    RCC_HSEConfig                            0x08004edb   Thumb Code    14  stm32f4xx_rcc.o(.text)
    RCC_GetFlagStatus                        0x08004ee9   Thumb Code    60  stm32f4xx_rcc.o(.text)
    RCC_WaitForHSEStartUp                    0x08004f25   Thumb Code    56  stm32f4xx_rcc.o(.text)
    RCC_AdjustHSICalibrationValue            0x08004f5d   Thumb Code    20  stm32f4xx_rcc.o(.text)
    RCC_HSICmd                               0x08004f71   Thumb Code     6  stm32f4xx_rcc.o(.text)
    RCC_LSEConfig                            0x08004f77   Thumb Code    46  stm32f4xx_rcc.o(.text)
    RCC_LSICmd                               0x08004fa5   Thumb Code     6  stm32f4xx_rcc.o(.text)
    RCC_PLLConfig                            0x08004fab   Thumb Code    32  stm32f4xx_rcc.o(.text)
    RCC_PLLCmd                               0x08004fcb   Thumb Code     6  stm32f4xx_rcc.o(.text)
    RCC_PLLI2SConfig                         0x08004fd1   Thumb Code    20  stm32f4xx_rcc.o(.text)
    RCC_PLLI2SCmd                            0x08004fe5   Thumb Code     6  stm32f4xx_rcc.o(.text)
    RCC_PLLSAIConfig                         0x08004feb   Thumb Code    20  stm32f4xx_rcc.o(.text)
    RCC_PLLSAICmd                            0x08004fff   Thumb Code     6  stm32f4xx_rcc.o(.text)
    RCC_ClockSecuritySystemCmd               0x08005005   Thumb Code     6  stm32f4xx_rcc.o(.text)
    RCC_MCO1Config                           0x0800500b   Thumb Code    28  stm32f4xx_rcc.o(.text)
    RCC_MCO2Config                           0x08005027   Thumb Code    28  stm32f4xx_rcc.o(.text)
    RCC_SYSCLKConfig                         0x08005043   Thumb Code    20  stm32f4xx_rcc.o(.text)
    RCC_GetSYSCLKSource                      0x08005057   Thumb Code    12  stm32f4xx_rcc.o(.text)
    RCC_HCLKConfig                           0x08005063   Thumb Code    20  stm32f4xx_rcc.o(.text)
    RCC_PCLK1Config                          0x08005077   Thumb Code    20  stm32f4xx_rcc.o(.text)
    RCC_PCLK2Config                          0x0800508b   Thumb Code    22  stm32f4xx_rcc.o(.text)
    RCC_GetClocksFreq                        0x080050a1   Thumb Code   222  stm32f4xx_rcc.o(.text)
    RCC_RTCCLKConfig                         0x0800517f   Thumb Code    54  stm32f4xx_rcc.o(.text)
    RCC_RTCCLKCmd                            0x080051b5   Thumb Code     8  stm32f4xx_rcc.o(.text)
    RCC_BackupResetCmd                       0x080051bd   Thumb Code     8  stm32f4xx_rcc.o(.text)
    RCC_I2SCLKConfig                         0x080051c5   Thumb Code     6  stm32f4xx_rcc.o(.text)
    RCC_SAIPLLI2SClkDivConfig                0x080051cb   Thumb Code    26  stm32f4xx_rcc.o(.text)
    RCC_SAIPLLSAIClkDivConfig                0x080051e5   Thumb Code    28  stm32f4xx_rcc.o(.text)
    RCC_SAIBlockACLKConfig                   0x08005201   Thumb Code    20  stm32f4xx_rcc.o(.text)
    RCC_SAIBlockBCLKConfig                   0x08005215   Thumb Code    20  stm32f4xx_rcc.o(.text)
    RCC_LTDCCLKDivConfig                     0x08005229   Thumb Code    20  stm32f4xx_rcc.o(.text)
    RCC_TIMCLKPresConfig                     0x0800523d   Thumb Code     6  stm32f4xx_rcc.o(.text)
    RCC_AHB1PeriphClockCmd                   0x08005243   Thumb Code    82  stm32f4xx_rcc.o(.text)
    RCC_AHB2PeriphClockCmd                   0x08005295   Thumb Code    26  stm32f4xx_rcc.o(.text)
    RCC_AHB3PeriphClockCmd                   0x080052af   Thumb Code    34  stm32f4xx_rcc.o(.text)
    RCC_APB1PeriphClockCmd                   0x080052d1   Thumb Code    34  stm32f4xx_rcc.o(.text)
    RCC_APB2PeriphClockCmd                   0x080052f3   Thumb Code    34  stm32f4xx_rcc.o(.text)
    RCC_AHB1PeriphResetCmd                   0x08005315   Thumb Code    34  stm32f4xx_rcc.o(.text)
    RCC_AHB2PeriphResetCmd                   0x08005337   Thumb Code    34  stm32f4xx_rcc.o(.text)
    RCC_AHB3PeriphResetCmd                   0x08005359   Thumb Code    34  stm32f4xx_rcc.o(.text)
    RCC_APB1PeriphResetCmd                   0x0800537b   Thumb Code    34  stm32f4xx_rcc.o(.text)
    RCC_APB2PeriphResetCmd                   0x0800539d   Thumb Code    34  stm32f4xx_rcc.o(.text)
    RCC_AHB1PeriphClockLPModeCmd             0x080053bf   Thumb Code    34  stm32f4xx_rcc.o(.text)
    RCC_AHB2PeriphClockLPModeCmd             0x080053e1   Thumb Code    34  stm32f4xx_rcc.o(.text)
    RCC_AHB3PeriphClockLPModeCmd             0x08005403   Thumb Code    34  stm32f4xx_rcc.o(.text)
    RCC_APB1PeriphClockLPModeCmd             0x08005425   Thumb Code    34  stm32f4xx_rcc.o(.text)
    RCC_APB2PeriphClockLPModeCmd             0x08005447   Thumb Code    34  stm32f4xx_rcc.o(.text)
    RCC_ITConfig                             0x08005469   Thumb Code    34  stm32f4xx_rcc.o(.text)
    RCC_ClearFlag                            0x0800548b   Thumb Code    18  stm32f4xx_rcc.o(.text)
    RCC_GetITStatus                          0x0800549d   Thumb Code    22  stm32f4xx_rcc.o(.text)
    RCC_ClearITPendingBit                    0x080054b3   Thumb Code     8  stm32f4xx_rcc.o(.text)
    SPI_I2S_DeInit                           0x080054c1   Thumb Code   152  stm32f4xx_spi.o(.text)
    SPI_Init                                 0x08005559   Thumb Code    60  stm32f4xx_spi.o(.text)
    I2S_Init                                 0x08005595   Thumb Code   350  stm32f4xx_spi.o(.text)
    SPI_StructInit                           0x080056f3   Thumb Code    24  stm32f4xx_spi.o(.text)
    I2S_StructInit                           0x0800570b   Thumb Code    20  stm32f4xx_spi.o(.text)
    SPI_Cmd                                  0x0800571f   Thumb Code    24  stm32f4xx_spi.o(.text)
    I2S_Cmd                                  0x08005737   Thumb Code    24  stm32f4xx_spi.o(.text)
    SPI_DataSizeConfig                       0x0800574f   Thumb Code    18  stm32f4xx_spi.o(.text)
    SPI_BiDirectionalLineConfig              0x08005761   Thumb Code    28  stm32f4xx_spi.o(.text)
    SPI_NSSInternalSoftwareConfig            0x0800577d   Thumb Code    30  stm32f4xx_spi.o(.text)
    SPI_SSOutputCmd                          0x0800579b   Thumb Code    24  stm32f4xx_spi.o(.text)
    SPI_TIModeCmd                            0x080057b3   Thumb Code    24  stm32f4xx_spi.o(.text)
    I2S_FullDuplexConfig                     0x080057cb   Thumb Code    80  stm32f4xx_spi.o(.text)
    SPI_I2S_ReceiveData                      0x0800581b   Thumb Code     6  stm32f4xx_spi.o(.text)
    SPI_I2S_SendData                         0x08005821   Thumb Code     4  stm32f4xx_spi.o(.text)
    SPI_CalculateCRC                         0x08005825   Thumb Code    24  stm32f4xx_spi.o(.text)
    SPI_TransmitCRC                          0x0800583d   Thumb Code    10  stm32f4xx_spi.o(.text)
    SPI_GetCRC                               0x08005847   Thumb Code    16  stm32f4xx_spi.o(.text)
    SPI_GetCRCPolynomial                     0x08005857   Thumb Code     6  stm32f4xx_spi.o(.text)
    SPI_I2S_DMACmd                           0x0800585d   Thumb Code    18  stm32f4xx_spi.o(.text)
    SPI_I2S_ITConfig                         0x0800586f   Thumb Code    32  stm32f4xx_spi.o(.text)
    SPI_I2S_GetFlagStatus                    0x0800588f   Thumb Code    50  stm32f4xx_spi.o(.text)
    SPI_I2S_ClearFlag                        0x080058c1   Thumb Code     6  stm32f4xx_spi.o(.text)
    SPI_I2S_GetITStatus                      0x080058c7   Thumb Code    52  stm32f4xx_spi.o(.text)
    SPI_I2S_ClearITPendingBit                0x080058fb   Thumb Code    20  stm32f4xx_spi.o(.text)
    TIM_DeInit                               0x08005911   Thumb Code   346  stm32f4xx_tim.o(.text)
    TIM_TimeBaseInit                         0x08005a6b   Thumb Code   104  stm32f4xx_tim.o(.text)
    TIM_TimeBaseStructInit                   0x08005ad3   Thumb Code    18  stm32f4xx_tim.o(.text)
    TIM_PrescalerConfig                      0x08005ae5   Thumb Code     6  stm32f4xx_tim.o(.text)
    TIM_CounterModeConfig                    0x08005aeb   Thumb Code    18  stm32f4xx_tim.o(.text)
    TIM_SetCounter                           0x08005afd   Thumb Code     4  stm32f4xx_tim.o(.text)
    TIM_SetAutoreload                        0x08005b01   Thumb Code     4  stm32f4xx_tim.o(.text)
    TIM_GetCounter                           0x08005b05   Thumb Code     6  stm32f4xx_tim.o(.text)
    TIM_GetPrescaler                         0x08005b0b   Thumb Code     6  stm32f4xx_tim.o(.text)
    TIM_UpdateDisableConfig                  0x08005b11   Thumb Code    24  stm32f4xx_tim.o(.text)
    TIM_UpdateRequestConfig                  0x08005b29   Thumb Code    24  stm32f4xx_tim.o(.text)
    TIM_ARRPreloadConfig                     0x08005b41   Thumb Code    24  stm32f4xx_tim.o(.text)
    TIM_SelectOnePulseMode                   0x08005b59   Thumb Code    18  stm32f4xx_tim.o(.text)
    TIM_SetClockDivision                     0x08005b6b   Thumb Code    18  stm32f4xx_tim.o(.text)
    TIM_Cmd                                  0x08005b7d   Thumb Code    24  stm32f4xx_tim.o(.text)
    TIM_OC1Init                              0x08005b95   Thumb Code   114  stm32f4xx_tim.o(.text)
    TIM_OC2Init                              0x08005c07   Thumb Code   154  stm32f4xx_tim.o(.text)
    TIM_OC3Init                              0x08005ca1   Thumb Code   204  stm32f4xx_tim.o(.text)
    TIM_OC4Init                              0x08005d6d   Thumb Code   112  stm32f4xx_tim.o(.text)
    TIM_OCStructInit                         0x08005ddd   Thumb Code    20  stm32f4xx_tim.o(.text)
    TIM_SelectOCxM                           0x08005df1   Thumb Code    86  stm32f4xx_tim.o(.text)
    TIM_SetCompare1                          0x08005e47   Thumb Code     4  stm32f4xx_tim.o(.text)
    TIM_SetCompare2                          0x08005e4b   Thumb Code     4  stm32f4xx_tim.o(.text)
    TIM_SetCompare3                          0x08005e4f   Thumb Code     4  stm32f4xx_tim.o(.text)
    TIM_SetCompare4                          0x08005e53   Thumb Code     4  stm32f4xx_tim.o(.text)
    TIM_ForcedOC1Config                      0x08005e57   Thumb Code    18  stm32f4xx_tim.o(.text)
    TIM_ForcedOC2Config                      0x08005e69   Thumb Code    26  stm32f4xx_tim.o(.text)
    TIM_ForcedOC3Config                      0x08005e83   Thumb Code    18  stm32f4xx_tim.o(.text)
    TIM_ForcedOC4Config                      0x08005e95   Thumb Code    26  stm32f4xx_tim.o(.text)
    TIM_OC1PreloadConfig                     0x08005eaf   Thumb Code    18  stm32f4xx_tim.o(.text)
    TIM_OC2PreloadConfig                     0x08005ec1   Thumb Code    26  stm32f4xx_tim.o(.text)
    TIM_OC3PreloadConfig                     0x08005edb   Thumb Code    18  stm32f4xx_tim.o(.text)
    TIM_OC4PreloadConfig                     0x08005eed   Thumb Code    26  stm32f4xx_tim.o(.text)
    TIM_OC1FastConfig                        0x08005f07   Thumb Code    18  stm32f4xx_tim.o(.text)
    TIM_OC2FastConfig                        0x08005f19   Thumb Code    26  stm32f4xx_tim.o(.text)
    TIM_OC3FastConfig                        0x08005f33   Thumb Code    18  stm32f4xx_tim.o(.text)
    TIM_OC4FastConfig                        0x08005f45   Thumb Code    26  stm32f4xx_tim.o(.text)
    TIM_ClearOC1Ref                          0x08005f5f   Thumb Code    18  stm32f4xx_tim.o(.text)
    TIM_ClearOC2Ref                          0x08005f71   Thumb Code    24  stm32f4xx_tim.o(.text)
    TIM_ClearOC3Ref                          0x08005f89   Thumb Code    18  stm32f4xx_tim.o(.text)
    TIM_ClearOC4Ref                          0x08005f9b   Thumb Code    24  stm32f4xx_tim.o(.text)
    TIM_OC1PolarityConfig                    0x08005fb3   Thumb Code    18  stm32f4xx_tim.o(.text)
    TIM_OC1NPolarityConfig                   0x08005fc5   Thumb Code    18  stm32f4xx_tim.o(.text)
    TIM_OC2PolarityConfig                    0x08005fd7   Thumb Code    26  stm32f4xx_tim.o(.text)
    TIM_OC2NPolarityConfig                   0x08005ff1   Thumb Code    26  stm32f4xx_tim.o(.text)
    TIM_OC3PolarityConfig                    0x0800600b   Thumb Code    26  stm32f4xx_tim.o(.text)
    TIM_OC3NPolarityConfig                   0x08006025   Thumb Code    26  stm32f4xx_tim.o(.text)
    TIM_OC4PolarityConfig                    0x0800603f   Thumb Code    26  stm32f4xx_tim.o(.text)
    TIM_CCxCmd                               0x08006059   Thumb Code    30  stm32f4xx_tim.o(.text)
    TIM_CCxNCmd                              0x08006077   Thumb Code    30  stm32f4xx_tim.o(.text)
    TIM_SetIC4Prescaler                      0x08006095   Thumb Code    26  stm32f4xx_tim.o(.text)
    TIM_SetIC3Prescaler                      0x080060ff   Thumb Code    18  stm32f4xx_tim.o(.text)
    TIM_SetIC2Prescaler                      0x08006159   Thumb Code    26  stm32f4xx_tim.o(.text)
    TIM_SetIC1Prescaler                      0x080061cd   Thumb Code    18  stm32f4xx_tim.o(.text)
    TIM_ICInit                               0x08006219   Thumb Code   110  stm32f4xx_tim.o(.text)
    TIM_ICStructInit                         0x08006287   Thumb Code    18  stm32f4xx_tim.o(.text)
    TIM_PWMIConfig                           0x08006299   Thumb Code   124  stm32f4xx_tim.o(.text)
    TIM_GetCapture1                          0x08006315   Thumb Code     6  stm32f4xx_tim.o(.text)
    TIM_GetCapture2                          0x0800631b   Thumb Code     6  stm32f4xx_tim.o(.text)
    TIM_GetCapture3                          0x08006321   Thumb Code     6  stm32f4xx_tim.o(.text)
    TIM_GetCapture4                          0x08006327   Thumb Code     6  stm32f4xx_tim.o(.text)
    TIM_BDTRConfig                           0x0800632d   Thumb Code    32  stm32f4xx_tim.o(.text)
    TIM_BDTRStructInit                       0x0800634d   Thumb Code    18  stm32f4xx_tim.o(.text)
    TIM_CtrlPWMOutputs                       0x0800635f   Thumb Code    30  stm32f4xx_tim.o(.text)
    TIM_SelectCOM                            0x0800637d   Thumb Code    24  stm32f4xx_tim.o(.text)
    TIM_CCPreloadControl                     0x08006395   Thumb Code    24  stm32f4xx_tim.o(.text)
    TIM_ITConfig                             0x080063ad   Thumb Code    18  stm32f4xx_tim.o(.text)
    TIM_GenerateEvent                        0x080063bf   Thumb Code     4  stm32f4xx_tim.o(.text)
    TIM_GetFlagStatus                        0x080063c3   Thumb Code    18  stm32f4xx_tim.o(.text)
    TIM_ClearFlag                            0x080063d5   Thumb Code     6  stm32f4xx_tim.o(.text)
    TIM_GetITStatus                          0x080063db   Thumb Code    34  stm32f4xx_tim.o(.text)
    TIM_ClearITPendingBit                    0x080063fd   Thumb Code     6  stm32f4xx_tim.o(.text)
    TIM_DMAConfig                            0x08006403   Thumb Code    10  stm32f4xx_tim.o(.text)
    TIM_DMACmd                               0x0800640d   Thumb Code    18  stm32f4xx_tim.o(.text)
    TIM_SelectCCDMA                          0x0800641f   Thumb Code    24  stm32f4xx_tim.o(.text)
    TIM_InternalClockConfig                  0x08006437   Thumb Code    12  stm32f4xx_tim.o(.text)
    TIM_SelectInputTrigger                   0x08006443   Thumb Code    18  stm32f4xx_tim.o(.text)
    TIM_ITRxExternalClockConfig              0x08006455   Thumb Code    24  stm32f4xx_tim.o(.text)
    TIM_TIxExternalClockConfig               0x0800646d   Thumb Code    62  stm32f4xx_tim.o(.text)
    TIM_ETRConfig                            0x080064ab   Thumb Code    28  stm32f4xx_tim.o(.text)
    TIM_ETRClockMode1Config                  0x080064c7   Thumb Code    54  stm32f4xx_tim.o(.text)
    TIM_ETRClockMode2Config                  0x080064fd   Thumb Code    32  stm32f4xx_tim.o(.text)
    TIM_SelectOutputTrigger                  0x0800651d   Thumb Code    18  stm32f4xx_tim.o(.text)
    TIM_SelectSlaveMode                      0x0800652f   Thumb Code    18  stm32f4xx_tim.o(.text)
    TIM_SelectMasterSlaveMode                0x08006541   Thumb Code    18  stm32f4xx_tim.o(.text)
    TIM_EncoderInterfaceConfig               0x08006553   Thumb Code    66  stm32f4xx_tim.o(.text)
    TIM_SelectHallSensor                     0x08006595   Thumb Code    24  stm32f4xx_tim.o(.text)
    TIM_RemapConfig                          0x080065ad   Thumb Code     6  stm32f4xx_tim.o(.text)
    Reset_Handler                            0x080065b5   Thumb Code     8  startup_stm32f429_439xx.o(.text)
    NMI_Handler                              0x080065bd   Thumb Code     2  startup_stm32f429_439xx.o(.text)
    HardFault_Handler                        0x080065bf   Thumb Code     2  startup_stm32f429_439xx.o(.text)
    MemManage_Handler                        0x080065c1   Thumb Code     2  startup_stm32f429_439xx.o(.text)
    BusFault_Handler                         0x080065c3   Thumb Code     2  startup_stm32f429_439xx.o(.text)
    UsageFault_Handler                       0x080065c5   Thumb Code     2  startup_stm32f429_439xx.o(.text)
    DebugMon_Handler                         0x080065c9   Thumb Code     2  startup_stm32f429_439xx.o(.text)
    ADC_IRQHandler                           0x080065cf   Thumb Code     0  startup_stm32f429_439xx.o(.text)
    CAN1_RX0_IRQHandler                      0x080065cf   Thumb Code     0  startup_stm32f429_439xx.o(.text)
    CAN1_RX1_IRQHandler                      0x080065cf   Thumb Code     0  startup_stm32f429_439xx.o(.text)
    CAN1_SCE_IRQHandler                      0x080065cf   Thumb Code     0  startup_stm32f429_439xx.o(.text)
    CAN1_TX_IRQHandler                       0x080065cf   Thumb Code     0  startup_stm32f429_439xx.o(.text)
    CAN2_RX0_IRQHandler                      0x080065cf   Thumb Code     0  startup_stm32f429_439xx.o(.text)
    CAN2_RX1_IRQHandler                      0x080065cf   Thumb Code     0  startup_stm32f429_439xx.o(.text)
    CAN2_SCE_IRQHandler                      0x080065cf   Thumb Code     0  startup_stm32f429_439xx.o(.text)
    CAN2_TX_IRQHandler                       0x080065cf   Thumb Code     0  startup_stm32f429_439xx.o(.text)
    CRYP_IRQHandler                          0x080065cf   Thumb Code     0  startup_stm32f429_439xx.o(.text)
    DCMI_IRQHandler                          0x080065cf   Thumb Code     0  startup_stm32f429_439xx.o(.text)
    DMA1_Stream0_IRQHandler                  0x080065cf   Thumb Code     0  startup_stm32f429_439xx.o(.text)
    DMA1_Stream1_IRQHandler                  0x080065cf   Thumb Code     0  startup_stm32f429_439xx.o(.text)
    DMA1_Stream2_IRQHandler                  0x080065cf   Thumb Code     0  startup_stm32f429_439xx.o(.text)
    DMA1_Stream3_IRQHandler                  0x080065cf   Thumb Code     0  startup_stm32f429_439xx.o(.text)
    DMA1_Stream4_IRQHandler                  0x080065cf   Thumb Code     0  startup_stm32f429_439xx.o(.text)
    DMA1_Stream5_IRQHandler                  0x080065cf   Thumb Code     0  startup_stm32f429_439xx.o(.text)
    DMA1_Stream6_IRQHandler                  0x080065cf   Thumb Code     0  startup_stm32f429_439xx.o(.text)
    DMA1_Stream7_IRQHandler                  0x080065cf   Thumb Code     0  startup_stm32f429_439xx.o(.text)
    DMA2D_IRQHandler                         0x080065cf   Thumb Code     0  startup_stm32f429_439xx.o(.text)
    DMA2_Stream0_IRQHandler                  0x080065cf   Thumb Code     0  startup_stm32f429_439xx.o(.text)
    DMA2_Stream1_IRQHandler                  0x080065cf   Thumb Code     0  startup_stm32f429_439xx.o(.text)
    DMA2_Stream2_IRQHandler                  0x080065cf   Thumb Code     0  startup_stm32f429_439xx.o(.text)
    DMA2_Stream3_IRQHandler                  0x080065cf   Thumb Code     0  startup_stm32f429_439xx.o(.text)
    DMA2_Stream4_IRQHandler                  0x080065cf   Thumb Code     0  startup_stm32f429_439xx.o(.text)
    DMA2_Stream5_IRQHandler                  0x080065cf   Thumb Code     0  startup_stm32f429_439xx.o(.text)
    DMA2_Stream6_IRQHandler                  0x080065cf   Thumb Code     0  startup_stm32f429_439xx.o(.text)
    DMA2_Stream7_IRQHandler                  0x080065cf   Thumb Code     0  startup_stm32f429_439xx.o(.text)
    ETH_IRQHandler                           0x080065cf   Thumb Code     0  startup_stm32f429_439xx.o(.text)
    ETH_WKUP_IRQHandler                      0x080065cf   Thumb Code     0  startup_stm32f429_439xx.o(.text)
    EXTI0_IRQHandler                         0x080065cf   Thumb Code     0  startup_stm32f429_439xx.o(.text)
    EXTI15_10_IRQHandler                     0x080065cf   Thumb Code     0  startup_stm32f429_439xx.o(.text)
    EXTI1_IRQHandler                         0x080065cf   Thumb Code     0  startup_stm32f429_439xx.o(.text)
    EXTI2_IRQHandler                         0x080065cf   Thumb Code     0  startup_stm32f429_439xx.o(.text)
    EXTI3_IRQHandler                         0x080065cf   Thumb Code     0  startup_stm32f429_439xx.o(.text)
    EXTI4_IRQHandler                         0x080065cf   Thumb Code     0  startup_stm32f429_439xx.o(.text)
    EXTI9_5_IRQHandler                       0x080065cf   Thumb Code     0  startup_stm32f429_439xx.o(.text)
    FLASH_IRQHandler                         0x080065cf   Thumb Code     0  startup_stm32f429_439xx.o(.text)
    FMC_IRQHandler                           0x080065cf   Thumb Code     0  startup_stm32f429_439xx.o(.text)
    FPU_IRQHandler                           0x080065cf   Thumb Code     0  startup_stm32f429_439xx.o(.text)
    HASH_RNG_IRQHandler                      0x080065cf   Thumb Code     0  startup_stm32f429_439xx.o(.text)
    I2C1_ER_IRQHandler                       0x080065cf   Thumb Code     0  startup_stm32f429_439xx.o(.text)
    I2C1_EV_IRQHandler                       0x080065cf   Thumb Code     0  startup_stm32f429_439xx.o(.text)
    I2C2_ER_IRQHandler                       0x080065cf   Thumb Code     0  startup_stm32f429_439xx.o(.text)
    I2C2_EV_IRQHandler                       0x080065cf   Thumb Code     0  startup_stm32f429_439xx.o(.text)
    I2C3_ER_IRQHandler                       0x080065cf   Thumb Code     0  startup_stm32f429_439xx.o(.text)
    I2C3_EV_IRQHandler                       0x080065cf   Thumb Code     0  startup_stm32f429_439xx.o(.text)
    LTDC_ER_IRQHandler                       0x080065cf   Thumb Code     0  startup_stm32f429_439xx.o(.text)
    LTDC_IRQHandler                          0x080065cf   Thumb Code     0  startup_stm32f429_439xx.o(.text)
    OTG_FS_IRQHandler                        0x080065cf   Thumb Code     0  startup_stm32f429_439xx.o(.text)
    OTG_FS_WKUP_IRQHandler                   0x080065cf   Thumb Code     0  startup_stm32f429_439xx.o(.text)
    OTG_HS_EP1_IN_IRQHandler                 0x080065cf   Thumb Code     0  startup_stm32f429_439xx.o(.text)
    OTG_HS_EP1_OUT_IRQHandler                0x080065cf   Thumb Code     0  startup_stm32f429_439xx.o(.text)
    OTG_HS_IRQHandler                        0x080065cf   Thumb Code     0  startup_stm32f429_439xx.o(.text)
    OTG_HS_WKUP_IRQHandler                   0x080065cf   Thumb Code     0  startup_stm32f429_439xx.o(.text)
    PVD_IRQHandler                           0x080065cf   Thumb Code     0  startup_stm32f429_439xx.o(.text)
    RCC_IRQHandler                           0x080065cf   Thumb Code     0  startup_stm32f429_439xx.o(.text)
    RTC_Alarm_IRQHandler                     0x080065cf   Thumb Code     0  startup_stm32f429_439xx.o(.text)
    RTC_WKUP_IRQHandler                      0x080065cf   Thumb Code     0  startup_stm32f429_439xx.o(.text)
    SAI1_IRQHandler                          0x080065cf   Thumb Code     0  startup_stm32f429_439xx.o(.text)
    SDIO_IRQHandler                          0x080065cf   Thumb Code     0  startup_stm32f429_439xx.o(.text)
    SPI1_IRQHandler                          0x080065cf   Thumb Code     0  startup_stm32f429_439xx.o(.text)
    SPI2_IRQHandler                          0x080065cf   Thumb Code     0  startup_stm32f429_439xx.o(.text)
    SPI3_IRQHandler                          0x080065cf   Thumb Code     0  startup_stm32f429_439xx.o(.text)
    SPI4_IRQHandler                          0x080065cf   Thumb Code     0  startup_stm32f429_439xx.o(.text)
    SPI5_IRQHandler                          0x080065cf   Thumb Code     0  startup_stm32f429_439xx.o(.text)
    SPI6_IRQHandler                          0x080065cf   Thumb Code     0  startup_stm32f429_439xx.o(.text)
    TAMP_STAMP_IRQHandler                    0x080065cf   Thumb Code     0  startup_stm32f429_439xx.o(.text)
    TIM1_BRK_TIM9_IRQHandler                 0x080065cf   Thumb Code     0  startup_stm32f429_439xx.o(.text)
    TIM1_CC_IRQHandler                       0x080065cf   Thumb Code     0  startup_stm32f429_439xx.o(.text)
    TIM1_TRG_COM_TIM11_IRQHandler            0x080065cf   Thumb Code     0  startup_stm32f429_439xx.o(.text)
    TIM1_UP_TIM10_IRQHandler                 0x080065cf   Thumb Code     0  startup_stm32f429_439xx.o(.text)
    TIM2_IRQHandler                          0x080065cf   Thumb Code     0  startup_stm32f429_439xx.o(.text)
    TIM4_IRQHandler                          0x080065cf   Thumb Code     0  startup_stm32f429_439xx.o(.text)
    TIM5_IRQHandler                          0x080065cf   Thumb Code     0  startup_stm32f429_439xx.o(.text)
    TIM6_DAC_IRQHandler                      0x080065cf   Thumb Code     0  startup_stm32f429_439xx.o(.text)
    TIM7_IRQHandler                          0x080065cf   Thumb Code     0  startup_stm32f429_439xx.o(.text)
    TIM8_BRK_TIM12_IRQHandler                0x080065cf   Thumb Code     0  startup_stm32f429_439xx.o(.text)
    TIM8_CC_IRQHandler                       0x080065cf   Thumb Code     0  startup_stm32f429_439xx.o(.text)
    TIM8_TRG_COM_TIM14_IRQHandler            0x080065cf   Thumb Code     0  startup_stm32f429_439xx.o(.text)
    TIM8_UP_TIM13_IRQHandler                 0x080065cf   Thumb Code     0  startup_stm32f429_439xx.o(.text)
    UART4_IRQHandler                         0x080065cf   Thumb Code     0  startup_stm32f429_439xx.o(.text)
    UART5_IRQHandler                         0x080065cf   Thumb Code     0  startup_stm32f429_439xx.o(.text)
    UART7_IRQHandler                         0x080065cf   Thumb Code     0  startup_stm32f429_439xx.o(.text)
    UART8_IRQHandler                         0x080065cf   Thumb Code     0  startup_stm32f429_439xx.o(.text)
    USART1_IRQHandler                        0x080065cf   Thumb Code     0  startup_stm32f429_439xx.o(.text)
    USART2_IRQHandler                        0x080065cf   Thumb Code     0  startup_stm32f429_439xx.o(.text)
    USART3_IRQHandler                        0x080065cf   Thumb Code     0  startup_stm32f429_439xx.o(.text)
    USART6_IRQHandler                        0x080065cf   Thumb Code     0  startup_stm32f429_439xx.o(.text)
    WWDG_IRQHandler                          0x080065cf   Thumb Code     0  startup_stm32f429_439xx.o(.text)
    SystemInit                               0x080066e9   Thumb Code    88  system_stm32f4xx.o(.text)
    SystemCoreClockUpdate                    0x08006741   Thumb Code   174  system_stm32f4xx.o(.text)
    __aeabi_memcpy                           0x0800681d   Thumb Code    36  memcpya.o(.text)
    __aeabi_memcpy4                          0x0800681d   Thumb Code     0  memcpya.o(.text)
    __aeabi_memcpy8                          0x0800681d   Thumb Code     0  memcpya.o(.text)
    __aeabi_dadd                             0x08006841   Thumb Code   322  dadd.o(.text)
    __aeabi_dsub                             0x08006983   Thumb Code     6  dadd.o(.text)
    __aeabi_drsub                            0x08006989   Thumb Code     6  dadd.o(.text)
    __aeabi_dmul                             0x0800698f   Thumb Code   228  dmul.o(.text)
    __aeabi_ddiv                             0x08006a73   Thumb Code   222  ddiv.o(.text)
    __aeabi_i2d                              0x08006b51   Thumb Code    34  dflti.o(.text)
    __aeabi_ui2d                             0x08006b73   Thumb Code    26  dfltui.o(.text)
    __aeabi_d2iz                             0x08006b8d   Thumb Code    62  dfixi.o(.text)
    __aeabi_d2uiz                            0x08006bcb   Thumb Code    50  dfixui.o(.text)
    __aeabi_llsl                             0x08006bfd   Thumb Code    30  llshl.o(.text)
    _ll_shift_l                              0x08006bfd   Thumb Code     0  llshl.o(.text)
    __aeabi_llsr                             0x08006c1b   Thumb Code    32  llushr.o(.text)
    _ll_ushift_r                             0x08006c1b   Thumb Code     0  llushr.o(.text)
    __aeabi_lasr                             0x08006c3b   Thumb Code    36  llsshr.o(.text)
    _ll_sshift_r                             0x08006c3b   Thumb Code     0  llsshr.o(.text)
    __I$use$fp                               0x08006c5f   Thumb Code     0  iusefp.o(.text)
    _double_round                            0x08006c5f   Thumb Code    26  depilogue.o(.text)
    _double_epilogue                         0x08006c79   Thumb Code   156  depilogue.o(.text)
    __scatterload                            0x08006d15   Thumb Code    28  init.o(.text)
    __scatterload_rt2                        0x08006d15   Thumb Code     0  init.o(.text)
    SVC_Count                                0x08006d38   Data           4  svc_table.o(SVC_TABLE)
    SVC_Table                                0x08006d3c   Data           0  svc_table.o(SVC_TABLE)
    __ARM_fpclassify                         0x08006d3d   Thumb Code    48  fpclassify.o(i.__ARM_fpclassify)
    __hardfp_cos                             0x08006d71   Thumb Code   200  cos.o(i.__hardfp_cos)
    __hardfp_sin                             0x08006e49   Thumb Code   200  sin.o(i.__hardfp_sin)
    __ieee754_rem_pio2                       0x08006f21   Thumb Code   938  rred.o(i.__ieee754_rem_pio2)
    __kernel_cos                             0x08007359   Thumb Code   322  cos_i.o(i.__kernel_cos)
    __kernel_poly                            0x080074c9   Thumb Code   248  poly.o(i.__kernel_poly)
    __kernel_sin                             0x080075c1   Thumb Code   280  sin_i.o(i.__kernel_sin)
    __mathlib_dbl_underflow                  0x080076f1   Thumb Code    24  dunder.o(i.__mathlib_dbl_underflow)
    __scatterload_copy                       0x08007711   Thumb Code    14  handlers.o(i.__scatterload_copy)
    __scatterload_null                       0x0800771f   Thumb Code     2  handlers.o(i.__scatterload_null)
    __scatterload_zeroinit                   0x08007721   Thumb Code    14  handlers.o(i.__scatterload_zeroinit)
    __set_errno                              0x08007731   Thumb Code     6  errno.o(i.__set_errno)
    _init_box                                0x0800773d   Thumb Code    70  rt_membox.o(i._init_box)
    dbg_init                                 0x08007785   Thumb Code    34  hal_cm.o(i.dbg_init)
    dbg_task_notify                          0x080077b5   Thumb Code    32  hal_cm.o(i.dbg_task_notify)
    dbg_task_switch                          0x080077d5   Thumb Code    16  hal_cm.o(i.dbg_task_switch)
    fabs                                     0x080077e5   Thumb Code    24  fabs.o(i.fabs)
    isr_evt_set                              0x08007829   Thumb Code    34  rt_event.o(i.isr_evt_set)
    isr_mbx_receive                          0x08007851   Thumb Code    80  rt_mailbox.o(i.isr_mbx_receive)
    isr_mbx_send                             0x080078a1   Thumb Code    14  rt_mailbox.o(i.isr_mbx_send)
    osDelay                                  0x080078b1   Thumb Code    18  rt_cmsis.o(i.osDelay)
    osKernelInitialize                       0x080078c9   Thumb Code    30  rt_cmsis.o(i.osKernelInitialize)
    osKernelStart                            0x080078ed   Thumb Code    98  rt_cmsis.o(i.osKernelStart)
    osMessageGet                             0x08007959   Thumb Code    62  rt_cmsis.o(i.osMessageGet)
    osSignalSet                              0x0800799d   Thumb Code    48  rt_cmsis.o(i.osSignalSet)
    osSignalWait                             0x080079d1   Thumb Code    18  rt_cmsis.o(i.osSignalWait)
    osThreadCreate                           0x080079e9   Thumb Code    38  rt_cmsis.o(i.osThreadCreate)
    osThreadExit                             0x08007a19   Thumb Code    14  rt_cmsis.o(i.osThreadExit)
    osTimerCall                              0x08007a31   Thumb Code     8  rt_cmsis.o(i.osTimerCall)
    osTimerThread                            0x08007a3d   Thumb Code    38  rt_cmsis.o(i.osTimerThread)
    os_tick_init                             0x08007a69   Thumb Code    32  rt_system.o(i.os_tick_init)
    os_tick_irqack                           0x08007a91   Thumb Code     2  rt_system.o(i.os_tick_irqack)
    rt_alloc_box                             0x08007a93   Thumb Code    26  rt_membox.o(i.rt_alloc_box)
    rt_alloc_mem                             0x08007aad   Thumb Code    60  rt_memory.o(i.rt_alloc_mem)
    rt_block                                 0x08007ae9   Thumb Code    48  rt_task.o(i.rt_block)
    rt_chk_robin                             0x08007b21   Thumb Code    60  rt_robin.o(i.rt_chk_robin)
    rt_dec_dly                               0x08007b69   Thumb Code   102  rt_list.o(i.rt_dec_dly)
    rt_dispatch                              0x08007bd9   Thumb Code    60  rt_task.o(i.rt_dispatch)
    rt_dly_wait                              0x08007c1d   Thumb Code     6  rt_time.o(i.rt_dly_wait)
    rt_evt_psh                               0x08007c25   Thumb Code    76  rt_event.o(i.rt_evt_psh)
    rt_evt_set                               0x08007c75   Thumb Code    88  rt_event.o(i.rt_evt_set)
    rt_evt_wait                              0x08007cd1   Thumb Code    56  rt_event.o(i.rt_evt_wait)
    rt_free_box                              0x08007d0d   Thumb Code    32  rt_membox.o(i.rt_free_box)
    rt_free_mem                              0x08007d2d   Thumb Code    40  rt_memory.o(i.rt_free_mem)
    rt_get_first                             0x08007d55   Thumb Code    40  rt_list.o(i.rt_get_first)
    rt_init_mem                              0x08007dcd   Thumb Code    26  rt_memory.o(i.rt_init_mem)
    rt_init_robin                            0x08007de9   Thumb Code    14  rt_robin.o(i.rt_init_robin)
    rt_init_stack                            0x08007e01   Thumb Code    70  hal_cm.o(i.rt_init_stack)
    rt_mbx_check                             0x08007e51   Thumb Code     8  rt_mailbox.o(i.rt_mbx_check)
    rt_mbx_init                              0x08007e59   Thumb Code    28  rt_mailbox.o(i.rt_mbx_init)
    rt_mbx_psh                               0x08007e75   Thumb Code   234  rt_mailbox.o(i.rt_mbx_psh)
    rt_mbx_wait                              0x08007f65   Thumb Code   172  rt_mailbox.o(i.rt_mbx_wait)
    rt_pop_req                               0x08008051   Thumb Code   110  rt_system.o(i.rt_pop_req)
    rt_psh_req                               0x080080cd   Thumb Code    22  rt_system.o(i.rt_psh_req)
    rt_psq_enq                               0x080080ed   Thumb Code    82  rt_list.o(i.rt_psq_enq)
    rt_put_dly                               0x08008145   Thumb Code    68  rt_list.o(i.rt_put_dly)
    rt_put_prio                              0x0800818d   Thumb Code    54  rt_list.o(i.rt_put_prio)
    rt_put_rdy_first                         0x080081c5   Thumb Code    14  rt_list.o(i.rt_put_rdy_first)
    rt_resort_prio                           0x080081d9   Thumb Code    46  rt_list.o(i.rt_resort_prio)
    rt_ret_val                               0x0800821d   Thumb Code    12  hal_cm.o(i.rt_ret_val)
    rt_ret_val2                              0x08008229   Thumb Code    16  hal_cm.o(i.rt_ret_val2)
    rt_rmv_dly                               0x08008239   Thumb Code    40  rt_list.o(i.rt_rmv_dly)
    rt_rmv_list                              0x08008261   Thumb Code    44  rt_list.o(i.rt_rmv_list)
    rt_sem_psh                               0x08008291   Thumb Code    48  rt_semaphore.o(i.rt_sem_psh)
    rt_stk_check                             0x080082c5   Thumb Code    28  rt_system.o(i.rt_stk_check)
    rt_switch_req                            0x080082e9   Thumb Code    30  rt_task.o(i.rt_switch_req)
    rt_sys_init                              0x08008311   Thumb Code   200  rt_task.o(i.rt_sys_init)
    rt_sys_start                             0x0800841d   Thumb Code    44  rt_task.o(i.rt_sys_start)
    rt_systick                               0x08008451   Thumb Code    50  rt_system.o(i.rt_systick)
    rt_tsk_create                            0x080084dd   Thumb Code   116  rt_task.o(i.rt_tsk_create)
    rt_tsk_delete                            0x08008561   Thumb Code   342  rt_task.o(i.rt_tsk_delete)
    rt_tsk_prio                              0x080086d5   Thumb Code   108  rt_task.o(i.rt_tsk_prio)
    rt_tsk_self                              0x08008751   Thumb Code    12  rt_task.o(i.rt_tsk_self)
    svcDelay                                 0x08008761   Thumb Code    20  rt_cmsis.o(i.svcDelay)
    svcKernelInitialize                      0x08008775   Thumb Code    80  rt_cmsis.o(i.svcKernelInitialize)
    svcKernelStart                           0x080087e5   Thumb Code    62  rt_cmsis.o(i.svcKernelStart)
    svcMessageCreate                         0x0800882d   Thumb Code    36  rt_cmsis.o(i.svcMessageCreate)
    svcMessageGet                            0x08008851   Thumb Code    58  rt_cmsis.o(i.svcMessageGet)
    svcSignalSet                             0x0800888b   Thumb Code    36  rt_cmsis.o(i.svcSignalSet)
    svcSignalWait                            0x080088b1   Thumb Code    80  rt_cmsis.o(i.svcSignalWait)
    svcThreadCreate                          0x08008905   Thumb Code   100  rt_cmsis.o(i.svcThreadCreate)
    svcThreadGetId                           0x08008975   Thumb Code    22  rt_cmsis.o(i.svcThreadGetId)
    svcThreadTerminate                       0x08008991   Thumb Code    50  rt_cmsis.o(i.svcThreadTerminate)
    svcTimerCall                             0x080089c9   Thumb Code    24  rt_cmsis.o(i.svcTimerCall)
    sysTimerTick                             0x080089e1   Thumb Code    76  rt_cmsis.o(i.sysTimerTick)
    ASCII16x24_Table                         0x08008a34   Data        4560  stm32f429i_discovery_lcd.o(.constdata)
    ASCII12x12_Table                         0x08009c04   Data        2304  stm32f429i_discovery_lcd.o(.constdata)
    ASCII8x12_Table                          0x0800a504   Data        2304  stm32f429i_discovery_lcd.o(.constdata)
    ASCII8x8_Table                           0x0800ae04   Data        1536  stm32f429i_discovery_lcd.o(.constdata)
    os_thread_def_keypad_thread              0x0800b404   Data          16  threads.o(.constdata)
    os_thread_def_LCD_control_thread         0x0800b414   Data          16  threads.o(.constdata)
    os_thread_def_Data_send_thread           0x0800b424   Data          16  threads.o(.constdata)
    os_maxtaskrun                            0x0800b560   Data           2  rtx_conf_cm.o(.constdata)
    os_stackinfo                             0x0800b564   Data           4  rtx_conf_cm.o(.constdata)
    os_rrobin                                0x0800b568   Data           4  rtx_conf_cm.o(.constdata)
    os_tickfreq                              0x0800b56c   Data           4  rtx_conf_cm.o(.constdata)
    os_tickus_i                              0x0800b570   Data           2  rtx_conf_cm.o(.constdata)
    os_tickus_f                              0x0800b572   Data           2  rtx_conf_cm.o(.constdata)
    os_trv                                   0x0800b574   Data           4  rtx_conf_cm.o(.constdata)
    os_flags                                 0x0800b578   Data           1  rtx_conf_cm.o(.constdata)
    CMSIS_RTOS_API_Version                   0x0800b57c   Data           4  rtx_conf_cm.o(.constdata)
    CMSIS_RTOS_RTX_Version                   0x0800b580   Data           4  rtx_conf_cm.o(.constdata)
    os_clockrate                             0x0800b584   Data           4  rtx_conf_cm.o(.constdata)
    os_timernum                              0x0800b588   Data           4  rtx_conf_cm.o(.constdata)
    mp_tcb_size                              0x0800b58c   Data           2  rtx_conf_cm.o(.constdata)
    mp_stk_size                              0x0800b590   Data           4  rtx_conf_cm.o(.constdata)
    os_stack_sz                              0x0800b594   Data           4  rtx_conf_cm.o(.constdata)
    os_fifo_size                             0x0800b598   Data           1  rtx_conf_cm.o(.constdata)
    os_thread_def_osTimerThread              0x0800b59c   Data          16  rtx_conf_cm.o(.constdata)
    os_messageQ_def_osTimerMessageQ          0x0800b5ac   Data           8  rtx_conf_cm.o(.constdata)
    mp_tmr_size                              0x0800b5b4   Data           2  rtx_conf_cm.o(.constdata)
    Region$$Table$$Base                      0x0800b6d8   Number         0  anon$$obj.o(Region$$Table)
    Region$$Table$$Limit                     0x0800b6f8   Number         0  anon$$obj.o(Region$$Table)
    Font16x24                                0x20000000   Data           8  stm32f429i_discovery_lcd.o(.data)
    Font12x12                                0x20000008   Data           8  stm32f429i_discovery_lcd.o(.data)
    Font8x12                                 0x20000010   Data           8  stm32f429i_discovery_lcd.o(.data)
    Font8x8                                  0x20000018   Data           8  stm32f429i_discovery_lcd.o(.data)
    keypad_tid                               0x20000030   Data           4  main.o(.data)
    LCD_control_tid                          0x20000034   Data           4  main.o(.data)
    Data_send_tid                            0x20000038   Data           4  main.o(.data)
    ready                                    0x2000003c   Data           4  wireless_tx.o(.data)
    data                                     0x20000040   Data           1  wireless_tx.o(.data)
    row_pins                                 0x20000042   Data           8  keypad.o(.data)
    col_values                               0x2000004a   Data           4  keypad.o(.data)
    keys                                     0x2000004e   Data          16  keypad.o(.data)
    mode_select                              0x20000060   Data           1  threads.o(.data)
    shape_select                             0x20000061   Data           1  threads.o(.data)
    key                                      0x20000062   Data           1  threads.o(.data)
    key_C                                    0x20000063   Data           1  threads.o(.data)
    MEMS_activate                            0x20000064   Data           4  threads.o(.data)
    x1                                       0x20000068   Data           4  threads.o(.data)
    x2                                       0x2000006c   Data           4  threads.o(.data)
    y1                                       0x20000070   Data           4  threads.o(.data)
    y2                                       0x20000074   Data           4  threads.o(.data)
    lcd_memory_count                         0x20000078   Data           4  threads.o(.data)
    osThreadId_osTimerThread                 0x2000007c   Data           4  rtx_conf_cm.o(.data)
    osMessageQId_osTimerMessageQ             0x20000080   Data           4  rtx_conf_cm.o(.data)
    os_tmr                                   0x20000084   Data           4  rtx_conf_cm.o(.data)
    m_tmr                                    0x20000088   Data           4  rtx_conf_cm.o(.data)
    os_thread_def_main                       0x2000008c   Data          16  rtx_conf_cm.o(.data)
    SystemCoreClock                          0x200000ac   Data           4  system_stm32f4xx.o(.data)
    AHBPrescTable                            0x200000b0   Data          16  system_stm32f4xx.o(.data)
    os_initialized                           0x200000c0   Data           1  rt_cmsis.o(.data)
    os_running                               0x200000c1   Data           1  rt_cmsis.o(.data)
    os_timer_head                            0x200000c4   Data           4  rt_cmsis.o(.data)
    os_tsk                                   0x200000c8   Data           8  rt_task.o(.data)
    os_tick_irqn                             0x200000d4   Data           4  rt_system.o(.data)
    os_time                                  0x200000d8   Data           4  rt_time.o(.data)
    dbg_msg                                  0x200000dc   Data           1  hal_cm.o(.data)
    os_robin                                 0x200000e0   Data           8  rt_robin.o(.data)
    lcd_draw_memory                          0x200000ec   Data         160  threads.o(.bss)
    mp_tcb                                   0x20000190   Data         376  rtx_conf_cm.o(.bss)
    mp_stk                                   0x20000308   Data        4816  rtx_conf_cm.o(.bss)
    os_stack_mem                             0x200015d8   Data         432  rtx_conf_cm.o(.bss)
    os_fifo                                  0x20001788   Data         132  rtx_conf_cm.o(.bss)
    os_active_TCB                            0x2000180c   Data          28  rtx_conf_cm.o(.bss)
    os_messageQ_q_osTimerMessageQ            0x20001828   Data          32  rtx_conf_cm.o(.bss)
    os_idle_TCB                              0x20001848   Data          52  rt_task.o(.bss)
    os_rdy                                   0x2000187c   Data          24  rt_list.o(.bss)
    os_dly                                   0x20001894   Data          24  rt_list.o(.bss)
    __initial_sp                             0x20001cb0   Data           0  startup_stm32f429_439xx.o(STACK)



==============================================================================

Memory Map of the image

  Image Entry point : 0x080001ad

  Load Region LR_IROM1 (Base: 0x08000000, Size: 0x0000b7e4, Max: 0x00200000, ABSOLUTE)

    Execution Region ER_IROM1 (Base: 0x08000000, Size: 0x0000b6f8, Max: 0x00200000, ABSOLUTE)

    Base Addr    Size         Type   Attr      Idx    E Section Name        Object

    0x08000000   0x000001ac   Data   RO         1120    RESET               startup_stm32f429_439xx.o
    0x080001ac   0x00000000   Code   RO         2366  * .ARM.Collect$$$$00000000  mc_w.l(entry.o)
    0x080001ac   0x00000004   Code   RO         2401    .ARM.Collect$$$$00000001  mc_w.l(entry2.o)
    0x080001b0   0x00000004   Code   RO         2404    .ARM.Collect$$$$00000004  mc_w.l(entry5.o)
    0x080001b4   0x00000000   Code   RO         2406    .ARM.Collect$$$$00000008  mc_w.l(entry7b.o)
    0x080001b4   0x00000000   Code   RO         2408    .ARM.Collect$$$$0000000A  mc_w.l(entry8b.o)
    0x080001b4   0x00000000   Code   RO         2409    .ARM.Collect$$$$0000000D  mc_w.l(entry10a.o)
    0x080001b4   0x00000000   Code   RO         2411    .ARM.Collect$$$$0000000F  mc_w.l(entry11a.o)
    0x080001b4   0x00000018   Code   RO          407    .ARM.Collect$$$$000000FF  rtx_conf_cm.o
    0x080001cc   0x00000004   Code   RO         2402    .ARM.Collect$$$$00002712  mc_w.l(entry2.o)
    0x080001d0   0x00000180   Code   RO         2329    .emb_text           RTX_CM4.lib(hal_cm4.o)
    0x08000350   0x00001b3c   Code   RO            3    .text               stm32f429i_discovery_lcd.o
    0x08001e8c   0x000003c4   Code   RO          161    .text               stm32f429i_discovery_sdram.o
    0x08002250   0x0000042a   Code   RO          209    .text               cc2500.o
    0x0800267a   0x00000026   Code   RO          232    .text               main.o
    0x080026a0   0x000000f4   Code   RO          288    .text               wireless_tx.o
    0x08002794   0x00000100   Code   RO          311    .text               keypad.o
    0x08002894   0x0000013c   Code   RO          334    .text               lcd_draw.o
    0x080029d0   0x00000dfc   Code   RO          354    .text               threads.o
    0x080037cc   0x0000001e   Code   RO          408    .text               rtx_conf_cm.o
    0x080037ea   0x00000002   PAD
    0x080037ec   0x000000e0   Code   RO          438    .text               misc.o
    0x080038cc   0x000003b4   Code   RO          678    .text               stm32f4xx_dma2d.o
    0x08003c80   0x000008ec   Code   RO          738    .text               stm32f4xx_fmc.o
    0x0800456c   0x00000294   Code   RO          758    .text               stm32f4xx_gpio.o
    0x08004800   0x00000688   Code   RO          878    .text               stm32f4xx_ltdc.o
    0x08004e88   0x00000638   Code   RO          918    .text               stm32f4xx_rcc.o
    0x080054c0   0x0000044e   Code   RO         1020    .text               stm32f4xx_spi.o
    0x0800590e   0x00000002   PAD
    0x08005910   0x00000ca2   Code   RO         1060    .text               stm32f4xx_tim.o
    0x080065b2   0x00000002   PAD
    0x080065b4   0x00000024   Code   RO         1121    .text               startup_stm32f429_439xx.o
    0x080065d8   0x00000244   Code   RO         1127    .text               system_stm32f4xx.o
    0x0800681c   0x00000024   Code   RO         2369    .text               mc_w.l(memcpya.o)
    0x08006840   0x0000014e   Code   RO         2373    .text               mf_w.l(dadd.o)
    0x0800698e   0x000000e4   Code   RO         2375    .text               mf_w.l(dmul.o)
    0x08006a72   0x000000de   Code   RO         2377    .text               mf_w.l(ddiv.o)
    0x08006b50   0x00000022   Code   RO         2379    .text               mf_w.l(dflti.o)
    0x08006b72   0x0000001a   Code   RO         2381    .text               mf_w.l(dfltui.o)
    0x08006b8c   0x0000003e   Code   RO         2383    .text               mf_w.l(dfixi.o)
    0x08006bca   0x00000032   Code   RO         2385    .text               mf_w.l(dfixui.o)
    0x08006bfc   0x0000001e   Code   RO         2413    .text               mc_w.l(llshl.o)
    0x08006c1a   0x00000020   Code   RO         2415    .text               mc_w.l(llushr.o)
    0x08006c3a   0x00000024   Code   RO         2417    .text               mc_w.l(llsshr.o)
    0x08006c5e   0x00000000   Code   RO         2426    .text               mc_w.l(iusefp.o)
    0x08006c5e   0x000000b6   Code   RO         2427    .text               mf_w.l(depilogue.o)
    0x08006d14   0x00000024   Code   RO         2443    .text               mc_w.l(init.o)
    0x08006d38   0x00000004   Code   RO         2339    SVC_TABLE           RTX_CM4.lib(svc_table.o)
    0x08006d3c   0x00000030   Code   RO         2439    i.__ARM_fpclassify  m_wm.l(fpclassify.o)
    0x08006d6c   0x00000004   PAD
    0x08006d70   0x000000d8   Code   RO         2342    i.__hardfp_cos      m_wm.l(cos.o)
    0x08006e48   0x000000d8   Code   RO         2354    i.__hardfp_sin      m_wm.l(sin.o)
    0x08006f20   0x00000438   Code   RO         2390    i.__ieee754_rem_pio2  m_wm.l(rred.o)
    0x08007358   0x00000170   Code   RO         2387    i.__kernel_cos      m_wm.l(cos_i.o)
    0x080074c8   0x000000f8   Code   RO         2441    i.__kernel_poly     m_wm.l(poly.o)
    0x080075c0   0x00000130   Code   RO         2395    i.__kernel_sin      m_wm.l(sin_i.o)
    0x080076f0   0x00000020   Code   RO         2431    i.__mathlib_dbl_underflow  m_wm.l(dunder.o)
    0x08007710   0x0000000e   Code   RO         2447    i.__scatterload_copy  mc_w.l(handlers.o)
    0x0800771e   0x00000002   Code   RO         2448    i.__scatterload_null  mc_w.l(handlers.o)
    0x08007720   0x0000000e   Code   RO         2449    i.__scatterload_zeroinit  mc_w.l(handlers.o)
    0x0800772e   0x00000002   PAD
    0x08007730   0x0000000c   Code   RO         2421    i.__set_errno       mc_w.l(errno.o)
    0x0800773c   0x00000046   Code   RO         2202    i._init_box         RTX_CM4.lib(rt_membox.o)
    0x08007782   0x00000002   PAD
    0x08007784   0x00000030   Code   RO         2255    i.dbg_init          RTX_CM4.lib(hal_cm.o)
    0x080077b4   0x00000020   Code   RO         2256    i.dbg_task_notify   RTX_CM4.lib(hal_cm.o)
    0x080077d4   0x00000010   Code   RO         2257    i.dbg_task_switch   RTX_CM4.lib(hal_cm.o)
    0x080077e4   0x00000018   Code   RO         2435    i.fabs              m_wm.l(fabs.o)
    0x080077fc   0x0000002c   Code   RO         1153    i.isrMessagePut     RTX_CM4.lib(rt_cmsis.o)
    0x08007828   0x00000028   Code   RO         1930    i.isr_evt_set       RTX_CM4.lib(rt_event.o)
    0x08007850   0x00000050   Code   RO         2048    i.isr_mbx_receive   RTX_CM4.lib(rt_mailbox.o)
    0x080078a0   0x0000000e   Code   RO         2049    i.isr_mbx_send      RTX_CM4.lib(rt_mailbox.o)
    0x080078ae   0x00000002   PAD
    0x080078b0   0x00000018   Code   RO         1154    i.osDelay           RTX_CM4.lib(rt_cmsis.o)
    0x080078c8   0x00000024   Code   RO         1155    i.osKernelInitialize  RTX_CM4.lib(rt_cmsis.o)
    0x080078ec   0x0000006c   Code   RO         1157    i.osKernelStart     RTX_CM4.lib(rt_cmsis.o)
    0x08007958   0x00000044   Code   RO         1166    i.osMessageGet      RTX_CM4.lib(rt_cmsis.o)
    0x0800799c   0x00000034   Code   RO         1181    i.osSignalSet       RTX_CM4.lib(rt_cmsis.o)
    0x080079d0   0x00000018   Code   RO         1182    i.osSignalWait      RTX_CM4.lib(rt_cmsis.o)
    0x080079e8   0x00000030   Code   RO         1183    i.osThreadCreate    RTX_CM4.lib(rt_cmsis.o)
    0x08007a18   0x00000018   Code   RO         1184    i.osThreadExit      RTX_CM4.lib(rt_cmsis.o)
    0x08007a30   0x0000000c   Code   RO         1190    i.osTimerCall       RTX_CM4.lib(rt_cmsis.o)
    0x08007a3c   0x0000002c   Code   RO         1195    i.osTimerThread     RTX_CM4.lib(rt_cmsis.o)
    0x08007a68   0x00000028   Code   RO         1840    i.os_tick_init      RTX_CM4.lib(rt_system.o)
    0x08007a90   0x00000002   Code   RO         1841    i.os_tick_irqack    RTX_CM4.lib(rt_system.o)
    0x08007a92   0x0000001a   Code   RO         2203    i.rt_alloc_box      RTX_CM4.lib(rt_membox.o)
    0x08007aac   0x0000003c   Code   RO         2231    i.rt_alloc_mem      RTX_CM4.lib(rt_memory.o)
    0x08007ae8   0x00000038   Code   RO         1755    i.rt_block          RTX_CM4.lib(rt_task.o)
    0x08007b20   0x00000048   Code   RO         2308    i.rt_chk_robin      RTX_CM4.lib(rt_robin.o)
    0x08007b68   0x00000070   Code   RO         1972    i.rt_dec_dly        RTX_CM4.lib(rt_list.o)
    0x08007bd8   0x00000044   Code   RO         1756    i.rt_dispatch       RTX_CM4.lib(rt_task.o)
    0x08007c1c   0x00000006   Code   RO         2138    i.rt_dly_wait       RTX_CM4.lib(rt_time.o)
    0x08007c22   0x00000002   PAD
    0x08007c24   0x00000050   Code   RO         1933    i.rt_evt_psh        RTX_CM4.lib(rt_event.o)
    0x08007c74   0x0000005c   Code   RO         1934    i.rt_evt_set        RTX_CM4.lib(rt_event.o)
    0x08007cd0   0x0000003c   Code   RO         1935    i.rt_evt_wait       RTX_CM4.lib(rt_event.o)
    0x08007d0c   0x00000020   Code   RO         2204    i.rt_free_box       RTX_CM4.lib(rt_membox.o)
    0x08007d2c   0x00000028   Code   RO         2232    i.rt_free_mem       RTX_CM4.lib(rt_memory.o)
    0x08007d54   0x00000028   Code   RO         1973    i.rt_get_first      RTX_CM4.lib(rt_list.o)
    0x08007d7c   0x00000008   Code   RO         1200    i.rt_id2obj         RTX_CM4.lib(rt_cmsis.o)
    0x08007d84   0x00000048   Code   RO         1757    i.rt_init_context   RTX_CM4.lib(rt_task.o)
    0x08007dcc   0x0000001a   Code   RO         2233    i.rt_init_mem       RTX_CM4.lib(rt_memory.o)
    0x08007de6   0x00000002   PAD
    0x08007de8   0x00000018   Code   RO         2309    i.rt_init_robin     RTX_CM4.lib(rt_robin.o)
    0x08007e00   0x00000050   Code   RO         2258    i.rt_init_stack     RTX_CM4.lib(hal_cm.o)
    0x08007e50   0x00000008   Code   RO         2050    i.rt_mbx_check      RTX_CM4.lib(rt_mailbox.o)
    0x08007e58   0x0000001c   Code   RO         2051    i.rt_mbx_init       RTX_CM4.lib(rt_mailbox.o)
    0x08007e74   0x000000f0   Code   RO         2052    i.rt_mbx_psh        RTX_CM4.lib(rt_mailbox.o)
    0x08007f64   0x000000b0   Code   RO         2054    i.rt_mbx_wait       RTX_CM4.lib(rt_mailbox.o)
    0x08008014   0x0000003c   Code   RO         1201    i.rt_ms2tick        RTX_CM4.lib(rt_cmsis.o)
    0x08008050   0x0000007c   Code   RO         1844    i.rt_pop_req        RTX_CM4.lib(rt_system.o)
    0x080080cc   0x00000020   Code   RO         1845    i.rt_psh_req        RTX_CM4.lib(rt_system.o)
    0x080080ec   0x00000058   Code   RO         1975    i.rt_psq_enq        RTX_CM4.lib(rt_list.o)
    0x08008144   0x00000048   Code   RO         1976    i.rt_put_dly        RTX_CM4.lib(rt_list.o)
    0x0800818c   0x00000036   Code   RO         1977    i.rt_put_prio       RTX_CM4.lib(rt_list.o)
    0x080081c2   0x00000002   PAD
    0x080081c4   0x00000014   Code   RO         1978    i.rt_put_rdy_first  RTX_CM4.lib(rt_list.o)
    0x080081d8   0x00000034   Code   RO         1979    i.rt_resort_prio    RTX_CM4.lib(rt_list.o)
    0x0800820c   0x00000010   Code   RO         2259    i.rt_ret_regs       RTX_CM4.lib(hal_cm.o)
    0x0800821c   0x0000000c   Code   RO         2260    i.rt_ret_val        RTX_CM4.lib(hal_cm.o)
    0x08008228   0x00000010   Code   RO         2261    i.rt_ret_val2       RTX_CM4.lib(hal_cm.o)
    0x08008238   0x00000028   Code   RO         1980    i.rt_rmv_dly        RTX_CM4.lib(rt_list.o)
    0x08008260   0x00000030   Code   RO         1981    i.rt_rmv_list       RTX_CM4.lib(rt_list.o)
    0x08008290   0x00000034   Code   RO         2099    i.rt_sem_psh        RTX_CM4.lib(rt_semaphore.o)
    0x080082c4   0x00000024   Code   RO         1847    i.rt_stk_check      RTX_CM4.lib(rt_system.o)
    0x080082e8   0x00000028   Code   RO         1758    i.rt_switch_req     RTX_CM4.lib(rt_task.o)
    0x08008310   0x0000010c   Code   RO         1759    i.rt_sys_init       RTX_CM4.lib(rt_task.o)
    0x0800841c   0x00000034   Code   RO         1760    i.rt_sys_start      RTX_CM4.lib(rt_task.o)
    0x08008450   0x00000040   Code   RO         1849    i.rt_systick        RTX_CM4.lib(rt_system.o)
    0x08008490   0x00000012   Code   RO         1202    i.rt_tid2ptcb       RTX_CM4.lib(rt_cmsis.o)
    0x080084a2   0x00000002   PAD
    0x080084a4   0x00000038   Code   RO         1203    i.rt_timer_insert   RTX_CM4.lib(rt_cmsis.o)
    0x080084dc   0x00000084   Code   RO         1761    i.rt_tsk_create     RTX_CM4.lib(rt_task.o)
    0x08008560   0x00000174   Code   RO         1762    i.rt_tsk_delete     RTX_CM4.lib(rt_task.o)
    0x080086d4   0x0000007c   Code   RO         1764    i.rt_tsk_prio       RTX_CM4.lib(rt_task.o)
    0x08008750   0x00000010   Code   RO         1765    i.rt_tsk_self       RTX_CM4.lib(rt_task.o)
    0x08008760   0x00000014   Code   RO         1205    i.svcDelay          RTX_CM4.lib(rt_cmsis.o)
    0x08008774   0x00000070   Code   RO         1206    i.svcKernelInitialize  RTX_CM4.lib(rt_cmsis.o)
    0x080087e4   0x00000048   Code   RO         1208    i.svcKernelStart    RTX_CM4.lib(rt_cmsis.o)
    0x0800882c   0x00000024   Code   RO         1211    i.svcMessageCreate  RTX_CM4.lib(rt_cmsis.o)
    0x08008850   0x0000003a   Code   RO         1212    i.svcMessageGet     RTX_CM4.lib(rt_cmsis.o)
    0x0800888a   0x00000024   Code   RO         1224    i.svcSignalSet      RTX_CM4.lib(rt_cmsis.o)
    0x080088ae   0x00000002   PAD
    0x080088b0   0x00000054   Code   RO         1225    i.svcSignalWait     RTX_CM4.lib(rt_cmsis.o)
    0x08008904   0x00000070   Code   RO         1226    i.svcThreadCreate   RTX_CM4.lib(rt_cmsis.o)
    0x08008974   0x0000001c   Code   RO         1227    i.svcThreadGetId    RTX_CM4.lib(rt_cmsis.o)
    0x08008990   0x00000038   Code   RO         1230    i.svcThreadTerminate  RTX_CM4.lib(rt_cmsis.o)
    0x080089c8   0x00000018   Code   RO         1232    i.svcTimerCall      RTX_CM4.lib(rt_cmsis.o)
    0x080089e0   0x00000054   Code   RO         1241    i.sysTimerTick      RTX_CM4.lib(rt_cmsis.o)
    0x08008a34   0x000029d0   Data   RO            4    .constdata          stm32f429i_discovery_lcd.o
    0x0800b404   0x0000015c   Data   RO          356    .constdata          threads.o
    0x0800b560   0x00000056   Data   RO          410    .constdata          rtx_conf_cm.o
    0x0800b5b6   0x00000002   PAD
    0x0800b5b8   0x00000030   Data   RO         2388    .constdata          m_wm.l(cos_i.o)
    0x0800b5e8   0x000000c8   Data   RO         2392    .constdata          m_wm.l(rred.o)
    0x0800b6b0   0x00000028   Data   RO         2396    .constdata          m_wm.l(sin_i.o)
    0x0800b6d8   0x00000020   Data   RO         2445    Region$$Table       anon$$obj.o


    Execution Region RW_IRAM1 (Base: 0x20000000, Size: 0x00001cb0, Max: 0x00030000, ABSOLUTE)

    Base Addr    Size         Type   Attr      Idx    E Section Name        Object

    0x20000000   0x00000030   Data   RW            5    .data               stm32f429i_discovery_lcd.o
    0x20000030   0x0000000c   Data   RW          233    .data               main.o
    0x2000003c   0x00000005   Data   RW          289    .data               wireless_tx.o
    0x20000041   0x00000001   PAD
    0x20000042   0x0000001c   Data   RW          312    .data               keypad.o
    0x2000005e   0x00000002   PAD
    0x20000060   0x0000001c   Data   RW          357    .data               threads.o
    0x2000007c   0x00000020   Data   RW          411    .data               rtx_conf_cm.o
    0x2000009c   0x00000010   Data   RW          919    .data               stm32f4xx_rcc.o
    0x200000ac   0x00000014   Data   RW         1128    .data               system_stm32f4xx.o
    0x200000c0   0x00000008   Data   RW         1244    .data               RTX_CM4.lib(rt_cmsis.o)
    0x200000c8   0x00000008   Data   RW         1767    .data               RTX_CM4.lib(rt_task.o)
    0x200000d0   0x00000008   Data   RW         1852    .data               RTX_CM4.lib(rt_system.o)
    0x200000d8   0x00000004   Data   RW         2142    .data               RTX_CM4.lib(rt_time.o)
    0x200000dc   0x00000001   Data   RW         2262    .data               RTX_CM4.lib(hal_cm.o)
    0x200000dd   0x00000003   PAD
    0x200000e0   0x00000008   Data   RW         2310    .data               RTX_CM4.lib(rt_robin.o)
    0x200000e8   0x00000004   Data   RW         2422    .data               mc_w.l(errno.o)
    0x200000ec   0x000000a0   Zero   RW          355    .bss                threads.o
    0x2000018c   0x00000004   PAD
    0x20000190   0x000016b8   Zero   RW          409    .bss                rtx_conf_cm.o
    0x20001848   0x00000034   Zero   RW         1766    .bss                RTX_CM4.lib(rt_task.o)
    0x2000187c   0x00000030   Zero   RW         1982    .bss                RTX_CM4.lib(rt_list.o)
    0x200018ac   0x00000004   PAD
    0x200018b0   0x00000400   Zero   RW         1118    STACK               startup_stm32f429_439xx.o


==============================================================================

Image component sizes


      Code (inc. data)   RO Data    RW Data    ZI Data      Debug   Object Name

      1066         10          0          0          0       4734   cc2500.o
       256         20          0         28          0       1733   keypad.o
       316        124          0          0          0        620   lcd_draw.o
        38          0          0         12          0       5084   main.o
       224         20          0          0          0       2025   misc.o
        54          6         86         32       5816       7258   rtx_conf_cm.o
        36          8        428          0       1024        840   startup_stm32f429_439xx.o
      6972        122      10704         48          0     356753   stm32f429i_discovery_lcd.o
       964         28          0          0          0       2548   stm32f429i_discovery_sdram.o
       948         12          0          0          0       5131   stm32f4xx_dma2d.o
      2284         14          0          0          0       7612   stm32f4xx_fmc.o
       660         44          0          0          0       4301   stm32f4xx_gpio.o
      1672         18          0          0          0       8032   stm32f4xx_ltdc.o
      1592         54          0         16          0      13010   stm32f4xx_rcc.o
      1102         32          0          0          0       7069   stm32f4xx_spi.o
      3234         60          0          0          0      22504   stm32f4xx_tim.o
       580         46          0         20          0       1923   system_stm32f4xx.o
      3580        518        348         28        160       3723   threads.o
       244         16          0          5          0       1949   wireless_tx.o

    ----------------------------------------------------------------------
     25828       1152      11600        192       7004     456849   Object Totals
         0          0         32          0          0          0   (incl. Generated)
         6          0          2          3          4          0   (incl. Padding)

    ----------------------------------------------------------------------

      Code (inc. data)   RO Data    RW Data    ZI Data      Debug   Library Member Name

       220         24          0          1          0       3528   hal_cm.o
       384         28          0          0          0        728   hal_cm4.o
      1348        162          0          8          0      30975   rt_cmsis.o
       272         18          0          0          0       2230   rt_event.o
       526         36          0          0         48       7069   rt_list.o
       546         10          0          0          0       3285   rt_mailbox.o
       128          0          0          0          0       1621   rt_membox.o
       126          0          0          0          0       1935   rt_memory.o
        96         22          0          8          0       1050   rt_robin.o
        52          4          0          0          0        497   rt_semaphore.o
       298         54          0          8          0       5667   rt_system.o
      1200        174          0          8         52       8409   rt_task.o
         6          0          0          4          0        548   rt_time.o
         4          4          0          0          0        132   svc_table.o
       216         16          0          0          0        152   cos.o
       368         46         48          0          0        200   cos_i.o
        32          8          0          0          0        124   dunder.o
        24          0          0          0          0        124   fabs.o
        48          0          0          0          0        124   fpclassify.o
       248          0          0          0          0        152   poly.o
      1080        142        200          0          0        188   rred.o
       216         16          0          0          0        152   sin.o
       304         24         40          0          0        208   sin_i.o
         0          0          0          0          0          0   entry.o
         0          0          0          0          0          0   entry10a.o
         0          0          0          0          0          0   entry11a.o
         8          4          0          0          0          0   entry2.o
         4          0          0          0          0          0   entry5.o
         0          0          0          0          0          0   entry7b.o
         0          0          0          0          0          0   entry8b.o
        12          6          0          4          0         68   errno.o
        30          0          0          0          0          0   handlers.o
        36          8          0          0          0         68   init.o
         0          0          0          0          0          0   iusefp.o
        30          0          0          0          0         68   llshl.o
        36          0          0          0          0         68   llsshr.o
        32          0          0          0          0         68   llushr.o
        36          0          0          0          0         68   memcpya.o
       334          0          0          0          0        148   dadd.o
       222          0          0          0          0        100   ddiv.o
       182          0          0          0          0        176   depilogue.o
        62          0          0          0          0         80   dfixi.o
        50          0          0          0          0         76   dfixui.o
        34          0          0          0          0         76   dflti.o
        26          0          0          0          0         76   dfltui.o
       228          0          0          0          0         96   dmul.o

    ----------------------------------------------------------------------
      9124        806        288         44        104      70334   Library Totals
        20          0          0          3          4          0   (incl. Padding)

    ----------------------------------------------------------------------

      Code (inc. data)   RO Data    RW Data    ZI Data      Debug   Library Name

      5206        536          0         37        100      67674   RTX_CM4.lib
      2536        252        288          0          0       1424   m_wm.l
       224         18          0          4          0        408   mc_w.l
      1138          0          0          0          0        828   mf_w.l

    ----------------------------------------------------------------------
      9124        806        288         44        104      70334   Library Totals

    ----------------------------------------------------------------------

==============================================================================


      Code (inc. data)   RO Data    RW Data    ZI Data      Debug   

     34952       1958      11888        236       7108     514215   Grand Totals
     34952       1958      11888        236       7108     514215   ELF Image Totals
     34952       1958      11888        236          0          0   ROM Totals

==============================================================================

    Total RO  Size (Code + RO Data)                46840 (  45.74kB)
    Total RW  Size (RW Data + ZI Data)              7344 (   7.17kB)
    Total ROM Size (Code + RO Data + RW Data)      47076 (  45.97kB)

==============================================================================

