Component: ARM Compiler 5.05 update 1 (build 106) Tool: armlink [4d0efa]

==============================================================================

Section Cross References

    stm32f429i_discovery_lcd.o(.text) refers to stm32f4xx_gpio.o(.text) for GPIO_ResetBits
    stm32f429i_discovery_lcd.o(.text) refers to stm32f4xx_spi.o(.text) for SPI_I2S_SendData
    stm32f429i_discovery_lcd.o(.text) refers to stm32f4xx_rcc.o(.text) for RCC_APB2PeriphClockCmd
    stm32f429i_discovery_lcd.o(.text) refers to stm32f429i_discovery_sdram.o(.text) for SDRAM_Init
    stm32f429i_discovery_lcd.o(.text) refers to stm32f4xx_ltdc.o(.text) for LTDC_Init
    stm32f429i_discovery_lcd.o(.text) refers to stm32f429i_discovery_lcd.o(.data) for LCD_Currentfonts
    stm32f429i_discovery_lcd.o(.text) refers to stm32f4xx_dma2d.o(.text) for DMA2D_DeInit
    stm32f429i_discovery_lcd.o(.data) refers to stm32f429i_discovery_lcd.o(.constdata) for ASCII16x24_Table
    stm32f429i_discovery_sdram.o(.text) refers to stm32f4xx_fmc.o(.text) for FMC_GetFlagStatus
    stm32f429i_discovery_sdram.o(.text) refers to stm32f4xx_rcc.o(.text) for RCC_AHB1PeriphClockCmd
    stm32f429i_discovery_sdram.o(.text) refers to stm32f4xx_gpio.o(.text) for GPIO_PinAFConfig
    cc2500.o(.text) refers to stm32f4xx_spi.o(.text) for SPI_I2S_GetFlagStatus
    cc2500.o(.text) refers to stm32f4xx_gpio.o(.text) for GPIO_ResetBits
    cc2500.o(.text) refers to stm32f4xx_rcc.o(.text) for RCC_APB2PeriphClockCmd
    main.o(.text) refers to keypad.o(.text) for keypad_init
    main.o(.text) refers to stm32f429i_discovery_lcd.o(.text) for LCD_SetFont
    main.o(.text) refers to wireless_tx.o(.text) for send_data
    main.o(.text) refers to dfltui.o(.text) for __aeabi_ui2d
    main.o(.text) refers to dmul.o(.text) for __aeabi_dmul
    main.o(.text) refers to cos.o(i.__hardfp_cos) for __hardfp_cos
    main.o(.text) refers to dflti.o(.text) for __aeabi_i2d
    main.o(.text) refers to dadd.o(.text) for __aeabi_dsub
    main.o(.text) refers to dfixi.o(.text) for __aeabi_d2iz
    main.o(.text) refers to sin.o(i.__hardfp_sin) for __hardfp_sin
    main.o(.text) refers to main.o(.data) for key
    main.o(.text) refers to stm32f429i_discovery_lcd.o(.data) for Font12x12
    main.o(.text) refers to rt_cmsis.o(i.osSignalSet) for osSignalSet
    main.o(.text) refers to rt_cmsis.o(i.osDelay) for osDelay
    main.o(.text) refers to lcd_draw.o(.text) for LCD_inital_screen
    main.o(.text) refers to rt_cmsis.o(i.osSignalWait) for osSignalWait
    main.o(.text) refers to main.o(.bss) for lcd_draw_memory
    main.o(.text) refers to memcpya.o(.text) for __aeabi_memcpy4
    main.o(.text) refers to ddiv.o(.text) for __aeabi_ddiv
    main.o(.text) refers to dfixui.o(.text) for __aeabi_d2uiz
    main.o(.text) refers to main.o(.constdata) for .constdata
    main.o(.text) refers to rt_cmsis.o(i.osKernelInitialize) for osKernelInitialize
    main.o(.text) refers to stm32f4xx_ltdc.o(.text) for LTDC_Cmd
    main.o(.text) refers to rt_cmsis.o(i.osThreadCreate) for osThreadCreate
    main.o(.text) refers to rt_cmsis.o(i.osKernelStart) for osKernelStart
    main.o(.constdata) refers to main.o(.text) for keypad
    wireless_tx.o(.text) refers to stm32f4xx_tim.o(.text) for TIM_GetITStatus
    wireless_tx.o(.text) refers to stm32f4xx_rcc.o(.text) for RCC_APB1PeriphClockCmd
    wireless_tx.o(.text) refers to misc.o(.text) for NVIC_Init
    wireless_tx.o(.text) refers to cc2500.o(.text) for CC2500_init
    wireless_tx.o(.text) refers to wireless_tx.o(.data) for ready
    wireless_tx.o(.text) refers to system_stm32f4xx.o(.data) for SystemCoreClock
    keypad.o(.text) refers to stm32f4xx_rcc.o(.text) for RCC_APB2PeriphClockCmd
    keypad.o(.text) refers to stm32f4xx_gpio.o(.text) for GPIO_Init
    keypad.o(.text) refers to keypad.o(.data) for row_pins
    lcd_draw.o(.text) refers to stm32f429i_discovery_lcd.o(.text) for LCD_SetTextColor
    lcd_draw.o(.text) refers to stm32f429i_discovery_lcd.o(.data) for Font12x12
    stm32f429i_discovery_l3gd20.o(.text) refers to stm32f4xx_spi.o(.text) for SPI_I2S_GetFlagStatus
    stm32f429i_discovery_l3gd20.o(.text) refers to stm32f4xx_gpio.o(.text) for GPIO_ResetBits
    stm32f429i_discovery_l3gd20.o(.text) refers to stm32f4xx_rcc.o(.text) for RCC_APB2PeriphClockCmd
    stm32f429i_discovery_l3gd20.o(.text) refers to stm32f429i_discovery_l3gd20.o(.data) for L3GD20Timeout
    rtx_conf_cm.o(.ARM.Collect$$$$000000FF) refers to rt_cmsis.o(i.osKernelInitialize) for osKernelInitialize
    rtx_conf_cm.o(.ARM.Collect$$$$000000FF) refers to rt_cmsis.o(i.osThreadCreate) for osThreadCreate
    rtx_conf_cm.o(.ARM.Collect$$$$000000FF) refers to rt_cmsis.o(i.osKernelStart) for osKernelStart
    rtx_conf_cm.o(.ARM.Collect$$$$000000FF) refers to rtx_conf_cm.o(.data) for .data
    rtx_conf_cm.o(.constdata) refers to rt_cmsis.o(i.osTimerThread) for osTimerThread
    rtx_conf_cm.o(.constdata) refers to rtx_conf_cm.o(.bss) for os_messageQ_q_osTimerMessageQ
[...]
    i.rt_chk_robin                           0x08007b98   Section        0  rt_robin.o(i.rt_chk_robin)
    i.rt_dec_dly                             0x08007be0   Section        0  rt_list.o(i.rt_dec_dly)
    i.rt_dispatch                            0x08007c50   Section        0  rt_task.o(i.rt_dispatch)
    i.rt_dly_wait                            0x08007c94   Section        0  rt_time.o(i.rt_dly_wait)
    i.rt_evt_psh                             0x08007c9c   Section        0  rt_event.o(i.rt_evt_psh)
    i.rt_evt_set                             0x08007cec   Section        0  rt_event.o(i.rt_evt_set)
    i.rt_evt_wait                            0x08007d48   Section        0  rt_event.o(i.rt_evt_wait)
    i.rt_free_box                            0x08007d84   Section        0  rt_membox.o(i.rt_free_box)
    i.rt_free_mem                            0x08007da4   Section        0  rt_memory.o(i.rt_free_mem)
    i.rt_get_first                           0x08007dcc   Section        0  rt_list.o(i.rt_get_first)
    i.rt_id2obj                              0x08007df4   Section        0  rt_cmsis.o(i.rt_id2obj)
    rt_id2obj                                0x08007df5   Thumb Code     8  rt_cmsis.o(i.rt_id2obj)
    i.rt_init_context                        0x08007dfc   Section        0  rt_task.o(i.rt_init_context)
    rt_init_context                          0x08007dfd   Thumb Code    66  rt_task.o(i.rt_init_context)
    i.rt_init_mem                            0x08007e44   Section        0  rt_memory.o(i.rt_init_mem)
    i.rt_init_robin                          0x08007e60   Section        0  rt_robin.o(i.rt_init_robin)
    i.rt_init_stack                          0x08007e78   Section        0  hal_cm.o(i.rt_init_stack)
    i.rt_mbx_check                           0x08007ec8   Section        0  rt_mailbox.o(i.rt_mbx_check)
    i.rt_mbx_init                            0x08007ed0   Section        0  rt_mailbox.o(i.rt_mbx_init)
    i.rt_mbx_psh                             0x08007eec   Section        0  rt_mailbox.o(i.rt_mbx_psh)
    i.rt_mbx_wait                            0x08007fdc   Section        0  rt_mailbox.o(i.rt_mbx_wait)
    i.rt_ms2tick                             0x0800808c   Section        0  rt_cmsis.o(i.rt_ms2tick)
    rt_ms2tick                               0x0800808d   Thumb Code    50  rt_cmsis.o(i.rt_ms2tick)
    i.rt_pop_req                             0x080080c8   Section        0  rt_system.o(i.rt_pop_req)
    i.rt_psh_req                             0x08008144   Section        0  rt_system.o(i.rt_psh_req)
    i.rt_psq_enq                             0x08008164   Section        0  rt_list.o(i.rt_psq_enq)
    i.rt_put_dly                             0x080081bc   Section        0  rt_list.o(i.rt_put_dly)
    i.rt_put_prio                            0x08008204   Section        0  rt_list.o(i.rt_put_prio)
    i.rt_put_rdy_first                       0x0800823c   Section        0  rt_list.o(i.rt_put_rdy_first)
    i.rt_resort_prio                         0x08008250   Section        0  rt_list.o(i.rt_resort_prio)
    i.rt_ret_regs                            0x08008284   Section        0  hal_cm.o(i.rt_ret_regs)
    rt_ret_regs                              0x08008285   Thumb Code    16  hal_cm.o(i.rt_ret_regs)
    i.rt_ret_val                             0x08008294   Section        0  hal_cm.o(i.rt_ret_val)
    i.rt_ret_val2                            0x080082a0   Section        0  hal_cm.o(i.rt_ret_val2)
    i.rt_rmv_dly                             0x080082b0   Section        0  rt_list.o(i.rt_rmv_dly)
    i.rt_rmv_list                            0x080082d8   Section        0  rt_list.o(i.rt_rmv_list)
    i.rt_sem_psh                             0x08008308   Section        0  rt_semaphore.o(i.rt_sem_psh)
    i.rt_stk_check                           0x0800833c   Section        0  rt_system.o(i.rt_stk_check)
    i.rt_switch_req                          0x08008360   Section        0  rt_task.o(i.rt_switch_req)
    i.rt_sys_init                            0x08008388   Section        0  rt_task.o(i.rt_sys_init)
    i.rt_sys_start                           0x08008454   Section        0  rt_task.o(i.rt_sys_start)
    i.rt_systick                             0x080084cc   Section        0  rt_system.o(i.rt_systick)
    i.rt_tid2ptcb                            0x0800850c   Section        0  rt_cmsis.o(i.rt_tid2ptcb)
    rt_tid2ptcb                              0x0800850d   Thumb Code    18  rt_cmsis.o(i.rt_tid2ptcb)
    i.rt_timer_insert                        0x08008520   Section        0  rt_cmsis.o(i.rt_timer_insert)
    rt_timer_insert                          0x08008521   Thumb Code    50  rt_cmsis.o(i.rt_timer_insert)
    i.rt_tsk_create                          0x08008558   Section        0  rt_task.o(i.rt_tsk_create)
    i.rt_tsk_delete                          0x080085dc   Section        0  rt_task.o(i.rt_tsk_delete)
    i.rt_tsk_prio                            0x08008750   Section        0  rt_task.o(i.rt_tsk_prio)
    i.rt_tsk_self                            0x080087cc   Section        0  rt_task.o(i.rt_tsk_self)
    i.svcDelay                               0x080087dc   Section        0  rt_cmsis.o(i.svcDelay)
    i.svcKernelInitialize                    0x080087f0   Section        0  rt_cmsis.o(i.svcKernelInitialize)
    i.svcKernelStart                         0x08008860   Section        0  rt_cmsis.o(i.svcKernelStart)
    i.svcMessageCreate                       0x080088a8   Section        0  rt_cmsis.o(i.svcMessageCreate)
    i.svcMessageGet                          0x080088cc   Section        0  rt_cmsis.o(i.svcMessageGet)
    i.svcSignalSet                           0x08008906   Section        0  rt_cmsis.o(i.svcSignalSet)
    i.svcSignalWait                          0x0800892c   Section        0  rt_cmsis.o(i.svcSignalWait)
    i.svcThreadCreate                        0x08008980   Section        0  rt_cmsis.o(i.svcThreadCreate)
    i.svcThreadGetId                         0x080089f0   Section        0  rt_cmsis.o(i.svcThreadGetId)
    i.svcThreadTerminate                     0x08008a0c   Section        0  rt_cmsis.o(i.svcThreadTerminate)
    i.svcTimerCall                           0x08008a44   Section        0  rt_cmsis.o(i.svcTimerCall)
    i.sysTimerTick                           0x08008a5c   Section        0  rt_cmsis.o(i.sysTimerTick)
    .constdata                               0x08008ab0   Section    10704  stm32f429i_discovery_lcd.o(.constdata)
    .constdata                               0x0800b480   Section      328  main.o(.constdata)
    .constdata                               0x0800b5c8   Section       86  rtx_conf_cm.o(.constdata)
    __tagsym$$used                           0x0800b5e4   Number         0  rtx_conf_cm.o(.constdata)
    __tagsym$$used                           0x0800b5e8   Number         0  rtx_conf_cm.o(.constdata)
    __tagsym$$used                           0x0800b5ec   Number         0  rtx_conf_cm.o(.constdata)
    __tagsym$$used                           0x0800b5f0   Number         0  rtx_conf_cm.o(.constdata)
    .constdata                               0x0800b620   Section       48  cos_i.o(.constdata)
    C                                        0x0800b620   Data          48  cos_i.o(.constdata)
    .constdata                               0x0800b650   Section      200  rred.o(.constdata)
    pio2s                                    0x0800b650   Data          48  rred.o(.constdata)
    twooverpi                                0x0800b680   Data         152  rred.o(.constdata)
    .constdata                               0x0800b718   Section       40  sin_i.o(.constdata)
    S                                        0x0800b718   Data          40  sin_i.o(.constdata)
    .data                                    0x20000000   Section       48  stm32f429i_discovery_lcd.o(.data)
    LCD_Currentfonts                         0x20000020   Data           4  stm32f429i_discovery_lcd.o(.data)
    CurrentTextColor                         0x20000024   Data           2  stm32f429i_discovery_lcd.o(.data)
    CurrentBackColor                         0x20000026   Data           2  stm32f429i_discovery_lcd.o(.data)
    CurrentFrameBuffer                       0x20000028   Data           4  stm32f429i_discovery_lcd.o(.data)
    CurrentLayer                             0x2000002c   Data           4  stm32f429i_discovery_lcd.o(.data)
    .data                                    0x20000030   Section       40  main.o(.data)
    .data                                    0x20000058   Section        5  wireless_tx.o(.data)
    .data                                    0x2000005e   Section       28  keypad.o(.data)
    .data                                    0x2000007c   Section       32  rtx_conf_cm.o(.data)
    .data                                    0x2000009c   Section       16  stm32f4xx_rcc.o(.data)
    APBAHBPrescTable                         0x2000009c   Data          16  stm32f4xx_rcc.o(.data)
    .data                                    0x200000ac   Section       20  system_stm32f4xx.o(.data)
    .data                                    0x200000c0   Section        8  rt_cmsis.o(.data)
    .data                                    0x200000c8   Section        8  rt_task.o(.data)
    .data                                    0x200000d0   Section        8  rt_system.o(.data)
    os_lock                                  0x200000d0   Data           1  rt_system.o(.data)
    os_psh_flag                              0x200000d1   Data           1  rt_system.o(.data)
    pend_flags                               0x200000d2   Data           1  rt_system.o(.data)
    .data                                    0x200000d8   Section        4  rt_time.o(.data)
    .data                                    0x200000dc   Section        1  hal_cm.o(.data)
    .data                                    0x200000e0   Section        8  rt_robin.o(.data)
    .data                                    0x200000e8   Section        4  errno.o(.data)
    _errno                                   0x200000e8   Data           4  errno.o(.data)
    .bss                                     0x200000ec   Section      160  main.o(.bss)
    .bss                                     0x20000190   Section     4616  rtx_conf_cm.o(.bss)
    .bss                                     0x20001398   Section       52  rt_task.o(.bss)
    .bss                                     0x200013cc   Section       48  rt_list.o(.bss)
    STACK                                    0x20001400   Section     1024  startup_stm32f429_439xx.o(STACK)

    Global Symbols

    Symbol Name                              Value     Ov Type        Size  Object(Section)

    BuildAttributes$$THM_ISAv4$E$P$D$K$B$S$7EM$VFPi3$EXTD16$VFPS$VFMA$PE$A:L22UL41UL21$X:L11$S22US41US21$IEEE1$IW$USESV6$~STKCKD$USESV7$~SHL$OTIME$ROPI$IEEEX$EBA8$MICROLIB$REQ8$PRES8$EABIv2 0x00000000   Number         0  anon$$obj.o ABSOLUTE
    __ARM_use_no_argv                        0x00000000   Number         0  main.o ABSOLUTE
    __cpp_initialize__aeabi_                  - Undefined Weak Reference
    __cxa_finalize                            - Undefined Weak Reference
    __decompress                              - Undefined Weak Reference
    _clock_init                               - Undefined Weak Reference
    _microlib_exit                            - Undefined Weak Reference
    __Vectors_Size                           0x000001ac   Number         0  startup_stm32f429_439xx.o ABSOLUTE
    __RL_RTX_VER                             0x00000473   Number         0  rt_system.o ABSOLUTE
    __Vectors                                0x08000000   Data           4  startup_stm32f429_439xx.o(RESET)
    __Vectors_End                            0x080001ac   Data           0  startup_stm32f429_439xx.o(RESET)
    __main                                   0x080001ad   Thumb Code     0  entry.o(.ARM.Collect$$$$00000000)
    _main_stk                                0x080001ad   Thumb Code     0  entry2.o(.ARM.Collect$$$$00000001)
    _main_scatterload                        0x080001b1   Thumb Code     0  entry5.o(.ARM.Collect$$$$00000004)
    __main_after_scatterload                 0x080001b5   Thumb Code     0  entry5.o(.ARM.Collect$$$$00000004)
    __rt_final_cpp                           0x080001b5   Thumb Code     0  entry10a.o(.ARM.Collect$$$$0000000D)
    __rt_final_exit                          0x080001b5   Thumb Code     0  entry11a.o(.ARM.Collect$$$$0000000F)
    _main_clock                              0x080001b5   Thumb Code     0  entry7b.o(.ARM.Collect$$$$00000008)
    _main_cpp_init                           0x080001b5   Thumb Code     0  entry8b.o(.ARM.Collect$$$$0000000A)
    _main_init                               0x080001b5   Thumb Code    18  rtx_conf_cm.o(.ARM.Collect$$$$000000FF)
    rt_set_PSP                               0x080001d1   Thumb Code     6  hal_cm4.o(.emb_text)
    rt_get_PSP                               0x080001d7   Thumb Code     6  hal_cm4.o(.emb_text)
    os_set_env                               0x080001dd   Thumb Code    24  hal_cm4.o(.emb_text)
    _alloc_box                               0x080001f9   Thumb Code    28  hal_cm4.o(.emb_text)
    _free_box                                0x08000219   Thumb Code    28  hal_cm4.o(.emb_text)
    SVC_Handler                              0x08000239   Thumb Code   148  hal_cm4.o(.emb_text)
    PendSV_Handler                           0x080002d9   Thumb Code    96  hal_cm4.o(.emb_text)
    SysTick_Handler                          0x0800033d   Thumb Code     8  hal_cm4.o(.emb_text)
    OS_Tick_Handler                          0x08000345   Thumb Code    12  hal_cm4.o(.emb_text)
    LCD_ChipSelect                           0x08000351   Thumb Code    26  stm32f429i_discovery_lcd.o(.text)
    LCD_CtrlLinesWrite                       0x08000387   Thumb Code    20  stm32f429i_discovery_lcd.o(.text)
    LCD_WriteCommand                         0x0800039b   Thumb Code    58  stm32f429i_discovery_lcd.o(.text)
    LCD_DisplayOff                           0x080003d5   Thumb Code    10  stm32f429i_discovery_lcd.o(.text)
    LCD_DeInit                               0x080003df   Thumb Code   516  stm32f429i_discovery_lcd.o(.text)
    LCD_WriteData                            0x08000731   Thumb Code    86  stm32f429i_discovery_lcd.o(.text)
    LCD_PowerOn                              0x08000787   Thumb Code   652  stm32f429i_discovery_lcd.o(.text)
    LCD_SPIConfig                            0x08000a13   Thumb Code   190  stm32f429i_discovery_lcd.o(.text)
    LCD_CtrlLinesConfig                      0x08000ad1   Thumb Code    56  stm32f429i_discovery_lcd.o(.text)
    LCD_Init                                 0x08000b09   Thumb Code   198  stm32f429i_discovery_lcd.o(.text)
    LCD_SetFont                              0x08000bcf   Thumb Code     6  stm32f429i_discovery_lcd.o(.text)
    LCD_LayerInit                            0x08000bd5   Thumb Code   152  stm32f429i_discovery_lcd.o(.text)
    LCD_SetLayer                             0x08000c6d   Thumb Code    36  stm32f429i_discovery_lcd.o(.text)
    LCD_SetColors                            0x08000c91   Thumb Code    20  stm32f429i_discovery_lcd.o(.text)
    LCD_GetColors                            0x08000ca5   Thumb Code    14  stm32f429i_discovery_lcd.o(.text)
    LCD_SetTextColor                         0x08000cb3   Thumb Code    12  stm32f429i_discovery_lcd.o(.text)
    LCD_SetBackColor                         0x08000cbf   Thumb Code    12  stm32f429i_discovery_lcd.o(.text)
    LCD_SetTransparency                      0x08000ccb   Thumb Code    38  stm32f429i_discovery_lcd.o(.text)
    LCD_GetFont                              0x08000cf1   Thumb Code     6  stm32f429i_discovery_lcd.o(.text)
    LCD_DrawChar                             0x08000cf7   Thumb Code   200  stm32f429i_discovery_lcd.o(.text)
    LCD_DisplayChar                          0x08000dbf   Thumb Code    42  stm32f429i_discovery_lcd.o(.text)
    LCD_ClearLine                            0x08000de9   Thumb Code   104  stm32f429i_discovery_lcd.o(.text)
    LCD_Clear                                0x08000e51   Thumb Code    26  stm32f429i_discovery_lcd.o(.text)
    LCD_SetCursor                            0x08000e6b   Thumb Code    22  stm32f429i_discovery_lcd.o(.text)
    LCD_SetColorKeying                       0x08000e81   Thumb Code    68  stm32f429i_discovery_lcd.o(.text)
    LCD_ReSetColorKeying                     0x08000ec5   Thumb Code    46  stm32f429i_discovery_lcd.o(.text)
    LCD_DisplayStringLine                    0x08000ef3   Thumb Code    80  stm32f429i_discovery_lcd.o(.text)
    LCD_SetDisplayWindow                     0x08000f43   Thumb Code    92  stm32f429i_discovery_lcd.o(.text)
    LCD_WindowModeDisable                    0x08000f9f   Thumb Code    18  stm32f429i_discovery_lcd.o(.text)
    LCD_DrawLine                             0x08000fb1   Thumb Code   158  stm32f429i_discovery_lcd.o(.text)
    LCD_DrawRect                             0x0800104f   Thumb Code    68  stm32f429i_discovery_lcd.o(.text)
    LCD_DrawCircle                           0x08001093   Thumb Code   194  stm32f429i_discovery_lcd.o(.text)
    LCD_DrawFullEllipse                      0x08001155   Thumb Code   534  stm32f429i_discovery_lcd.o(.text)
    LCD_DrawEllipse                          0x0800136b   Thumb Code   702  stm32f429i_discovery_lcd.o(.text)
    LCD_DrawMonoPict                         0x08001629   Thumb Code    66  stm32f429i_discovery_lcd.o(.text)
    LCD_WriteBMP                             0x0800166b   Thumb Code   320  stm32f429i_discovery_lcd.o(.text)
    LCD_DrawFullRect                         0x080017ab   Thumb Code   152  stm32f429i_discovery_lcd.o(.text)
    LCD_DrawFullCircle                       0x08001843   Thumb Code   146  stm32f429i_discovery_lcd.o(.text)
    LCD_DrawUniLine                          0x080018ff   Thumb Code   306  stm32f429i_discovery_lcd.o(.text)
    LCD_Triangle                             0x08001a31   Thumb Code   108  stm32f429i_discovery_lcd.o(.text)
    LCD_FillTriangle                         0x08001a9d   Thumb Code   296  stm32f429i_discovery_lcd.o(.text)
    LCD_PolyLine                             0x08001bc5   Thumb Code    68  stm32f429i_discovery_lcd.o(.text)
    LCD_ClosedPolyLine                       0x08001c7f   Thumb Code    48  stm32f429i_discovery_lcd.o(.text)
    LCD_PolyLineRelative                     0x08001caf   Thumb Code    18  stm32f429i_discovery_lcd.o(.text)
    LCD_ClosedPolyLineRelative               0x08001cc1   Thumb Code    18  stm32f429i_discovery_lcd.o(.text)
    LCD_FillPolyLine                         0x08001cd3   Thumb Code   432  stm32f429i_discovery_lcd.o(.text)
    LCD_DisplayOn                            0x08001e83   Thumb Code    10  stm32f429i_discovery_lcd.o(.text)
    SDRAM_InitSequence                       0x08001ead   Thumb Code   200  stm32f429i_discovery_sdram.o(.text)
    SDRAM_GPIOConfig                         0x08001f75   Thumb Code   492  stm32f429i_discovery_sdram.o(.text)
    SDRAM_Init                               0x08002161   Thumb Code   104  stm32f429i_discovery_sdram.o(.text)
    SDRAM_WriteBuffer                        0x080021c9   Thumb Code    58  stm32f429i_discovery_sdram.o(.text)
    SDRAM_ReadBuffer                         0x08002203   Thumb Code    50  stm32f429i_discovery_sdram.o(.text)
    CC2500_CS                                0x0800229f   Thumb Code    54  cc2500.o(.text)
    CC2500_write                             0x080022d5   Thumb Code    62  cc2500.o(.text)
    send_strobe                              0x08002313   Thumb Code    34  cc2500.o(.text)
    chip_reset                               0x08002335   Thumb Code    50  cc2500.o(.text)
    CC2500_init                              0x0800244d   Thumb Code   308  cc2500.o(.text)
    CC2500_read                              0x08002581   Thumb Code    70  cc2500.o(.text)
    get_rx_buffer_size                       0x080025c7   Thumb Code    40  cc2500.o(.text)
    get_tx_buffer_size                       0x080025ef   Thumb Code    14  cc2500.o(.text)
    calibrate_frequency_synthesizer          0x080025fd   Thumb Code    10  cc2500.o(.text)
    rx_enable                                0x08002607   Thumb Code    10  cc2500.o(.text)
    tx_enable                                0x08002611   Thumb Code    10  cc2500.o(.text)
    set_idle                                 0x0800261b   Thumb Code    10  cc2500.o(.text)
    flush_rx_fifo                            0x08002625   Thumb Code    10  cc2500.o(.text)
    flush_tx_fifo                            0x0800262f   Thumb Code    10  cc2500.o(.text)
    get_status_byte                          0x08002639   Thumb Code    30  cc2500.o(.text)
    read_rx_fifo                             0x08002657   Thumb Code    18  cc2500.o(.text)
    write_tx_fifo                            0x08002669   Thumb Code    18  cc2500.o(.text)
    keypad                                   0x0800269d   Thumb Code  1914  main.o(.text)
    LCD_control                              0x08002e17   Thumb Code   882  main.o(.text)
    Data_send                                0x08003189   Thumb Code   784  main.o(.text)
    main                                     0x08003499   Thumb Code    70  main.o(.text)
    TIM3_IRQHandler                          0x0800351d   Thumb Code    28  wireless_tx.o(.text)
    config_tim3                              0x08003539   Thumb Code   114  wireless_tx.o(.text)
    wireless_init                            0x080035ab   Thumb Code    12  wireless_tx.o(.text)
    send_data                                0x080035b7   Thumb Code    42  wireless_tx.o(.text)
    keypad_init                              0x080035f1   Thumb Code    80  keypad.o(.text)
    read_cols                                0x08003641   Thumb Code    52  keypad.o(.text)
    get_key                                  0x08003675   Thumb Code    84  keypad.o(.text)
    get_input                                0x080036c9   Thumb Code    20  keypad.o(.text)
    LCD_shape_clear                          0x080036f1   Thumb Code    56  lcd_draw.o(.text)
    LCD_inital_screen                        0x08003729   Thumb Code   136  lcd_draw.o(.text)
    os_idle_demon                            0x0800382d   Thumb Code     4  rtx_conf_cm.o(.text)
    os_error                                 0x08003831   Thumb Code    26  rtx_conf_cm.o(.text)
    NVIC_PriorityGroupConfig                 0x0800384d   Thumb Code    10  misc.o(.text)
    NVIC_Init                                0x08003857   Thumb Code   106  misc.o(.text)
    NVIC_SetVectorTable                      0x080038c1   Thumb Code    14  misc.o(.text)
    NVIC_SystemLPConfig                      0x080038cf   Thumb Code    34  misc.o(.text)
    SysTick_CLKSourceConfig                  0x080038f1   Thumb Code    40  misc.o(.text)
    DMA2D_DeInit                             0x0800392d   Thumb Code    22  stm32f4xx_dma2d.o(.text)
    DMA2D_Init                               0x08003943   Thumb Code   218  stm32f4xx_dma2d.o(.text)
    DMA2D_StructInit                         0x08003a1d   Thumb Code    24  stm32f4xx_dma2d.o(.text)
    DMA2D_StartTransfer                      0x08003a35   Thumb Code    14  stm32f4xx_dma2d.o(.text)
    DMA2D_AbortTransfer                      0x08003a43   Thumb Code    14  stm32f4xx_dma2d.o(.text)
    DMA2D_Suspend                            0x08003a51   Thumb Code    30  stm32f4xx_dma2d.o(.text)
    DMA2D_FGConfig                           0x08003a6f   Thumb Code   174  stm32f4xx_dma2d.o(.text)
    DMA2D_FG_StructInit                      0x08003b1d   Thumb Code    26  stm32f4xx_dma2d.o(.text)
    DMA2D_BGConfig                           0x08003b37   Thumb Code   174  stm32f4xx_dma2d.o(.text)
    DMA2D_BG_StructInit                      0x08003be5   Thumb Code    26  stm32f4xx_dma2d.o(.text)
    DMA2D_FGStart                            0x08003bff   Thumb Code    30  stm32f4xx_dma2d.o(.text)
    DMA2D_BGStart                            0x08003c1d   Thumb Code    30  stm32f4xx_dma2d.o(.text)
    DMA2D_DeadTimeConfig                     0x08003c3b   Thumb Code    50  stm32f4xx_dma2d.o(.text)
    DMA2D_LineWatermarkConfig                0x08003c6d   Thumb Code     6  stm32f4xx_dma2d.o(.text)
    DMA2D_ITConfig                           0x08003c73   Thumb Code    26  stm32f4xx_dma2d.o(.text)
    DMA2D_GetFlagStatus                      0x08003c8d   Thumb Code    20  stm32f4xx_dma2d.o(.text)
    DMA2D_ClearFlag                          0x08003ca1   Thumb Code     6  stm32f4xx_dma2d.o(.text)
    DMA2D_GetITStatus                        0x08003ca7   Thumb Code    38  stm32f4xx_dma2d.o(.text)
    DMA2D_ClearITPendingBit                  0x08003ccd   Thumb Code     8  stm32f4xx_dma2d.o(.text)
    FMC_NORSRAMDeInit                        0x08003ce1   Thumb Code    54  stm32f4xx_fmc.o(.text)
    FMC_NORSRAMInit                          0x08003d17   Thumb Code   296  stm32f4xx_fmc.o(.text)
    FMC_NORSRAMStructInit                    0x08003e3f   Thumb Code   120  stm32f4xx_fmc.o(.text)
    FMC_NORSRAMCmd                           0x08003eb7   Thumb Code    46  stm32f4xx_fmc.o(.text)
    FMC_NANDDeInit                           0x08003ee5   Thumb Code    62  stm32f4xx_fmc.o(.text)
    FMC_NANDInit                             0x08003f23   Thumb Code   132  stm32f4xx_fmc.o(.text)
    FMC_NANDStructInit                       0x08003fa7   Thumb Code    58  stm32f4xx_fmc.o(.text)
    FMC_NANDCmd                              0x08003fe1   Thumb Code    86  stm32f4xx_fmc.o(.text)
    FMC_NANDECCCmd                           0x08004037   Thumb Code    86  stm32f4xx_fmc.o(.text)
    FMC_GetECC                               0x0800408d   Thumb Code    24  stm32f4xx_fmc.o(.text)
    FMC_PCCARDDeInit                         0x080040a5   Thumb Code    36  stm32f4xx_fmc.o(.text)
    FMC_PCCARDInit                           0x080040c9   Thumb Code   130  stm32f4xx_fmc.o(.text)
    FMC_PCCARDStructInit                     0x0800414b   Thumb Code    60  stm32f4xx_fmc.o(.text)
    FMC_PCCARDCmd                            0x08004187   Thumb Code    44  stm32f4xx_fmc.o(.text)
    FMC_SDRAMDeInit                          0x080041b3   Thumb Code    48  stm32f4xx_fmc.o(.text)
    FMC_SDRAMInit                            0x080041e3   Thumb Code   254  stm32f4xx_fmc.o(.text)
    FMC_SDRAMStructInit                      0x080042e1   Thumb Code    64  stm32f4xx_fmc.o(.text)
    FMC_SDRAMCmdConfig                       0x08004321   Thumb Code    28  stm32f4xx_fmc.o(.text)
    FMC_GetModeStatus                        0x0800433d   Thumb Code    32  stm32f4xx_fmc.o(.text)
    FMC_SetRefreshCount                      0x0800435d   Thumb Code    20  stm32f4xx_fmc.o(.text)
    FMC_SetAutoRefresh_Number                0x08004371   Thumb Code    18  stm32f4xx_fmc.o(.text)
    FMC_SDRAMWriteProtectionConfig           0x08004383   Thumb Code    56  stm32f4xx_fmc.o(.text)
    FMC_ITConfig                             0x080043bb   Thumb Code   176  stm32f4xx_fmc.o(.text)
    FMC_GetFlagStatus                        0x0800446b   Thumb Code    70  stm32f4xx_fmc.o(.text)
    FMC_ClearFlag                            0x080044b1   Thumb Code    86  stm32f4xx_fmc.o(.text)
    FMC_GetITStatus                          0x08004507   Thumb Code    98  stm32f4xx_fmc.o(.text)
    FMC_ClearITPendingBit                    0x08004569   Thumb Code    94  stm32f4xx_fmc.o(.text)
    GPIO_DeInit                              0x080045cd   Thumb Code   268  stm32f4xx_gpio.o(.text)
    GPIO_Init                                0x080046d9   Thumb Code   144  stm32f4xx_gpio.o(.text)
    GPIO_StructInit                          0x08004769   Thumb Code    18  stm32f4xx_gpio.o(.text)
    GPIO_PinLockConfig                       0x0800477b   Thumb Code    34  stm32f4xx_gpio.o(.text)
    GPIO_ReadInputDataBit                    0x0800479d   Thumb Code    18  stm32f4xx_gpio.o(.text)
    GPIO_ReadInputData                       0x080047af   Thumb Code     8  stm32f4xx_gpio.o(.text)
    GPIO_ReadOutputDataBit                   0x080047b7   Thumb Code    18  stm32f4xx_gpio.o(.text)
    GPIO_ReadOutputData                      0x080047c9   Thumb Code     8  stm32f4xx_gpio.o(.text)
    GPIO_SetBits                             0x080047d1   Thumb Code     4  stm32f4xx_gpio.o(.text)
    GPIO_ResetBits                           0x080047d5   Thumb Code     4  stm32f4xx_gpio.o(.text)
    GPIO_WriteBit                            0x080047d9   Thumb Code    10  stm32f4xx_gpio.o(.text)
    GPIO_Write                               0x080047e3   Thumb Code     4  stm32f4xx_gpio.o(.text)
    GPIO_ToggleBits                          0x080047e7   Thumb Code     8  stm32f4xx_gpio.o(.text)
    GPIO_PinAFConfig                         0x080047ef   Thumb Code    70  stm32f4xx_gpio.o(.text)
    LTDC_DeInit                              0x08004861   Thumb Code    22  stm32f4xx_ltdc.o(.text)
    LTDC_Init                                0x08004877   Thumb Code   378  stm32f4xx_ltdc.o(.text)
    LTDC_StructInit                          0x080049f1   Thumb Code    34  stm32f4xx_ltdc.o(.text)
    LTDC_Cmd                                 0x08004a13   Thumb Code    38  stm32f4xx_ltdc.o(.text)
    LTDC_DitherCmd                           0x08004a39   Thumb Code    38  stm32f4xx_ltdc.o(.text)
    LTDC_GetRGBWidth                         0x08004a5f   Thumb Code    58  stm32f4xx_ltdc.o(.text)
    LTDC_RGBStructInit                       0x08004a99   Thumb Code    10  stm32f4xx_ltdc.o(.text)
    LTDC_LIPConfig                           0x08004aa3   Thumb Code     8  stm32f4xx_ltdc.o(.text)
    LTDC_ReloadConfig                        0x08004aab   Thumb Code     8  stm32f4xx_ltdc.o(.text)
    LTDC_LayerInit                           0x08004ab3   Thumb Code   276  stm32f4xx_ltdc.o(.text)
    LTDC_LayerStructInit                     0x08004bc7   Thumb Code    48  stm32f4xx_ltdc.o(.text)
    LTDC_LayerCmd                            0x08004bf7   Thumb Code    22  stm32f4xx_ltdc.o(.text)
    LTDC_GetPosStatus                        0x08004c0d   Thumb Code    42  stm32f4xx_ltdc.o(.text)
    LTDC_PosStructInit                       0x08004c37   Thumb Code     8  stm32f4xx_ltdc.o(.text)
    LTDC_GetCDStatus                         0x08004c3f   Thumb Code    20  stm32f4xx_ltdc.o(.text)
    LTDC_ColorKeyingConfig                   0x08004c53   Thumb Code    74  stm32f4xx_ltdc.o(.text)
    LTDC_ColorKeyingStructInit               0x08004c9d   Thumb Code    10  stm32f4xx_ltdc.o(.text)
    LTDC_CLUTCmd                             0x08004ca7   Thumb Code    28  stm32f4xx_ltdc.o(.text)
    LTDC_CLUTInit                            0x08004cc3   Thumb Code    32  stm32f4xx_ltdc.o(.text)
    LTDC_CLUTStructInit                      0x08004ce3   Thumb Code    12  stm32f4xx_ltdc.o(.text)
    LTDC_LayerPosition                       0x08004cef   Thumb Code   158  stm32f4xx_ltdc.o(.text)
    LTDC_LayerAlpha                          0x08004d8d   Thumb Code     4  stm32f4xx_ltdc.o(.text)
    LTDC_LayerAddress                        0x08004d91   Thumb Code     4  stm32f4xx_ltdc.o(.text)
    LTDC_LayerSize                           0x08004d95   Thumb Code   116  stm32f4xx_ltdc.o(.text)
    LTDC_LayerPixelFormat                    0x08004e09   Thumb Code   106  stm32f4xx_ltdc.o(.text)
    LTDC_ITConfig                            0x08004e73   Thumb Code    34  stm32f4xx_ltdc.o(.text)
    LTDC_GetFlagStatus                       0x08004e95   Thumb Code    22  stm32f4xx_ltdc.o(.text)
    LTDC_ClearFlag                           0x08004eab   Thumb Code     8  stm32f4xx_ltdc.o(.text)
    LTDC_GetITStatus                         0x08004eb3   Thumb Code    40  stm32f4xx_ltdc.o(.text)
    LTDC_ClearITPendingBit                   0x08004edb   Thumb Code     8  stm32f4xx_ltdc.o(.text)
    RCC_DeInit                               0x08004ee9   Thumb Code    82  stm32f4xx_rcc.o(.text)
    RCC_HSEConfig                            0x08004f3b   Thumb Code    14  stm32f4xx_rcc.o(.text)
    RCC_GetFlagStatus                        0x08004f49   Thumb Code    60  stm32f4xx_rcc.o(.text)
    RCC_WaitForHSEStartUp                    0x08004f85   Thumb Code    56  stm32f4xx_rcc.o(.text)
    RCC_AdjustHSICalibrationValue            0x08004fbd   Thumb Code    20  stm32f4xx_rcc.o(.text)
    RCC_HSICmd                               0x08004fd1   Thumb Code     6  stm32f4xx_rcc.o(.text)
    RCC_LSEConfig                            0x08004fd7   Thumb Code    46  stm32f4xx_rcc.o(.text)
    RCC_LSICmd                               0x08005005   Thumb Code     6  stm32f4xx_rcc.o(.text)
    RCC_PLLConfig                            0x0800500b   Thumb Code    32  stm32f4xx_rcc.o(.text)
    RCC_PLLCmd                               0x0800502b   Thumb Code     6  stm32f4xx_rcc.o(.text)
    RCC_PLLI2SConfig                         0x08005031   Thumb Code    20  stm32f4xx_rcc.o(.text)
    RCC_PLLI2SCmd                            0x08005045   Thumb Code     6  stm32f4xx_rcc.o(.text)
    RCC_PLLSAIConfig                         0x0800504b   Thumb Code    20  stm32f4xx_rcc.o(.text)
    RCC_PLLSAICmd                            0x0800505f   Thumb Code     6  stm32f4xx_rcc.o(.text)
    RCC_ClockSecuritySystemCmd               0x08005065   Thumb Code     6  stm32f4xx_rcc.o(.text)
    RCC_MCO1Config                           0x0800506b   Thumb Code    28  stm32f4xx_rcc.o(.text)
    RCC_MCO2Config                           0x08005087   Thumb Code    28  stm32f4xx_rcc.o(.text)
    RCC_SYSCLKConfig                         0x080050a3   Thumb Code    20  stm32f4xx_rcc.o(.text)
    RCC_GetSYSCLKSource                      0x080050b7   Thumb Code    12  stm32f4xx_rcc.o(.text)
    RCC_HCLKConfig                           0x080050c3   Thumb Code    20  stm32f4xx_rcc.o(.text)
    RCC_PCLK1Config                          0x080050d7   Thumb Code    20  stm32f4xx_rcc.o(.text)
    RCC_PCLK2Config                          0x080050eb   Thumb Code    22  stm32f4xx_rcc.o(.text)
    RCC_GetClocksFreq                        0x08005101   Thumb Code   222  stm32f4xx_rcc.o(.text)
    RCC_RTCCLKConfig                         0x080051df   Thumb Code    54  stm32f4xx_rcc.o(.text)
    RCC_RTCCLKCmd                            0x08005215   Thumb Code     8  stm32f4xx_rcc.o(.text)
    RCC_BackupResetCmd                       0x0800521d   Thumb Code     8  stm32f4xx_rcc.o(.text)
    RCC_I2SCLKConfig                         0x08005225   Thumb Code     6  stm32f4xx_rcc.o(.text)
    RCC_SAIPLLI2SClkDivConfig                0x0800522b   Thumb Code    26  stm32f4xx_rcc.o(.text)
    RCC_SAIPLLSAIClkDivConfig                0x08005245   Thumb Code    28  stm32f4xx_rcc.o(.text)
    RCC_SAIBlockACLKConfig                   0x08005261   Thumb Code    20  stm32f4xx_rcc.o(.text)
    RCC_SAIBlockBCLKConfig                   0x08005275   Thumb Code    20  stm32f4xx_rcc.o(.text)
    RCC_LTDCCLKDivConfig                     0x08005289   Thumb Code    20  stm32f4xx_rcc.o(.text)
    RCC_TIMCLKPresConfig                     0x0800529d   Thumb Code     6  stm32f4xx_rcc.o(.text)
    RCC_AHB1PeriphClockCmd                   0x080052a3   Thumb Code    82  stm32f4xx_rcc.o(.text)
    RCC_AHB2PeriphClockCmd                   0x080052f5   Thumb Code    26  stm32f4xx_rcc.o(.text)
    RCC_AHB3PeriphClockCmd                   0x0800530f   Thumb Code    34  stm32f4xx_rcc.o(.text)
    RCC_APB1PeriphClockCmd                   0x08005331   Thumb Code    34  stm32f4xx_rcc.o(.text)
    RCC_APB2PeriphClockCmd                   0x08005353   Thumb Code    34  stm32f4xx_rcc.o(.text)
    RCC_AHB1PeriphResetCmd                   0x08005375   Thumb Code    34  stm32f4xx_rcc.o(.text)
    RCC_AHB2PeriphResetCmd                   0x08005397   Thumb Code    34  stm32f4xx_rcc.o(.text)
    RCC_AHB3PeriphResetCmd                   0x080053b9   Thumb Code    34  stm32f4xx_rcc.o(.text)
    RCC_APB1PeriphResetCmd                   0x080053db   Thumb Code    34  stm32f4xx_rcc.o(.text)
    RCC_APB2PeriphResetCmd                   0x080053fd   Thumb Code    34  stm32f4xx_rcc.o(.text)
    RCC_AHB1PeriphClockLPModeCmd             0x0800541f   Thumb Code    34  stm32f4xx_rcc.o(.text)
    RCC_AHB2PeriphClockLPModeCmd             0x08005441   Thumb Code    34  stm32f4xx_rcc.o(.text)
    RCC_AHB3PeriphClockLPModeCmd             0x08005463   Thumb Code    34  stm32f4xx_rcc.o(.text)
    RCC_APB1PeriphClockLPModeCmd             0x08005485   Thumb Code    34  stm32f4xx_rcc.o(.text)
    RCC_APB2PeriphClockLPModeCmd             0x080054a7   Thumb Code    34  stm32f4xx_rcc.o(.text)
    RCC_ITConfig                             0x080054c9   Thumb Code    34  stm32f4xx_rcc.o(.text)
    RCC_ClearFlag                            0x080054eb   Thumb Code    18  stm32f4xx_rcc.o(.text)
    RCC_GetITStatus                          0x080054fd   Thumb Code    22  stm32f4xx_rcc.o(.text)
    RCC_ClearITPendingBit                    0x08005513   Thumb Code     8  stm32f4xx_rcc.o(.text)
    SPI_I2S_DeInit                           0x08005521   Thumb Code   152  stm32f4xx_spi.o(.text)
    SPI_Init                                 0x080055b9   Thumb Code    60  stm32f4xx_spi.o(.text)
    I2S_Init                                 0x080055f5   Thumb Code   350  stm32f4xx_spi.o(.text)
    SPI_StructInit                           0x08005753   Thumb Code    24  stm32f4xx_spi.o(.text)
    I2S_StructInit                           0x0800576b   Thumb Code    20  stm32f4xx_spi.o(.text)
    SPI_Cmd                                  0x0800577f   Thumb Code    24  stm32f4xx_spi.o(.text)
    I2S_Cmd                                  0x08005797   Thumb Code    24  stm32f4xx_spi.o(.text)
    SPI_DataSizeConfig                       0x080057af   Thumb Code    18  stm32f4xx_spi.o(.text)
    SPI_BiDirectionalLineConfig              0x080057c1   Thumb Code    28  stm32f4xx_spi.o(.text)
    SPI_NSSInternalSoftwareConfig            0x080057dd   Thumb Code    30  stm32f4xx_spi.o(.text)
    SPI_SSOutputCmd                          0x080057fb   Thumb Code    24  stm32f4xx_spi.o(.text)
    SPI_TIModeCmd                            0x08005813   Thumb Code    24  stm32f4xx_spi.o(.text)
    I2S_FullDuplexConfig                     0x0800582b   Thumb Code    80  stm32f4xx_spi.o(.text)
    SPI_I2S_ReceiveData                      0x0800587b   Thumb Code     6  stm32f4xx_spi.o(.text)
    SPI_I2S_SendData                         0x08005881   Thumb Code     4  stm32f4xx_spi.o(.text)
    SPI_CalculateCRC                         0x08005885   Thumb Code    24  stm32f4xx_spi.o(.text)
    SPI_TransmitCRC                          0x0800589d   Thumb Code    10  stm32f4xx_spi.o(.text)
    SPI_GetCRC                               0x080058a7   Thumb Code    16  stm32f4xx_spi.o(.text)
    SPI_GetCRCPolynomial                     0x080058b7   Thumb Code     6  stm32f4xx_spi.o(.text)
    SPI_I2S_DMACmd                           0x080058bd   Thumb Code    18  stm32f4xx_spi.o(.text)
    SPI_I2S_ITConfig                         0x080058cf   Thumb Code    32  stm32f4xx_spi.o(.text)
    SPI_I2S_GetFlagStatus                    0x080058ef   Thumb Code    50  stm32f4xx_spi.o(.text)
    SPI_I2S_ClearFlag                        0x08005921   Thumb Code     6  stm32f4xx_spi.o(.text)
    SPI_I2S_GetITStatus                      0x08005927   Thumb Code    52  stm32f4xx_spi.o(.text)
    SPI_I2S_ClearITPendingBit                0x0800595b   Thumb Code    20  stm32f4xx_spi.o(.text)
    TIM_DeInit                               0x08005971   Thumb Code   346  stm32f4xx_tim.o(.text)
    TIM_TimeBaseInit                         0x08005acb   Thumb Code   104  stm32f4xx_tim.o(.text)
    TIM_TimeBaseStructInit                   0x08005b33   Thumb Code    18  stm32f4xx_tim.o(.text)
    TIM_PrescalerConfig                      0x08005b45   Thumb Code     6  stm32f4xx_tim.o(.text)
    TIM_CounterModeConfig                    0x08005b4b   Thumb Code    18  stm32f4xx_tim.o(.text)
    TIM_SetCounter                           0x08005b5d   Thumb Code     4  stm32f4xx_tim.o(.text)
    TIM_SetAutoreload                        0x08005b61   Thumb Code     4  stm32f4xx_tim.o(.text)
    TIM_GetCounter                           0x08005b65   Thumb Code     6  stm32f4xx_tim.o(.text)
    TIM_GetPrescaler                         0x08005b6b   Thumb Code     6  stm32f4xx_tim.o(.text)
    TIM_UpdateDisableConfig                  0x08005b71   Thumb Code    24  stm32f4xx_tim.o(.text)
    TIM_UpdateRequestConfig                  0x08005b89   Thumb Code    24  stm32f4xx_tim.o(.text)
    TIM_ARRPreloadConfig                     0x08005ba1   Thumb Code    24  stm32f4xx_tim.o(.text)
    TIM_SelectOnePulseMode                   0x08005bb9   Thumb Code    18  stm32f4xx_tim.o(.text)
    TIM_SetClockDivision                     0x08005bcb   Thumb Code    18  stm32f4xx_tim.o(.text)
    TIM_Cmd                                  0x08005bdd   Thumb Code    24  stm32f4xx_tim.o(.text)
    TIM_OC1Init                              0x08005bf5   Thumb Code   114  stm32f4xx_tim.o(.text)
    TIM_OC2Init                              0x08005c67   Thumb Code   154  stm32f4xx_tim.o(.text)
    TIM_OC3Init                              0x08005d01   Thumb Code   204  stm32f4xx_tim.o(.text)
    TIM_OC4Init                              0x08005dcd   Thumb Code   112  stm32f4xx_tim.o(.text)
    TIM_OCStructInit                         0x08005e3d   Thumb Code    20  stm32f4xx_tim.o(.text)
    TIM_SelectOCxM                           0x08005e51   Thumb Code    86  stm32f4xx_tim.o(.text)
    TIM_SetCompare1                          0x08005ea7   Thumb Code     4  stm32f4xx_tim.o(.text)
    TIM_SetCompare2                          0x08005eab   Thumb Code     4  stm32f4xx_tim.o(.text)
    TIM_SetCompare3                          0x08005eaf   Thumb Code     4  stm32f4xx_tim.o(.text)
    TIM_SetCompare4                          0x08005eb3   Thumb Code     4  stm32f4xx_tim.o(.text)
    TIM_ForcedOC1Config                      0x08005eb7   Thumb Code    18  stm32f4xx_tim.o(.text)
    TIM_ForcedOC2Config                      0x08005ec9   Thumb Code    26  stm32f4xx_tim.o(.text)
    TIM_ForcedOC3Config                      0x08005ee3   Thumb Code    18  stm32f4xx_tim.o(.text)
    TIM_ForcedOC4Config                      0x08005ef5   Thumb Code    26  stm32f4xx_tim.o(.text)
    TIM_OC1PreloadConfig                     0x08005f0f   Thumb Code    18  stm32f4xx_tim.o(.text)
    TIM_OC2PreloadConfig                     0x08005f21   Thumb Code    26  stm32f4xx_tim.o(.text)
    TIM_OC3PreloadConfig                     0x08005f3b   Thumb Code    18  stm32f4xx_tim.o(.text)
    TIM_OC4PreloadConfig                     0x08005f4d   Thumb Code    26  stm32f4xx_tim.o(.text)
    TIM_OC1FastConfig                        0x08005f67   Thumb Code    18  stm32f4xx_tim.o(.text)
    TIM_OC2FastConfig                        0x08005f79   Thumb Code    26  stm32f4xx_tim.o(.text)
    TIM_OC3FastConfig                        0x08005f93   Thumb Code    18  stm32f4xx_tim.o(.text)
    TIM_OC4FastConfig                        0x08005fa5   Thumb Code    26  stm32f4xx_tim.o(.text)
    TIM_ClearOC1Ref                          0x08005fbf   Thumb Code    18  stm32f4xx_tim.o(.text)
    TIM_ClearOC2Ref                          0x08005fd1   Thumb Code    24  stm32f4xx_tim.o(.text)
    TIM_ClearOC3Ref                          0x08005fe9   Thumb Code    18  stm32f4xx_tim.o(.text)
    TIM_ClearOC4Ref                          0x08005ffb   Thumb Code    24  stm32f4xx_tim.o(.text)
    TIM_OC1PolarityConfig                    0x08006013   Thumb Code    18  stm32f4xx_tim.o(.text)
    TIM_OC1NPolarityConfig                   0x08006025   Thumb Code    18  stm32f4xx_tim.o(.text)
    TIM_OC2PolarityConfig                    0x08006037   Thumb Code    26  stm32f4xx_tim.o(.text)
    TIM_OC2NPolarityConfig                   0x08006051   Thumb Code    26  stm32f4xx_tim.o(.text)
    TIM_OC3PolarityConfig                    0x0800606b   Thumb Code    26  stm32f4xx_tim.o(.text)
    TIM_OC3NPolarityConfig                   0x08006085   Thumb Code    26  stm32f4xx_tim.o(.text)
    TIM_OC4PolarityConfig                    0x0800609f   Thumb Code    26  stm32f4xx_tim.o(.text)
    TIM_CCxCmd                               0x080060b9   Thumb Code    30  stm32f4xx_tim.o(.text)
    TIM_CCxNCmd                              0x080060d7   Thumb Code    30  stm32f4xx_tim.o(.text)
    TIM_SetIC4Prescaler                      0x080060f5   Thumb Code    26  stm32f4xx_tim.o(.text)
    TIM_SetIC3Prescaler                      0x0800615f   Thumb Code    18  stm32f4xx_tim.o(.text)
    TIM_SetIC2Prescaler                      0x080061b9   Thumb Code    26  stm32f4xx_tim.o(.text)
    TIM_SetIC1Prescaler                      0x0800622d   Thumb Code    18  stm32f4xx_tim.o(.text)
    TIM_ICInit                               0x08006279   Thumb Code   110  stm32f4xx_tim.o(.text)
    TIM_ICStructInit                         0x080062e7   Thumb Code    18  stm32f4xx_tim.o(.text)
    TIM_PWMIConfig                           0x080062f9   Thumb Code   124  stm32f4xx_tim.o(.text)
    TIM_GetCapture1                          0x08006375   Thumb Code     6  stm32f4xx_tim.o(.text)
    TIM_GetCapture2                          0x0800637b   Thumb Code     6  stm32f4xx_tim.o(.text)
    TIM_GetCapture3                          0x08006381   Thumb Code     6  stm32f4xx_tim.o(.text)
    TIM_GetCapture4                          0x08006387   Thumb Code     6  stm32f4xx_tim.o(.text)
    TIM_BDTRConfig                           0x0800638d   Thumb Code    32  stm32f4xx_tim.o(.text)
    TIM_BDTRStructInit                       0x080063ad   Thumb Code    18  stm32f4xx_tim.o(.text)
    TIM_CtrlPWMOutputs                       0x080063bf   Thumb Code    30  stm32f4xx_tim.o(.text)
    TIM_SelectCOM                            0x080063dd   Thumb Code    24  stm32f4xx_tim.o(.text)
    TIM_CCPreloadControl                     0x080063f5   Thumb Code    24  stm32f4xx_tim.o(.text)
    TIM_ITConfig                             0x0800640d   Thumb Code    18  stm32f4xx_tim.o(.text)
    TIM_GenerateEvent                        0x0800641f   Thumb Code     4  stm32f4xx_tim.o(.text)
    TIM_GetFlagStatus                        0x08006423   Thumb Code    18  stm32f4xx_tim.o(.text)
    TIM_ClearFlag                            0x08006435   Thumb Code     6  stm32f4xx_tim.o(.text)
    TIM_GetITStatus                          0x0800643b   Thumb Code    34  stm32f4xx_tim.o(.text)
    TIM_ClearITPendingBit                    0x0800645d   Thumb Code     6  stm32f4xx_tim.o(.text)
    TIM_DMAConfig                            0x08006463   Thumb Code    10  stm32f4xx_tim.o(.text)
    TIM_DMACmd                               0x0800646d   Thumb Code    18  stm32f4xx_tim.o(.text)
    TIM_SelectCCDMA                          0x0800647f   Thumb Code    24  stm32f4xx_tim.o(.text)
    TIM_InternalClockConfig                  0x08006497   Thumb Code    12  stm32f4xx_tim.o(.text)
    TIM_SelectInputTrigger                   0x080064a3   Thumb Code    18  stm32f4xx_tim.o(.text)
    TIM_ITRxExternalClockConfig              0x080064b5   Thumb Code    24  stm32f4xx_tim.o(.text)
    TIM_TIxExternalClockConfig               0x080064cd   Thumb Code    62  stm32f4xx_tim.o(.text)
    TIM_ETRConfig                            0x0800650b   Thumb Code    28  stm32f4xx_tim.o(.text)
    TIM_ETRClockMode1Config                  0x08006527   Thumb Code    54  stm32f4xx_tim.o(.text)
    TIM_ETRClockMode2Config                  0x0800655d   Thumb Code    32  stm32f4xx_tim.o(.text)
    TIM_SelectOutputTrigger                  0x0800657d   Thumb Code    18  stm32f4xx_tim.o(.text)
    TIM_SelectSlaveMode                      0x0800658f   Thumb Code    18  stm32f4xx_tim.o(.text)
    TIM_SelectMasterSlaveMode                0x080065a1   Thumb Code    18  stm32f4xx_tim.o(.text)
    TIM_EncoderInterfaceConfig               0x080065b3   Thumb Code    66  stm32f4xx_tim.o(.text)
    TIM_SelectHallSensor                     0x080065f5   Thumb Code    24  stm32f4xx_tim.o(.text)
    TIM_RemapConfig                          0x0800660d   Thumb Code     6  stm32f4xx_tim.o(.text)
    Reset_Handler                            0x08006615   Thumb Code     8  startup_stm32f429_439xx.o(.text)
    NMI_Handler                              0x0800661d   Thumb Code     2  startup_stm32f429_439xx.o(.text)
    HardFault_Handler                        0x0800661f   Thumb Code     2  startup_stm32f429_439xx.o(.text)
    MemManage_Handler                        0x08006621   Thumb Code     2  startup_stm32f429_439xx.o(.text)
    BusFault_Handler                         0x08006623   Thumb Code     2  startup_stm32f429_439xx.o(.text)
    UsageFault_Handler                       0x08006625   Thumb Code     2  startup_stm32f429_439xx.o(.text)
    DebugMon_Handler                         0x08006629   Thumb Code     2  startup_stm32f429_439xx.o(.text)
    ADC_IRQHandler                           0x0800662f   Thumb Code     0  startup_stm32f429_439xx.o(.text)
    CAN1_RX0_IRQHandler                      0x0800662f   Thumb Code     0  startup_stm32f429_439xx.o(.text)
    CAN1_RX1_IRQHandler                      0x0800662f   Thumb Code     0  startup_stm32f429_439xx.o(.text)
    CAN1_SCE_IRQHandler                      0x0800662f   Thumb Code     0  startup_stm32f429_439xx.o(.text)
    CAN1_TX_IRQHandler                       0x0800662f   Thumb Code     0  startup_stm32f429_439xx.o(.text)
    CAN2_RX0_IRQHandler                      0x0800662f   Thumb Code     0  startup_stm32f429_439xx.o(.text)
    CAN2_RX1_IRQHandler                      0x0800662f   Thumb Code     0  startup_stm32f429_439xx.o(.text)
    CAN2_SCE_IRQHandler                      0x0800662f   Thumb Code     0  startup_stm32f429_439xx.o(.text)
    CAN2_TX_IRQHandler                       0x0800662f   Thumb Code     0  startup_stm32f429_439xx.o(.text)
    CRYP_IRQHandler                          0x0800662f   Thumb Code     0  startup_stm32f429_439xx.o(.text)
    DCMI_IRQHandler                          0x0800662f   Thumb Code     0  startup_stm32f429_439xx.o(.text)
    DMA1_Stream0_IRQHandler                  0x0800662f   Thumb Code     0  startup_stm32f429_439xx.o(.text)
    DMA1_Stream1_IRQHandler                  0x0800662f   Thumb Code     0  startup_stm32f429_439xx.o(.text)
    DMA1_Stream2_IRQHandler                  0x0800662f   Thumb Code     0  startup_stm32f429_439xx.o(.text)
    DMA1_Stream3_IRQHandler                  0x0800662f   Thumb Code     0  startup_stm32f429_439xx.o(.text)
    DMA1_Stream4_IRQHandler                  0x0800662f   Thumb Code     0  startup_stm32f429_439xx.o(.text)
    DMA1_Stream5_IRQHandler                  0x0800662f   Thumb Code     0  startup_stm32f429_439xx.o(.text)
    DMA1_Stream6_IRQHandler                  0x0800662f   Thumb Code     0  startup_stm32f429_439xx.o(.text)
    DMA1_Stream7_IRQHandler                  0x0800662f   Thumb Code     0  startup_stm32f429_439xx.o(.text)
    DMA2D_IRQHandler                         0x0800662f   Thumb Code     0  startup_stm32f429_439xx.o(.text)
    DMA2_Stream0_IRQHandler                  0x0800662f   Thumb Code     0  startup_stm32f429_439xx.o(.text)
    DMA2_Stream1_IRQHandler                  0x0800662f   Thumb Code     0  startup_stm32f429_439xx.o(.text)
    DMA2_Stream2_IRQHandler                  0x0800662f   Thumb Code     0  startup_stm32f429_439xx.o(.text)
    DMA2_Stream3_IRQHandler                  0x0800662f   Thumb Code     0  startup_stm32f429_439xx.o(.text)
    DMA2_Stream4_IRQHandler                  0x0800662f   Thumb Code     0  startup_stm32f429_439xx.o(.text)
    DMA2_Stream5_IRQHandler                  0x0800662f   Thumb Code     0  startup_stm32f429_439xx.o(.text)
    DMA2_Stream6_IRQHandler                  0x0800662f   Thumb Code     0  startup_stm32f429_439xx.o(.text)
    DMA2_Stream7_IRQHandler                  0x0800662f   Thumb Code     0  startup_stm32f429_439xx.o(.text)
    ETH_IRQHandler                           0x0800662f   Thumb Code     0  startup_stm32f429_439xx.o(.text)
    ETH_WKUP_IRQHandler                      0x0800662f   Thumb Code     0  startup_stm32f429_439xx.o(.text)
    EXTI0_IRQHandler                         0x0800662f   Thumb Code     0  startup_stm32f429_439xx.o(.text)
    EXTI15_10_IRQHandler                     0x0800662f   Thumb Code     0  startup_stm32f429_439xx.o(.text)
    EXTI1_IRQHandler                         0x0800662f   Thumb Code     0  startup_stm32f429_439xx.o(.text)
    EXTI2_IRQHandler                         0x0800662f   Thumb Code     0  startup_stm32f429_439xx.o(.text)
    EXTI3_IRQHandler                         0x0800662f   Thumb Code     0  startup_stm32f429_439xx.o(.text)
    EXTI4_IRQHandler                         0x0800662f   Thumb Code     0  startup_stm32f429_439xx.o(.text)
    EXTI9_5_IRQHandler                       0x0800662f   Thumb Code     0  startup_stm32f429_439xx.o(.text)
    FLASH_IRQHandler                         0x0800662f   Thumb Code     0  startup_stm32f429_439xx.o(.text)
    FMC_IRQHandler                           0x0800662f   Thumb Code     0  startup_stm32f429_439xx.o(.text)
    FPU_IRQHandler                           0x0800662f   Thumb Code     0  startup_stm32f429_439xx.o(.text)
    HASH_RNG_IRQHandler                      0x0800662f   Thumb Code     0  startup_stm32f429_439xx.o(.text)
    I2C1_ER_IRQHandler                       0x0800662f   Thumb Code     0  startup_stm32f429_439xx.o(.text)
    I2C1_EV_IRQHandler                       0x0800662f   Thumb Code     0  startup_stm32f429_439xx.o(.text)
    I2C2_ER_IRQHandler                       0x0800662f   Thumb Code     0  startup_stm32f429_439xx.o(.text)
    I2C2_EV_IRQHandler                       0x0800662f   Thumb Code     0  startup_stm32f429_439xx.o(.text)
    I2C3_ER_IRQHandler                       0x0800662f   Thumb Code     0  startup_stm32f429_439xx.o(.text)
    I2C3_EV_IRQHandler                       0x0800662f   Thumb Code     0  startup_stm32f429_439xx.o(.text)
    LTDC_ER_IRQHandler                       0x0800662f   Thumb Code     0  startup_stm32f429_439xx.o(.text)
    LTDC_IRQHandler                          0x0800662f   Thumb Code     0  startup_stm32f429_439xx.o(.text)
    OTG_FS_IRQHandler                        0x0800662f   Thumb Code     0  startup_stm32f429_439xx.o(.text)
    OTG_FS_WKUP_IRQHandler                   0x0800662f   Thumb Code     0  startup_stm32f429_439xx.o(.text)
    OTG_HS_EP1_IN_IRQHandler                 0x0800662f   Thumb Code     0  startup_stm32f429_439xx.o(.text)
    OTG_HS_EP1_OUT_IRQHandler                0x0800662f   Thumb Code     0  startup_stm32f429_439xx.o(.text)
    OTG_HS_IRQHandler                        0x0800662f   Thumb Code     0  startup_stm32f429_439xx.o(.text)
    OTG_HS_WKUP_IRQHandler                   0x0800662f   Thumb Code     0  startup_stm32f429_439xx.o(.text)
    PVD_IRQHandler                           0x0800662f   Thumb Code     0  startup_stm32f429_439xx.o(.text)
    RCC_IRQHandler                           0x0800662f   Thumb Code     0  startup_stm32f429_439xx.o(.text)
    RTC_Alarm_IRQHandler                     0x0800662f   Thumb Code     0  startup_stm32f429_439xx.o(.text)
    RTC_WKUP_IRQHandler                      0x0800662f   Thumb Code     0  startup_stm32f429_439xx.o(.text)
    SAI1_IRQHandler                          0x0800662f   Thumb Code     0  startup_stm32f429_439xx.o(.text)
    SDIO_IRQHandler                          0x0800662f   Thumb Code     0  startup_stm32f429_439xx.o(.text)
    SPI1_IRQHandler                          0x0800662f   Thumb Code     0  startup_stm32f429_439xx.o(.text)
    SPI2_IRQHandler                          0x0800662f   Thumb Code     0  startup_stm32f429_439xx.o(.text)
    SPI3_IRQHandler                          0x0800662f   Thumb Code     0  startup_stm32f429_439xx.o(.text)
    SPI4_IRQHandler                          0x0800662f   Thumb Code     0  startup_stm32f429_439xx.o(.text)
    SPI5_IRQHandler                          0x0800662f   Thumb Code     0  startup_stm32f429_439xx.o(.text)
    SPI6_IRQHandler                          0x0800662f   Thumb Code     0  startup_stm32f429_439xx.o(.text)
    TAMP_STAMP_IRQHandler                    0x0800662f   Thumb Code     0  startup_stm32f429_439xx.o(.text)
    TIM1_BRK_TIM9_IRQHandler                 0x0800662f   Thumb Code     0  startup_stm32f429_439xx.o(.text)
    TIM1_CC_IRQHandler                       0x0800662f   Thumb Code     0  startup_stm32f429_439xx.o(.text)
    TIM1_TRG_COM_TIM11_IRQHandler            0x0800662f   Thumb Code     0  startup_stm32f429_439xx.o(.text)
    TIM1_UP_TIM10_IRQHandler                 0x0800662f   Thumb Code     0  startup_stm32f429_439xx.o(.text)
    TIM2_IRQHandler                          0x0800662f   Thumb Code     0  startup_stm32f429_439xx.o(.text)
    TIM4_IRQHandler                          0x0800662f   Thumb Code     0  startup_stm32f429_439xx.o(.text)
    TIM5_IRQHandler                          0x0800662f   Thumb Code     0  startup_stm32f429_439xx.o(.text)
    TIM6_DAC_IRQHandler                      0x0800662f   Thumb Code     0  startup_stm32f429_439xx.o(.text)
    TIM7_IRQHandler                          0x0800662f   Thumb Code     0  startup_stm32f429_439xx.o(.text)
    TIM8_BRK_TIM12_IRQHandler                0x0800662f   Thumb Code     0  startup_stm32f429_439xx.o(.text)
    TIM8_CC_IRQHandler                       0x0800662f   Thumb Code     0  startup_stm32f429_439xx.o(.text)
    TIM8_TRG_COM_TIM14_IRQHandler            0x0800662f   Thumb Code     0  startup_stm32f429_439xx.o(.text)
    TIM8_UP_TIM13_IRQHandler                 0x0800662f   Thumb Code     0  startup_stm32f429_439xx.o(.text)
    UART4_IRQHandler                         0x0800662f   Thumb Code     0  startup_stm32f429_439xx.o(.text)
    UART5_IRQHandler                         0x0800662f   Thumb Code     0  startup_stm32f429_439xx.o(.text)
    UART7_IRQHandler                         0x0800662f   Thumb Code     0  startup_stm32f429_439xx.o(.text)
    UART8_IRQHandler                         0x0800662f   Thumb Code     0  startup_stm32f429_439xx.o(.text)
    USART1_IRQHandler                        0x0800662f   Thumb Code     0  startup_stm32f429_439xx.o(.text)
    USART2_IRQHandler                        0x0800662f   Thumb Code     0  startup_stm32f429_439xx.o(.text)
    USART3_IRQHandler                        0x0800662f   Thumb Code     0  startup_stm32f429_439xx.o(.text)
    USART6_IRQHandler                        0x0800662f   Thumb Code     0  startup_stm32f429_439xx.o(.text)
    WWDG_IRQHandler                          0x0800662f   Thumb Code     0  startup_stm32f429_439xx.o(.text)
    SystemInit                               0x08006749   Thumb Code    88  system_stm32f4xx.o(.text)
    SystemCoreClockUpdate                    0x080067a1   Thumb Code   174  system_stm32f4xx.o(.text)
    __aeabi_memcpy                           0x0800687d   Thumb Code    36  memcpya.o(.text)
    __aeabi_memcpy4                          0x0800687d   Thumb Code     0  memcpya.o(.text)
    __aeabi_memcpy8                          0x0800687d   Thumb Code     0  memcpya.o(.text)
    __aeabi_dadd                             0x080068a1   Thumb Code   322  dadd.o(.text)
    __aeabi_dsub                             0x080069e3   Thumb Code     6  dadd.o(.text)
    __aeabi_drsub                            0x080069e9   Thumb Code     6  dadd.o(.text)
    __aeabi_dmul                             0x080069ef   Thumb Code   228  dmul.o(.text)
    __aeabi_ddiv                             0x08006ad3   Thumb Code   222  ddiv.o(.text)
    __aeabi_i2d                              0x08006bb1   Thumb Code    34  dflti.o(.text)
    __aeabi_ui2d                             0x08006bd3   Thumb Code    26  dfltui.o(.text)
    __aeabi_d2iz                             0x08006bed   Thumb Code    62  dfixi.o(.text)
    __aeabi_d2uiz                            0x08006c2b   Thumb Code    50  dfixui.o(.text)
    __aeabi_llsl                             0x08006c5d   Thumb Code    30  llshl.o(.text)
    _ll_shift_l                              0x08006c5d   Thumb Code     0  llshl.o(.text)
    __aeabi_llsr                             0x08006c7b   Thumb Code    32  llushr.o(.text)
    _ll_ushift_r                             0x08006c7b   Thumb Code     0  llushr.o(.text)
    __aeabi_lasr                             0x08006c9b   Thumb Code    36  llsshr.o(.text)
    _ll_sshift_r                             0x08006c9b   Thumb Code     0  llsshr.o(.text)
    __I$use$fp                               0x08006cbf   Thumb Code     0  iusefp.o(.text)
    _double_round                            0x08006cbf   Thumb Code    30  depilogue.o(.text)
    _double_epilogue                         0x08006cdd   Thumb Code   156  depilogue.o(.text)
    __scatterload                            0x08006d79   Thumb Code    28  init.o(.text)
    __scatterload_rt2                        0x08006d79   Thumb Code     0  init.o(.text)
    SVC_Count                                0x08006d9c   Data           4  svc_table.o(SVC_TABLE)
    SVC_Table                                0x08006da0   Data           0  svc_table.o(SVC_TABLE)
    __ARM_fpclassify                         0x08006da1   Thumb Code    48  fpclassify.o(i.__ARM_fpclassify)
    __hardfp_cos                             0x08006dd1   Thumb Code   180  cos.o(i.__hardfp_cos)
    __hardfp_sin                             0x08006e99   Thumb Code   180  sin.o(i.__hardfp_sin)
    __ieee754_rem_pio2                       0x08006f61   Thumb Code   938  rred.o(i.__ieee754_rem_pio2)
    __kernel_cos                             0x08007399   Thumb Code   322  cos_i.o(i.__kernel_cos)
    __kernel_poly                            0x08007509   Thumb Code   248  poly.o(i.__kernel_poly)
    __kernel_sin                             0x08007601   Thumb Code   280  sin_i.o(i.__kernel_sin)
    __mathlib_dbl_infnan                     0x08007731   Thumb Code    20  dunder.o(i.__mathlib_dbl_infnan)
    __mathlib_dbl_invalid                    0x08007749   Thumb Code    24  dunder.o(i.__mathlib_dbl_invalid)
    __mathlib_dbl_underflow                  0x08007769   Thumb Code    24  dunder.o(i.__mathlib_dbl_underflow)
    __scatterload_copy                       0x08007789   Thumb Code    14  handlers.o(i.__scatterload_copy)
    __scatterload_null                       0x08007797   Thumb Code     2  handlers.o(i.__scatterload_null)
    __scatterload_zeroinit                   0x08007799   Thumb Code    14  handlers.o(i.__scatterload_zeroinit)
    __set_errno                              0x080077a9   Thumb Code     6  errno.o(i.__set_errno)
    _init_box                                0x080077b5   Thumb Code    70  rt_membox.o(i._init_box)
    dbg_init                                 0x080077fd   Thumb Code    34  hal_cm.o(i.dbg_init)
    dbg_task_notify                          0x0800782d   Thumb Code    32  hal_cm.o(i.dbg_task_notify)
    dbg_task_switch                          0x0800784d   Thumb Code    16  hal_cm.o(i.dbg_task_switch)
    fabs                                     0x0800785d   Thumb Code    24  fabs.o(i.fabs)
    isr_evt_set                              0x080078a1   Thumb Code    34  rt_event.o(i.isr_evt_set)
    isr_mbx_receive                          0x080078c9   Thumb Code    80  rt_mailbox.o(i.isr_mbx_receive)
    isr_mbx_send                             0x08007919   Thumb Code    14  rt_mailbox.o(i.isr_mbx_send)
    osDelay                                  0x08007929   Thumb Code    18  rt_cmsis.o(i.osDelay)
    osKernelInitialize                       0x08007941   Thumb Code    30  rt_cmsis.o(i.osKernelInitialize)
    osKernelStart                            0x08007965   Thumb Code    98  rt_cmsis.o(i.osKernelStart)
    osMessageGet                             0x080079d1   Thumb Code    62  rt_cmsis.o(i.osMessageGet)
    osSignalSet                              0x08007a15   Thumb Code    48  rt_cmsis.o(i.osSignalSet)
    osSignalWait                             0x08007a49   Thumb Code    18  rt_cmsis.o(i.osSignalWait)
    osThreadCreate                           0x08007a61   Thumb Code    38  rt_cmsis.o(i.osThreadCreate)
    osThreadExit                             0x08007a91   Thumb Code    14  rt_cmsis.o(i.osThreadExit)
    osTimerCall                              0x08007aa9   Thumb Code     8  rt_cmsis.o(i.osTimerCall)
    osTimerThread                            0x08007ab5   Thumb Code    38  rt_cmsis.o(i.osTimerThread)
    os_tick_init                             0x08007ae1   Thumb Code    32  rt_system.o(i.os_tick_init)
    os_tick_irqack                           0x08007b09   Thumb Code     2  rt_system.o(i.os_tick_irqack)
    rt_alloc_box                             0x08007b0b   Thumb Code    26  rt_membox.o(i.rt_alloc_box)
    rt_alloc_mem                             0x08007b25   Thumb Code    60  rt_memory.o(i.rt_alloc_mem)
    rt_block                                 0x08007b61   Thumb Code    48  rt_task.o(i.rt_block)
    rt_chk_robin                             0x08007b99   Thumb Code    60  rt_robin.o(i.rt_chk_robin)
    rt_dec_dly                               0x08007be1   Thumb Code   102  rt_list.o(i.rt_dec_dly)
    rt_dispatch                              0x08007c51   Thumb Code    60  rt_task.o(i.rt_dispatch)
    rt_dly_wait                              0x08007c95   Thumb Code     6  rt_time.o(i.rt_dly_wait)
    rt_evt_psh                               0x08007c9d   Thumb Code    76  rt_event.o(i.rt_evt_psh)
    rt_evt_set                               0x08007ced   Thumb Code    88  rt_event.o(i.rt_evt_set)
    rt_evt_wait                              0x08007d49   Thumb Code    56  rt_event.o(i.rt_evt_wait)
    rt_free_box                              0x08007d85   Thumb Code    32  rt_membox.o(i.rt_free_box)
    rt_free_mem                              0x08007da5   Thumb Code    40  rt_memory.o(i.rt_free_mem)
    rt_get_first                             0x08007dcd   Thumb Code    40  rt_list.o(i.rt_get_first)
    rt_init_mem                              0x08007e45   Thumb Code    26  rt_memory.o(i.rt_init_mem)
    rt_init_robin                            0x08007e61   Thumb Code    14  rt_robin.o(i.rt_init_robin)
    rt_init_stack                            0x08007e79   Thumb Code    70  hal_cm.o(i.rt_init_stack)
    rt_mbx_check                             0x08007ec9   Thumb Code     8  rt_mailbox.o(i.rt_mbx_check)
    rt_mbx_init                              0x08007ed1   Thumb Code    28  rt_mailbox.o(i.rt_mbx_init)
    rt_mbx_psh                               0x08007eed   Thumb Code   234  rt_mailbox.o(i.rt_mbx_psh)
    rt_mbx_wait                              0x08007fdd   Thumb Code   172  rt_mailbox.o(i.rt_mbx_wait)
    rt_pop_req                               0x080080c9   Thumb Code   110  rt_system.o(i.rt_pop_req)
    rt_psh_req                               0x08008145   Thumb Code    22  rt_system.o(i.rt_psh_req)
    rt_psq_enq                               0x08008165   Thumb Code    82  rt_list.o(i.rt_psq_enq)
    rt_put_dly                               0x080081bd   Thumb Code    68  rt_list.o(i.rt_put_dly)
    rt_put_prio                              0x08008205   Thumb Code    54  rt_list.o(i.rt_put_prio)
    rt_put_rdy_first                         0x0800823d   Thumb Code    14  rt_list.o(i.rt_put_rdy_first)
    rt_resort_prio                           0x08008251   Thumb Code    46  rt_list.o(i.rt_resort_prio)
    rt_ret_val                               0x08008295   Thumb Code    12  hal_cm.o(i.rt_ret_val)
    rt_ret_val2                              0x080082a1   Thumb Code    16  hal_cm.o(i.rt_ret_val2)
    rt_rmv_dly                               0x080082b1   Thumb Code    40  rt_list.o(i.rt_rmv_dly)
    rt_rmv_list                              0x080082d9   Thumb Code    44  rt_list.o(i.rt_rmv_list)
    rt_sem_psh                               0x08008309   Thumb Code    48  rt_semaphore.o(i.rt_sem_psh)
    rt_stk_check                             0x0800833d   Thumb Code    28  rt_system.o(i.rt_stk_check)
    rt_switch_req                            0x08008361   Thumb Code    30  rt_task.o(i.rt_switch_req)
    rt_sys_init                              0x08008389   Thumb Code   138  rt_task.o(i.rt_sys_init)
    rt_sys_start                             0x08008455   Thumb Code   108  rt_task.o(i.rt_sys_start)
    rt_systick                               0x080084cd   Thumb Code    50  rt_system.o(i.rt_systick)
    rt_tsk_create                            0x08008559   Thumb Code   116  rt_task.o(i.rt_tsk_create)
    rt_tsk_delete                            0x080085dd   Thumb Code   342  rt_task.o(i.rt_tsk_delete)
    rt_tsk_prio                              0x08008751   Thumb Code   108  rt_task.o(i.rt_tsk_prio)
    rt_tsk_self                              0x080087cd   Thumb Code    12  rt_task.o(i.rt_tsk_self)
    svcDelay                                 0x080087dd   Thumb Code    20  rt_cmsis.o(i.svcDelay)
    svcKernelInitialize                      0x080087f1   Thumb Code    80  rt_cmsis.o(i.svcKernelInitialize)
    svcKernelStart                           0x08008861   Thumb Code    62  rt_cmsis.o(i.svcKernelStart)
    svcMessageCreate                         0x080088a9   Thumb Code    36  rt_cmsis.o(i.svcMessageCreate)
    svcMessageGet                            0x080088cd   Thumb Code    58  rt_cmsis.o(i.svcMessageGet)
    svcSignalSet                             0x08008907   Thumb Code    36  rt_cmsis.o(i.svcSignalSet)
    svcSignalWait                            0x0800892d   Thumb Code    80  rt_cmsis.o(i.svcSignalWait)
    svcThreadCreate                          0x08008981   Thumb Code   100  rt_cmsis.o(i.svcThreadCreate)
    svcThreadGetId                           0x080089f1   Thumb Code    22  rt_cmsis.o(i.svcThreadGetId)
    svcThreadTerminate                       0x08008a0d   Thumb Code    50  rt_cmsis.o(i.svcThreadTerminate)
    svcTimerCall                             0x08008a45   Thumb Code    24  rt_cmsis.o(i.svcTimerCall)
    sysTimerTick                             0x08008a5d   Thumb Code    76  rt_cmsis.o(i.sysTimerTick)
    ASCII16x24_Table                         0x08008ab0   Data        4560  stm32f429i_discovery_lcd.o(.constdata)
    ASCII12x12_Table                         0x08009c80   Data        2304  stm32f429i_discovery_lcd.o(.constdata)
    ASCII8x12_Table                          0x0800a580   Data        2304  stm32f429i_discovery_lcd.o(.constdata)
    ASCII8x8_Table                           0x0800ae80   Data        1536  stm32f429i_discovery_lcd.o(.constdata)
    os_thread_def_keypad                     0x0800b480   Data          16  main.o(.constdata)
    os_thread_def_LCD_control                0x0800b490   Data          16  main.o(.constdata)
    os_thread_def_Data_send                  0x0800b4a0   Data          16  main.o(.constdata)
    os_maxtaskrun                            0x0800b5c8   Data           2  rtx_conf_cm.o(.constdata)
    os_stackinfo                             0x0800b5cc   Data           4  rtx_conf_cm.o(.constdata)
    os_rrobin                                0x0800b5d0   Data           4  rtx_conf_cm.o(.constdata)
    os_tickfreq                              0x0800b5d4   Data           4  rtx_conf_cm.o(.constdata)
    os_tickus_i                              0x0800b5d8   Data           2  rtx_conf_cm.o(.constdata)
    os_tickus_f                              0x0800b5da   Data           2  rtx_conf_cm.o(.constdata)
    os_trv                                   0x0800b5dc   Data           4  rtx_conf_cm.o(.constdata)
    os_flags                                 0x0800b5e0   Data           1  rtx_conf_cm.o(.constdata)
    CMSIS_RTOS_API_Version                   0x0800b5e4   Data           4  rtx_conf_cm.o(.constdata)
    CMSIS_RTOS_RTX_Version                   0x0800b5e8   Data           4  rtx_conf_cm.o(.constdata)
    os_clockrate                             0x0800b5ec   Data           4  rtx_conf_cm.o(.constdata)
    os_timernum                              0x0800b5f0   Data           4  rtx_conf_cm.o(.constdata)
    mp_tcb_size                              0x0800b5f4   Data           2  rtx_conf_cm.o(.constdata)
    mp_stk_size                              0x0800b5f8   Data           4  rtx_conf_cm.o(.constdata)
    os_stack_sz                              0x0800b5fc   Data           4  rtx_conf_cm.o(.constdata)
    os_fifo_size                             0x0800b600   Data           1  rtx_conf_cm.o(.constdata)
    os_thread_def_osTimerThread              0x0800b604   Data          16  rtx_conf_cm.o(.constdata)
    os_messageQ_def_osTimerMessageQ          0x0800b614   Data           8  rtx_conf_cm.o(.constdata)
    mp_tmr_size                              0x0800b61c   Data           2  rtx_conf_cm.o(.constdata)
    Region$$Table$$Base                      0x0800b740   Number         0  anon$$obj.o(Region$$Table)
    Region$$Table$$Limit                     0x0800b760   Number         0  anon$$obj.o(Region$$Table)
    Font16x24                                0x20000000   Data           8  stm32f429i_discovery_lcd.o(.data)
    Font12x12                                0x20000008   Data           8  stm32f429i_discovery_lcd.o(.data)
    Font8x12                                 0x20000010   Data           8  stm32f429i_discovery_lcd.o(.data)
    Font8x8                                  0x20000018   Data           8  stm32f429i_discovery_lcd.o(.data)
    mode_select                              0x20000030   Data           1  main.o(.data)
    shape_select                             0x20000031   Data           1  main.o(.data)
    key                                      0x20000032   Data           1  main.o(.data)
    key_C                                    0x20000033   Data           1  main.o(.data)
    MEMS_activate                            0x20000034   Data           4  main.o(.data)
    x1                                       0x20000038   Data           4  main.o(.data)
    x2                                       0x2000003c   Data           4  main.o(.data)
    y1                                       0x20000040   Data           4  main.o(.data)
    y2                                       0x20000044   Data           4  main.o(.data)
    lcd_memory_count                         0x20000048   Data           4  main.o(.data)
    keypad_thread                            0x2000004c   Data           4  main.o(.data)
    LCD_control_thread                       0x20000050   Data           4  main.o(.data)
    Data_send_thread                         0x20000054   Data           4  main.o(.data)
    ready                                    0x20000058   Data           4  wireless_tx.o(.data)
    data                                     0x2000005c   Data           1  wireless_tx.o(.data)
    row_pins                                 0x2000005e   Data           8  keypad.o(.data)
    col_values                               0x20000066   Data           4  keypad.o(.data)
    keys                                     0x2000006a   Data          16  keypad.o(.data)
    osThreadId_osTimerThread                 0x2000007c   Data           4  rtx_conf_cm.o(.data)
    osMessageQId_osTimerMessageQ             0x20000080   Data           4  rtx_conf_cm.o(.data)
    os_tmr                                   0x20000084   Data           4  rtx_conf_cm.o(.data)
    m_tmr                                    0x20000088   Data           4  rtx_conf_cm.o(.data)
    os_thread_def_main                       0x2000008c   Data          16  rtx_conf_cm.o(.data)
    SystemCoreClock                          0x200000ac   Data           4  system_stm32f4xx.o(.data)
    AHBPrescTable                            0x200000b0   Data          16  system_stm32f4xx.o(.data)
    os_initialized                           0x200000c0   Data           1  rt_cmsis.o(.data)
    os_running                               0x200000c1   Data           1  rt_cmsis.o(.data)
    os_timer_head                            0x200000c4   Data           4  rt_cmsis.o(.data)
    os_tsk                                   0x200000c8   Data           8  rt_task.o(.data)
    os_tick_irqn                             0x200000d4   Data           4  rt_system.o(.data)
    os_time                                  0x200000d8   Data           4  rt_time.o(.data)
    dbg_msg                                  0x200000dc   Data           1  hal_cm.o(.data)
    os_robin                                 0x200000e0   Data           8  rt_robin.o(.data)
    lcd_draw_memory                          0x200000ec   Data         160  main.o(.bss)
    mp_tcb                                   0x20000190   Data         376  rtx_conf_cm.o(.bss)
    mp_stk                                   0x20000308   Data        3616  rtx_conf_cm.o(.bss)
    os_stack_mem                             0x20001128   Data         432  rtx_conf_cm.o(.bss)
    os_fifo                                  0x200012d8   Data         132  rtx_conf_cm.o(.bss)
    os_active_TCB                            0x2000135c   Data          28  rtx_conf_cm.o(.bss)
    os_messageQ_q_osTimerMessageQ            0x20001378   Data          32  rtx_conf_cm.o(.bss)
    os_idle_TCB                              0x20001398   Data          52  rt_task.o(.bss)
    os_rdy                                   0x200013cc   Data          24  rt_list.o(.bss)
    os_dly                                   0x200013e4   Data          24  rt_list.o(.bss)
    __initial_sp                             0x20001800   Data           0  startup_stm32f429_439xx.o(STACK)



==============================================================================

Memory Map of the image

  Image Entry point : 0x080001ad

  Load Region LR_IROM1 (Base: 0x08000000, Size: 0x0000b84c, Max: 0x00200000, ABSOLUTE)

    Execution Region ER_IROM1 (Base: 0x08000000, Size: 0x0000b760, Max: 0x00200000, ABSOLUTE)

    Base Addr    Size         Type   Attr      Idx    E Section Name        Object

    0x08000000   0x000001ac   Data   RO         1262    RESET               startup_stm32f429_439xx.o
    0x080001ac   0x00000000   Code   RO         2512  * .ARM.Collect$$$$00000000  mc_w.l(entry.o)
    0x080001ac   0x00000004   Code   RO         2561    .ARM.Collect$$$$00000001  mc_w.l(entry2.o)
    0x080001b0   0x00000004   Code   RO         2564    .ARM.Collect$$$$00000004  mc_w.l(entry5.o)
    0x080001b4   0x00000000   Code   RO         2566    .ARM.Collect$$$$00000008  mc_w.l(entry7b.o)
    0x080001b4   0x00000000   Code   RO         2568    .ARM.Collect$$$$0000000A  mc_w.l(entry8b.o)
    0x080001b4   0x00000000   Code   RO         2569    .ARM.Collect$$$$0000000D  mc_w.l(entry10a.o)
    0x080001b4   0x00000000   Code   RO         2571    .ARM.Collect$$$$0000000F  mc_w.l(entry11a.o)
    0x080001b4   0x00000018   Code   RO          413    .ARM.Collect$$$$000000FF  rtx_conf_cm.o
    0x080001cc   0x00000004   Code   RO         2562    .ARM.Collect$$$$00002712  mc_w.l(entry2.o)
    0x080001d0   0x00000180   Code   RO         2475    .emb_text           RTX_CM4.lib(hal_cm4.o)
    0x08000350   0x00001b3c   Code   RO            4    .text               stm32f429i_discovery_lcd.o
    0x08001e8c   0x000003c4   Code   RO          166    .text               stm32f429i_discovery_sdram.o
    0x08002250   0x0000042a   Code   RO          222    .text               cc2500.o
    0x0800267a   0x00000002   PAD
    0x0800267c   0x00000e80   Code   RO          249    .text               main.o
    0x080034fc   0x000000f4   Code   RO          308    .text               wireless_tx.o
    0x080035f0   0x00000100   Code   RO          335    .text               keypad.o
    0x080036f0   0x0000013c   Code   RO          362    .text               lcd_draw.o
    0x0800382c   0x0000001e   Code   RO          414    .text               rtx_conf_cm.o
    0x0800384a   0x00000002   PAD
    0x0800384c   0x000000e0   Code   RO          445    .text               misc.o
    0x0800392c   0x000003b4   Code   RO          733    .text               stm32f4xx_dma2d.o
    0x08003ce0   0x000008ec   Code   RO          805    .text               stm32f4xx_fmc.o
    0x080045cc   0x00000294   Code   RO          829    .text               stm32f4xx_gpio.o
    0x08004860   0x00000688   Code   RO          973    .text               stm32f4xx_ltdc.o
    0x08004ee8   0x00000638   Code   RO         1021    .text               stm32f4xx_rcc.o
    0x08005520   0x0000044e   Code   RO         1143    .text               stm32f4xx_spi.o
    0x0800596e   0x00000002   PAD
    0x08005970   0x00000ca2   Code   RO         1191    .text               stm32f4xx_tim.o
    0x08006612   0x00000002   PAD
    0x08006614   0x00000024   Code   RO         1263    .text               startup_stm32f429_439xx.o
    0x08006638   0x00000244   Code   RO         1270    .text               system_stm32f4xx.o
    0x0800687c   0x00000024   Code   RO         2515    .text               mc_w.l(memcpya.o)
    0x080068a0   0x0000014e   Code   RO         2519    .text               mf_w.l(dadd.o)
    0x080069ee   0x000000e4   Code   RO         2521    .text               mf_w.l(dmul.o)
    0x08006ad2   0x000000de   Code   RO         2523    .text               mf_w.l(ddiv.o)
    0x08006bb0   0x00000022   Code   RO         2525    .text               mf_w.l(dflti.o)
    0x08006bd2   0x0000001a   Code   RO         2527    .text               mf_w.l(dfltui.o)
    0x08006bec   0x0000003e   Code   RO         2529    .text               mf_w.l(dfixi.o)
    0x08006c2a   0x00000032   Code   RO         2531    .text               mf_w.l(dfixui.o)
    0x08006c5c   0x0000001e   Code   RO         2573    .text               mc_w.l(llshl.o)
    0x08006c7a   0x00000020   Code   RO         2575    .text               mc_w.l(llushr.o)
    0x08006c9a   0x00000024   Code   RO         2577    .text               mc_w.l(llsshr.o)
    0x08006cbe   0x00000000   Code   RO         2586    .text               mc_w.l(iusefp.o)
    0x08006cbe   0x000000ba   Code   RO         2587    .text               mf_w.l(depilogue.o)
    0x08006d78   0x00000024   Code   RO         2601    .text               mc_w.l(init.o)
    0x08006d9c   0x00000004   Code   RO         2485    SVC_TABLE           RTX_CM4.lib(svc_table.o)
    0x08006da0   0x00000030   Code   RO         2597    i.__ARM_fpclassify  m_wm.l(fpclassify.o)
    0x08006dd0   0x000000c8   Code   RO         2488    i.__hardfp_cos      m_wm.l(cos.o)
    0x08006e98   0x000000c8   Code   RO         2500    i.__hardfp_sin      m_wm.l(sin.o)
    0x08006f60   0x00000438   Code   RO         2550    i.__ieee754_rem_pio2  m_wm.l(rred.o)
    0x08007398   0x00000170   Code   RO         2533    i.__kernel_cos      m_wm.l(cos_i.o)
    0x08007508   0x000000f8   Code   RO         2599    i.__kernel_poly     m_wm.l(poly.o)
    0x08007600   0x00000130   Code   RO         2555    i.__kernel_sin      m_wm.l(sin_i.o)
    0x08007730   0x00000014   Code   RO         2537    i.__mathlib_dbl_infnan  m_wm.l(dunder.o)
    0x08007744   0x00000004   PAD
    0x08007748   0x00000020   Code   RO         2539    i.__mathlib_dbl_invalid  m_wm.l(dunder.o)
    0x08007768   0x00000020   Code   RO         2542    i.__mathlib_dbl_underflow  m_wm.l(dunder.o)
    0x08007788   0x0000000e   Code   RO         2605    i.__scatterload_copy  mc_w.l(handlers.o)
    0x08007796   0x00000002   Code   RO         2606    i.__scatterload_null  mc_w.l(handlers.o)
    0x08007798   0x0000000e   Code   RO         2607    i.__scatterload_zeroinit  mc_w.l(handlers.o)
    0x080077a6   0x00000002   PAD
    0x080077a8   0x0000000c   Code   RO         2581    i.__set_errno       mc_w.l(errno.o)
    0x080077b4   0x00000046   Code   RO         2348    i._init_box         RTX_CM4.lib(rt_membox.o)
    0x080077fa   0x00000002   PAD
    0x080077fc   0x00000030   Code   RO         2401    i.dbg_init          RTX_CM4.lib(hal_cm.o)
    0x0800782c   0x00000020   Code   RO         2402    i.dbg_task_notify   RTX_CM4.lib(hal_cm.o)
    0x0800784c   0x00000010   Code   RO         2403    i.dbg_task_switch   RTX_CM4.lib(hal_cm.o)
    0x0800785c   0x00000018   Code   RO         2593    i.fabs              m_wm.l(fabs.o)
    0x08007874   0x0000002c   Code   RO         1299    i.isrMessagePut     RTX_CM4.lib(rt_cmsis.o)
    0x080078a0   0x00000028   Code   RO         2076    i.isr_evt_set       RTX_CM4.lib(rt_event.o)
    0x080078c8   0x00000050   Code   RO         2194    i.isr_mbx_receive   RTX_CM4.lib(rt_mailbox.o)
    0x08007918   0x0000000e   Code   RO         2195    i.isr_mbx_send      RTX_CM4.lib(rt_mailbox.o)
    0x08007926   0x00000002   PAD
    0x08007928   0x00000018   Code   RO         1300    i.osDelay           RTX_CM4.lib(rt_cmsis.o)
    0x08007940   0x00000024   Code   RO         1301    i.osKernelInitialize  RTX_CM4.lib(rt_cmsis.o)
    0x08007964   0x0000006c   Code   RO         1303    i.osKernelStart     RTX_CM4.lib(rt_cmsis.o)
    0x080079d0   0x00000044   Code   RO         1312    i.osMessageGet      RTX_CM4.lib(rt_cmsis.o)
    0x08007a14   0x00000034   Code   RO         1327    i.osSignalSet       RTX_CM4.lib(rt_cmsis.o)
    0x08007a48   0x00000018   Code   RO         1328    i.osSignalWait      RTX_CM4.lib(rt_cmsis.o)
    0x08007a60   0x00000030   Code   RO         1329    i.osThreadCreate    RTX_CM4.lib(rt_cmsis.o)
    0x08007a90   0x00000018   Code   RO         1330    i.osThreadExit      RTX_CM4.lib(rt_cmsis.o)
    0x08007aa8   0x0000000c   Code   RO         1336    i.osTimerCall       RTX_CM4.lib(rt_cmsis.o)
    0x08007ab4   0x0000002c   Code   RO         1341    i.osTimerThread     RTX_CM4.lib(rt_cmsis.o)
    0x08007ae0   0x00000028   Code   RO         1986    i.os_tick_init      RTX_CM4.lib(rt_system.o)
    0x08007b08   0x00000002   Code   RO         1987    i.os_tick_irqack    RTX_CM4.lib(rt_system.o)
    0x08007b0a   0x0000001a   Code   RO         2349    i.rt_alloc_box      RTX_CM4.lib(rt_membox.o)
    0x08007b24   0x0000003c   Code   RO         2377    i.rt_alloc_mem      RTX_CM4.lib(rt_memory.o)
    0x08007b60   0x00000038   Code   RO         1901    i.rt_block          RTX_CM4.lib(rt_task.o)
    0x08007b98   0x00000048   Code   RO         2454    i.rt_chk_robin      RTX_CM4.lib(rt_robin.o)
    0x08007be0   0x00000070   Code   RO         2118    i.rt_dec_dly        RTX_CM4.lib(rt_list.o)
    0x08007c50   0x00000044   Code   RO         1902    i.rt_dispatch       RTX_CM4.lib(rt_task.o)
    0x08007c94   0x00000006   Code   RO         2284    i.rt_dly_wait       RTX_CM4.lib(rt_time.o)
    0x08007c9a   0x00000002   PAD
    0x08007c9c   0x00000050   Code   RO         2079    i.rt_evt_psh        RTX_CM4.lib(rt_event.o)
    0x08007cec   0x0000005c   Code   RO         2080    i.rt_evt_set        RTX_CM4.lib(rt_event.o)
    0x08007d48   0x0000003c   Code   RO         2081    i.rt_evt_wait       RTX_CM4.lib(rt_event.o)
    0x08007d84   0x00000020   Code   RO         2350    i.rt_free_box       RTX_CM4.lib(rt_membox.o)
    0x08007da4   0x00000028   Code   RO         2378    i.rt_free_mem       RTX_CM4.lib(rt_memory.o)
    0x08007dcc   0x00000028   Code   RO         2119    i.rt_get_first      RTX_CM4.lib(rt_list.o)
    0x08007df4   0x00000008   Code   RO         1346    i.rt_id2obj         RTX_CM4.lib(rt_cmsis.o)
    0x08007dfc   0x00000048   Code   RO         1903    i.rt_init_context   RTX_CM4.lib(rt_task.o)
    0x08007e44   0x0000001a   Code   RO         2379    i.rt_init_mem       RTX_CM4.lib(rt_memory.o)
    0x08007e5e   0x00000002   PAD
    0x08007e60   0x00000018   Code   RO         2455    i.rt_init_robin     RTX_CM4.lib(rt_robin.o)
    0x08007e78   0x00000050   Code   RO         2404    i.rt_init_stack     RTX_CM4.lib(hal_cm.o)
    0x08007ec8   0x00000008   Code   RO         2196    i.rt_mbx_check      RTX_CM4.lib(rt_mailbox.o)
    0x08007ed0   0x0000001c   Code   RO         2197    i.rt_mbx_init       RTX_CM4.lib(rt_mailbox.o)
    0x08007eec   0x000000f0   Code   RO         2198    i.rt_mbx_psh        RTX_CM4.lib(rt_mailbox.o)
    0x08007fdc   0x000000b0   Code   RO         2200    i.rt_mbx_wait       RTX_CM4.lib(rt_mailbox.o)
    0x0800808c   0x0000003c   Code   RO         1347    i.rt_ms2tick        RTX_CM4.lib(rt_cmsis.o)
    0x080080c8   0x0000007c   Code   RO         1990    i.rt_pop_req        RTX_CM4.lib(rt_system.o)
    0x08008144   0x00000020   Code   RO         1991    i.rt_psh_req        RTX_CM4.lib(rt_system.o)
    0x08008164   0x00000058   Code   RO         2121    i.rt_psq_enq        RTX_CM4.lib(rt_list.o)
    0x080081bc   0x00000048   Code   RO         2122    i.rt_put_dly        RTX_CM4.lib(rt_list.o)
    0x08008204   0x00000036   Code   RO         2123    i.rt_put_prio       RTX_CM4.lib(rt_list.o)
    0x0800823a   0x00000002   PAD
    0x0800823c   0x00000014   Code   RO         2124    i.rt_put_rdy_first  RTX_CM4.lib(rt_list.o)
    0x08008250   0x00000034   Code   RO         2125    i.rt_resort_prio    RTX_CM4.lib(rt_list.o)
    0x08008284   0x00000010   Code   RO         2405    i.rt_ret_regs       RTX_CM4.lib(hal_cm.o)
    0x08008294   0x0000000c   Code   RO         2406    i.rt_ret_val        RTX_CM4.lib(hal_cm.o)
    0x080082a0   0x00000010   Code   RO         2407    i.rt_ret_val2       RTX_CM4.lib(hal_cm.o)
    0x080082b0   0x00000028   Code   RO         2126    i.rt_rmv_dly        RTX_CM4.lib(rt_list.o)
    0x080082d8   0x00000030   Code   RO         2127    i.rt_rmv_list       RTX_CM4.lib(rt_list.o)
    0x08008308   0x00000034   Code   RO         2245    i.rt_sem_psh        RTX_CM4.lib(rt_semaphore.o)
    0x0800833c   0x00000024   Code   RO         1993    i.rt_stk_check      RTX_CM4.lib(rt_system.o)
    0x08008360   0x00000028   Code   RO         1904    i.rt_switch_req     RTX_CM4.lib(rt_task.o)
    0x08008388   0x000000cc   Code   RO         1905    i.rt_sys_init       RTX_CM4.lib(rt_task.o)
    0x08008454   0x00000078   Code   RO         1906    i.rt_sys_start      RTX_CM4.lib(rt_task.o)
    0x080084cc   0x00000040   Code   RO         1995    i.rt_systick        RTX_CM4.lib(rt_system.o)
    0x0800850c   0x00000012   Code   RO         1348    i.rt_tid2ptcb       RTX_CM4.lib(rt_cmsis.o)
    0x0800851e   0x00000002   PAD
    0x08008520   0x00000038   Code   RO         1349    i.rt_timer_insert   RTX_CM4.lib(rt_cmsis.o)
    0x08008558   0x00000084   Code   RO         1907    i.rt_tsk_create     RTX_CM4.lib(rt_task.o)
    0x080085dc   0x00000174   Code   RO         1908    i.rt_tsk_delete     RTX_CM4.lib(rt_task.o)
    0x08008750   0x0000007c   Code   RO         1910    i.rt_tsk_prio       RTX_CM4.lib(rt_task.o)
    0x080087cc   0x00000010   Code   RO         1911    i.rt_tsk_self       RTX_CM4.lib(rt_task.o)
    0x080087dc   0x00000014   Code   RO         1351    i.svcDelay          RTX_CM4.lib(rt_cmsis.o)
    0x080087f0   0x00000070   Code   RO         1352    i.svcKernelInitialize  RTX_CM4.lib(rt_cmsis.o)
    0x08008860   0x00000048   Code   RO         1354    i.svcKernelStart    RTX_CM4.lib(rt_cmsis.o)
    0x080088a8   0x00000024   Code   RO         1357    i.svcMessageCreate  RTX_CM4.lib(rt_cmsis.o)
    0x080088cc   0x0000003a   Code   RO         1358    i.svcMessageGet     RTX_CM4.lib(rt_cmsis.o)
    0x08008906   0x00000024   Code   RO         1370    i.svcSignalSet      RTX_CM4.lib(rt_cmsis.o)
    0x0800892a   0x00000002   PAD
    0x0800892c   0x00000054   Code   RO         1371    i.svcSignalWait     RTX_CM4.lib(rt_cmsis.o)
    0x08008980   0x00000070   Code   RO         1372    i.svcThreadCreate   RTX_CM4.lib(rt_cmsis.o)
    0x080089f0   0x0000001c   Code   RO         1373    i.svcThreadGetId    RTX_CM4.lib(rt_cmsis.o)
    0x08008a0c   0x00000038   Code   RO         1376    i.svcThreadTerminate  RTX_CM4.lib(rt_cmsis.o)
    0x08008a44   0x00000018   Code   RO         1378    i.svcTimerCall      RTX_CM4.lib(rt_cmsis.o)
    0x08008a5c   0x00000054   Code   RO         1387    i.sysTimerTick      RTX_CM4.lib(rt_cmsis.o)
    0x08008ab0   0x000029d0   Data   RO            5    .constdata          stm32f429i_discovery_lcd.o
    0x0800b480   0x00000148   Data   RO          251    .constdata          main.o
    0x0800b5c8   0x00000056   Data   RO          416    .constdata          rtx_conf_cm.o
    0x0800b61e   0x00000002   PAD
    0x0800b620   0x00000030   Data   RO         2534    .constdata          m_wm.l(cos_i.o)
    0x0800b650   0x000000c8   Data   RO         2552    .constdata          m_wm.l(rred.o)
    0x0800b718   0x00000028   Data   RO         2556    .constdata          m_wm.l(sin_i.o)
    0x0800b740   0x00000020   Data   RO         2603    Region$$Table       anon$$obj.o


    Execution Region RW_IRAM1 (Base: 0x20000000, Size: 0x00001800, Max: 0x00030000, ABSOLUTE)

    Base Addr    Size         Type   Attr      Idx    E Section Name        Object

    0x20000000   0x00000030   Data   RW            6    .data               stm32f429i_discovery_lcd.o
    0x20000030   0x00000028   Data   RW          252    .data               main.o
    0x20000058   0x00000005   Data   RW          309    .data               wireless_tx.o
    0x2000005d   0x00000001   PAD
    0x2000005e   0x0000001c   Data   RW          336    .data               keypad.o
    0x2000007a   0x00000002   PAD
    0x2000007c   0x00000020   Data   RW          417    .data               rtx_conf_cm.o
    0x2000009c   0x00000010   Data   RW         1022    .data               stm32f4xx_rcc.o
    0x200000ac   0x00000014   Data   RW         1271    .data               system_stm32f4xx.o
    0x200000c0   0x00000008   Data   RW         1390    .data               RTX_CM4.lib(rt_cmsis.o)
    0x200000c8   0x00000008   Data   RW         1913    .data               RTX_CM4.lib(rt_task.o)
    0x200000d0   0x00000008   Data   RW         1998    .data               RTX_CM4.lib(rt_system.o)
    0x200000d8   0x00000004   Data   RW         2288    .data               RTX_CM4.lib(rt_time.o)
    0x200000dc   0x00000001   Data   RW         2408    .data               RTX_CM4.lib(hal_cm.o)
    0x200000dd   0x00000003   PAD
    0x200000e0   0x00000008   Data   RW         2456    .data               RTX_CM4.lib(rt_robin.o)
    0x200000e8   0x00000004   Data   RW         2582    .data               mc_w.l(errno.o)
    0x200000ec   0x000000a0   Zero   RW          250    .bss                main.o
    0x2000018c   0x00000004   PAD
    0x20000190   0x00001208   Zero   RW          415    .bss                rtx_conf_cm.o
    0x20001398   0x00000034   Zero   RW         1912    .bss                RTX_CM4.lib(rt_task.o)
    0x200013cc   0x00000030   Zero   RW         2128    .bss                RTX_CM4.lib(rt_list.o)
    0x200013fc   0x00000004   PAD
    0x20001400   0x00000400   Zero   RW         1260    STACK               startup_stm32f429_439xx.o

