<html>
<body>
<pre>
<h1>µVision Build Log</h1>
<h2>Project:</h2>
C:\Users\mrsuyyagh\Desktop\LCD Examples\Example 1\Example1.uvproj
Project File Date:  10/05/2014

<h2>Output:</h2>
Build target 'Example1'
compiling main.c...
src\main.c(37): warning:  #111-D: statement is unreachable
        return 0;
src\main.c: 1 warning, 0 errors
linking...
Program Size: Code=17848 RO-data=395164 RW-data=84 ZI-data=1636  
".\obj\Example1.axf" - 0 Error(s), 1 Warning(s).

<h2>Software Packages used:</h2>

Package Vendor: ARM
                http://www.keil.com/pack/ARM.CMSIS.4.1.1.pack
                ARM::CMSIS:CORE:3.30.0
                CMSIS (Cortex Microcontroller Software Interface Standard)
   * Component: CORE Version: 3.30.0

Package Vendor: Keil
                http://www.keil.com/pack/Keil.STM32F4xx_DFP.1.0.8.pack
                Keil::Device:StdPeriph Drivers:ADC:1.3.0
                STMicroelectronics STM32F4 Series Device Support, Drivers and Examples
   * Component: ADC Version: 1.3.0
   * Component: FMC Version: 1.3.0
   * Component: CRYP Version: 1.3.0
   * Component: HASH Version: 1.3.0
   * Component: LTDC Version: 1.3.0
   * Component: DCMI Version: 1.3.0
   * Component: IWDG Version: 1.3.0
   * Component: PWR Version: 1.3.0
   * Component: DMA2D Version: 1.3.0
   * Component: RCC Version: 1.3.0
   * Component: CRC Version: 1.3.0
   * Component: Framework Version: 1.3.1
   * Component: CAN Version: 1.3.0
   * Component: DAC Version: 1.3.0
   * Component: DBGMCU Version: 1.3.0
   * Component: EXTI Version: 1.3.0
   * Component: Flash Version: 1.3.0
   * Component: Startup Version: 1.3.1
   * Component: GPIO Version: 1.3.0
   * Component: DMA Version: 1.3.0
   * Component: I2C Version: 1.3.0
   * Component: SAI Version: 1.3.0
   * Component: TIM Version: 1.3.0
   * Component: WWDG Version: 1.3.0
   * Component: USART Version: 1.3.0
   * Component: RTC Version: 1.3.0
   * Component: RNG Version: 1.3.0
   * Component: SDIO Version: 1.3.0
   * Component: SPI Version: 1.3.0
   * Component: SYSCFG Version: 1.3.0

<h2>Collection of Component include folders:</h2>
  C:\Users\mrsuyyagh\Desktop\LCD Examples\Example 1\RTE
  C:\Users\mrsuyyagh\Desktop\LCD Examples\Example 1\RTE\Device\STM32F429ZI
  C:\Keil_v5\ARM\PACK\ARM\CMSIS\4.1.1\CMSIS\Include
  C:\Keil_v5\ARM\PACK\Keil\STM32F4xx_DFP\1.0.8\Device\Include
  C:\Keil_v5\ARM\PACK\Keil\STM32F4xx_DFP\1.0.8\Device\StdPeriph_Driver\inc

<h2>Collection of Component Files used:</h2>

   * Component: ARM::CMSIS:CORE:3.30.0
      Source file:   CMSIS\UserCodeTemplates\ARM\ITM_Retarget.c

   * Component: Keil::Device:StdPeriph Drivers:ADC:1.3.0
      Source file:   Device\StdPeriph_Driver\src\stm32f4xx_adc.c
      Include file:  Device\StdPeriph_Driver\inc\stm32f4xx_adc.h

   * Component: Keil::Device:StdPeriph Drivers:FMC:1.3.0
      Include file:  Device\StdPeriph_Driver\inc\stm32f4xx_fmc.h
      Source file:   Device\StdPeriph_Driver\src\stm32f4xx_fmc.c

   * Component: Keil::Device:StdPeriph Drivers:CRYP:1.3.0
      Include file:  Device\StdPeriph_Driver\inc\stm32f4xx_cryp.h
      Source file:   Device\StdPeriph_Driver\src\stm32f4xx_cryp_tdes.c
      Source file:   Device\StdPeriph_Driver\src\stm32f4xx_cryp_des.c
      Source file:   Device\StdPeriph_Driver\src\stm32f4xx_cryp_aes.c
      Source file:   Device\StdPeriph_Driver\src\stm32f4xx_cryp.c

   * Component: Keil::Device:StdPeriph Drivers:HASH:1.3.0
      Include file:  Device\StdPeriph_Driver\inc\stm32f4xx_hash.h
      Source file:   Device\StdPeriph_Driver\src\stm32f4xx_hash_md5.c
      Source file:   Device\StdPeriph_Driver\src\stm32f4xx_hash.c
      Source file:   Device\StdPeriph_Driver\src\stm32f4xx_hash_sha1.c

   * Component: Keil::Device:StdPeriph Drivers:LTDC:1.3.0
      Include file:  Device\StdPeriph_Driver\inc\stm32f4xx_ltdc.h
      Source file:   Device\StdPeriph_Driver\src\stm32f4xx_ltdc.c

   * Component: Keil::Device:StdPeriph Drivers:DCMI:1.3.0
      Source file:   Device\StdPeriph_Driver\src\stm32f4xx_dcmi.c
      Include file:  Device\StdPeriph_Driver\inc\stm32f4xx_dcmi.h

   * Component: Keil::Device:StdPeriph Drivers:IWDG:1.3.0
      Include file:  Device\StdPeriph_Driver\inc\stm32f4xx_iwdg.h
      Source file:   Device\StdPeriph_Driver\src\stm32f4xx_iwdg.c

   * Component: Keil::Device:StdPeriph Drivers:PWR:1.3.0
      Source file:   Device\StdPeriph_Driver\src\stm32f4xx_pwr.c
      Include file:  Device\StdPeriph_Driver\inc\stm32f4xx_pwr.h

   * Component: Keil::Device:StdPeriph Drivers:DMA2D:1.3.0
      Include file:  Device\StdPeriph_Driver\inc\stm32f4xx_dma2d.h
      Source file:   Device\StdPeriph_Driver\src\stm32f4xx_dma2d.c

   * Component: Keil::Device:StdPeriph Drivers:RCC:1.3.0
      Source file:   Device\StdPeriph_Driver\src\stm32f4xx_rcc.c
      Include file:  Device\StdPeriph_Driver\inc\stm32f4xx_rcc.h

   * Component: Keil::Device:StdPeriph Drivers:CRC:1.3.0
      Source file:   Device\StdPeriph_Driver\src\stm32f4xx_crc.c
      Include file:  Device\StdPeriph_Driver\inc\stm32f4xx_crc.h

   * Component: Keil::Device:StdPeriph Drivers:Framework:1.3.1
      Source file:   Device\StdPeriph_Driver\src\misc.c
      Source file:   Device\StdPeriph_Driver\templates\stm32f4xx_conf.h
      Include file:  Device\StdPeriph_Driver\templates\stm32f4xx_it.h
      Source file:   Device\StdPeriph_Driver\templates\stm32f4xx_it.c

   * Component: Keil::Device:StdPeriph Drivers:CAN:1.3.0
      Include file:  Device\StdPeriph_Driver\inc\stm32f4xx_can.h
      Source file:   Device\StdPeriph_Driver\src\stm32f4xx_can.c

   * Component: Keil::Device:StdPeriph Drivers:DAC:1.3.0
      Source file:   Device\StdPeriph_Driver\src\stm32f4xx_dac.c
      Include file:  Device\StdPeriph_Driver\inc\stm32f4xx_dac.h

   * Component: Keil::Device:StdPeriph Drivers:DBGMCU:1.3.0
      Include file:  Device\StdPeriph_Driver\inc\stm32f4xx_dbgmcu.h
      Source file:   Device\StdPeriph_Driver\src\stm32f4xx_dbgmcu.c

   * Component: Keil::Device:StdPeriph Drivers:EXTI:1.3.0
      Include file:  Device\StdPeriph_Driver\inc\stm32f4xx_exti.h
      Source file:   Device\StdPeriph_Driver\src\stm32f4xx_exti.c

   * Component: Keil::Device:StdPeriph Drivers:Flash:1.3.0
      Include file:  Device\StdPeriph_Driver\inc\stm32f4xx_flash.h
      Source file:   Device\StdPeriph_Driver\src\stm32f4xx_flash.c

   * Component: Keil::Device:Startup:1.3.1
      Source file:   Device\Source\system_stm32f4xx.c
      Include file:  RTE_Driver\Config\RTE_Device.h
      Source file:   Device\Source\ARM\startup_stm32f429_439xx.s
      Source file:   Device\Source\ARM\STM32F42xxx_43xxx_OPT.s
      Include file:  Device\Include\stm32f4xx.h
      Source file:   Device\Source\ARM\STM32F4xx_OTP.s

   * Component: Keil::Device:StdPeriph Drivers:GPIO:1.3.0
      Include file:  Device\StdPeriph_Driver\inc\stm32f4xx_gpio.h
      Source file:   Device\StdPeriph_Driver\src\stm32f4xx_gpio.c

   * Component: Keil::Device:StdPeriph Drivers:DMA:1.3.0
      Source file:   Device\StdPeriph_Driver\src\stm32f4xx_dma.c
      Include file:  Device\StdPeriph_Driver\inc\stm32f4xx_dma.h

   * Component: Keil::Device:StdPeriph Drivers:I2C:1.3.0
      Include file:  Device\StdPeriph_Driver\inc\stm32f4xx_i2c.h
      Source file:   Device\StdPeriph_Driver\src\stm32f4xx_i2c.c

   * Component: Keil::Device:StdPeriph Drivers:SAI:1.3.0
      Source file:   Device\StdPeriph_Driver\src\stm32f4xx_sai.c
      Include file:  Device\StdPeriph_Driver\inc\stm32f4xx_sai.h

   * Component: Keil::Device:StdPeriph Drivers:TIM:1.3.0
      Source file:   Device\StdPeriph_Driver\src\stm32f4xx_tim.c
      Include file:  Device\StdPeriph_Driver\inc\stm32f4xx_tim.h

   * Component: Keil::Device:StdPeriph Drivers:WWDG:1.3.0
      Include file:  Device\StdPeriph_Driver\inc\stm32f4xx_wwdg.h
      Source file:   Device\StdPeriph_Driver\src\stm32f4xx_wwdg.c

   * Component: Keil::Device:StdPeriph Drivers:USART:1.3.0
      Source file:   Device\StdPeriph_Driver\src\stm32f4xx_usart.c
      Include file:  Device\StdPeriph_Driver\inc\stm32f4xx_usart.h

   * Component: Keil::Device:StdPeriph Drivers:RTC:1.3.0
      Include file:  Device\StdPeriph_Driver\inc\stm32f4xx_rtc.h
      Source file:   Device\StdPeriph_Driver\src\stm32f4xx_rtc.c

   * Component: Keil::Device:StdPeriph Drivers:RNG:1.3.0
      Include file:  Device\StdPeriph_Driver\inc\stm32f4xx_rng.h
      Source file:   Device\StdPeriph_Driver\src\stm32f4xx_rng.c

   * Component: Keil::Device:StdPeriph Drivers:SDIO:1.3.0
      Source file:   Device\StdPeriph_Driver\src\stm32f4xx_sdio.c
      Include file:  Device\StdPeriph_Driver\inc\stm32f4xx_sdio.h

   * Component: Keil::Device:StdPeriph Drivers:SPI:1.3.0
      Include file:  Device\StdPeriph_Driver\inc\stm32f4xx_spi.h
      Source file:   Device\StdPeriph_Driver\src\stm32f4xx_spi.c

   * Component: Keil::Device:StdPeriph Drivers:SYSCFG:1.3.0
      Source file:   Device\StdPeriph_Driver\src\stm32f4xx_syscfg.c
      Include file:  Device\StdPeriph_Driver\inc\stm32f4xx_syscfg.h
Load "C:\\Users\\mrsuyyagh\\Desktop\\LCD Examples\\Example 1\\obj\\Example1.axf" 
Erase Done.
Programming Done.
Verify OK.
.h
Load "C:\\Users\\mrsuyyagh\\Desktop\\LCD Examples\\Example 1\\obj\\Example1.axf" 
Erase Done.
Programming Done.
Verify OK.
e:   Device\StdPeriph_Driver\src\stm32f4xx_usart.c
      Include file:  Device\StdPeriph_Driver\inc\stm32f4xx_usart.h

   * Component: Keil::Device:StdPeriph Drivers:RTC:1.3.0
      Include file:  Device\StdPeriph_Driver\inc\stm32f4xx_rtc.h
      Source file:   Device\StdPeriph_Driver\src\stm32f4xx_rtc.c

   * Component: Keil::Device:StdPeriph Drivers:RNG:1.3.0
      Include file:  Device\StdPeriph_Driver\inc\stm32f4xx_rng.h
      Source file:   Device\StdPeriph_Driver\src\stm32f4xx_rng.c

   * Component: Keil::Device:StdPeriph Drivers:SDIO:1.3.0
      Source file:   Device\StdPeriph_Driver\src\stm32f4xx_sdio.c
      Include file:  Device\StdPeriph_Driver\inc\stm32f4xx_sdio.h

   * Component: Keil::Device:StdPeriph Drivers:SPI:1.3.0
      Include file:  Device\StdPeriph_Driver\inc\stm32f4xx_spi.h
      Source file:   Device\StdPeriph_Driver\src\stm32f4xx_spi.c

   * Component: Keil::Device:StdPeriph Drivers:SYSCFG:1.3.0
      Source file:   Device\StdPeriph_Driver\src\stm32f4xx_syscfg.c
      Include file:  Device\StdPeriph_Driver\inc\stm32f4xx_syscfg.h
Load "C:\\Users\\mrsuyyagh\\Desktop\\LCD Examples\\Example 1\\obj\\Example1.axf" 
Erase Done.
Programming Done.
Verify OK.
