<html>
<body>
<pre>
<h1>µVision Build Log</h1>
<h2>Tool Versions:</h2>
IDE-Version: µVision V5.13.0.0
Copyright (C) 2014 ARM Ltd and ARM Germany GmbH. All rights reserved.
License Information: Maxim Goukhshtein, MG, LIC=----
 
Tool Versions:
Toolchain:       MDK-Lite  Version: 5.13.0.0
Toolchain Path:  C:\Keil_v5\ARM\ARMCC\Bin
C Compiler:      Armcc.exe V5.05 update 1 (build 106)
Assembler:       Armasm.exe V5.05 update 1 (build 106)
Linker/Locator:  ArmLink.exe V5.05 update 1 (build 106)
Library Manager: ArmAr.exe V5.05 update 1 (build 106)
Hex Converter:   FromElf.exe V5.05 update 1 (build 106)
CPU DLL:         SARMCM3.DLL V5.13.0.0
Dialog DLL:      DCM.DLL V1.13.1.0
Target DLL:      STLink\ST-LINKIII-KEIL_SWO.dll V2.0.14.0_KEIL
Dialog DLL:      TCM.DLL V1.14.4.0
 
<h2>Project:</h2>
C:\Users\Maxim\Documents\GitHub\ECSE-426-Microprocessor-System\Lab 4\RTX Base Project\RTX Base Project.uvprojx
Project File Date:  03/17/2015

<h2>Output:</h2>
Build target 'Target 1'
compiling main.c...
src\keypad.h(40): warning:  #1295-D: Deprecated declaration get_target_angle - give arg types
  int get_target_angle();
src\main.c: 1 warning, 0 errors
linking...
Program Size: Code=21504 RO-data=1048 RW-data=172 ZI-data=7580  
".\obj\RTX Base Project.axf" - 0 Error(s), 1 Warning(s).

<h2>Software Packages used:</h2>

Package Vendor: ARM
                http://www.keil.com/pack/ARM.CMSIS.4.2.0.pack
                ::CMSIS:RTOS:1.0 (API)
                CMSIS (Cortex Microcontroller Software Interface Standard)
   * Component: RTOS Version: 1.0
   * Component: DSP Version: 1.4.2
   * Component: Keil RTX Version: 4.75.0
   * Component: CORE Version: 3.40.0

Package Vendor: Keil
                http://www.keil.com/pack/Keil.STM32F4xx_DFP.1.0.8.pack
                Keil::Device:StdPeriph Drivers:DBGMCU:1.3.0
                STMicroelectronics STM32F4 Series Device Support, Drivers and Examples
   * Component: DBGMCU Version: 1.3.0
   * Component: CRYP Version: 1.3.0
   * Component: CAN Version: 1.3.0
   * Component: RCC Version: 1.3.0
   * Component: TIM Version: 1.3.0
   * Component: CRC Version: 1.3.0
   * Component: RTC Version: 1.3.0
   * Component: DAC Version: 1.3.0
   * Component: Framework Version: 1.3.1
   * Component: ADC Version: 1.3.0
   * Component: DCMI Version: 1.3.0
   * Component: HASH Version: 1.3.0
   * Component: I2C Version: 1.3.0
   * Component: PWR Version: 1.3.0
   * Component: USART Version: 1.3.0
   * Component: IWDG Version: 1.3.0
   * Component: EXTI Version: 1.3.0
   * Component: WWDG Version: 1.3.0
   * Component: RNG Version: 1.3.0
   * Component: DMA Version: 1.3.0
   * Component: SDIO Version: 1.3.0
   * Component: FSMC Version: 1.3.0
   * Component: Flash Version: 1.3.0
   * Component: SYSCFG Version: 1.3.0
   * Component: SPI Version: 1.3.0
   * Component: GPIO Version: 1.3.0
   * Component: Startup Version: 1.3.1

<h2>Collection of Component include folders:</h2>
  C:\Users\Maxim\Documents\GitHub\ECSE-426-Microprocessor-System\Lab 4\RTX Base Project\RTE
  C:\Users\Maxim\Documents\GitHub\ECSE-426-Microprocessor-System\Lab 4\RTX Base Project\RTE\Device\STM32F407VG
  C:\Keil_v5\ARM\PACK\ARM\CMSIS\4.2.0\CMSIS\Include
  C:\Keil_v5\ARM\PACK\ARM\CMSIS\4.2.0\CMSIS_RTX\INC
  C:\Keil_v5\ARM\PACK\Keil\STM32F4xx_DFP\1.0.8\Device\Include
  C:\Keil_v5\ARM\PACK\Keil\STM32F4xx_DFP\1.0.8\Device\StdPeriph_Driver\inc

<h2>Collection of Component Files used:</h2>

   * Component: ::CMSIS:RTOS:1.0 (API)

   * Component: ARM::CMSIS:DSP:1.4.2
      Library file:  CMSIS\Lib\ARM\arm_cortexM4lf_math.lib
      Include file:  CMSIS\Include\arm_math.h

   * Component: ARM::CMSIS:RTOS:Keil RTX:4.75.0
      Include file:  CMSIS_RTX\UserCodeTemplates\osObjects.h
      Source file:   CMSIS_RTX\UserCodeTemplates\MailQueue.c
      Source file:   CMSIS_RTX\UserCodeTemplates\main.c
      Include file:  CMSIS_RTX\INC\cmsis_os.h
      Source file:   CMSIS_RTX\UserCodeTemplates\MemPool.c
      Source file:   CMSIS_RTX\Templates\RTX_Conf_CM.c
      Source file:   CMSIS_RTX\UserCodeTemplates\MsgQueue.c
      Source file:   CMSIS_RTX\UserCodeTemplates\Mutex.c
      Source file:   CMSIS_RTX\UserCodeTemplates\Semaphore.c
      Source file:   CMSIS_RTX\UserCodeTemplates\Thread.c
      Source file:   CMSIS_RTX\SRC\ARM\SVC_Table.s
      Library file:  CMSIS_RTX\LIB\ARM\RTX_CM4.lib
      Source file:   CMSIS_RTX\UserCodeTemplates\Timer.c

   * Component: ARM::CMSIS:CORE:3.40.0
      Source file:   CMSIS\UserCodeTemplates\ARM\ITM_Retarget.c

   * Component: Keil::Device:StdPeriph Drivers:DBGMCU:1.3.0
      Include file:  Device\StdPeriph_Driver\inc\stm32f4xx_dbgmcu.h
      Source file:   Device\StdPeriph_Driver\src\stm32f4xx_dbgmcu.c

   * Component: Keil::Device:StdPeriph Drivers:CRYP:1.3.0
      Include file:  Device\StdPeriph_Driver\inc\stm32f4xx_cryp.h
      Source file:   Device\StdPeriph_Driver\src\stm32f4xx_cryp_aes.c
      Source file:   Device\StdPeriph_Driver\src\stm32f4xx_cryp_des.c
      Source file:   Device\StdPeriph_Driver\src\stm32f4xx_cryp.c
      Source file:   Device\StdPeriph_Driver\src\stm32f4xx_cryp_tdes.c

   * Component: Keil::Device:StdPeriph Drivers:CAN:1.3.0
      Include file:  Device\StdPeriph_Driver\inc\stm32f4xx_can.h
      Source file:   Device\StdPeriph_Driver\src\stm32f4xx_can.c

   * Component: Keil::Device:StdPeriph Drivers:RCC:1.3.0
      Include file:  Device\StdPeriph_Driver\inc\stm32f4xx_rcc.h
      Source file:   Device\StdPeriph_Driver\src\stm32f4xx_rcc.c

   * Component: Keil::Device:StdPeriph Drivers:TIM:1.3.0
      Source file:   Device\StdPeriph_Driver\src\stm32f4xx_tim.c
      Include file:  Device\StdPeriph_Driver\inc\stm32f4xx_tim.h

   * Component: Keil::Device:StdPeriph Drivers:CRC:1.3.0
      Include file:  Device\StdPeriph_Driver\inc\stm32f4xx_crc.h
      Source file:   Device\StdPeriph_Driver\src\stm32f4xx_crc.c

   * Component: Keil::Device:StdPeriph Drivers:RTC:1.3.0
      Source file:   Device\StdPeriph_Driver\src\stm32f4xx_rtc.c
      Include file:  Device\StdPeriph_Driver\inc\stm32f4xx_rtc.h

   * Component: Keil::Device:StdPeriph Drivers:DAC:1.3.0
      Include file:  Device\StdPeriph_Driver\inc\stm32f4xx_dac.h
      Source file:   Device\StdPeriph_Driver\src\stm32f4xx_dac.c

   * Component: Keil::Device:StdPeriph Drivers:Framework:1.3.1
      Source file:   Device\StdPeriph_Driver\templates\stm32f4xx_it.c
      Source file:   Device\StdPeriph_Driver\templates\stm32f4xx_conf.h
      Include file:  Device\StdPeriph_Driver\templates\stm32f4xx_it.h
      Source file:   Device\StdPeriph_Driver\src\misc.c

   * Component: Keil::Device:StdPeriph Drivers:ADC:1.3.0
      Source file:   Device\StdPeriph_Driver\src\stm32f4xx_adc.c
      Include file:  Device\StdPeriph_Driver\inc\stm32f4xx_adc.h

   * Component: Keil::Device:StdPeriph Drivers:DCMI:1.3.0
      Include file:  Device\StdPeriph_Driver\inc\stm32f4xx_dcmi.h
      Source file:   Device\StdPeriph_Driver\src\stm32f4xx_dcmi.c

   * Component: Keil::Device:StdPeriph Drivers:HASH:1.3.0
      Include file:  Device\StdPeriph_Driver\inc\stm32f4xx_hash.h
      Source file:   Device\StdPeriph_Driver\src\stm32f4xx_hash.c
      Source file:   Device\StdPeriph_Driver\src\stm32f4xx_hash_md5.c
      Source file:   Device\StdPeriph_Driver\src\stm32f4xx_hash_sha1.c

   * Component: Keil::Device:StdPeriph Drivers:I2C:1.3.0
      Include file:  Device\StdPeriph_Driver\inc\stm32f4xx_i2c.h
      Source file:   Device\StdPeriph_Driver\src\stm32f4xx_i2c.c

   * Component: Keil::Device:StdPeriph Drivers:PWR:1.3.0
      Include file:  Device\StdPeriph_Driver\inc\stm32f4xx_pwr.h
      Source file:   Device\StdPeriph_Driver\src\stm32f4xx_pwr.c

   * Component: Keil::Device:StdPeriph Drivers:USART:1.3.0
      Include file:  Device\StdPeriph_Driver\inc\stm32f4xx_usart.h
      Source file:   Device\StdPeriph_Driver\src\stm32f4xx_usart.c

   * Component: Keil::Device:StdPeriph Drivers:IWDG:1.3.0
      Include file:  Device\StdPeriph_Driver\inc\stm32f4xx_iwdg.h
      Source file:   Device\StdPeriph_Driver\src\stm32f4xx_iwdg.c

   * Component: Keil::Device:StdPeriph Drivers:EXTI:1.3.0
      Source file:   Device\StdPeriph_Driver\src\stm32f4xx_exti.c
      Include file:  Device\StdPeriph_Driver\inc\stm32f4xx_exti.h

   * Component: Keil::Device:StdPeriph Drivers:WWDG:1.3.0
      Source file:   Device\StdPeriph_Driver\src\stm32f4xx_wwdg.c
      Include file:  Device\StdPeriph_Driver\inc\stm32f4xx_wwdg.h

   * Component: Keil::Device:StdPeriph Drivers:RNG:1.3.0
      Source file:   Device\StdPeriph_Driver\src\stm32f4xx_rng.c
      Include file:  Device\StdPeriph_Driver\inc\stm32f4xx_rng.h

   * Component: Keil::Device:StdPeriph Drivers:DMA:1.3.0
      Include file:  Device\StdPeriph_Driver\inc\stm32f4xx_dma.h
      Source file:   Device\StdPeriph_Driver\src\stm32f4xx_dma.c

   * Component: Keil::Device:StdPeriph Drivers:SDIO:1.3.0
      Include file:  Device\StdPeriph_Driver\inc\stm32f4xx_sdio.h
      Source file:   Device\StdPeriph_Driver\src\stm32f4xx_sdio.c

   * Component: Keil::Device:StdPeriph Drivers:FSMC:1.3.0
      Source file:   Device\StdPeriph_Driver\src\stm32f4xx_fsmc.c
      Include file:  Device\StdPeriph_Driver\inc\stm32f4xx_fsmc.h

   * Component: Keil::Device:StdPeriph Drivers:Flash:1.3.0
      Include file:  Device\StdPeriph_Driver\inc\stm32f4xx_flash.h
      Source file:   Device\StdPeriph_Driver\src\stm32f4xx_flash.c

   * Component: Keil::Device:StdPeriph Drivers:SYSCFG:1.3.0
      Source file:   Device\StdPeriph_Driver\src\stm32f4xx_syscfg.c
      Include file:  Device\StdPeriph_Driver\inc\stm32f4xx_syscfg.h

   * Component: Keil::Device:StdPeriph Drivers:SPI:1.3.0
      Source file:   Device\StdPeriph_Driver\src\stm32f4xx_spi.c
      Include file:  Device\StdPeriph_Driver\inc\stm32f4xx_spi.h

   * Component: Keil::Device:StdPeriph Drivers:GPIO:1.3.0
      Source file:   Device\StdPeriph_Driver\src\stm32f4xx_gpio.c
      Include file:  Device\StdPeriph_Driver\inc\stm32f4xx_gpio.h

   * Component: Keil::Device:Startup:1.3.1
      Include file:  Device\Include\stm32f4xx.h
      Source file:   Device\Source\ARM\STM32F40xxx_41xxx_OPT.s
      Source file:   Device\Source\ARM\STM32F4xx_OTP.s
      Source file:   Device\Source\system_stm32f4xx.c
      Include file:  RTE_Driver\Config\RTE_Device.h
      Source file:   Device\Source\ARM\startup_stm32f40_41xxx.s
</pre>
</body>
</html>
